{
 "C:/Users/benpe/ClashBot/icebow/data/bench/rl_royale/rseries_r3n/rseries_r3n_u0080.pt": {
  "val_n_play": 100463,
  "val_cell_top1": 0.21978240745349034,
  "val_cell_top3": 0.45643669808785325,
  "val_cell_nll": 3.060939311981201,
  "val_card_top1": 0.61126982073002,
  "card_logit_max_abs_diff_vs_first": null,
  "card_inf_pattern_equal": null,
  "has_cell_refine": false,
  "centre": {
   "sub_train|side0|OTHER": 1431,
   "sub_train|side0|same": 1518,
   "sub_train|side1|OTHER": 1632,
   "sub_train|side1|same": 1644,
   "sub_val|side0|OTHER": 151,
   "sub_val|side0|same": 138,
   "sub_val|side1|OTHER": 140,
   "sub_val|side1|same": 149,
   "val|side0|OTHER": 2305,
   "val|side0|same": 2265,
   "val|side1|OTHER": 2214,
   "val|side1|same": 2233
  },
  "lane": {
   "sub_train|side0|model|enemy_side": 372,
   "sub_train|side0|model|far_side": 331,
   "sub_train|side0|pro|enemy_side": 328,
   "sub_train|side0|pro|far_side": 232,
   "sub_train|side1|model|enemy_side": 457,
   "sub_train|side1|model|far_side": 478,
   "sub_train|side1|pro|enemy_side": 458,
   "sub_train|side1|pro|far_side": 269,
   "sub_val|side0|model|enemy_side": 34,
   "sub_val|side0|model|far_side": 44,
   "sub_val|side0|pro|enemy_side": 29,
   "sub_val|side0|pro|far_side": 24,
   "sub_val|side1|model|enemy_side": 53,
   "sub_val|side1|model|far_side": 38,
   "sub_val|side1|pro|enemy_side": 50,
   "sub_val|side1|pro|far_side": 25,
   "val|side0|model|enemy_side": 617,
   "val|side0|model|far_side": 633,
   "val|side0|pro|enemy_side": 617,
   "val|side0|pro|far_side": 373,
   "val|side1|model|enemy_side": 1188,
   "val|side1|model|far_side": 1134,
   "val|side1|pro|enemy_side": 1300,
   "val|side1|pro|far_side": 668
  }
 }
}
{
 "C:/Users/benpe/ClashBot/icebow/data/bench/rl_royale/rseries_r3n/rseries_r3n_u0080_barrel.pt": {
  "val_n_play": 100463,
  "val_cell_top1": 0.220140748335208,
  "val_cell_top3": 0.4565760528751879,
  "val_cell_nll": 3.0589962005615234,
  "val_card_top1": 0.61126982073002,
  "card_logit_max_abs_diff_vs_first": 3.814697265625e-06,
  "card_inf_pattern_equal": true,
  "has_cell_refine": false,
  "centre": {
   "sub_train|side0|OTHER": 1433,
   "sub_train|side0|same": 1514,
   "sub_train|side1|OTHER": 1631,
   "sub_train|side1|same": 1644,
   "sub_val|side0|OTHER": 152,
   "sub_val|side0|same": 139,
   "sub_val|side1|OTHER": 140,
   "sub_val|side1|same": 149,
   "val|side0|OTHER": 2307,
   "val|side0|same": 2267,
   "val|side1|OTHER": 2211,
   "val|side1|same": 2233
  },
  "lane": {
   "sub_train|side0|model|enemy_side": 372,
   "sub_train|side0|model|far_side": 327,
   "sub_train|side0|pro|enemy_side": 328,
   "sub_train|side0|pro|far_side": 232,
   "sub_train|side1|model|enemy_side": 456,
   "sub_train|side1|model|far_side": 477,
   "sub_train|side1|pro|enemy_side": 458,
   "sub_train|side1|pro|far_side": 269,
   "sub_val|side0|model|enemy_side": 34,
   "sub_val|side0|model|far_side": 44,
   "sub_val|side0|pro|enemy_side": 29,
   "sub_val|side0|pro|far_side": 24,
   "sub_val|side1|model|enemy_side": 53,
   "sub_val|side1|model|far_side": 38,
   "sub_val|side1|pro|enemy_side": 50,
   "sub_val|side1|pro|far_side": 25,
   "val|side0|model|enemy_side": 616,
   "val|side0|model|far_side": 633,
   "val|side0|pro|enemy_side": 617,
   "val|side0|pro|far_side": 373,
   "val|side1|model|enemy_side": 1191,
   "val|side1|model|far_side": 1135,
   "val|side1|pro|enemy_side": 1300,
   "val|side1|pro|far_side": 668
  }
 }
}
{
 "C:/Users/benpe/ClashBot/icebow/data/bench/rl_royale/rseries_r3n/rseries_r3n_u0080_barrel_cellref5.pt": {
  "val_n_play": 100463,
  "val_cell_top1": 0.23973004986910604,
  "val_cell_top3": 0.4778077501169585,
  "val_cell_nll": 2.9910900592803955,
  "val_card_top1": 0.61126982073002,
  "card_logit_max_abs_diff_vs_first": 3.814697265625e-06,
  "card_inf_pattern_equal": true,
  "has_cell_refine": true,
  "centre": {
   "sub_train|side0|OTHER": 1276,
   "sub_train|side0|same": 1862,
   "sub_train|side1|OTHER": 1394,
   "sub_train|side1|same": 2122,
   "sub_val|side0|OTHER": 125,
   "sub_val|side0|same": 187,
   "sub_val|side1|OTHER": 118,
   "sub_val|side1|same": 183,
   "val|side0|OTHER": 1957,
   "val|side0|same": 2904,
   "val|side1|OTHER": 1844,
   "val|side1|same": 2860
  },
  "lane": {
   "sub_train|side0|model|enemy_side": 439,
   "sub_train|side0|model|far_side": 296,
   "sub_train|side0|pro|enemy_side": 328,
   "sub_train|side0|pro|far_side": 232,
   "sub_train|side1|model|enemy_side": 581,
   "sub_train|side1|model|far_side": 401,
   "sub_train|side1|pro|enemy_side": 458,
   "sub_train|side1|pro|far_side": 269,
   "sub_val|side0|model|enemy_side": 50,
   "sub_val|side0|model|far_side": 25,
   "sub_val|side0|pro|enemy_side": 29,
   "sub_val|side0|pro|far_side": 24,
   "sub_val|side1|model|enemy_side": 61,
   "sub_val|side1|model|far_side": 30,
   "sub_val|side1|pro|enemy_side": 50,
   "sub_val|side1|pro|far_side": 25,
   "val|side0|model|enemy_side": 825,
   "val|side0|model|far_side": 475,
   "val|side0|pro|enemy_side": 617,
   "val|side0|pro|far_side": 373,
   "val|side1|model|enemy_side": 1670,
   "val|side1|model|far_side": 893,
   "val|side1|pro|enemy_side": 1300,
   "val|side1|pro|far_side": 668
  }
 }
}
