{"e1_eval": "eval", "policy": "live", "port": 38031, "tasks": 146, "already_done": 0, "grid": "lattice", "tau": 0.27}
[e1_eval] 1/146 000YLLP2UC98 k=0 loss 1-3 82.8s plays 14/20 wall 5.4s
[e1_eval] 2/146 000YLYJULG22 k=0 loss 0-3 125.4s plays 17/20 wall 7.8s
[e1_eval] 3/146 002YLQQ0J90P k=0 loss 1-2 184.1s plays 36/38 wall 11.7s
[e1_eval] 4/146 008YLQ2RJ00L k=0 win 3-0 113.4s plays 15/17 wall 6.6s
[e1_eval] 5/146 009Y2C2CJ08G k=0 win 2-1 190.2s plays 37/45 wall 11.6s
[e1_eval] 6/146 009YLGLPG8JR k=0 win 1-0 184.1s plays 36/36 wall 11.0s
[e1_eval] 7/146 00CYPL820VRL k=0 win 1-0 184.1s plays 37/37 wall 11.6s
[e1_eval] 8/146 00CYPY9GJQLV k=0 win 1-0 184.1s plays 36/41 wall 12.0s
[e1_eval] 9/146 00GYPL2GC9CG k=0 win 2-1 251.2s plays 57/63 wall 16.4s
[e1_eval] 10/146 00JYPGYLRP88 k=0 loss 0-1 184.1s plays 36/40 wall 12.3s
[e1_eval] 11/146 00JYPQYV8VRQ k=0 loss 1-3 187.4s plays 36/38 wall 10.7s
[e1_eval] 12/146 00LYPLJLQ80J k=0 loss 0-3 152.1s plays 26/30 wall 9.2s
[e1_eval] 13/146 00LYPLY0GRQP k=0 loss 1-3 306.1s plays 80/89 wall 18.7s
[e1_eval] 14/146 00PYLLC9QJ0L k=0 loss 0-1 215.0s plays 42/47 wall 14.4s
[e1_eval] 15/146 00PYLLJPYJ0Q k=0 loss 0-3 117.7s plays 17/22 wall 7.3s
[e1_eval] 16/146 00QYPG28P8QV k=0 loss 1-2 190.1s plays 36/38 wall 12.4s
[e1_eval] 17/146 00QYPQP0802Q k=0 loss 1-2 255.1s plays 58/65 wall 16.9s
[e1_eval] 18/146 00UYPL92ULUL k=0 loss 1-2 210.9s plays 43/50 wall 14.5s
[e1_eval] 19/146 00UYPQ9ULVP2 k=0 loss 1-3 183.8s plays 34/40 wall 12.0s
[e1_eval] 20/146 00VYPLPJGYLY k=0 loss 1-3 178.7s plays 39/45 wall 12.9s
[e1_eval] 21/146 00VYPLQPYCRU k=0 win 1-0 184.1s plays 35/38 wall 11.6s
[e1_eval] 22/146 00VYPQLPVVYU k=0 loss 1-2 184.1s plays 35/42 wall 12.0s
[e1_eval] 23/146 00VYPQYU90CG k=0 loss 0-3 111.5s plays 16/16 wall 7.5s
[e1_eval] 24/146 00YYPLJ2J2LQ k=0 loss 1-3 202.1s plays 40/47 wall 13.0s
[e1_eval] 25/146 01852645ef994048bbdecb079c42cbe5 k=0 loss 0-1 184.1s plays 35/42 wall 12.4s
[e1_eval] 26/146 020YPYL89Y8Y k=0 loss 0-1 184.1s plays 35/42 wall 12.4s
[e1_eval] 27/146 022YYLV9QLQJ k=0 win 1-0 184.1s plays 35/38 wall 12.2s
[e1_eval] 28/146 022YYQYV2C2J k=0 win 1-0 208.4s plays 42/48 wall 15.2s
[e1_eval] 29/146 028YPV08RU2V k=0 loss 1-2 184.1s plays 36/40 wall 12.4s
[e1_eval] 30/146 029YPUPRUYQ0 k=0 loss 1-3 192.4s plays 37/43 wall 12.2s
[e1_eval] 31/146 02CY8YRG9JP9 k=0 win 3-0 141.8s plays 21/29 wall 8.3s
[e1_eval] 32/146 02GY9GJURY8G k=0 win 1-0 184.1s plays 35/36 wall 11.8s
[e1_eval] 33/146 02GY9GY2U8UQ k=0 win 1-0 184.1s plays 36/40 wall 12.6s
[e1_eval] 34/146 02GY9R00Q82Q k=0 win 1-0 184.1s plays 36/40 wall 11.7s
[e1_eval] 35/146 02JY9G08YCQG k=0 win 1-0 184.1s plays 35/37 wall 11.2s
[e1_eval] 36/146 02JY9GL9VP9C k=0 loss 0-3 171.7s plays 31/37 wall 10.9s
[e1_eval] 37/146 02JY9GQY2VCU k=0 loss 0-1 189.2s plays 37/37 wall 12.4s
[e1_eval] 38/146 02JY9QJPY29U k=0 win 1-0 184.1s plays 36/38 wall 10.9s
[e1_eval] 39/146 02PP9CQ0Q2U2 k=0 win 3-0 159.9s plays 28/36 wall 9.2s
[e1_eval] 40/146 02PYPULRYPQP k=0 win 1-0 184.1s plays 35/42 wall 12.8s
[e1_eval] 41/146 02QP8GGQLRYU k=0 win 3-0 157.7s plays 28/35 wall 9.8s
[e1_eval] 42/146 02QY9G22J9UJ k=0 win 1-0 184.1s plays 36/39 wall 12.5s
[e1_eval] 43/146 02QY9Q0QP2Q9 k=0 loss 0-1 184.1s plays 34/42 wall 12.0s
[e1_eval] 44/146 02QY9Q98C0J8 k=0 win 2-1 304.3s plays 81/81 wall 19.5s
[e1_eval] 45/146 02QY9Q9PY29C k=0 win 1-0 184.1s plays 36/38 wall 12.3s
[e1_eval] 46/146 02QY9QV8Y908 k=0 win 3-1 177.7s plays 34/39 wall 11.3s
[e1_eval] 47/146 02RY9GR9C92G k=0 loss 1-2 302.3s plays 78/84 wall 20.1s
[e1_eval] 48/146 02RY9RVV8R29 k=0 loss 1-2 184.1s plays 36/36 wall 13.1s
[e1_eval] 49/146 02VY8LCYLY2R k=0 win 3-0 168.4s plays 31/31 wall 10.6s
[e1_eval] 50/146 02YYPU0CV82L k=0 win 2-1 283.5s plays 70/74 wall 18.4s
[e1_eval] 51/146 02YYPUG0QVYQ k=0 loss 0-1 184.1s plays 34/38 wall 11.0s
[e1_eval] 52/146 02YYPULQQGVP k=0 loss 1-2 184.1s plays 35/41 wall 11.0s
[e1_eval] 53/146 02YYPURYV2CL k=0 win 1-0 203.0s plays 41/47 wall 12.0s
[e1_eval] 54/146 02YYPUV2LLPP k=0 win 1-0 184.1s plays 34/37 wall 11.1s
[e1_eval] 55/146 080Y8QLPCVVR k=0 loss 1-2 184.3s plays 34/41 wall 11.0s
[e1_eval] 56/146 082Y8G0C92U0 k=0 loss 1-2 184.1s plays 36/40 wall 11.5s
[e1_eval] 57/146 082Y8G9GG202 k=0 loss 1-3 172.6s plays 33/34 wall 11.2s
[e1_eval] 58/146 082Y8QVUUYRP k=0 loss 0-3 117.1s plays 16/16 wall 7.0s
[e1_eval] 59/146 088Y88LQYJ00 k=0 loss 1-3 148.4s plays 23/31 wall 9.3s
[e1_eval] 60/146 088Y89GQJJYQ k=0 loss 0-1 231.1s plays 49/55 wall 15.2s
[e1_eval] 61/146 089Y89PGJGQL k=0 win 3-1 248.4s plays 56/64 wall 15.9s
[e1_eval] 62/146 08CPVJP99UY9 k=0 win 2-1 199.2s plays 40/46 wall 12.9s
[e1_eval] 63/146 08CPVRRCJY0J k=0 win 3-0 175.4s plays 33/36 wall 10.6s
[e1_eval] 64/146 08GPVGGR28Y0 k=0 win 3-0 180.1s plays 33/41 wall 10.8s
[e1_eval] 65/146 08JPVCLLRC9L k=0 win 1-0 184.1s plays 36/39 wall 11.7s
[e1_eval] 66/146 08JPVCQ0JCG2 k=0 loss 0-1 184.1s plays 34/40 wall 11.7s
[e1_eval] 67/146 08JPVCUVCQ00 k=0 win 1-0 184.1s plays 34/38 wall 12.7s
[e1_eval] 68/146 08PY88PJYJUR k=0 loss 1-3 159.1s plays 26/27 wall 9.2s
[e1_eval] 69/146 08PY88YVY8GY k=0 loss 1-2 306.2s plays 80/89 wall 21.0s
[e1_eval] 70/146 08QPVCP8C0CP k=0 win 3-1 306.4s plays 80/80 wall 20.3s
[e1_eval] 71/146 08QPVCU8R229 k=0 win 2-1 221.0s plays 47/52 wall 13.9s
[e1_eval] 72/146 08QPVRJUYQY0 k=0 loss 0-3 163.2s plays 29/31 wall 10.3s
[e1_eval] 73/146 08RPVJRL8UJQ k=0 win 1-0 184.1s plays 35/42 wall 11.2s
[e1_eval] 74/146 08UPPUU8GYQG k=0 loss 1-3 178.8s plays 34/39 wall 11.0s
[e1_eval] 75/146 08UPPVCJVLQG k=0 win 1-0 184.1s plays 36/42 wall 12.8s
[e1_eval] 76/146 08UPPVR2R09J k=0 loss 1-3 158.4s plays 29/32 wall 10.4s
[e1_eval] 77/146 08VPPUUJUP2C k=0 loss 0-2 184.1s plays 34/41 wall 12.2s
[e1_eval] 78/146 08YY898PVQL2 k=0 win 1-0 184.1s plays 34/41 wall 10.8s
[e1_eval] 79/146 08YY89PLCPL8 k=0 loss 2-3 161.9s plays 28/32 wall 10.3s
[e1_eval] 80/146 08YY89RYY9Q2 k=0 win 1-0 184.1s plays 36/43 wall 10.6s
[e1_eval] 81/146 092PPVR8JQRV k=0 loss 0-1 184.1s plays 37/38 wall 11.6s
[e1_eval] 82/146 092PY0Y9YC99 k=0 loss 1-2 193.4s plays 37/42 wall 11.8s
[e1_eval] 83/146 0949fca8322e48389f777afed913e538 k=0 loss 1-3 72.8s plays 11/16 wall 4.4s
[e1_eval] 84/146 098PPUGCJVCG k=0 loss 1-2 300.2s plays 77/85 wall 19.8s
[e1_eval] 85/146 099P9CL9R9J0 k=0 loss 1-3 175.2s plays 31/31 wall 10.6s
[e1_eval] 86/146 099P9J9G8CJ9 k=0 win 2-1 298.2s plays 75/82 wall 18.7s
[e1_eval] 87/146 09G9JCQR8CRV k=0 win 1-0 195.3s plays 39/43 wall 12.5s
[e1_eval] 88/146 09G9JUP9RGVR k=0 loss 0-1 192.8s plays 37/42 wall 13.7s
[e1_eval] 89/146 09G9JURCVPP0 k=0 win 1-0 184.1s plays 33/37 wall 11.8s
[e1_eval] 90/146 09G9JUYY29J9 k=0 win 1-0 184.1s plays 32/37 wall 12.6s
[e1_eval] 91/146 09LP9U2Y990P k=0 win 3-0 150.4s plays 25/28 wall 9.0s
[e1_eval] 92/146 09PP9J908PYU k=0 win 1-0 184.1s plays 37/39 wall 12.1s
[e1_eval] 93/146 09QP9U9LR90R k=0 loss 0-1 184.1s plays 36/38 wall 11.4s
[e1_eval] 94/146 09R9JCJ8LQRU k=0 loss 1-2 218.8s plays 45/51 wall 14.4s
[e1_eval] 95/146 09R9JCJ8UU88 k=0 win 1-0 184.1s plays 35/37 wall 12.2s
[e1_eval] 96/146 09U9JUJ0GYYC k=0 loss 1-3 182.1s plays 36/36 wall 10.9s
[e1_eval] 97/146 10b27ce5fbc24337a2a33d9413a36586 k=0 loss 0-1 184.1s plays 37/38 wall 11.6s
[e1_eval] 98/146 14f541c189db4dae8159c1ed7ee68671 k=0 win 1-0 184.1s plays 36/41 wall 10.9s
[e1_eval] 99/146 173710f2135745adb451d5823b71836c k=0 loss 1-2 187.2s plays 38/43 wall 12.5s
[e1_eval] 100/146 1ab460ca2ec7465a8ec4175b788ed8f8 k=0 loss 1-2 305.2s plays 79/79 wall 19.9s
[e1_eval] 101/146 1ef9a5bdccc941b9a9f88877d84eef7f k=0 win 2-1 222.5s plays 46/53 wall 14.5s
[e1_eval] 102/146 25d003faed8c441a8e6e23ad6f07bc0f k=0 win 1-0 184.1s plays 34/41 wall 11.2s
[e1_eval] 103/146 2828f84fd9f749abac607d30eea1da81 k=0 win 2-1 200.8s plays 38/42 wall 13.2s
[e1_eval] 104/146 2f08d88826cb4b66a736c445b635555e k=0 win 3-1 165.6s plays 30/34 wall 11.3s
[e1_eval] 105/146 333ebb5673884328a477960a9ce4a14b k=0 win 1-0 184.1s plays 34/36 wall 11.0s
[e1_eval] 106/146 3715f33eaae64a09ac015094ecf7f973 k=0 win 1-0 184.1s plays 36/40 wall 11.9s
[e1_eval] 107/146 37beebc8bcdb4d4091482f7f54e27e6e k=0 win 3-1 164.9s plays 28/35 wall 10.2s
[e1_eval] 108/146 3af6f59b5caf412da018b965891b3bf8 k=0 win 1-0 184.1s plays 34/38 wall 12.2s
[e1_eval] 109/146 3fea88fe1070492a8ca116b8050f7119 k=0 loss 1-3 172.7s plays 32/33 wall 10.3s
[e1_eval] 110/146 445d8a5a397649298de59a36c3ce9072 k=0 loss 0-3 168.0s plays 32/41 wall 11.8s
[e1_eval] 111/146 46c06d42c9124563ac6495965998dd22 k=0 loss 0-1 184.1s plays 34/36 wall 11.5s
[e1_eval] 112/146 4e0f3872e57d476b8cc06b681b49b5b8 k=0 loss 0-3 84.2s plays 14/14 wall 5.9s
[e1_eval] 113/146 50e2d1abc31544d09c3b52763d05988b k=0 win 1-0 184.1s plays 36/43 wall 11.1s
[e1_eval] 114/146 5bdb5c3daeff466b9d970e6c13d70bbe k=0 win 1-0 217.4s plays 45/53 wall 13.7s
[e1_eval] 115/146 60117bb868474f1088f7796d186a85c6 k=0 loss 1-2 242.7s plays 54/55 wall 17.4s
[e1_eval] 116/146 6362fb8de746402ca3ae2eaa8b97a542 k=0 loss 1-3 133.0s plays 21/30 wall 8.2s
[e1_eval] 117/146 709bfb31833f438084784a06cab9be26 k=0 loss 1-2 198.4s plays 38/42 wall 12.3s
[e1_eval] 118/146 7227593671eb4a0eaf7842fc0ba1d330 k=0 loss 1-2 206.7s plays 42/47 wall 14.2s
[e1_eval] 119/146 7776f6f3f7b3425983b6c23fa593f8c1 k=0 win 2-1 200.2s plays 39/47 wall 12.1s
[e1_eval] 120/146 78e59386c8254e9187ce9d5aaf3bb73e k=0 win 1-0 184.1s plays 37/39 wall 11.4s
[e1_eval] 121/146 8063834a93914d509e9ea607e9b7d5cb k=0 win 1-0 184.1s plays 34/40 wall 12.1s
[e1_eval] 122/146 866cc67f74104d3c885b242c1af21811 k=0 win 3-0 123.6s plays 17/17 wall 7.4s
[e1_eval] 123/146 8b7ea8466be447648864043997e75bb3 k=0 win 2-1 184.1s plays 37/41 wall 11.5s
[e1_eval] 124/146 8df13960f1244ea99cd423c161f0c2ae k=0 loss 1-2 306.1s plays 82/82 wall 18.8s
[e1_eval] 125/146 905c49c70d894c469147c067d9c6b546 k=0 win 2-1 245.0s plays 54/61 wall 16.6s
[e1_eval] 126/146 93367126d7144d7885c74014a865e397 k=0 win 1-0 184.1s plays 36/43 wall 11.6s
[e1_eval] 127/146 998df39fe15c445ca2cf699a6db36a33 k=0 win 2-1 184.1s plays 34/38 wall 11.7s
[e1_eval] 128/146 9f03461916314fdba93360a91e46aaf9 k=0 win 1-0 184.1s plays 35/39 wall 11.5s
[e1_eval] 129/146 a3d74909024e49329c08dd38085a1c11 k=0 win 1-0 184.1s plays 35/38 wall 12.5s
[e1_eval] 130/146 a4250541fc8a4eda93a7a733267dae71 k=0 win 2-0 184.1s plays 36/43 wall 12.1s
[e1_eval] 131/146 a6553eca63b34539a3ad047a5147e0a6 k=0 win 2-1 193.7s plays 38/39 wall 11.8s
[e1_eval] 132/146 abda4c6170cb4046bed2274de3b62b40 k=0 win 2-1 196.6s plays 38/45 wall 12.0s
[e1_eval] 133/146 b162581ddf0a4d7cbbbc5095b09d4648 k=0 win 1-0 184.1s plays 34/38 wall 12.3s
[e1_eval] 134/146 b8945a53587c4ec8bc6a902fc7089f1a k=0 loss 0-3 132.6s plays 20/26 wall 9.4s
[e1_eval] 135/146 c2c410038ec648b1a448d4d8ccff44a7 k=0 loss 1-2 251.6s plays 57/64 wall 16.4s
[e1_eval] 136/146 c4619d86739e492f8f30ce168a687497 k=0 loss 1-2 196.0s plays 41/47 wall 13.1s
[e1_eval] 137/146 c691d0a31e3643d2a394a11ee674ffb1 k=0 loss 1-2 205.7s plays 43/45 wall 13.5s
[e1_eval] 138/146 d0a24d245128465bbdff00bd72d86dd5 k=0 win 2-1 184.1s plays 34/38 wall 11.0s
[e1_eval] 139/146 d3c999846874434d90c318fcbb04551a k=0 loss 1-3 94.7s plays 12/12 wall 6.1s
[e1_eval] 140/146 d6e5d4d24d2e46ec8babc788b25d4eac k=0 win 2-1 205.7s plays 42/47 wall 13.9s
[e1_eval] 141/146 da9325f7fb2d45568a348174c896d694 k=0 win 3-1 225.7s plays 46/52 wall 14.7s
[e1_eval] 142/146 e1d656106c734c8686ef40488e3e92d1 k=0 loss 1-3 93.1s plays 13/17 wall 7.1s
[e1_eval] 143/146 e93281c34c9641a4bfc30654c9181bcc k=0 loss 0-1 184.1s plays 35/39 wall 11.0s
[e1_eval] 144/146 f62e2780f2834f8a827bf061f0b0727e k=0 win 3-1 256.6s plays 59/63 wall 17.7s
[e1_eval] 145/146 f77c984e9361448ba7d493bf3e4968ce k=0 loss 0-1 184.1s plays 35/37 wall 13.0s
[e1_eval] 146/146 f9de90c224844982b6ece634cf69f9ea k=0 loss 1-3 144.9s plays 23/27 wall 8.6s
{"DONE": {"new_matches": 146, "finished": "2026-09-12 17:35:05", "wall_s_mean": 12.1, "win": 74, "draw": 0, "loss": 72}}
