{"e1_eval": "eval", "policy": "live", "port": 38031, "tasks": 147, "already_done": 0, "grid": "lattice", "tau": 0.27}
[e1_eval] 1/147 000YLL9RURY8 k=0 win 1-0 184.1s plays 34/40 wall 12.4s
[e1_eval] 2/147 000YLY2VQ92P k=0 loss 0-1 184.1s plays 35/42 wall 11.4s
[e1_eval] 3/147 000YLYYCJ8VY k=0 win 1-0 184.1s plays 34/41 wall 11.8s
[e1_eval] 4/147 008YLL2CQVUP k=0 win 2-1 206.1s plays 43/47 wall 13.5s
[e1_eval] 5/147 009Y20G9UY9R k=0 loss 1-2 186.0s plays 35/42 wall 11.9s
[e1_eval] 6/147 009YLG90RURQ k=0 win 3-1 275.2s plays 66/72 wall 17.0s
[e1_eval] 7/147 009YLQLLLUPY k=0 win 1-0 184.1s plays 34/38 wall 11.9s
[e1_eval] 8/147 00CYPLYYLPL9 k=0 win 2-1 305.9s plays 79/79 wall 20.2s
[e1_eval] 9/147 00GYP9UGJYLQ k=0 win 1-0 184.1s plays 34/36 wall 11.7s
[e1_eval] 10/147 00GYPYUCG2GQ k=0 loss 1-2 184.1s plays 36/40 wall 12.2s
[e1_eval] 11/147 00JYPQPRYCPP k=0 loss 1-3 123.6s plays 18/18 wall 8.4s
[e1_eval] 12/147 00LYPLCVRCCV k=0 win 3-0 182.1s plays 34/40 wall 10.8s
[e1_eval] 13/147 00LYPLR200VU k=0 loss 1-3 180.4s plays 35/37 wall 11.1s
[e1_eval] 14/147 00LYPQVCRJJL k=0 loss 0-1 184.1s plays 33/37 wall 12.5s
[e1_eval] 15/147 00PYLLJPQ0G0 k=0 win 2-1 194.8s plays 38/38 wall 11.8s
[e1_eval] 16/147 00QYPG00YLQP k=0 loss 1-3 170.7s plays 32/34 wall 10.9s
[e1_eval] 17/147 00QYPQLC9CQY k=0 win 2-1 305.6s plays 78/89 wall 24.2s
[e1_eval] 18/147 00QYPQR0C02V k=0 win 2-1 184.1s plays 36/40 wall 11.5s
[e1_eval] 19/147 00UYPL9P0VQL k=0 win 1-0 184.1s plays 34/41 wall 11.3s
[e1_eval] 20/147 00UYPQ9VJ2VL k=0 loss 1-2 200.6s plays 39/43 wall 12.0s
[e1_eval] 21/147 00VYPLPJRYRY k=0 win 2-1 227.2s plays 49/55 wall 14.1s
[e1_eval] 22/147 00VYPLRPJUVG k=0 loss 1-2 184.1s plays 35/42 wall 10.8s
[e1_eval] 23/147 00VYPQYLP2L9 k=0 loss 0-1 184.1s plays 36/43 wall 11.5s
[e1_eval] 24/147 00VYPQYYV8C0 k=0 win 2-1 198.8s plays 39/44 wall 12.9s
[e1_eval] 25/147 00YYPLR299UQ k=0 loss 1-2 185.7s plays 35/42 wall 13.1s
[e1_eval] 26/147 020YPLR0U0RU k=0 win 1-0 184.1s plays 34/38 wall 12.8s
[e1_eval] 27/147 020YPYP8R2VV k=0 win 1-0 184.1s plays 33/40 wall 12.0s
[e1_eval] 28/147 022YYLV9V90G k=0 loss 0-3 173.9s plays 33/33 wall 10.9s
[e1_eval] 29/147 022YYYUVGPUU k=0 loss 1-2 184.1s plays 35/39 wall 11.0s
[e1_eval] 30/147 028YPV9P0PJ2 k=0 win 2-1 219.0s plays 46/48 wall 14.0s
[e1_eval] 31/147 02CY8P2RJ989 k=0 win 1-0 184.1s plays 35/39 wall 11.2s
[e1_eval] 32/147 02GY9GCC0V9Q k=0 loss 0-3 129.2s plays 18/24 wall 8.3s
[e1_eval] 33/147 02GY9GJVUP00 k=0 loss 1-2 307.0s plays 81/94 wall 21.3s
[e1_eval] 34/147 02GY9QVU0G0R k=0 win 1-0 198.0s plays 39/43 wall 12.9s
[e1_eval] 35/147 02GY9R02LUU8 k=0 win 1-0 214.1s plays 44/52 wall 16.1s
[e1_eval] 36/147 02JY9G99CGPC k=0 loss 1-3 67.8s plays 9/10 wall 4.6s
[e1_eval] 37/147 02JY9GL9Y90C k=0 loss 1-3 56.8s plays 7/7 wall 3.4s
[e1_eval] 38/147 02JY9GQYLVLV k=0 win 2-1 202.8s plays 42/44 wall 13.8s
[e1_eval] 39/147 02JY9R2JJ0GG k=0 win 3-1 240.2s plays 52/56 wall 14.3s
[e1_eval] 40/147 02PYPCUP2LRJ k=0 win 3-1 220.4s plays 47/52 wall 14.8s
[e1_eval] 41/147 02PYPUP2VP0P k=0 loss 0-1 184.1s plays 35/39 wall 11.3s
[e1_eval] 42/147 02QY9G0RLQUY k=0 loss 0-2 184.1s plays 35/40 wall 11.7s
[e1_eval] 43/147 02QY9LVGPVQP k=0 win 1-0 184.1s plays 34/38 wall 11.9s
[e1_eval] 44/147 02QY9Q980YV0 k=0 loss 1-2 211.6s plays 44/45 wall 13.9s
[e1_eval] 45/147 02QY9Q9P0CRP k=0 win 1-0 184.1s plays 34/41 wall 11.2s
[e1_eval] 46/147 02QY9Q9YY089 k=0 loss 1-3 119.9s plays 18/18 wall 7.2s
[e1_eval] 47/147 02RY9GC0U9RV k=0 loss 0-1 184.1s plays 35/39 wall 11.1s
[e1_eval] 48/147 02RY9QV8UR8P k=0 win 1-0 184.1s plays 37/41 wall 11.4s
[e1_eval] 49/147 02UY8YV2CJLJ k=0 win 1-0 184.1s plays 30/31 wall 11.9s
[e1_eval] 50/147 02YYPCRQ2QLY k=0 win 1-0 201.2s plays 40/47 wall 13.1s
[e1_eval] 51/147 02YYPUCRRP92 k=0 loss 1-3 176.1s plays 33/35 wall 12.0s
[e1_eval] 52/147 02YYPUJ220L2 k=0 win 2-1 229.8s plays 49/55 wall 14.4s
[e1_eval] 53/147 02YYPUQ98LJ8 k=0 loss 1-3 111.0s plays 15/21 wall 6.7s
[e1_eval] 54/147 02YYPUV2GGCL k=0 win 1-0 184.1s plays 34/41 wall 11.4s
[e1_eval] 55/147 058cb42f000d477396c2c781a190f7a5 k=0 loss 1-3 291.7s plays 73/80 wall 18.0s
[e1_eval] 56/147 080Y8QLUPRYR k=0 win 1-0 217.6s plays 45/52 wall 13.6s
[e1_eval] 57/147 082Y8G0YU08V k=0 loss 0-1 184.1s plays 37/39 wall 11.8s
[e1_eval] 58/147 082Y8QPV8QJ2 k=0 win 2-1 184.1s plays 35/42 wall 11.7s
[e1_eval] 59/147 088Y88LLCJRY k=0 win 3-2 170.5s plays 31/39 wall 10.7s
[e1_eval] 60/147 088Y88VU9LP2 k=0 loss 0-1 202.9s plays 38/45 wall 13.1s
[e1_eval] 61/147 089Y899UV8Y2 k=0 loss 1-3 115.4s plays 17/17 wall 7.1s
[e1_eval] 62/147 08CPVJL8Y8CL k=0 loss 1-2 184.1s plays 34/39 wall 12.4s
[e1_eval] 63/147 08CPVRQ9RQUY k=0 win 3-0 120.3s plays 17/17 wall 6.7s
[e1_eval] 64/147 08CPVRRUYG00 k=0 loss 0-1 184.1s plays 36/41 wall 11.8s
[e1_eval] 65/147 08GPVRL99VUQ k=0 loss 0-1 211.6s plays 44/45 wall 15.3s
[e1_eval] 66/147 08JPVCPY20LY k=0 loss 1-3 61.6s plays 10/10 wall 4.3s
[e1_eval] 67/147 08JPVCQG22PJ k=0 loss 1-2 217.1s plays 45/51 wall 15.0s
[e1_eval] 68/147 08LY82JGPCLJ k=0 win 3-0 163.0s plays 27/33 wall 9.9s
[e1_eval] 69/147 08PY88PRLJCQ k=0 loss 0-2 184.1s plays 36/40 wall 12.5s
[e1_eval] 70/147 08PY890LU0GP k=0 win 1-0 184.1s plays 35/42 wall 11.7s
[e1_eval] 71/147 08QPVCPC2VCU k=0 win 2-0 184.1s plays 34/38 wall 11.2s
[e1_eval] 72/147 08QPVCUC0UV9 k=0 loss 0-3 180.6s plays 33/39 wall 11.4s
[e1_eval] 73/147 08RPVJC9PC2C k=0 win 2-1 218.7s plays 47/48 wall 14.5s
[e1_eval] 74/147 08UPPC2UPVVC k=0 loss 1-2 184.1s plays 36/44 wall 11.5s
[e1_eval] 75/147 08UPPV20GG0P k=0 win 1-0 198.5s plays 39/46 wall 13.1s
[e1_eval] 76/147 08UPPVJQYC8U k=0 loss 0-1 184.1s plays 37/40 wall 13.4s
[e1_eval] 77/147 08UPPVRC8YCY k=0 win 1-0 184.1s plays 35/42 wall 12.0s
[e1_eval] 78/147 08YY898LQL9V k=0 win 1-0 184.1s plays 34/40 wall 11.8s
[e1_eval] 79/147 08YY89CP980Q k=0 loss 1-2 189.2s plays 38/38 wall 12.1s
[e1_eval] 80/147 08YY89PVU8VG k=0 win 1-0 184.1s plays 35/39 wall 11.5s
[e1_eval] 81/147 090PY002PCLQ k=0 loss 1-2 306.7s plays 80/80 wall 20.3s
[e1_eval] 82/147 092PPVY8298U k=0 win 2-1 298.5s plays 76/85 wall 19.2s
[e1_eval] 83/147 092PY0YLY0CV k=0 win 1-0 191.4s plays 39/41 wall 12.1s
[e1_eval] 84/147 098989VQLY29 k=0 win 3-0 159.2s plays 29/37 wall 10.0s
[e1_eval] 85/147 099P9CJY9LYQ k=0 win 1-0 184.1s plays 37/39 wall 11.7s
[e1_eval] 86/147 099P9CVPLU0V k=0 win 2-1 184.1s plays 36/43 wall 11.2s
[e1_eval] 87/147 09C90J9R8URR k=0 loss 0-1 184.1s plays 36/43 wall 11.9s
[e1_eval] 88/147 09G9JUP9009Y k=0 win 1-0 184.1s plays 33/36 wall 12.2s
[e1_eval] 89/147 09G9JUP9V2U2 k=0 win 1-0 184.1s plays 35/37 wall 12.1s
[e1_eval] 90/147 09G9JUYPG8RV k=0 win 1-0 184.1s plays 36/43 wall 12.1s
[e1_eval] 91/147 09LP9CUL2YQQ k=0 win 1-0 184.1s plays 36/38 wall 11.8s
[e1_eval] 92/147 09LP9U9LLR2P k=0 win 1-0 184.1s plays 36/37 wall 11.6s
[e1_eval] 93/147 09QP9CYVJJVJ k=0 loss 1-3 78.2s plays 12/12 wall 5.2s
[e1_eval] 94/147 09R9JCC2J9P9 k=0 loss 0-3 182.5s plays 36/42 wall 12.2s
[e1_eval] 95/147 09R9JCJ8R8Q0 k=0 loss 0-3 89.9s plays 14/18 wall 5.6s
[e1_eval] 96/147 09R9JUPQLJJP k=0 win 1-0 184.1s plays 34/37 wall 11.9s
[e1_eval] 97/147 09YP9CCR0C9Q k=0 loss 1-2 255.4s plays 59/62 wall 17.8s
[e1_eval] 98/147 13861f35db384129b7bfd7089d49b218 k=0 loss 0-1 184.1s plays 33/40 wall 12.0s
[e1_eval] 99/147 15fd620380d64d1a9fa71c14957f3819 k=0 loss 1-2 307.2s plays 79/79 wall 19.2s
[e1_eval] 100/147 18b06003f8394b0caf9d7467e2ab7cda k=0 loss 1-3 306.0s plays 79/79 wall 19.9s
[e1_eval] 101/147 1b75f487e0b446cf9039181fc9c4bc07 k=0 loss 1-3 226.9s plays 48/51 wall 14.5s
[e1_eval] 102/147 248bd5472bed4955b594fa9d4b390167 k=0 loss 1-3 159.7s plays 29/29 wall 10.4s
[e1_eval] 103/147 26c826f36fc14a6d8817e2345b574701 k=0 win 1-0 184.1s plays 34/42 wall 11.3s
[e1_eval] 104/147 2daadf98befb4eedbd0e3976a0561803 k=0 loss 1-2 184.1s plays 36/37 wall 12.3s
[e1_eval] 105/147 2f6b4f9018044066ad0837a90ab4c5e9 k=0 loss 1-3 125.8s plays 18/19 wall 7.9s
[e1_eval] 106/147 3507d5d1ccc04747a08f277c1231c449 k=0 win 1-0 184.1s plays 34/42 wall 12.0s
[e1_eval] 107/147 3773ce435cd548fda0ea05964ce0dd1a k=0 loss 1-3 305.0s plays 79/79 wall 18.9s
[e1_eval] 108/147 38039a3f7ca747cfbc66d3cba9f33e46 k=0 win 2-0 184.1s plays 34/40 wall 11.1s
[e1_eval] 109/147 3b4e55f235b74aa0961f13cf277035e9 k=0 loss 1-2 184.1s plays 35/39 wall 12.1s
[e1_eval] 110/147 4341e84cef2446f0a6fc85a76bf5090d k=0 win 2-1 210.6s plays 43/44 wall 13.7s
[e1_eval] 111/147 4613d92846ec4e20a1333678b21fb997 k=0 win 1-0 184.1s plays 34/42 wall 12.3s
[e1_eval] 112/147 494f23d587744726a24dc85bfceb1834 k=0 win 3-1 236.5s plays 52/54 wall 16.1s
[e1_eval] 113/147 4ff95634751b4e6c82f407175a216923 k=0 win 1-0 184.1s plays 36/41 wall 11.2s
[e1_eval] 114/147 58a52fc9b0a043a38e8a9c8bba56825b k=0 loss 1-3 304.7s plays 81/81 wall 21.2s
[e1_eval] 115/147 60021c0b6612408882ede3054b26eaf6 k=0 loss 1-2 284.8s plays 70/78 wall 17.8s
[e1_eval] 116/147 60e45ca62f2545628b811498761ae135 k=0 win 1-0 184.1s plays 34/41 wall 11.3s
[e1_eval] 117/147 659fa48091704b7eb76b640b7774e206 k=0 win 1-0 184.1s plays 33/34 wall 11.3s
[e1_eval] 118/147 70d0014a27c8440fa888dfe4b205e922 k=0 win 3-0 144.1s plays 23/31 wall 8.9s
[e1_eval] 119/147 75d7343cc62d4e98b9b1c0ab13a4e201 k=0 win 1-0 184.1s plays 35/42 wall 10.9s
[e1_eval] 120/147 784570834ad344c2a6f9c479b0e90a43 k=0 loss 1-2 306.3s plays 78/78 wall 18.4s
[e1_eval] 121/147 79dfd91aba534b64ab875ee2ed35a9ea k=0 win 2-1 306.6s plays 79/92 wall 22.4s
[e1_eval] 122/147 844db3de7006445c98a93e6153105872 k=0 win 2-1 305.6s plays 82/82 wall 20.5s
[e1_eval] 123/147 897ae8cf7eec4341be2c90e2e916b000 k=0 win 3-0 156.7s plays 24/27 wall 10.0s
[e1_eval] 124/147 8be1cf0ec9b540ba8cc916e37d406fe9 k=0 win 3-0 175.2s plays 34/37 wall 11.1s
[e1_eval] 125/147 8e2f570fab014f80954f28ce407b0dcc k=0 loss 0-1 305.8s plays 80/80 wall 22.4s
[e1_eval] 126/147 90ebd8e1802a4b87af2c8a54cc67b1e5 k=0 loss 1-3 61.9s plays 9/10 wall 4.6s
[e1_eval] 127/147 961f02a367134a9e829384085a88f80d k=0 win 1-0 184.1s plays 36/40 wall 14.9s
[e1_eval] 128/147 9c6a2514bc0c4e6fbce4f5884c707906 k=0 loss 0-1 184.1s plays 34/35 wall 12.3s
[e1_eval] 129/147 a3674fb6151548f48a032f7e52f33336 k=0 win 1-0 184.1s plays 35/39 wall 12.3s
[e1_eval] 130/147 a3ef27c93ba1436a9e74e1fd92f2e98c k=0 win 1-0 184.1s plays 34/41 wall 11.9s
[e1_eval] 131/147 a5d6cae532c54e05ab25a977bfc1089d k=0 win 1-0 184.1s plays 34/37 wall 11.9s
[e1_eval] 132/147 a7440af51a9d45e99ec4767d2d5fb783 k=0 loss 0-3 159.2s plays 29/29 wall 10.3s
[e1_eval] 133/147 aceef0a5ff024470b4b6142ec6046200 k=0 win 3-1 183.8s plays 36/42 wall 11.4s
[e1_eval] 134/147 b3608f68a18d42149eb69a20c461e117 k=0 loss 1-3 147.8s plays 24/27 wall 9.3s
[e1_eval] 135/147 bf77a994cc4c4b38b57dff2d133fd2d4 k=0 loss 1-3 54.4s plays 7/7 wall 3.2s
[e1_eval] 136/147 c34ede5f413c4b15b1dd9e20ab172875 k=0 loss 0-3 181.5s plays 34/42 wall 13.2s
[e1_eval] 137/147 c4d6628de619471c853064bf81572e1c k=0 win 2-1 226.5s plays 49/51 wall 15.1s
[e1_eval] 138/147 c75cc69c5ac84026a8dee5c2c2fc1e1a k=0 win 1-0 184.1s plays 35/40 wall 10.9s
[e1_eval] 139/147 d107d69e24184f348914f933e48f35c7 k=0 win 1-0 184.1s plays 34/38 wall 11.4s
[e1_eval] 140/147 d69f794b566f4e079c2b7dd701134d60 k=0 loss 0-3 79.0s plays 12/18 wall 5.5s
[e1_eval] 141/147 da49b77a85a845acb3bb9f5d5c182e9b k=0 loss 0-1 184.1s plays 35/42 wall 11.7s
[e1_eval] 142/147 dda0729317a54cf88049984cff789a7e k=0 loss 1-2 284.9s plays 71/79 wall 18.6s
[e1_eval] 143/147 e212964155da4a348a631cd4a166c1ca k=0 loss 0-1 184.1s plays 37/39 wall 11.3s
[e1_eval] 144/147 ef7ec23eccf74513be27ff02ba0fde21 k=0 loss 1-3 132.7s plays 20/21 wall 7.8s
[e1_eval] 145/147 f757cf661bb647c898fdeda88edad75a k=0 win 1-0 184.1s plays 34/38 wall 11.4s
[e1_eval] 146/147 f87d74860d464b4fb588fc45c6e6c253 k=0 win 3-0 173.1s plays 33/35 wall 11.5s
[e1_eval] 147/147 faa247a9abdf495d86d844cb6d18096b k=0 loss 0-1 184.1s plays 35/43 wall 12.0s
{"DONE": {"new_matches": 147, "finished": "2026-09-12 17:05:26", "wall_s_mean": 12.4, "win": 78, "draw": 0, "loss": 69}}
