('-1', -1, 202, 14, False) 80
('-1', -1, 629, 14, False) 75
('-1', -1, 629, 15, False) 101
('BarbarianHut', 27000005, 716, 15, False) 116
('BarbarianHut', 27000005, 1164, 12, False) 20
('DarkWitch', 26000048, 81, 15, False) 788
('DarkWitch', 26000048, 906, 14, False) 91
('FirespiritHut', 13000106, 217, 14, False) 95
('FirespiritHut', 13000106, 217, 15, False) 177
('FirespiritHut', 13000106, 727, 14, False) 54
('FirespiritHut', 27000010, 217, 14, False) 805
('FirespiritHut', 27000010, 727, 14, False) 231
('GoblinCage', 13000107, 780, 12, False) 15
('GoblinCage', 13000107, 1080, 14, False) 15
('GoblinCage', 27000012, 780, 12, False) 99
('GoblinCage', 27000012, 1080, 14, False) 96
('GoblinDrill', 13000108, 202, 14, False) 171
('GoblinDrill', 13000108, 202, 15, False) 39
('GoblinDrill', 13000108, 1313, 12, False) 38
('GoblinDrill', 13000108, 2560, 15, False) 38
('GoblinDrill', 27000013, 202, 14, False) 303
('GoblinDrill', 27000013, 202, 15, False) 185
('GoblinDrill', 27000013, 1313, 12, False) 174
('GoblinDrill', 27000013, 2560, 15, False) 173
('GoblinGiant', 13000060, 133, 14, False) 80
('GoblinGiant', 13000060, 133, 15, False) 2
('GoblinGiant', 13000060, 202, 15, False) 54
('GoblinGiant', 13000060, 3110, 14, False) 22
('GoblinGiant', 26000060, 133, 14, False) 254
('GoblinGiant', 26000060, 133, 15, False) 10
('GoblinGiant', 26000060, 3110, 14, False) 72
('GoblinHut', 27000001, 133, 14, False) 390
('GoblinHut', 27000001, 133, 15, False) 126
('GoblinHut', 27000001, 1180, 12, False) 136
('Graveyard', 28000010, 81, 14, False) 1351
('Phoenix', 26000087, 317, 15, False) 66
('Phoenix', 26000087, 1052, 14, False) 93
('SkeletonBalloon', 13000056, 81, 14, False) 552
('SkeletonBalloon', 13000056, 665, 14, False) 41
('SkeletonBalloon', 26000056, 81, 14, False) 1125
('SkeletonBalloon', 26000056, 532, 14, False) 174
('SkeletonKing', 26000069, 1, 14, False) 255
('SkeletonKing', 26000069, 1, 15, False) 30
('SkeletonKing', 26000069, 2298, 14, False) 49
('Tombstone', 27000009, 81, 15, False) 826
('Tombstone', 27000009, 529, 12, False) 83
('Tombstone', 203000088, -1, 12, True) 91
('Tombstone', 203000088, 81, 14, False) 52
('Tombstone', 203000088, 81, 15, False) 879
('Tombstone', 203000088, 529, 12, False) 182
('Witch', 13000007, 81, 15, False) 571
('Witch', 13000007, 839, 14, False) 44
('Witch', 26000007, 81, 15, False) 1038
('Witch', 26000007, 839, 14, False) 90
('WitchMother', 26000083, 529, 14, False) 91
{'drill_frames': 4861, 'drill_1313_and_2560_same_frame': 1} 266
