{
 "C:/Users/benpe/ClashBot/icebow/data/bench/rl_royale/rseries_r3/rseries_r3_u0050.pt": {
  "val_n_play": 100463,
  "val_cell_top1": 0.21873724654848054,
  "val_cell_top3": 0.455948956332182,
  "val_cell_nll": 3.0603444576263428,
  "val_card_top1": 0.6140569164767128,
  "card_logit_max_abs_diff_vs_first": null,
  "card_inf_pattern_equal": null,
  "has_cell_refine": false,
  "centre": {
   "sub_train|side0|OTHER": 1499,
   "sub_train|side0|same": 1539,
   "sub_train|side1|OTHER": 1662,
   "sub_train|side1|same": 1696,
   "sub_val|side0|OTHER": 135,
   "sub_val|side0|same": 155,
   "sub_val|side1|OTHER": 153,
   "sub_val|side1|same": 151,
   "val|side0|OTHER": 2394,
   "val|side0|same": 2239,
   "val|side1|OTHER": 2312,
   "val|side1|same": 2230
  },
  "lane": {
   "sub_train|side0|model|enemy_side": 392,
   "sub_train|side0|model|far_side": 338,
   "sub_train|side0|pro|enemy_side": 328,
   "sub_train|side0|pro|far_side": 232,
   "sub_train|side1|model|enemy_side": 517,
   "sub_train|side1|model|far_side": 459,
   "sub_train|side1|pro|enemy_side": 458,
   "sub_train|side1|pro|far_side": 269,
   "sub_val|side0|model|enemy_side": 41,
   "sub_val|side0|model|far_side": 37,
   "sub_val|side0|pro|enemy_side": 29,
   "sub_val|side0|pro|far_side": 24,
   "sub_val|side1|model|enemy_side": 49,
   "sub_val|side1|model|far_side": 44,
   "sub_val|side1|pro|enemy_side": 50,
   "sub_val|side1|pro|far_side": 25,
   "val|side0|model|enemy_side": 665,
   "val|side0|model|far_side": 590,
   "val|side0|pro|enemy_side": 617,
   "val|side0|pro|far_side": 373,
   "val|side1|model|enemy_side": 1174,
   "val|side1|model|far_side": 1258,
   "val|side1|pro|enemy_side": 1300,
   "val|side1|pro|far_side": 668
  }
 }
}
{
 "C:/Users/benpe/ClashBot/icebow/data/bench/rl_royale/rseries_r3/rseries_r3_u0050_cellref5.pt": {
  "val_n_play": 100463,
  "val_cell_top1": 0.238635119397191,
  "val_cell_top3": 0.4790918049431134,
  "val_cell_nll": 2.9901468753814697,
  "val_card_top1": 0.6140569164767128,
  "card_logit_max_abs_diff_vs_first": 2.86102294921875e-06,
  "card_inf_pattern_equal": true,
  "has_cell_refine": true,
  "centre": {
   "sub_train|side0|OTHER": 1294,
   "sub_train|side0|same": 1880,
   "sub_train|side1|OTHER": 1415,
   "sub_train|side1|same": 2111,
   "sub_val|side0|OTHER": 122,
   "sub_val|side0|same": 185,
   "sub_val|side1|OTHER": 125,
   "sub_val|side1|same": 189,
   "val|side0|OTHER": 1997,
   "val|side0|same": 2866,
   "val|side1|OTHER": 1955,
   "val|side1|same": 2760
  },
  "lane": {
   "sub_train|side0|model|enemy_side": 454,
   "sub_train|side0|model|far_side": 271,
   "sub_train|side0|pro|enemy_side": 328,
   "sub_train|side0|pro|far_side": 232,
   "sub_train|side1|model|enemy_side": 603,
   "sub_train|side1|model|far_side": 391,
   "sub_train|side1|pro|enemy_side": 458,
   "sub_train|side1|pro|far_side": 269,
   "sub_val|side0|model|enemy_side": 48,
   "sub_val|side0|model|far_side": 27,
   "sub_val|side0|pro|enemy_side": 29,
   "sub_val|side0|pro|far_side": 24,
   "sub_val|side1|model|enemy_side": 67,
   "sub_val|side1|model|far_side": 31,
   "sub_val|side1|pro|enemy_side": 50,
   "sub_val|side1|pro|far_side": 25,
   "val|side0|model|enemy_side": 848,
   "val|side0|model|far_side": 456,
   "val|side0|pro|enemy_side": 617,
   "val|side0|pro|far_side": 373,
   "val|side1|model|enemy_side": 1681,
   "val|side1|model|far_side": 894,
   "val|side1|pro|enemy_side": 1300,
   "val|side1|pro|far_side": 668
  }
 }
}
