{
 "C:/Users/benpe/ClashBot/icebow/data/bench/rl_royale/rseries_r3/rseries_r3_u0050.pt": {
  "val_n_play": 100463,
  "val_cell_top1": 0.21873724654848054,
  "val_cell_top3": 0.455948956332182,
  "val_cell_nll": 3.0603444576263428,
  "val_card_top1": 0.6140569164767128,
  "card_logit_max_abs_diff_vs_first": null,
  "card_inf_pattern_equal": null,
  "has_cell_refine": false,
  "centre": {
   "sub_train|side0|OTHER": 1499,
   "sub_train|side0|same": 1539,
   "sub_train|side1|OTHER": 1662,
   "sub_train|side1|same": 1696,
   "sub_val|side0|OTHER": 135,
   "sub_val|side0|same": 155,
   "sub_val|side1|OTHER": 153,
   "sub_val|side1|same": 151,
   "val|side0|OTHER": 2394,
   "val|side0|same": 2239,
   "val|side1|OTHER": 2312,
   "val|side1|same": 2230
  },
  "lane": {
   "sub_train|side0|model|enemy_side": 392,
   "sub_train|side0|model|far_side": 338,
   "sub_train|side0|pro|enemy_side": 328,
   "sub_train|side0|pro|far_side": 232,
   "sub_train|side1|model|enemy_side": 517,
   "sub_train|side1|model|far_side": 459,
   "sub_train|side1|pro|enemy_side": 458,
   "sub_train|side1|pro|far_side": 269,
   "sub_val|side0|model|enemy_side": 41,
   "sub_val|side0|model|far_side": 37,
   "sub_val|side0|pro|enemy_side": 29,
   "sub_val|side0|pro|far_side": 24,
   "sub_val|side1|model|enemy_side": 49,
   "sub_val|side1|model|far_side": 44,
   "sub_val|side1|pro|enemy_side": 50,
   "sub_val|side1|pro|far_side": 25,
   "val|side0|model|enemy_side": 665,
   "val|side0|model|far_side": 590,
   "val|side0|pro|enemy_side": 617,
   "val|side0|pro|far_side": 373,
   "val|side1|model|enemy_side": 1174,
   "val|side1|model|far_side": 1258,
   "val|side1|pro|enemy_side": 1300,
   "val|side1|pro|far_side": 668
  }
 }
}
{
 "C:/Users/benpe/ClashBot/icebow/data/bench/rl_royale/rseries_r3/rseries_r3_u0050_cellref.pt": {
  "val_n_play": 100463,
  "val_cell_top1": 0.2333694992186178,
  "val_cell_top3": 0.4728108855996735,
  "val_cell_nll": 3.0105583667755127,
  "val_card_top1": 0.6140569164767128,
  "card_logit_max_abs_diff_vs_first": 3.814697265625e-06,
  "card_inf_pattern_equal": true,
  "has_cell_refine": true,
  "centre": {
   "sub_train|side0|OTHER": 1412,
   "sub_train|side0|same": 1654,
   "sub_train|side1|OTHER": 1537,
   "sub_train|side1|same": 1851,
   "sub_val|side0|OTHER": 135,
   "sub_val|side0|same": 160,
   "sub_val|side1|OTHER": 152,
   "sub_val|side1|same": 156,
   "val|side0|OTHER": 2194,
   "val|side0|same": 2531,
   "val|side1|OTHER": 2138,
   "val|side1|same": 2458
  },
  "lane": {
   "sub_train|side0|model|enemy_side": 363,
   "sub_train|side0|model|far_side": 343,
   "sub_train|side0|pro|enemy_side": 328,
   "sub_train|side0|pro|far_side": 232,
   "sub_train|side1|model|enemy_side": 496,
   "sub_train|side1|model|far_side": 455,
   "sub_train|side1|pro|enemy_side": 458,
   "sub_train|side1|pro|far_side": 269,
   "sub_val|side0|model|enemy_side": 37,
   "sub_val|side0|model|far_side": 37,
   "sub_val|side0|pro|enemy_side": 29,
   "sub_val|side0|pro|far_side": 24,
   "sub_val|side1|model|enemy_side": 51,
   "sub_val|side1|model|far_side": 37,
   "sub_val|side1|pro|enemy_side": 50,
   "sub_val|side1|pro|far_side": 25,
   "val|side0|model|enemy_side": 627,
   "val|side0|model|far_side": 622,
   "val|side0|pro|enemy_side": 617,
   "val|side0|pro|far_side": 373,
   "val|side1|model|enemy_side": 1275,
   "val|side1|model|far_side": 1154,
   "val|side1|pro|enemy_side": 1300,
   "val|side1|pro|far_side": 668
  }
 }
}
