{
 "C:/Users/benpe/ClashBot/icebow/data/bench/rl_royale/rseries_r3/rseries_r3_u0050.pt": {
  "val_n_play": 100463,
  "val_cell_top1": 0.21873724654848054,
  "val_cell_top3": 0.455948956332182,
  "val_cell_nll": 3.0603444576263428,
  "val_card_top1": 0.6140569164767128,
  "card_logit_max_abs_diff_vs_first": null,
  "card_inf_pattern_equal": null,
  "has_cell_refine": false,
  "centre": {
   "sub_train|side0|OTHER": 1499,
   "sub_train|side0|same": 1539,
   "sub_train|side1|OTHER": 1662,
   "sub_train|side1|same": 1696,
   "sub_val|side0|OTHER": 135,
   "sub_val|side0|same": 155,
   "sub_val|side1|OTHER": 153,
   "sub_val|side1|same": 151,
   "val|side0|OTHER": 2394,
   "val|side0|same": 2239,
   "val|side1|OTHER": 2312,
   "val|side1|same": 2230
  },
  "lane": {
   "sub_train|side0|model|enemy_side": 392,
   "sub_train|side0|model|far_side": 338,
   "sub_train|side0|pro|enemy_side": 328,
   "sub_train|side0|pro|far_side": 232,
   "sub_train|side1|model|enemy_side": 517,
   "sub_train|side1|model|far_side": 459,
   "sub_train|side1|pro|enemy_side": 458,
   "sub_train|side1|pro|far_side": 269,
   "sub_val|side0|model|enemy_side": 41,
   "sub_val|side0|model|far_side": 37,
   "sub_val|side0|pro|enemy_side": 29,
   "sub_val|side0|pro|far_side": 24,
   "sub_val|side1|model|enemy_side": 49,
   "sub_val|side1|model|far_side": 44,
   "sub_val|side1|pro|enemy_side": 50,
   "sub_val|side1|pro|far_side": 25,
   "val|side0|model|enemy_side": 665,
   "val|side0|model|far_side": 590,
   "val|side0|pro|enemy_side": 617,
   "val|side0|pro|far_side": 373,
   "val|side1|model|enemy_side": 1174,
   "val|side1|model|far_side": 1258,
   "val|side1|pro|enemy_side": 1300,
   "val|side1|pro|far_side": 668
  }
 }
}
{
 "C:/Users/benpe/ClashBot/icebow/data/bench/rl_royale/rseries_r3/rseries_r3_u0050_barrel.pt": {
  "val_n_play": 100463,
  "val_cell_top1": 0.21902591003653085,
  "val_cell_top3": 0.45626748156037544,
  "val_cell_nll": 3.058814287185669,
  "val_card_top1": 0.6140569164767128,
  "card_logit_max_abs_diff_vs_first": 2.86102294921875e-06,
  "card_inf_pattern_equal": true,
  "has_cell_refine": false,
  "centre": {
   "sub_train|side0|OTHER": 1497,
   "sub_train|side0|same": 1537,
   "sub_train|side1|OTHER": 1662,
   "sub_train|side1|same": 1696,
   "sub_val|side0|OTHER": 135,
   "sub_val|side0|same": 156,
   "sub_val|side1|OTHER": 153,
   "sub_val|side1|same": 151,
   "val|side0|OTHER": 2395,
   "val|side0|same": 2244,
   "val|side1|OTHER": 2311,
   "val|side1|same": 2231
  },
  "lane": {
   "sub_train|side0|model|enemy_side": 389,
   "sub_train|side0|model|far_side": 335,
   "sub_train|side0|pro|enemy_side": 328,
   "sub_train|side0|pro|far_side": 232,
   "sub_train|side1|model|enemy_side": 515,
   "sub_train|side1|model|far_side": 460,
   "sub_train|side1|pro|enemy_side": 458,
   "sub_train|side1|pro|far_side": 269,
   "sub_val|side0|model|enemy_side": 40,
   "sub_val|side0|model|far_side": 37,
   "sub_val|side0|pro|enemy_side": 29,
   "sub_val|side0|pro|far_side": 24,
   "sub_val|side1|model|enemy_side": 49,
   "sub_val|side1|model|far_side": 44,
   "sub_val|side1|pro|enemy_side": 50,
   "sub_val|side1|pro|far_side": 25,
   "val|side0|model|enemy_side": 663,
   "val|side0|model|far_side": 590,
   "val|side0|pro|enemy_side": 617,
   "val|side0|pro|far_side": 373,
   "val|side1|model|enemy_side": 1176,
   "val|side1|model|far_side": 1258,
   "val|side1|pro|enemy_side": 1300,
   "val|side1|pro|far_side": 668
  }
 }
}
{
 "C:/Users/benpe/ClashBot/icebow/data/bench/rl_royale/rseries_r3/rseries_r3_u0050_barrel_cellref5.pt": {
  "val_n_play": 100463,
  "val_cell_top1": 0.23681355324845962,
  "val_cell_top3": 0.475747290047082,
  "val_cell_nll": 3.002028703689575,
  "val_card_top1": 0.6140569164767128,
  "card_logit_max_abs_diff_vs_first": 2.86102294921875e-06,
  "card_inf_pattern_equal": true,
  "has_cell_refine": true,
  "centre": {
   "sub_train|side0|OTHER": 1302,
   "sub_train|side0|same": 1854,
   "sub_train|side1|OTHER": 1472,
   "sub_train|side1|same": 2026,
   "sub_val|side0|OTHER": 126,
   "sub_val|side0|same": 179,
   "sub_val|side1|OTHER": 126,
   "sub_val|side1|same": 187,
   "val|side0|OTHER": 2027,
   "val|side0|same": 2800,
   "val|side1|OTHER": 1963,
   "val|side1|same": 2723
  },
  "lane": {
   "sub_train|side0|model|enemy_side": 509,
   "sub_train|side0|model|far_side": 212,
   "sub_train|side0|pro|enemy_side": 328,
   "sub_train|side0|pro|far_side": 232,
   "sub_train|side1|model|enemy_side": 693,
   "sub_train|side1|model|far_side": 296,
   "sub_train|side1|pro|enemy_side": 458,
   "sub_train|side1|pro|far_side": 269,
   "sub_val|side0|model|enemy_side": 55,
   "sub_val|side0|model|far_side": 20,
   "sub_val|side0|pro|enemy_side": 29,
   "sub_val|side0|pro|far_side": 24,
   "sub_val|side1|model|enemy_side": 70,
   "sub_val|side1|model|far_side": 23,
   "sub_val|side1|pro|enemy_side": 50,
   "sub_val|side1|pro|far_side": 25,
   "val|side0|model|enemy_side": 953,
   "val|side0|model|far_side": 343,
   "val|side0|pro|enemy_side": 617,
   "val|side0|pro|far_side": 373,
   "val|side1|model|enemy_side": 1833,
   "val|side1|model|far_side": 724,
   "val|side1|pro|enemy_side": 1300,
   "val|side1|pro|far_side": 668
  }
 }
}
