{"base": "C:\\Users\\benpe\\ClashBot\\icebow\\data\\bench\\rl_royale\\rseries_r3\\rseries_r3_u0050_barrel.pt", "out": "C:\\Users\\benpe\\ClashBot\\icebow\\data\\bench\\rl_royale\\rseries_r3\\rseries_r3_u0050_barrel_cellref5e2.pt", "train_play_rows": 911987, "val_rows": 20000, "steps": 7124, "params": 117248, "val0": {"step": 0, "cell_nll": 3.064446883010864, "cell_half_top1": 0.21855, "cell_tile_top1": 0.21855, "card_top1": 0.6187, "n_play": 20000}}
{"step": 200, "of": 7124, "cell_loss_ema": 3.0184, "rows_per_s": 1265, "min": 0.7}
{"step": 400, "of": 7124, "cell_loss_ema": 3.027, "rows_per_s": 1304, "min": 1.3}
{"step": 600, "of": 7124, "cell_loss_ema": 3.0004, "rows_per_s": 1299, "min": 2.0}
{"step": 800, "of": 7124, "cell_loss_ema": 2.9869, "rows_per_s": 1313, "min": 2.6}
{"step": 1000, "of": 7124, "cell_loss_ema": 3.0096, "rows_per_s": 1325, "min": 3.2}
{"val": {"step": 1000, "cell_nll": 3.040483372879028, "cell_half_top1": 0.22825, "cell_tile_top1": 0.22835, "card_top1": 0.6187, "n_play": 20000}}
{"saved": "C:\\Users\\benpe\\ClashBot\\icebow\\data\\bench\\rl_royale\\rseries_r3\\rseries_r3_u0050_barrel_cellref5e2.pt", "step": 1000, "cell_nll": 3.040483372879028}
{"step": 1200, "of": 7124, "cell_loss_ema": 2.9889, "rows_per_s": 1275, "min": 4.0}
{"step": 1400, "of": 7124, "cell_loss_ema": 2.983, "rows_per_s": 1287, "min": 4.6}
{"step": 1600, "of": 7124, "cell_loss_ema": 2.9668, "rows_per_s": 1306, "min": 5.2}
{"step": 1800, "of": 7124, "cell_loss_ema": 2.9694, "rows_per_s": 1319, "min": 5.8}
{"step": 2000, "of": 7124, "cell_loss_ema": 2.9527, "rows_per_s": 1331, "min": 6.4}
{"val": {"step": 2000, "cell_nll": 3.0183400451660156, "cell_half_top1": 0.2341, "cell_tile_top1": 0.23425, "card_top1": 0.6187, "n_play": 20000}}
{"saved": "C:\\Users\\benpe\\ClashBot\\icebow\\data\\bench\\rl_royale\\rseries_r3\\rseries_r3_u0050_barrel_cellref5e2.pt", "step": 2000, "cell_nll": 3.0183400451660156}
{"step": 2200, "of": 7124, "cell_loss_ema": 2.9625, "rows_per_s": 1299, "min": 7.2}
{"step": 2400, "of": 7124, "cell_loss_ema": 2.979, "rows_per_s": 1302, "min": 7.9}
{"step": 2600, "of": 7124, "cell_loss_ema": 2.971, "rows_per_s": 1305, "min": 8.5}
{"step": 2800, "of": 7124, "cell_loss_ema": 2.9703, "rows_per_s": 1309, "min": 9.1}
{"step": 3000, "of": 7124, "cell_loss_ema": 2.9561, "rows_per_s": 1314, "min": 9.7}
{"val": {"step": 3000, "cell_nll": 3.0139075241088866, "cell_half_top1": 0.2332, "cell_tile_top1": 0.2332, "card_top1": 0.6187, "n_play": 20000}}
{"saved": "C:\\Users\\benpe\\ClashBot\\icebow\\data\\bench\\rl_royale\\rseries_r3\\rseries_r3_u0050_barrel_cellref5e2.pt", "step": 3000, "cell_nll": 3.0139075241088866}
{"step": 3200, "of": 7124, "cell_loss_ema": 2.9713, "rows_per_s": 1301, "min": 10.5}
{"step": 3400, "of": 7124, "cell_loss_ema": 2.9661, "rows_per_s": 1302, "min": 11.1}
{"step": 3600, "of": 7124, "cell_loss_ema": 2.9629, "rows_per_s": 1304, "min": 11.8}
{"step": 3800, "of": 7124, "cell_loss_ema": 2.9615, "rows_per_s": 1306, "min": 12.4}
{"step": 4000, "of": 7124, "cell_loss_ema": 2.9461, "rows_per_s": 1313, "min": 13.0}
{"val": {"step": 4000, "cell_nll": 3.005255061340332, "cell_half_top1": 0.23685, "cell_tile_top1": 0.23705, "card_top1": 0.6187, "n_play": 20000}}
{"saved": "C:\\Users\\benpe\\ClashBot\\icebow\\data\\bench\\rl_royale\\rseries_r3\\rseries_r3_u0050_barrel_cellref5e2.pt", "step": 4000, "cell_nll": 3.005255061340332}
{"step": 4200, "of": 7124, "cell_loss_ema": 2.9526, "rows_per_s": 1308, "min": 13.7}
{"step": 4400, "of": 7124, "cell_loss_ema": 2.9327, "rows_per_s": 1312, "min": 14.3}
{"step": 4600, "of": 7124, "cell_loss_ema": 2.9597, "rows_per_s": 1315, "min": 14.9}
{"step": 4800, "of": 7124, "cell_loss_ema": 2.9535, "rows_per_s": 1318, "min": 15.5}
{"step": 5000, "of": 7124, "cell_loss_ema": 2.9413, "rows_per_s": 1319, "min": 16.2}
{"val": {"step": 5000, "cell_nll": 3.0006609943389893, "cell_half_top1": 0.2343, "cell_tile_top1": 0.2343, "card_top1": 0.6187, "n_play": 20000}}
{"saved": "C:\\Users\\benpe\\ClashBot\\icebow\\data\\bench\\rl_royale\\rseries_r3\\rseries_r3_u0050_barrel_cellref5e2.pt", "step": 5000, "cell_nll": 3.0006609943389893}
{"step": 5200, "of": 7124, "cell_loss_ema": 2.9451, "rows_per_s": 1311, "min": 16.9}
{"step": 5400, "of": 7124, "cell_loss_ema": 2.9543, "rows_per_s": 1315, "min": 17.5}
{"step": 5600, "of": 7124, "cell_loss_ema": 2.9434, "rows_per_s": 1314, "min": 18.2}
{"step": 5800, "of": 7124, "cell_loss_ema": 2.9574, "rows_per_s": 1307, "min": 18.9}
{"step": 6000, "of": 7124, "cell_loss_ema": 2.9491, "rows_per_s": 1298, "min": 19.7}
{"val": {"step": 6000, "cell_nll": 2.9975912746429443, "cell_half_top1": 0.23595, "cell_tile_top1": 0.23605, "card_top1": 0.6187, "n_play": 20000}}
{"saved": "C:\\Users\\benpe\\ClashBot\\icebow\\data\\bench\\rl_royale\\rseries_r3\\rseries_r3_u0050_barrel_cellref5e2.pt", "step": 6000, "cell_nll": 2.9975912746429443}
{"step": 6200, "of": 7124, "cell_loss_ema": 2.9235, "rows_per_s": 1292, "min": 20.5}
{"step": 6400, "of": 7124, "cell_loss_ema": 2.929, "rows_per_s": 1291, "min": 21.2}
{"step": 6600, "of": 7124, "cell_loss_ema": 2.9402, "rows_per_s": 1287, "min": 21.9}
{"step": 6800, "of": 7124, "cell_loss_ema": 2.9446, "rows_per_s": 1286, "min": 22.6}
{"step": 7000, "of": 7124, "cell_loss_ema": 2.9331, "rows_per_s": 1286, "min": 23.2}
{"val": {"step": 7000, "cell_nll": 2.9971031997680666, "cell_half_top1": 0.23795, "cell_tile_top1": 0.23805, "card_top1": 0.6187, "n_play": 20000}}
{"saved": "C:\\Users\\benpe\\ClashBot\\icebow\\data\\bench\\rl_royale\\rseries_r3\\rseries_r3_u0050_barrel_cellref5e2.pt", "step": 7000, "cell_nll": 2.9971031997680666}
{"val": {"step": 7124, "cell_nll": 2.9971025302886964, "cell_half_top1": 0.2379, "cell_tile_top1": 0.2381, "card_top1": 0.6187, "n_play": 20000}}
{"saved": "C:\\Users\\benpe\\ClashBot\\icebow\\data\\bench\\rl_royale\\rseries_r3\\rseries_r3_u0050_barrel_cellref5e2.pt", "step": 7124, "cell_nll": 2.9971025302886964}
{"done": true, "best_val_cell_nll": 2.9971025302886964, "base_val_cell_nll": 3.064446883010864, "minutes": 23.9}
