== live | CHIP all n=2582
  control                  gate 0.607[0.597,0.618] P(Rk|aff) 0.241[0.233,0.249] rank1 0.213[0.196,0.230] LIVE play 0.679[0.658,0.697] LIVE Rocket 0.144[0.130,0.159] Rk-cell-on-tower 0.498[0.488,0.508] P(Rk on tower) 0.073[0.070,0.077] offX-top 0.198[0.183,0.212]
     live-rule card when playing: {'rocket': '0.21', 'ice-wizard': '0.20', 'x-bow': '0.16', 'tesla': '0.14', 'knight': '0.10', 'skeletons': '0.09', 'the-log': '0.08', 'tornado': '0.01'}
  wizard_behind_tower      gate 0.608[0.598,0.618] P(Rk|aff) 0.437[0.427,0.448] rank1 0.595[0.574,0.619] LIVE play 0.660[0.641,0.681] LIVE Rocket 0.366[0.345,0.387] Rk-cell-on-tower 0.909[0.904,0.913] P(Rk on tower) 0.237[0.229,0.244] offX-top 0.057[0.049,0.066]
  musketeer_behind_tower   gate 0.614[0.603,0.624] P(Rk|aff) 0.320[0.311,0.328] rank1 0.364[0.345,0.385] LIVE play 0.670[0.649,0.689] LIVE Rocket 0.230[0.213,0.249] Rk-cell-on-tower 0.808[0.801,0.816] P(Rk on tower) 0.159[0.153,0.165] offX-top 0.108[0.097,0.120]
  wizard_inner_side        gate 0.599[0.589,0.608] P(Rk|aff) 0.338[0.328,0.347] rank1 0.417[0.395,0.438] LIVE play 0.649[0.630,0.670] LIVE Rocket 0.244[0.225,0.261] Rk-cell-on-tower 0.850[0.845,0.855] P(Rk on tower) 0.167[0.161,0.173] offX-top 0.072[0.062,0.083]
  wizard_behind_king       gate 0.576[0.566,0.586] P(Rk|aff) 0.279[0.271,0.288] rank1 0.265[0.247,0.284] LIVE play 0.624[0.604,0.645] LIVE Rocket 0.165[0.149,0.181] Rk-cell-on-tower 0.464[0.454,0.474] P(Rk on tower) 0.076[0.072,0.080] offX-top 0.247[0.231,0.265]
     delta wizard_behind_tower      dP(Rk|aff) 0.196[0.191,0.202] dLIVE-Rocket 0.222[0.203,0.240] dP(Rk on tower) 0.163[0.159,0.168] ratio P(Rk on tower) 3.23
     delta musketeer_behind_tower   dP(Rk|aff) 0.079[0.076,0.083] dLIVE-Rocket 0.086[0.074,0.098] dP(Rk on tower) 0.086[0.083,0.088] ratio P(Rk on tower) 2.17
     delta wizard_inner_side        dP(Rk|aff) 0.097[0.092,0.101] dLIVE-Rocket 0.099[0.086,0.114] dP(Rk on tower) 0.094[0.091,0.097] ratio P(Rk on tower) 2.28
     delta wizard_behind_king       dP(Rk|aff) 0.038[0.036,0.040] dLIVE-Rocket 0.021[0.011,0.029] dP(Rk on tower) 0.003[0.002,0.003] ratio P(Rk on tower) 1.03
== live | CHIP OT n=1948
  control                  gate 0.629[0.619,0.640] P(Rk|aff) 0.266[0.257,0.275] rank1 0.251[0.228,0.271] LIVE play 0.676[0.654,0.697] LIVE Rocket 0.170[0.153,0.189] Rk-cell-on-tower 0.491[0.480,0.501] P(Rk on tower) 0.081[0.077,0.085] offX-top 0.170[0.154,0.186]
     live-rule card when playing: {'rocket': '0.25', 'ice-wizard': '0.18', 'tesla': '0.16', 'x-bow': '0.13', 'knight': '0.09', 'skeletons': '0.09', 'the-log': '0.08', 'tornado': '0.02'}
  wizard_behind_tower      gate 0.623[0.612,0.633] P(Rk|aff) 0.438[0.426,0.450] rank1 0.592[0.569,0.619] LIVE play 0.655[0.632,0.678] LIVE Rocket 0.357[0.333,0.380] Rk-cell-on-tower 0.903[0.897,0.908] P(Rk on tower) 0.241[0.233,0.250] offX-top 0.047[0.038,0.057]
  musketeer_behind_tower   gate 0.627[0.617,0.638] P(Rk|aff) 0.334[0.323,0.345] rank1 0.402[0.378,0.425] LIVE play 0.661[0.639,0.684] LIVE Rocket 0.251[0.230,0.271] Rk-cell-on-tower 0.792[0.783,0.801] P(Rk on tower) 0.166[0.160,0.173] offX-top 0.087[0.075,0.100]
  wizard_inner_side        gate 0.614[0.602,0.625] P(Rk|aff) 0.348[0.338,0.360] rank1 0.439[0.416,0.463] LIVE play 0.641[0.619,0.664] LIVE Rocket 0.254[0.232,0.275] Rk-cell-on-tower 0.841[0.835,0.847] P(Rk on tower) 0.176[0.169,0.183] offX-top 0.062[0.052,0.074]
  wizard_behind_king       gate 0.599[0.588,0.610] P(Rk|aff) 0.298[0.287,0.307] rank1 0.297[0.275,0.318] LIVE play 0.621[0.599,0.644] LIVE Rocket 0.183[0.166,0.201] Rk-cell-on-tower 0.460[0.449,0.471] P(Rk on tower) 0.082[0.078,0.086] offX-top 0.217[0.199,0.234]
     delta wizard_behind_tower      dP(Rk|aff) 0.172[0.167,0.178] dLIVE-Rocket 0.187[0.169,0.206] dP(Rk on tower) 0.160[0.156,0.166] ratio P(Rk on tower) 2.99
     delta musketeer_behind_tower   dP(Rk|aff) 0.068[0.065,0.072] dLIVE-Rocket 0.081[0.070,0.095] dP(Rk on tower) 0.085[0.082,0.088] ratio P(Rk on tower) 2.06
     delta wizard_inner_side        dP(Rk|aff) 0.083[0.078,0.087] dLIVE-Rocket 0.084[0.071,0.099] dP(Rk on tower) 0.095[0.092,0.098] ratio P(Rk on tower) 2.17
     delta wizard_behind_king       dP(Rk|aff) 0.032[0.030,0.033] dLIVE-Rocket 0.013[0.003,0.024] dP(Rk on tower) 0.001[0.000,0.002] ratio P(Rk on tower) 1.01
== live | CHIP val n=302
  control                  gate 0.608[0.581,0.634] P(Rk|aff) 0.247[0.224,0.271] rank1 0.222[0.171,0.273] LIVE play 0.689[0.639,0.742] LIVE Rocket 0.169[0.125,0.217] Rk-cell-on-tower 0.485[0.456,0.512] P(Rk on tower) 0.075[0.065,0.085] offX-top 0.222[0.180,0.270]
     live-rule card when playing: {'rocket': '0.25', 'x-bow': '0.17', 'ice-wizard': '0.16', 'tesla': '0.15', 'skeletons': '0.10', 'knight': '0.08', 'the-log': '0.07', 'tornado': '0.01'}
  wizard_behind_tower      gate 0.607[0.581,0.634] P(Rk|aff) 0.442[0.413,0.471] rank1 0.613[0.547,0.673] LIVE play 0.662[0.614,0.712] LIVE Rocket 0.374[0.313,0.438] Rk-cell-on-tower 0.903[0.887,0.917] P(Rk on tower) 0.240[0.220,0.261] offX-top 0.053[0.030,0.079]
  musketeer_behind_tower   gate 0.612[0.587,0.637] P(Rk|aff) 0.325[0.297,0.353] rank1 0.358[0.290,0.428] LIVE play 0.679[0.623,0.731] LIVE Rocket 0.255[0.199,0.316] Rk-cell-on-tower 0.798[0.773,0.822] P(Rk on tower) 0.161[0.146,0.178] offX-top 0.119[0.088,0.156]
  wizard_inner_side        gate 0.597[0.572,0.626] P(Rk|aff) 0.345[0.318,0.372] rank1 0.421[0.355,0.490] LIVE play 0.652[0.601,0.709] LIVE Rocket 0.262[0.206,0.321] Rk-cell-on-tower 0.841[0.824,0.858] P(Rk on tower) 0.171[0.155,0.187] offX-top 0.086[0.058,0.120]
  wizard_behind_king       gate 0.577[0.552,0.602] P(Rk|aff) 0.282[0.257,0.306] rank1 0.262[0.206,0.318] LIVE play 0.623[0.572,0.675] LIVE Rocket 0.182[0.138,0.229] Rk-cell-on-tower 0.450[0.420,0.478] P(Rk on tower) 0.076[0.065,0.086] offX-top 0.272[0.222,0.324]
     delta wizard_behind_tower      dP(Rk|aff) 0.194[0.178,0.211] dLIVE-Rocket 0.205[0.158,0.252] dP(Rk on tower) 0.165[0.153,0.178] ratio P(Rk on tower) 3.21
     delta musketeer_behind_tower   dP(Rk|aff) 0.078[0.068,0.088] dLIVE-Rocket 0.086[0.051,0.122] dP(Rk on tower) 0.086[0.078,0.094] ratio P(Rk on tower) 2.15
     delta wizard_inner_side        dP(Rk|aff) 0.098[0.086,0.110] dLIVE-Rocket 0.093[0.056,0.130] dP(Rk on tower) 0.096[0.087,0.105] ratio P(Rk on tower) 2.29
     delta wizard_behind_king       dP(Rk|aff) 0.034[0.029,0.040] dLIVE-Rocket 0.013[-0.013,0.041] dP(Rk on tower) 0.001[-0.002,0.003] ratio P(Rk on tower) 1.01
== live | CATCH all n=940
  control                  gate 0.592[0.576,0.608] P(Rk|aff) 0.364[0.346,0.380] rank1 0.406[0.376,0.437] LIVE play 0.730[0.702,0.758] LIVE Rocket 0.290[0.261,0.317] Rk-cell-on-tower 0.821[0.807,0.834] P(Rk on tower) 0.177[0.167,0.187] offX-top 0.149[0.128,0.171]
     live-rule card when playing: {'rocket': '0.40', 'ice-wizard': '0.16', 'x-bow': '0.15', 'tesla': '0.10', 'knight': '0.08', 'the-log': '0.06', 'skeletons': '0.04', 'tornado': '0.00'}
== R1e | CHIP all n=2582
  control                  gate 0.710[0.700,0.720] P(Rk|aff) 0.191[0.183,0.198] rank1 0.141[0.128,0.157] LIVE play 0.799[0.783,0.816] LIVE Rocket 0.111[0.099,0.123] Rk-cell-on-tower 0.482[0.473,0.491] P(Rk on tower) 0.065[0.062,0.068] offX-top 0.206[0.191,0.223]
     live-rule card when playing: {'ice-wizard': '0.19', 'x-bow': '0.17', 'knight': '0.17', 'rocket': '0.14', 'skeletons': '0.13', 'tesla': '0.12', 'the-log': '0.07', 'tornado': '0.01'}
  wizard_behind_tower      gate 0.702[0.691,0.713] P(Rk|aff) 0.355[0.345,0.365] rank1 0.405[0.384,0.426] LIVE play 0.779[0.761,0.796] LIVE Rocket 0.283[0.264,0.301] Rk-cell-on-tower 0.889[0.884,0.894] P(Rk on tower) 0.213[0.206,0.221] offX-top 0.095[0.082,0.107]
  musketeer_behind_tower   gate 0.716[0.705,0.726] P(Rk|aff) 0.263[0.254,0.271] rank1 0.246[0.228,0.265] LIVE play 0.793[0.777,0.809] LIVE Rocket 0.181[0.166,0.198] Rk-cell-on-tower 0.737[0.727,0.746] P(Rk on tower) 0.137[0.131,0.143] offX-top 0.127[0.114,0.140]
  wizard_inner_side        gate 0.709[0.698,0.720] P(Rk|aff) 0.293[0.285,0.302] rank1 0.308[0.289,0.326] LIVE play 0.786[0.770,0.804] LIVE Rocket 0.212[0.196,0.229] Rk-cell-on-tower 0.864[0.859,0.870] P(Rk on tower) 0.173[0.167,0.180] offX-top 0.071[0.061,0.081]
  wizard_behind_king       gate 0.654[0.642,0.666] P(Rk|aff) 0.217[0.208,0.226] rank1 0.168[0.153,0.184] LIVE play 0.727[0.708,0.744] LIVE Rocket 0.114[0.100,0.127] Rk-cell-on-tower 0.467[0.456,0.478] P(Rk on tower) 0.065[0.062,0.069] offX-top 0.270[0.252,0.287]
     delta wizard_behind_tower      dP(Rk|aff) 0.164[0.159,0.170] dLIVE-Rocket 0.172[0.157,0.188] dP(Rk on tower) 0.148[0.144,0.153] ratio P(Rk on tower) 3.27
     delta musketeer_behind_tower   dP(Rk|aff) 0.073[0.070,0.076] dLIVE-Rocket 0.070[0.060,0.081] dP(Rk on tower) 0.072[0.069,0.075] ratio P(Rk on tower) 2.10
     delta wizard_inner_side        dP(Rk|aff) 0.103[0.099,0.107] dLIVE-Rocket 0.101[0.089,0.114] dP(Rk on tower) 0.108[0.104,0.111] ratio P(Rk on tower) 2.66
     delta wizard_behind_king       dP(Rk|aff) 0.027[0.025,0.028] dLIVE-Rocket 0.003[-0.006,0.011] dP(Rk on tower) 0.000[-0.001,0.001] ratio P(Rk on tower) 1.01
== R1e | CHIP OT n=1948
  control                  gate 0.741[0.730,0.751] P(Rk|aff) 0.219[0.211,0.228] rank1 0.172[0.154,0.193] LIVE play 0.812[0.794,0.831] LIVE Rocket 0.138[0.122,0.153] Rk-cell-on-tower 0.474[0.464,0.485] P(Rk on tower) 0.076[0.072,0.080] offX-top 0.188[0.173,0.205]
     live-rule card when playing: {'ice-wizard': '0.18', 'rocket': '0.17', 'x-bow': '0.15', 'knight': '0.15', 'tesla': '0.13', 'skeletons': '0.12', 'the-log': '0.07', 'tornado': '0.02'}
  wizard_behind_tower      gate 0.723[0.712,0.734] P(Rk|aff) 0.375[0.364,0.387] rank1 0.447[0.421,0.472] LIVE play 0.789[0.769,0.808] LIVE Rocket 0.322[0.299,0.344] Rk-cell-on-tower 0.880[0.874,0.887] P(Rk on tower) 0.231[0.221,0.238] offX-top 0.084[0.072,0.097]
  musketeer_behind_tower   gate 0.737[0.727,0.747] P(Rk|aff) 0.289[0.278,0.299] rank1 0.294[0.271,0.315] LIVE play 0.802[0.783,0.821] LIVE Rocket 0.221[0.202,0.244] Rk-cell-on-tower 0.715[0.704,0.726] P(Rk on tower) 0.152[0.145,0.158] offX-top 0.115[0.101,0.129]
  wizard_inner_side        gate 0.730[0.719,0.741] P(Rk|aff) 0.318[0.306,0.329] rank1 0.358[0.335,0.382] LIVE play 0.795[0.775,0.813] LIVE Rocket 0.255[0.234,0.275] Rk-cell-on-tower 0.853[0.847,0.860] P(Rk on tower) 0.192[0.184,0.199] offX-top 0.069[0.058,0.081]
  wizard_behind_king       gate 0.687[0.675,0.698] P(Rk|aff) 0.245[0.235,0.256] rank1 0.203[0.185,0.223] LIVE play 0.743[0.721,0.764] LIVE Rocket 0.140[0.124,0.154] Rk-cell-on-tower 0.461[0.447,0.475] P(Rk on tower) 0.076[0.071,0.080] offX-top 0.248[0.231,0.267]
     delta wizard_behind_tower      dP(Rk|aff) 0.156[0.150,0.162] dLIVE-Rocket 0.184[0.165,0.203] dP(Rk on tower) 0.155[0.150,0.160] ratio P(Rk on tower) 3.05
     delta musketeer_behind_tower   dP(Rk|aff) 0.069[0.066,0.073] dLIVE-Rocket 0.083[0.070,0.096] dP(Rk on tower) 0.076[0.073,0.079] ratio P(Rk on tower) 2.00
     delta wizard_inner_side        dP(Rk|aff) 0.099[0.094,0.103] dLIVE-Rocket 0.117[0.101,0.132] dP(Rk on tower) 0.116[0.112,0.120] ratio P(Rk on tower) 2.53
     delta wizard_behind_king       dP(Rk|aff) 0.026[0.024,0.028] dLIVE-Rocket 0.002[-0.009,0.013] dP(Rk on tower) -0.000[-0.001,0.001] ratio P(Rk on tower) 1.00
== R1e | CHIP val n=302
  control                  gate 0.711[0.680,0.741] P(Rk|aff) 0.194[0.173,0.215] rank1 0.132[0.092,0.172] LIVE play 0.791[0.746,0.839] LIVE Rocket 0.106[0.074,0.140] Rk-cell-on-tower 0.477[0.449,0.505] P(Rk on tower) 0.068[0.058,0.078] offX-top 0.219[0.174,0.268]
     live-rule card when playing: {'x-bow': '0.19', 'ice-wizard': '0.17', 'knight': '0.16', 'tesla': '0.15', 'rocket': '0.13', 'skeletons': '0.13', 'the-log': '0.06', 'tornado': '0.01'}
  wizard_behind_tower      gate 0.699[0.667,0.731] P(Rk|aff) 0.360[0.333,0.388] rank1 0.384[0.328,0.446] LIVE play 0.781[0.728,0.831] LIVE Rocket 0.281[0.226,0.332] Rk-cell-on-tower 0.885[0.868,0.902] P(Rk on tower) 0.217[0.195,0.239] offX-top 0.116[0.081,0.150]
  musketeer_behind_tower   gate 0.713[0.683,0.746] P(Rk|aff) 0.268[0.243,0.291] rank1 0.258[0.205,0.313] LIVE play 0.791[0.743,0.840] LIVE Rocket 0.182[0.137,0.229] Rk-cell-on-tower 0.731[0.704,0.756] P(Rk on tower) 0.139[0.123,0.155] offX-top 0.132[0.100,0.171]
  wizard_inner_side        gate 0.706[0.672,0.737] P(Rk|aff) 0.300[0.275,0.324] rank1 0.295[0.241,0.351] LIVE play 0.785[0.737,0.827] LIVE Rocket 0.209[0.161,0.256] Rk-cell-on-tower 0.859[0.841,0.874] P(Rk on tower) 0.177[0.158,0.196] offX-top 0.093[0.061,0.125]
  wizard_behind_king       gate 0.657[0.622,0.690] P(Rk|aff) 0.218[0.195,0.240] rank1 0.166[0.127,0.207] LIVE play 0.745[0.689,0.799] LIVE Rocket 0.109[0.076,0.149] Rk-cell-on-tower 0.460[0.425,0.498] P(Rk on tower) 0.067[0.057,0.078] offX-top 0.278[0.229,0.326]
     delta wizard_behind_tower      dP(Rk|aff) 0.166[0.150,0.179] dLIVE-Rocket 0.175[0.132,0.220] dP(Rk on tower) 0.149[0.135,0.162] ratio P(Rk on tower) 3.20
     delta musketeer_behind_tower   dP(Rk|aff) 0.074[0.065,0.082] dLIVE-Rocket 0.076[0.043,0.112] dP(Rk on tower) 0.072[0.063,0.079] ratio P(Rk on tower) 2.06
     delta wizard_inner_side        dP(Rk|aff) 0.106[0.095,0.116] dLIVE-Rocket 0.103[0.069,0.141] dP(Rk on tower) 0.109[0.099,0.119] ratio P(Rk on tower) 2.61
     delta wizard_behind_king       dP(Rk|aff) 0.023[0.018,0.029] dLIVE-Rocket 0.003[-0.023,0.029] dP(Rk on tower) -0.000[-0.003,0.002] ratio P(Rk on tower) 0.99
== R1e | CATCH all n=940
  control                  gate 0.676[0.658,0.692] P(Rk|aff) 0.222[0.208,0.236] rank1 0.197[0.173,0.222] LIVE play 0.804[0.778,0.829] LIVE Rocket 0.138[0.116,0.162] Rk-cell-on-tower 0.794[0.779,0.807] P(Rk on tower) 0.114[0.106,0.122] offX-top 0.157[0.134,0.181]
     live-rule card when playing: {'ice-wizard': '0.21', 'knight': '0.19', 'x-bow': '0.17', 'rocket': '0.17', 'tesla': '0.12', 'skeletons': '0.08', 'the-log': '0.04', 'tornado': '0.00'}
== gen_v32 | CHIP all n=2582
  control                  gate 0.649[0.639,0.658] P(Rk|aff) 0.272[0.263,0.280] rank1 0.268[0.249,0.285] LIVE play 0.737[0.719,0.756] LIVE Rocket 0.187[0.171,0.203] Rk-cell-on-tower 0.489[0.479,0.498] P(Rk on tower) 0.086[0.082,0.089] offX-top 0.180[0.165,0.194]
     live-rule card when playing: {'rocket': '0.25', 'ice-wizard': '0.16', 'x-bow': '0.15', 'tesla': '0.12', 'knight': '0.12', 'skeletons': '0.10', 'the-log': '0.07', 'tornado': '0.02'}
  wizard_behind_tower      gate 0.646[0.636,0.656] P(Rk|aff) 0.421[0.410,0.431] rank1 0.558[0.536,0.581] LIVE play 0.720[0.702,0.739] LIVE Rocket 0.374[0.355,0.396] Rk-cell-on-tower 0.856[0.849,0.861] P(Rk on tower) 0.228[0.221,0.235] offX-top 0.075[0.065,0.085]
  musketeer_behind_tower   gate 0.656[0.646,0.665] P(Rk|aff) 0.328[0.320,0.337] rank1 0.378[0.358,0.400] LIVE play 0.738[0.721,0.757] LIVE Rocket 0.259[0.243,0.278] Rk-cell-on-tower 0.733[0.725,0.742] P(Rk on tower) 0.157[0.151,0.163] offX-top 0.109[0.097,0.122]
  wizard_inner_side        gate 0.642[0.633,0.653] P(Rk|aff) 0.348[0.339,0.358] rank1 0.427[0.405,0.447] LIVE play 0.715[0.696,0.733] LIVE Rocket 0.276[0.259,0.292] Rk-cell-on-tower 0.811[0.804,0.817] P(Rk on tower) 0.176[0.170,0.182] offX-top 0.082[0.072,0.093]
  wizard_behind_king       gate 0.615[0.605,0.625] P(Rk|aff) 0.307[0.298,0.316] rank1 0.314[0.296,0.333] LIVE play 0.685[0.665,0.706] LIVE Rocket 0.206[0.190,0.222] Rk-cell-on-tower 0.467[0.457,0.476] P(Rk on tower) 0.089[0.084,0.093] offX-top 0.240[0.224,0.256]
     delta wizard_behind_tower      dP(Rk|aff) 0.148[0.143,0.153] dLIVE-Rocket 0.187[0.171,0.205] dP(Rk on tower) 0.142[0.138,0.146] ratio P(Rk on tower) 2.66
     delta musketeer_behind_tower   dP(Rk|aff) 0.056[0.053,0.059] dLIVE-Rocket 0.072[0.060,0.085] dP(Rk on tower) 0.071[0.069,0.073] ratio P(Rk on tower) 1.83
     delta wizard_inner_side        dP(Rk|aff) 0.076[0.072,0.080] dLIVE-Rocket 0.089[0.076,0.103] dP(Rk on tower) 0.091[0.088,0.093] ratio P(Rk on tower) 2.06
     delta wizard_behind_king       dP(Rk|aff) 0.034[0.033,0.036] dLIVE-Rocket 0.019[0.009,0.029] dP(Rk on tower) 0.003[0.002,0.004] ratio P(Rk on tower) 1.03
== gen_v32 | CHIP OT n=1948
  control                  gate 0.673[0.664,0.684] P(Rk|aff) 0.308[0.299,0.319] rank1 0.326[0.304,0.350] LIVE play 0.741[0.721,0.761] LIVE Rocket 0.229[0.210,0.250] Rk-cell-on-tower 0.480[0.470,0.490] P(Rk on tower) 0.098[0.094,0.102] offX-top 0.149[0.134,0.165]
     live-rule card when playing: {'rocket': '0.31', 'ice-wizard': '0.14', 'tesla': '0.13', 'x-bow': '0.13', 'knight': '0.11', 'skeletons': '0.09', 'the-log': '0.07', 'tornado': '0.02'}
  wizard_behind_tower      gate 0.664[0.654,0.674] P(Rk|aff) 0.436[0.426,0.447] rank1 0.584[0.559,0.609] LIVE play 0.722[0.701,0.743] LIVE Rocket 0.395[0.368,0.418] Rk-cell-on-tower 0.845[0.839,0.852] P(Rk on tower) 0.241[0.233,0.249] offX-top 0.060[0.050,0.071]
  musketeer_behind_tower   gate 0.673[0.663,0.684] P(Rk|aff) 0.356[0.346,0.368] rank1 0.440[0.416,0.465] LIVE play 0.739[0.718,0.759] LIVE Rocket 0.305[0.283,0.325] Rk-cell-on-tower 0.711[0.701,0.722] P(Rk on tower) 0.171[0.164,0.178] offX-top 0.089[0.077,0.102]
  wizard_inner_side        gate 0.662[0.651,0.672] P(Rk|aff) 0.372[0.361,0.383] rank1 0.478[0.454,0.504] LIVE play 0.719[0.699,0.738] LIVE Rocket 0.317[0.294,0.340] Rk-cell-on-tower 0.794[0.787,0.802] P(Rk on tower) 0.191[0.185,0.198] offX-top 0.070[0.059,0.081]
  wizard_behind_king       gate 0.641[0.630,0.651] P(Rk|aff) 0.337[0.327,0.348] rank1 0.367[0.344,0.390] LIVE play 0.691[0.671,0.713] LIVE Rocket 0.243[0.224,0.262] Rk-cell-on-tower 0.462[0.451,0.473] P(Rk on tower) 0.100[0.095,0.104] offX-top 0.201[0.184,0.219]
     delta wizard_behind_tower      dP(Rk|aff) 0.128[0.123,0.133] dLIVE-Rocket 0.165[0.147,0.184] dP(Rk on tower) 0.143[0.138,0.147] ratio P(Rk on tower) 2.45
     delta musketeer_behind_tower   dP(Rk|aff) 0.048[0.045,0.051] dLIVE-Rocket 0.075[0.062,0.090] dP(Rk on tower) 0.073[0.070,0.075] ratio P(Rk on tower) 1.74
     delta wizard_inner_side        dP(Rk|aff) 0.063[0.059,0.067] dLIVE-Rocket 0.088[0.071,0.104] dP(Rk on tower) 0.093[0.090,0.096] ratio P(Rk on tower) 1.95
     delta wizard_behind_king       dP(Rk|aff) 0.029[0.027,0.031] dLIVE-Rocket 0.014[0.001,0.026] dP(Rk on tower) 0.002[0.001,0.002] ratio P(Rk on tower) 1.02
== gen_v32 | CHIP val n=302
  control                  gate 0.645[0.617,0.671] P(Rk|aff) 0.279[0.255,0.305] rank1 0.265[0.212,0.325] LIVE play 0.738[0.687,0.786] LIVE Rocket 0.189[0.140,0.234] Rk-cell-on-tower 0.478[0.453,0.503] P(Rk on tower) 0.088[0.076,0.099] offX-top 0.195[0.151,0.238]
     live-rule card when playing: {'rocket': '0.26', 'x-bow': '0.17', 'tesla': '0.14', 'ice-wizard': '0.13', 'skeletons': '0.13', 'knight': '0.10', 'the-log': '0.06', 'tornado': '0.01'}
  wizard_behind_tower      gate 0.641[0.614,0.667] P(Rk|aff) 0.428[0.399,0.455] rank1 0.570[0.498,0.633] LIVE play 0.725[0.672,0.783] LIVE Rocket 0.394[0.333,0.459] Rk-cell-on-tower 0.851[0.832,0.868] P(Rk on tower) 0.231[0.210,0.250] offX-top 0.070[0.042,0.099]
  musketeer_behind_tower   gate 0.650[0.623,0.676] P(Rk|aff) 0.336[0.312,0.363] rank1 0.381[0.321,0.443] LIVE play 0.752[0.696,0.797] LIVE Rocket 0.275[0.217,0.328] Rk-cell-on-tower 0.725[0.700,0.749] P(Rk on tower) 0.159[0.142,0.176] offX-top 0.116[0.081,0.152]
  wizard_inner_side        gate 0.637[0.608,0.667] P(Rk|aff) 0.358[0.330,0.385] rank1 0.421[0.361,0.479] LIVE play 0.722[0.667,0.776] LIVE Rocket 0.285[0.236,0.335] Rk-cell-on-tower 0.803[0.783,0.821] P(Rk on tower) 0.180[0.163,0.197] offX-top 0.086[0.056,0.120]
  wizard_behind_king       gate 0.612[0.582,0.637] P(Rk|aff) 0.311[0.284,0.336] rank1 0.315[0.255,0.378] LIVE play 0.679[0.625,0.731] LIVE Rocket 0.199[0.151,0.249] Rk-cell-on-tower 0.455[0.422,0.482] P(Rk on tower) 0.090[0.078,0.101] offX-top 0.258[0.211,0.307]
     delta wizard_behind_tower      dP(Rk|aff) 0.148[0.134,0.164] dLIVE-Rocket 0.205[0.159,0.258] dP(Rk on tower) 0.142[0.130,0.153] ratio P(Rk on tower) 2.62
     delta musketeer_behind_tower   dP(Rk|aff) 0.057[0.049,0.066] dLIVE-Rocket 0.086[0.053,0.117] dP(Rk on tower) 0.071[0.064,0.078] ratio P(Rk on tower) 1.81
     delta wizard_inner_side        dP(Rk|aff) 0.079[0.068,0.091] dLIVE-Rocket 0.096[0.061,0.134] dP(Rk on tower) 0.092[0.084,0.099] ratio P(Rk on tower) 2.05
     delta wizard_behind_king       dP(Rk|aff) 0.031[0.026,0.037] dLIVE-Rocket 0.010[-0.023,0.046] dP(Rk on tower) 0.001[-0.001,0.004] ratio P(Rk on tower) 1.02
== gen_v32 | CATCH all n=940
  control                  gate 0.614[0.596,0.631] P(Rk|aff) 0.310[0.295,0.326] rank1 0.335[0.304,0.364] LIVE play 0.752[0.723,0.780] LIVE Rocket 0.234[0.206,0.264] Rk-cell-on-tower 0.803[0.789,0.817] P(Rk on tower) 0.148[0.139,0.157] offX-top 0.168[0.144,0.193]
     live-rule card when playing: {'rocket': '0.31', 'x-bow': '0.18', 'ice-wizard': '0.16', 'tesla': '0.13', 'knight': '0.11', 'skeletons': '0.05', 'the-log': '0.05', 'tornado': '0.00'}
