== live | CHIP all n=2582
  control                  gate 0.607[0.597,0.618] P(Rk|aff) 0.241[0.233,0.249] rank1 0.213[0.196,0.230] LIVE play 0.679[0.658,0.697] LIVE Rocket 0.144[0.130,0.159] Rk-cell-on-tower 0.498[0.488,0.508] P(Rk on tower) 0.073[0.070,0.077] offX-top 0.198[0.183,0.212]
     live-rule card when playing: {'rocket': '0.21', 'ice-wizard': '0.20', 'x-bow': '0.16', 'tesla': '0.14', 'knight': '0.10', 'skeletons': '0.09', 'the-log': '0.08', 'tornado': '0.01'}
  null_at_tower            gate 0.653[0.644,0.663] P(Rk|aff) 0.267[0.258,0.275] rank1 0.278[0.258,0.297] LIVE play 0.724[0.705,0.742] LIVE Rocket 0.181[0.166,0.197] Rk-cell-on-tower 0.847[0.842,0.853] P(Rk on tower) 0.147[0.141,0.152] offX-top 0.038[0.031,0.046]
  null_5t_front            gate 0.646[0.636,0.655] P(Rk|aff) 0.187[0.181,0.193] rank1 0.119[0.106,0.133] LIVE play 0.725[0.706,0.743] LIVE Rocket 0.089[0.078,0.101] Rk-cell-on-tower 0.318[0.310,0.325] P(Rk on tower) 0.042[0.040,0.044] offX-top 0.008[0.004,0.012]
  wizard_behind_tower      gate 0.608[0.598,0.617] P(Rk|aff) 0.437[0.426,0.447] rank1 0.595[0.574,0.615] LIVE play 0.660[0.641,0.681] LIVE Rocket 0.366[0.345,0.388] Rk-cell-on-tower 0.909[0.904,0.913] P(Rk on tower) 0.237[0.229,0.244] offX-top 0.057[0.048,0.066]
     delta null_at_tower            dP(Rk|aff) 0.026[0.021,0.031] dLIVE-Rocket 0.037[0.026,0.050] dP(Rk on tower) 0.073[0.070,0.076] ratio P(Rk on tower) 2.00
     delta null_5t_front            dP(Rk|aff) -0.054[-0.060,-0.049] dLIVE-Rocket -0.055[-0.069,-0.042] dP(Rk on tower) -0.031[-0.033,-0.029] ratio P(Rk on tower) 0.57
     delta wizard_behind_tower      dP(Rk|aff) 0.196[0.191,0.202] dLIVE-Rocket 0.222[0.205,0.240] dP(Rk on tower) 0.163[0.159,0.168] ratio P(Rk on tower) 3.23
== live | CHIP OT n=1948
  control                  gate 0.629[0.619,0.640] P(Rk|aff) 0.266[0.257,0.276] rank1 0.251[0.230,0.272] LIVE play 0.676[0.654,0.699] LIVE Rocket 0.170[0.151,0.188] Rk-cell-on-tower 0.491[0.479,0.501] P(Rk on tower) 0.081[0.077,0.085] offX-top 0.170[0.155,0.187]
     live-rule card when playing: {'rocket': '0.25', 'ice-wizard': '0.18', 'tesla': '0.16', 'x-bow': '0.13', 'knight': '0.09', 'skeletons': '0.09', 'the-log': '0.08', 'tornado': '0.02'}
  null_at_tower            gate 0.663[0.653,0.674] P(Rk|aff) 0.286[0.276,0.296] rank1 0.316[0.293,0.338] LIVE play 0.716[0.693,0.736] LIVE Rocket 0.209[0.190,0.228] Rk-cell-on-tower 0.845[0.838,0.852] P(Rk on tower) 0.159[0.153,0.166] offX-top 0.038[0.030,0.047]
  null_5t_front            gate 0.660[0.650,0.669] P(Rk|aff) 0.206[0.199,0.213] rank1 0.135[0.119,0.150] LIVE play 0.714[0.694,0.737] LIVE Rocket 0.101[0.087,0.115] Rk-cell-on-tower 0.357[0.349,0.366] P(Rk on tower) 0.050[0.047,0.052] offX-top 0.008[0.004,0.011]
  wizard_behind_tower      gate 0.623[0.611,0.634] P(Rk|aff) 0.438[0.425,0.450] rank1 0.592[0.567,0.615] LIVE play 0.655[0.633,0.678] LIVE Rocket 0.357[0.333,0.381] Rk-cell-on-tower 0.903[0.897,0.908] P(Rk on tower) 0.241[0.232,0.250] offX-top 0.047[0.037,0.057]
     delta null_at_tower            dP(Rk|aff) 0.020[0.015,0.026] dLIVE-Rocket 0.039[0.024,0.053] dP(Rk on tower) 0.078[0.075,0.081] ratio P(Rk on tower) 1.97
     delta null_5t_front            dP(Rk|aff) -0.060[-0.067,-0.053] dLIVE-Rocket -0.069[-0.085,-0.052] dP(Rk on tower) -0.031[-0.033,-0.029] ratio P(Rk on tower) 0.62
     delta wizard_behind_tower      dP(Rk|aff) 0.172[0.167,0.178] dLIVE-Rocket 0.187[0.170,0.205] dP(Rk on tower) 0.160[0.155,0.165] ratio P(Rk on tower) 2.99
== live | CHIP val n=302
  control                  gate 0.608[0.579,0.634] P(Rk|aff) 0.247[0.224,0.271] rank1 0.222[0.173,0.270] LIVE play 0.689[0.635,0.741] LIVE Rocket 0.169[0.127,0.214] Rk-cell-on-tower 0.485[0.456,0.512] P(Rk on tower) 0.075[0.064,0.085] offX-top 0.222[0.172,0.267]
     live-rule card when playing: {'rocket': '0.25', 'x-bow': '0.17', 'ice-wizard': '0.16', 'tesla': '0.15', 'skeletons': '0.10', 'knight': '0.08', 'the-log': '0.07', 'tornado': '0.01'}
  null_at_tower            gate 0.650[0.623,0.675] P(Rk|aff) 0.281[0.254,0.308] rank1 0.291[0.231,0.352] LIVE play 0.738[0.691,0.785] LIVE Rocket 0.215[0.162,0.267] Rk-cell-on-tower 0.842[0.821,0.858] P(Rk on tower) 0.154[0.137,0.170] offX-top 0.043[0.021,0.067]
  null_5t_front            gate 0.643[0.617,0.667] P(Rk|aff) 0.204[0.184,0.225] rank1 0.139[0.095,0.187] LIVE play 0.719[0.669,0.771] LIVE Rocket 0.099[0.065,0.139] Rk-cell-on-tower 0.329[0.308,0.351] P(Rk on tower) 0.046[0.040,0.052] offX-top 0.010[0.000,0.022]
  wizard_behind_tower      gate 0.607[0.580,0.633] P(Rk|aff) 0.442[0.414,0.468] rank1 0.613[0.548,0.675] LIVE play 0.662[0.604,0.715] LIVE Rocket 0.374[0.314,0.435] Rk-cell-on-tower 0.903[0.887,0.917] P(Rk on tower) 0.240[0.220,0.262] offX-top 0.053[0.030,0.079]
     delta null_at_tower            dP(Rk|aff) 0.034[0.022,0.047] dLIVE-Rocket 0.046[0.010,0.082] dP(Rk on tower) 0.079[0.071,0.088] ratio P(Rk on tower) 2.06
     delta null_5t_front            dP(Rk|aff) -0.043[-0.059,-0.028] dLIVE-Rocket -0.070[-0.116,-0.025] dP(Rk on tower) -0.029[-0.035,-0.023] ratio P(Rk on tower) 0.61
     delta wizard_behind_tower      dP(Rk|aff) 0.194[0.178,0.213] dLIVE-Rocket 0.205[0.159,0.254] dP(Rk on tower) 0.165[0.151,0.178] ratio P(Rk on tower) 3.21
== live | CATCH all n=940
  control                  gate 0.592[0.575,0.610] P(Rk|aff) 0.364[0.347,0.379] rank1 0.406[0.375,0.438] LIVE play 0.730[0.701,0.759] LIVE Rocket 0.290[0.262,0.319] Rk-cell-on-tower 0.821[0.806,0.834] P(Rk on tower) 0.177[0.166,0.188] offX-top 0.149[0.127,0.172]
     live-rule card when playing: {'rocket': '0.40', 'ice-wizard': '0.16', 'x-bow': '0.15', 'tesla': '0.10', 'knight': '0.08', 'the-log': '0.06', 'skeletons': '0.04', 'tornado': '0.00'}
== R1e | CHIP all n=2582
  control                  gate 0.710[0.701,0.721] P(Rk|aff) 0.191[0.183,0.198] rank1 0.141[0.126,0.155] LIVE play 0.799[0.783,0.815] LIVE Rocket 0.111[0.098,0.124] Rk-cell-on-tower 0.482[0.472,0.491] P(Rk on tower) 0.065[0.062,0.068] offX-top 0.206[0.191,0.222]
     live-rule card when playing: {'ice-wizard': '0.19', 'x-bow': '0.17', 'knight': '0.17', 'rocket': '0.14', 'skeletons': '0.13', 'tesla': '0.12', 'the-log': '0.07', 'tornado': '0.01'}
  null_at_tower            gate 0.756[0.746,0.765] P(Rk|aff) 0.215[0.208,0.223] rank1 0.186[0.171,0.203] LIVE play 0.835[0.818,0.849] LIVE Rocket 0.151[0.136,0.166] Rk-cell-on-tower 0.815[0.807,0.821] P(Rk on tower) 0.131[0.125,0.136] offX-top 0.059[0.050,0.069]
  null_5t_front            gate 0.769[0.760,0.777] P(Rk|aff) 0.157[0.150,0.163] rank1 0.093[0.080,0.104] LIVE play 0.866[0.852,0.880] LIVE Rocket 0.082[0.072,0.093] Rk-cell-on-tower 0.289[0.281,0.296] P(Rk on tower) 0.041[0.039,0.043] offX-top 0.018[0.013,0.024]
  wizard_behind_tower      gate 0.702[0.692,0.713] P(Rk|aff) 0.355[0.345,0.365] rank1 0.405[0.385,0.425] LIVE play 0.779[0.762,0.794] LIVE Rocket 0.283[0.264,0.302] Rk-cell-on-tower 0.889[0.884,0.895] P(Rk on tower) 0.213[0.206,0.220] offX-top 0.095[0.083,0.106]
     delta null_at_tower            dP(Rk|aff) 0.025[0.021,0.028] dLIVE-Rocket 0.040[0.029,0.051] dP(Rk on tower) 0.066[0.063,0.068] ratio P(Rk on tower) 2.01
     delta null_5t_front            dP(Rk|aff) -0.034[-0.039,-0.030] dLIVE-Rocket -0.028[-0.040,-0.017] dP(Rk on tower) -0.024[-0.026,-0.022] ratio P(Rk on tower) 0.63
     delta wizard_behind_tower      dP(Rk|aff) 0.164[0.159,0.169] dLIVE-Rocket 0.172[0.157,0.187] dP(Rk on tower) 0.148[0.144,0.152] ratio P(Rk on tower) 3.27
== R1e | CHIP OT n=1948
  control                  gate 0.741[0.730,0.752] P(Rk|aff) 0.219[0.210,0.228] rank1 0.172[0.154,0.190] LIVE play 0.812[0.795,0.831] LIVE Rocket 0.138[0.122,0.154] Rk-cell-on-tower 0.474[0.462,0.485] P(Rk on tower) 0.076[0.072,0.080] offX-top 0.188[0.171,0.205]
     live-rule card when playing: {'ice-wizard': '0.18', 'rocket': '0.17', 'x-bow': '0.15', 'knight': '0.15', 'tesla': '0.13', 'skeletons': '0.12', 'the-log': '0.07', 'tornado': '0.02'}
  null_at_tower            gate 0.771[0.761,0.781] P(Rk|aff) 0.244[0.234,0.253] rank1 0.226[0.206,0.247] LIVE play 0.845[0.829,0.862] LIVE Rocket 0.187[0.168,0.206] Rk-cell-on-tower 0.800[0.791,0.809] P(Rk on tower) 0.150[0.144,0.156] offX-top 0.062[0.051,0.074]
  null_5t_front            gate 0.786[0.777,0.795] P(Rk|aff) 0.181[0.174,0.187] rank1 0.112[0.098,0.127] LIVE play 0.876[0.862,0.892] LIVE Rocket 0.101[0.088,0.115] Rk-cell-on-tower 0.321[0.313,0.330] P(Rk on tower) 0.050[0.047,0.053] offX-top 0.020[0.014,0.027]
  wizard_behind_tower      gate 0.723[0.711,0.734] P(Rk|aff) 0.375[0.362,0.387] rank1 0.447[0.423,0.472] LIVE play 0.789[0.768,0.808] LIVE Rocket 0.322[0.300,0.346] Rk-cell-on-tower 0.880[0.874,0.886] P(Rk on tower) 0.231[0.222,0.239] offX-top 0.084[0.072,0.097]
     delta null_at_tower            dP(Rk|aff) 0.024[0.020,0.028] dLIVE-Rocket 0.049[0.035,0.062] dP(Rk on tower) 0.074[0.071,0.077] ratio P(Rk on tower) 1.98
     delta null_5t_front            dP(Rk|aff) -0.039[-0.045,-0.033] dLIVE-Rocket -0.037[-0.052,-0.023] dP(Rk on tower) -0.026[-0.028,-0.024] ratio P(Rk on tower) 0.66
     delta wizard_behind_tower      dP(Rk|aff) 0.156[0.151,0.162] dLIVE-Rocket 0.184[0.165,0.203] dP(Rk on tower) 0.155[0.150,0.160] ratio P(Rk on tower) 3.05
== R1e | CHIP val n=302
  control                  gate 0.711[0.679,0.740] P(Rk|aff) 0.194[0.173,0.215] rank1 0.132[0.099,0.169] LIVE play 0.791[0.741,0.838] LIVE Rocket 0.106[0.074,0.139] Rk-cell-on-tower 0.477[0.450,0.502] P(Rk on tower) 0.068[0.057,0.077] offX-top 0.219[0.173,0.269]
     live-rule card when playing: {'x-bow': '0.19', 'ice-wizard': '0.17', 'knight': '0.16', 'tesla': '0.15', 'rocket': '0.13', 'skeletons': '0.13', 'the-log': '0.06', 'tornado': '0.01'}
  null_at_tower            gate 0.751[0.722,0.780] P(Rk|aff) 0.225[0.200,0.247] rank1 0.182[0.137,0.224] LIVE play 0.825[0.778,0.871] LIVE Rocket 0.142[0.102,0.183] Rk-cell-on-tower 0.813[0.791,0.832] P(Rk on tower) 0.135[0.120,0.151] offX-top 0.079[0.052,0.109]
  null_5t_front            gate 0.762[0.737,0.789] P(Rk|aff) 0.170[0.152,0.187] rank1 0.106[0.074,0.141] LIVE play 0.858[0.816,0.897] LIVE Rocket 0.083[0.054,0.112] Rk-cell-on-tower 0.303[0.281,0.323] P(Rk on tower) 0.045[0.038,0.053] offX-top 0.030[0.011,0.051]
  wizard_behind_tower      gate 0.699[0.666,0.730] P(Rk|aff) 0.360[0.332,0.386] rank1 0.384[0.325,0.443] LIVE play 0.781[0.736,0.828] LIVE Rocket 0.281[0.231,0.333] Rk-cell-on-tower 0.885[0.868,0.900] P(Rk on tower) 0.217[0.196,0.239] offX-top 0.116[0.082,0.149]
     delta null_at_tower            dP(Rk|aff) 0.031[0.021,0.040] dLIVE-Rocket 0.036[0.008,0.064] dP(Rk on tower) 0.068[0.060,0.075] ratio P(Rk on tower) 2.00
     delta null_5t_front            dP(Rk|aff) -0.024[-0.035,-0.013] dLIVE-Rocket -0.023[-0.052,0.004] dP(Rk on tower) -0.022[-0.027,-0.018] ratio P(Rk on tower) 0.67
     delta wizard_behind_tower      dP(Rk|aff) 0.166[0.152,0.179] dLIVE-Rocket 0.175[0.132,0.219] dP(Rk on tower) 0.149[0.135,0.162] ratio P(Rk on tower) 3.20
== R1e | CATCH all n=940
  control                  gate 0.676[0.659,0.693] P(Rk|aff) 0.222[0.209,0.236] rank1 0.197[0.170,0.222] LIVE play 0.804[0.777,0.830] LIVE Rocket 0.138[0.118,0.161] Rk-cell-on-tower 0.794[0.781,0.809] P(Rk on tower) 0.114[0.106,0.122] offX-top 0.157[0.133,0.182]
     live-rule card when playing: {'ice-wizard': '0.21', 'knight': '0.19', 'x-bow': '0.17', 'rocket': '0.17', 'tesla': '0.12', 'skeletons': '0.08', 'the-log': '0.04', 'tornado': '0.00'}
== gen_v32 | CHIP all n=2582
  control                  gate 0.649[0.639,0.657] P(Rk|aff) 0.272[0.264,0.281] rank1 0.268[0.248,0.286] LIVE play 0.737[0.718,0.756] LIVE Rocket 0.187[0.170,0.202] Rk-cell-on-tower 0.489[0.480,0.498] P(Rk on tower) 0.086[0.082,0.089] offX-top 0.180[0.165,0.195]
     live-rule card when playing: {'rocket': '0.25', 'ice-wizard': '0.16', 'x-bow': '0.15', 'tesla': '0.12', 'knight': '0.12', 'skeletons': '0.10', 'the-log': '0.07', 'tornado': '0.02'}
  null_at_tower            gate 0.691[0.682,0.699] P(Rk|aff) 0.281[0.271,0.289] rank1 0.301[0.281,0.320] LIVE play 0.783[0.766,0.801] LIVE Rocket 0.216[0.198,0.233] Rk-cell-on-tower 0.808[0.802,0.815] P(Rk on tower) 0.155[0.149,0.161] offX-top 0.053[0.044,0.062]
  null_5t_front            gate 0.682[0.673,0.691] P(Rk|aff) 0.224[0.217,0.231] rank1 0.188[0.172,0.202] LIVE play 0.790[0.774,0.807] LIVE Rocket 0.152[0.137,0.167] Rk-cell-on-tower 0.344[0.335,0.351] P(Rk on tower) 0.058[0.055,0.061] offX-top 0.014[0.009,0.019]
  wizard_behind_tower      gate 0.646[0.636,0.656] P(Rk|aff) 0.421[0.411,0.430] rank1 0.558[0.534,0.580] LIVE play 0.720[0.702,0.738] LIVE Rocket 0.374[0.352,0.394] Rk-cell-on-tower 0.856[0.850,0.861] P(Rk on tower) 0.228[0.221,0.235] offX-top 0.075[0.065,0.086]
     delta null_at_tower            dP(Rk|aff) 0.008[0.004,0.013] dLIVE-Rocket 0.029[0.016,0.043] dP(Rk on tower) 0.070[0.067,0.072] ratio P(Rk on tower) 1.81
     delta null_5t_front            dP(Rk|aff) -0.048[-0.053,-0.043] dLIVE-Rocket -0.035[-0.049,-0.021] dP(Rk on tower) -0.027[-0.029,-0.025] ratio P(Rk on tower) 0.68
     delta wizard_behind_tower      dP(Rk|aff) 0.148[0.144,0.153] dLIVE-Rocket 0.187[0.169,0.203] dP(Rk on tower) 0.142[0.138,0.146] ratio P(Rk on tower) 2.66
== gen_v32 | CHIP OT n=1948
  control                  gate 0.673[0.663,0.683] P(Rk|aff) 0.308[0.298,0.318] rank1 0.326[0.303,0.350] LIVE play 0.741[0.722,0.762] LIVE Rocket 0.229[0.209,0.251] Rk-cell-on-tower 0.480[0.470,0.490] P(Rk on tower) 0.098[0.093,0.102] offX-top 0.149[0.134,0.165]
     live-rule card when playing: {'rocket': '0.31', 'ice-wizard': '0.14', 'tesla': '0.13', 'x-bow': '0.13', 'knight': '0.11', 'skeletons': '0.09', 'the-log': '0.07', 'tornado': '0.02'}
  null_at_tower            gate 0.705[0.695,0.714] P(Rk|aff) 0.311[0.300,0.322] rank1 0.356[0.333,0.378] LIVE play 0.786[0.766,0.806] LIVE Rocket 0.262[0.241,0.284] Rk-cell-on-tower 0.805[0.798,0.813] P(Rk on tower) 0.175[0.169,0.182] offX-top 0.049[0.040,0.058]
  null_5t_front            gate 0.700[0.691,0.710] P(Rk|aff) 0.253[0.246,0.261] rank1 0.225[0.204,0.245] LIVE play 0.796[0.779,0.814] LIVE Rocket 0.184[0.166,0.202] Rk-cell-on-tower 0.388[0.379,0.397] P(Rk on tower) 0.071[0.068,0.075] offX-top 0.014[0.009,0.020]
  wizard_behind_tower      gate 0.664[0.653,0.674] P(Rk|aff) 0.436[0.424,0.448] rank1 0.584[0.559,0.608] LIVE play 0.722[0.700,0.744] LIVE Rocket 0.395[0.371,0.420] Rk-cell-on-tower 0.845[0.838,0.852] P(Rk on tower) 0.241[0.233,0.249] offX-top 0.060[0.050,0.071]
     delta null_at_tower            dP(Rk|aff) 0.002[-0.002,0.007] dLIVE-Rocket 0.033[0.016,0.049] dP(Rk on tower) 0.077[0.074,0.080] ratio P(Rk on tower) 1.79
     delta null_5t_front            dP(Rk|aff) -0.055[-0.061,-0.049] dLIVE-Rocket -0.046[-0.063,-0.028] dP(Rk on tower) -0.027[-0.029,-0.025] ratio P(Rk on tower) 0.73
     delta wizard_behind_tower      dP(Rk|aff) 0.128[0.123,0.132] dLIVE-Rocket 0.165[0.148,0.182] dP(Rk on tower) 0.143[0.138,0.147] ratio P(Rk on tower) 2.45
== gen_v32 | CHIP val n=302
  control                  gate 0.645[0.619,0.671] P(Rk|aff) 0.279[0.254,0.305] rank1 0.265[0.211,0.324] LIVE play 0.738[0.685,0.781] LIVE Rocket 0.189[0.139,0.239] Rk-cell-on-tower 0.478[0.451,0.503] P(Rk on tower) 0.088[0.077,0.099] offX-top 0.195[0.155,0.238]
     live-rule card when playing: {'rocket': '0.26', 'x-bow': '0.17', 'tesla': '0.14', 'ice-wizard': '0.13', 'skeletons': '0.13', 'knight': '0.10', 'the-log': '0.06', 'tornado': '0.01'}
  null_at_tower            gate 0.685[0.660,0.712] P(Rk|aff) 0.296[0.270,0.323] rank1 0.308[0.247,0.363] LIVE play 0.791[0.742,0.836] LIVE Rocket 0.242[0.190,0.298] Rk-cell-on-tower 0.804[0.784,0.822] P(Rk on tower) 0.162[0.146,0.179] offX-top 0.070[0.042,0.102]
  null_5t_front            gate 0.676[0.650,0.701] P(Rk|aff) 0.243[0.221,0.264] rank1 0.225[0.177,0.276] LIVE play 0.791[0.743,0.839] LIVE Rocket 0.175[0.129,0.222] Rk-cell-on-tower 0.359[0.335,0.381] P(Rk on tower) 0.064[0.055,0.072] offX-top 0.020[0.006,0.036]
  wizard_behind_tower      gate 0.641[0.611,0.667] P(Rk|aff) 0.428[0.399,0.455] rank1 0.570[0.509,0.633] LIVE play 0.725[0.665,0.778] LIVE Rocket 0.394[0.331,0.459] Rk-cell-on-tower 0.851[0.833,0.869] P(Rk on tower) 0.231[0.210,0.251] offX-top 0.070[0.044,0.102]
     delta null_at_tower            dP(Rk|aff) 0.016[0.003,0.029] dLIVE-Rocket 0.053[0.016,0.093] dP(Rk on tower) 0.074[0.067,0.082] ratio P(Rk on tower) 1.84
     delta null_5t_front            dP(Rk|aff) -0.036[-0.051,-0.021] dLIVE-Rocket -0.013[-0.063,0.037] dP(Rk on tower) -0.025[-0.031,-0.019] ratio P(Rk on tower) 0.72
     delta wizard_behind_tower      dP(Rk|aff) 0.148[0.135,0.163] dLIVE-Rocket 0.205[0.158,0.254] dP(Rk on tower) 0.142[0.131,0.153] ratio P(Rk on tower) 2.62
== gen_v32 | CATCH all n=940
  control                  gate 0.614[0.596,0.632] P(Rk|aff) 0.310[0.295,0.324] rank1 0.335[0.303,0.364] LIVE play 0.752[0.726,0.780] LIVE Rocket 0.234[0.208,0.259] Rk-cell-on-tower 0.803[0.790,0.816] P(Rk on tower) 0.148[0.138,0.157] offX-top 0.168[0.144,0.193]
     live-rule card when playing: {'rocket': '0.31', 'x-bow': '0.18', 'ice-wizard': '0.16', 'tesla': '0.13', 'knight': '0.11', 'skeletons': '0.05', 'the-log': '0.05', 'tornado': '0.00'}
