== tower_v7 | CHIP all n=2582
  control                  gate 0.669[0.659,0.678] P(Rk|aff) 0.263[0.255,0.272] rank1 0.256[0.237,0.275] LIVE play 0.770[0.752,0.786] LIVE Rocket 0.195[0.179,0.211] Rk-cell-on-tower 0.635[0.624,0.646] P(Rk on tower) 0.115[0.110,0.120] offX-top 0.174[0.159,0.188]
     live-rule card when playing: {'rocket': '0.25', 'ice-wizard': '0.16', 'x-bow': '0.15', 'knight': '0.12', 'tesla': '0.11', 'skeletons': '0.11', 'the-log': '0.08', 'tornado': '0.02'}
  wizard_behind_tower      gate 0.653[0.644,0.663] P(Rk|aff) 0.456[0.446,0.467] rank1 0.608[0.587,0.631] LIVE play 0.734[0.715,0.752] LIVE Rocket 0.423[0.400,0.445] Rk-cell-on-tower 0.925[0.921,0.930] P(Rk on tower) 0.270[0.263,0.278] offX-top 0.060[0.052,0.069]
  musketeer_behind_tower   gate 0.669[0.659,0.679] P(Rk|aff) 0.364[0.355,0.373] rank1 0.441[0.420,0.462] LIVE play 0.756[0.739,0.774] LIVE Rocket 0.321[0.302,0.342] Rk-cell-on-tower 0.831[0.823,0.838] P(Rk on tower) 0.203[0.197,0.210] offX-top 0.096[0.085,0.108]
  null_at_tower            gate 0.698[0.689,0.707] P(Rk|aff) 0.293[0.284,0.302] rank1 0.311[0.292,0.331] LIVE play 0.794[0.777,0.810] LIVE Rocket 0.240[0.222,0.258] Rk-cell-on-tower 0.868[0.861,0.874] P(Rk on tower) 0.178[0.172,0.184] offX-top 0.052[0.043,0.061]
     delta wizard_behind_tower      dP(Rk|aff) 0.193[0.188,0.199] dLIVE-Rocket 0.227[0.209,0.244] dP(Rk on tower) 0.155[0.151,0.159] ratio P(Rk on tower) 2.35
     delta musketeer_behind_tower   dP(Rk|aff) 0.102[0.098,0.105] dLIVE-Rocket 0.125[0.110,0.140] dP(Rk on tower) 0.088[0.085,0.090] ratio P(Rk on tower) 1.76
     delta null_at_tower            dP(Rk|aff) 0.030[0.027,0.033] dLIVE-Rocket 0.045[0.032,0.058] dP(Rk on tower) 0.063[0.061,0.066] ratio P(Rk on tower) 1.55
== tower_v7 | CHIP OT n=1948
  control                  gate 0.699[0.688,0.708] P(Rk|aff) 0.297[0.288,0.308] rank1 0.312[0.290,0.335] LIVE play 0.782[0.764,0.802] LIVE Rocket 0.239[0.218,0.260] Rk-cell-on-tower 0.652[0.640,0.664] P(Rk on tower) 0.135[0.129,0.141] offX-top 0.145[0.130,0.162]
     live-rule card when playing: {'rocket': '0.31', 'ice-wizard': '0.15', 'x-bow': '0.12', 'tesla': '0.11', 'knight': '0.11', 'skeletons': '0.10', 'the-log': '0.07', 'tornado': '0.02'}
  wizard_behind_tower      gate 0.674[0.664,0.685] P(Rk|aff) 0.472[0.460,0.484] rank1 0.630[0.608,0.652] LIVE play 0.738[0.718,0.758] LIVE Rocket 0.439[0.416,0.464] Rk-cell-on-tower 0.925[0.920,0.930] P(Rk on tower) 0.288[0.280,0.296] offX-top 0.046[0.037,0.055]
  musketeer_behind_tower   gate 0.690[0.679,0.699] P(Rk|aff) 0.388[0.377,0.399] rank1 0.489[0.464,0.515] LIVE play 0.762[0.742,0.783] LIVE Rocket 0.358[0.337,0.381] Rk-cell-on-tower 0.828[0.819,0.837] P(Rk on tower) 0.221[0.214,0.229] offX-top 0.076[0.064,0.088]
  null_at_tower            gate 0.715[0.705,0.725] P(Rk|aff) 0.324[0.314,0.333] rank1 0.371[0.346,0.394] LIVE play 0.801[0.782,0.820] LIVE Rocket 0.291[0.270,0.312] Rk-cell-on-tower 0.867[0.859,0.874] P(Rk on tower) 0.202[0.194,0.210] offX-top 0.048[0.038,0.058]
     delta wizard_behind_tower      dP(Rk|aff) 0.175[0.170,0.180] dLIVE-Rocket 0.200[0.181,0.220] dP(Rk on tower) 0.153[0.149,0.158] ratio P(Rk on tower) 2.13
     delta musketeer_behind_tower   dP(Rk|aff) 0.091[0.087,0.094] dLIVE-Rocket 0.119[0.103,0.135] dP(Rk on tower) 0.086[0.084,0.089] ratio P(Rk on tower) 1.64
     delta null_at_tower            dP(Rk|aff) 0.027[0.023,0.031] dLIVE-Rocket 0.052[0.036,0.067] dP(Rk on tower) 0.066[0.064,0.069] ratio P(Rk on tower) 1.49
== tower_v7 | CHIP val n=302
  control                  gate 0.670[0.641,0.697] P(Rk|aff) 0.269[0.244,0.291] rank1 0.258[0.211,0.307] LIVE play 0.772[0.723,0.822] LIVE Rocket 0.195[0.147,0.241] Rk-cell-on-tower 0.627[0.593,0.660] P(Rk on tower) 0.118[0.104,0.131] offX-top 0.175[0.136,0.220]
     live-rule card when playing: {'rocket': '0.25', 'ice-wizard': '0.15', 'x-bow': '0.15', 'tesla': '0.13', 'skeletons': '0.12', 'knight': '0.10', 'the-log': '0.07', 'tornado': '0.01'}
  wizard_behind_tower      gate 0.651[0.620,0.677] P(Rk|aff) 0.462[0.433,0.493] rank1 0.619[0.551,0.682] LIVE play 0.745[0.683,0.799] LIVE Rocket 0.454[0.388,0.519] Rk-cell-on-tower 0.921[0.904,0.935] P(Rk on tower) 0.275[0.252,0.297] offX-top 0.063[0.039,0.089]
  musketeer_behind_tower   gate 0.667[0.637,0.697] P(Rk|aff) 0.370[0.340,0.395] rank1 0.421[0.359,0.481] LIVE play 0.768[0.718,0.819] LIVE Rocket 0.311[0.255,0.365] Rk-cell-on-tower 0.826[0.801,0.846] P(Rk on tower) 0.206[0.186,0.226] offX-top 0.106[0.076,0.140]
  null_at_tower            gate 0.695[0.668,0.721] P(Rk|aff) 0.304[0.279,0.330] rank1 0.311[0.254,0.361] LIVE play 0.805[0.753,0.849] LIVE Rocket 0.242[0.196,0.292] Rk-cell-on-tower 0.868[0.848,0.887] P(Rk on tower) 0.185[0.167,0.203] offX-top 0.063[0.037,0.090]
     delta wizard_behind_tower      dP(Rk|aff) 0.194[0.179,0.208] dLIVE-Rocket 0.258[0.205,0.314] dP(Rk on tower) 0.157[0.145,0.170] ratio P(Rk on tower) 2.33
     delta musketeer_behind_tower   dP(Rk|aff) 0.101[0.092,0.111] dLIVE-Rocket 0.116[0.082,0.153] dP(Rk on tower) 0.088[0.080,0.096] ratio P(Rk on tower) 1.75
     delta null_at_tower            dP(Rk|aff) 0.036[0.027,0.045] dLIVE-Rocket 0.046[0.010,0.084] dP(Rk on tower) 0.067[0.060,0.074] ratio P(Rk on tower) 1.57
== tower_v7 | CATCH all n=940
  control                  gate 0.628[0.611,0.645] P(Rk|aff) 0.323[0.306,0.338] rank1 0.354[0.323,0.386] LIVE play 0.763[0.735,0.791] LIVE Rocket 0.261[0.233,0.289] Rk-cell-on-tower 0.827[0.812,0.840] P(Rk on tower) 0.165[0.156,0.175] offX-top 0.149[0.127,0.173]
     live-rule card when playing: {'rocket': '0.34', 'ice-wizard': '0.16', 'x-bow': '0.16', 'knight': '0.12', 'tesla': '0.11', 'skeletons': '0.06', 'the-log': '0.05', 'tornado': '0.00'}
== r4c | CHIP all n=2582
  control                  gate 0.601[0.591,0.612] P(Rk|aff) 0.194[0.187,0.201] rank1 0.152[0.137,0.167] LIVE play 0.668[0.649,0.689] LIVE Rocket 0.093[0.081,0.106] Rk-cell-on-tower 0.500[0.490,0.510] P(Rk on tower) 0.059[0.056,0.062] offX-top 0.201[0.187,0.218]
     live-rule card when playing: {'ice-wizard': '0.20', 'tesla': '0.18', 'x-bow': '0.16', 'rocket': '0.14', 'knight': '0.12', 'the-log': '0.09', 'skeletons': '0.09', 'tornado': '0.01'}
  wizard_behind_tower      gate 0.600[0.590,0.611] P(Rk|aff) 0.381[0.371,0.391] rank1 0.497[0.475,0.519] LIVE play 0.649[0.628,0.668] LIVE Rocket 0.280[0.260,0.300] Rk-cell-on-tower 0.919[0.914,0.923] P(Rk on tower) 0.202[0.195,0.209] offX-top 0.066[0.057,0.076]
  musketeer_behind_tower   gate 0.607[0.597,0.619] P(Rk|aff) 0.263[0.254,0.272] rank1 0.265[0.246,0.284] LIVE play 0.664[0.643,0.685] LIVE Rocket 0.147[0.132,0.161] Rk-cell-on-tower 0.818[0.810,0.826] P(Rk on tower) 0.129[0.125,0.134] offX-top 0.108[0.096,0.120]
  null_at_tower            gate 0.650[0.640,0.661] P(Rk|aff) 0.203[0.196,0.211] rank1 0.184[0.168,0.201] LIVE play 0.723[0.703,0.740] LIVE Rocket 0.119[0.106,0.132] Rk-cell-on-tower 0.866[0.860,0.871] P(Rk on tower) 0.112[0.108,0.117] offX-top 0.034[0.027,0.042]
     delta wizard_behind_tower      dP(Rk|aff) 0.187[0.181,0.192] dLIVE-Rocket 0.187[0.170,0.203] dP(Rk on tower) 0.143[0.139,0.148] ratio P(Rk on tower) 3.44
     delta musketeer_behind_tower   dP(Rk|aff) 0.069[0.066,0.073] dLIVE-Rocket 0.054[0.043,0.063] dP(Rk on tower) 0.071[0.068,0.073] ratio P(Rk on tower) 2.21
     delta null_at_tower            dP(Rk|aff) 0.009[0.005,0.013] dLIVE-Rocket 0.026[0.015,0.038] dP(Rk on tower) 0.054[0.052,0.056] ratio P(Rk on tower) 1.92
== r4c | CHIP OT n=1948
  control                  gate 0.626[0.615,0.637] P(Rk|aff) 0.212[0.203,0.221] rank1 0.176[0.157,0.195] LIVE play 0.667[0.643,0.689] LIVE Rocket 0.105[0.091,0.120] Rk-cell-on-tower 0.491[0.479,0.502] P(Rk on tower) 0.064[0.060,0.067] offX-top 0.178[0.160,0.194]
     live-rule card when playing: {'ice-wizard': '0.19', 'tesla': '0.19', 'rocket': '0.16', 'x-bow': '0.13', 'knight': '0.12', 'the-log': '0.10', 'skeletons': '0.09', 'tornado': '0.02'}
  wizard_behind_tower      gate 0.617[0.606,0.628] P(Rk|aff) 0.377[0.364,0.388] rank1 0.489[0.463,0.513] LIVE play 0.638[0.616,0.662] LIVE Rocket 0.267[0.244,0.289] Rk-cell-on-tower 0.914[0.909,0.919] P(Rk on tower) 0.204[0.196,0.212] offX-top 0.056[0.047,0.066]
  musketeer_behind_tower   gate 0.623[0.610,0.635] P(Rk|aff) 0.272[0.262,0.282] rank1 0.292[0.271,0.313] LIVE play 0.655[0.633,0.679] LIVE Rocket 0.159[0.141,0.177] Rk-cell-on-tower 0.802[0.792,0.812] P(Rk on tower) 0.135[0.128,0.141] offX-top 0.091[0.079,0.104]
  null_at_tower            gate 0.661[0.649,0.672] P(Rk|aff) 0.216[0.207,0.225] rank1 0.204[0.184,0.223] LIVE play 0.712[0.691,0.736] LIVE Rocket 0.132[0.118,0.149] Rk-cell-on-tower 0.865[0.859,0.871] P(Rk on tower) 0.121[0.116,0.127] offX-top 0.036[0.028,0.045]
     delta wizard_behind_tower      dP(Rk|aff) 0.165[0.159,0.170] dLIVE-Rocket 0.162[0.142,0.180] dP(Rk on tower) 0.141[0.136,0.146] ratio P(Rk on tower) 3.21
     delta musketeer_behind_tower   dP(Rk|aff) 0.060[0.057,0.064] dLIVE-Rocket 0.054[0.042,0.067] dP(Rk on tower) 0.071[0.068,0.074] ratio P(Rk on tower) 2.12
     delta null_at_tower            dP(Rk|aff) 0.004[-0.001,0.009] dLIVE-Rocket 0.027[0.014,0.040] dP(Rk on tower) 0.058[0.055,0.060] ratio P(Rk on tower) 1.91
== r4c | CHIP val n=302
  control                  gate 0.605[0.580,0.631] P(Rk|aff) 0.197[0.176,0.219] rank1 0.159[0.119,0.203] LIVE play 0.679[0.629,0.728] LIVE Rocket 0.109[0.078,0.145] Rk-cell-on-tower 0.487[0.459,0.515] P(Rk on tower) 0.060[0.051,0.069] offX-top 0.222[0.178,0.269]
     live-rule card when playing: {'x-bow': '0.19', 'tesla': '0.18', 'ice-wizard': '0.17', 'rocket': '0.16', 'knight': '0.11', 'skeletons': '0.11', 'the-log': '0.07', 'tornado': '0.01'}
  wizard_behind_tower      gate 0.602[0.575,0.630] P(Rk|aff) 0.382[0.351,0.409] rank1 0.497[0.424,0.563] LIVE play 0.652[0.602,0.701] LIVE Rocket 0.291[0.235,0.350] Rk-cell-on-tower 0.914[0.899,0.927] P(Rk on tower) 0.206[0.187,0.224] offX-top 0.079[0.050,0.116]
  musketeer_behind_tower   gate 0.608[0.582,0.635] P(Rk|aff) 0.265[0.242,0.288] rank1 0.258[0.206,0.311] LIVE play 0.666[0.616,0.710] LIVE Rocket 0.159[0.120,0.199] Rk-cell-on-tower 0.809[0.785,0.833] P(Rk on tower) 0.132[0.117,0.146] offX-top 0.132[0.098,0.176]
  null_at_tower            gate 0.650[0.625,0.675] P(Rk|aff) 0.215[0.192,0.235] rank1 0.199[0.149,0.246] LIVE play 0.735[0.691,0.783] LIVE Rocket 0.126[0.089,0.164] Rk-cell-on-tower 0.863[0.845,0.878] P(Rk on tower) 0.119[0.105,0.132] offX-top 0.046[0.023,0.072]
     delta wizard_behind_tower      dP(Rk|aff) 0.185[0.169,0.203] dLIVE-Rocket 0.182[0.133,0.234] dP(Rk on tower) 0.146[0.132,0.157] ratio P(Rk on tower) 3.42
     delta musketeer_behind_tower   dP(Rk|aff) 0.069[0.059,0.079] dLIVE-Rocket 0.050[0.018,0.083] dP(Rk on tower) 0.072[0.064,0.079] ratio P(Rk on tower) 2.19
     delta null_at_tower            dP(Rk|aff) 0.018[0.006,0.030] dLIVE-Rocket 0.017[-0.013,0.048] dP(Rk on tower) 0.059[0.052,0.066] ratio P(Rk on tower) 1.98
== r4c | CATCH all n=940
  control                  gate 0.590[0.573,0.605] P(Rk|aff) 0.330[0.314,0.346] rank1 0.352[0.321,0.383] LIVE play 0.730[0.701,0.758] LIVE Rocket 0.255[0.229,0.282] Rk-cell-on-tower 0.821[0.807,0.834] P(Rk on tower) 0.162[0.151,0.173] offX-top 0.150[0.127,0.173]
     live-rule card when playing: {'rocket': '0.35', 'ice-wizard': '0.17', 'x-bow': '0.16', 'tesla': '0.12', 'knight': '0.09', 'the-log': '0.06', 'skeletons': '0.04', 'tornado': '0.00'}
