[crawl] session: saved token
[crawl] roster expanded: +78 -> 228 players (193 fresh on the boards)
[crawl] battle histories: 86 players to walk (142 done)
[crawl] history 8J8URCVVP failed: RateLimited -- will retry next run
[crawl] history 8UV990YU failed: RateLimited -- will retry next run
[crawl] clearance expired during history:V92GU0QL2 -- renewing
[crawl] 150/228 players walked, 1748 battles kept
[crawl] history YLRV0P800 failed: RateLimited -- will retry next run
[crawl] history 2LVJVGJV failed: RateLimited -- will retry next run
[crawl] 153/228 players walked, 1762 battles kept
[crawl] history P0C8UVQ9V failed: RateLimited -- will retry next run
[crawl] history GGL8CCGJ failed: RateLimited -- will retry next run
[crawl] 156/228 players walked, 1796 battles kept
[crawl] history 9PQLQYJL0 failed: RateLimited -- will retry next run
[crawl] history J0G28P2LR failed: RateLimited -- will retry next run
[crawl] 159/228 players walked, 1809 battles kept
[crawl] history CYYJP92U failed: RateLimited -- will retry next run
[crawl] history UC8Q0R9Q failed: RateLimited -- will retry next run
[crawl] 167/228 players walked, 1867 battles kept
[crawl] history P0QJVVC0R failed: RateLimited -- will retry next run
[crawl] history YGVPJR2R0 failed: RateLimited -- will retry next run
[crawl] 175/228 players walked, 1880 battles kept
[crawl] history 9YVPJRUL failed: RateLimited -- will retry next run
[crawl] history C0ULRVR2U failed: RateLimited -- will retry next run
[crawl] 178/228 players walked, 1899 battles kept
[crawl] 183/228 players walked, 1912 battles kept
[crawl] clearance expired during history:RU2Q8L928 -- renewing
[crawl] history P2PQ209P failed: RateLimited -- will retry next run
[crawl] history YPJU9P8J0 failed: RateLimited -- will retry next run
[crawl] 186/228 players walked, 1914 battles kept
[crawl] 191/228 players walked, 1960 battles kept
[crawl] history YY92YVY failed: RateLimited -- will retry next run
[crawl] history 8P8LCJ2VG failed: RateLimited -- will retry next run
[crawl] 194/228 players walked, 2012 battles kept
[crawl] history JP0G02 failed: RateLimited -- will retry next run
[crawl] history J029RULLY failed: RateLimited -- will retry next run
[crawl] clearance expired during history:RVJPLPG8L -- renewing
[crawl] 202/228 players walked, 2073 battles kept
[crawl] history UU0J0GQ8 failed: RateLimited -- will retry next run
[crawl] history ULR20V0JP failed: RateLimited -- will retry next run
[crawl] 205/228 players walked, 2076 battles kept
[crawl] 206/228 players walked, 2076 battles kept
[crawl] battle stage complete: 2076 battles across 157 players
[crawl] replays: 823 to fetch (1253 already done; 265 wins first)
[crawl] error 080Y8QJ99CLC: RateLimited
[crawl] error 00YYPLRQL09L: RateLimited
[crawl] 20/823 replays (25 min)
