batch: 80 tags, 2 already done, port 37032
[3/80] 002YLQYG9YU2 acc 51/51 rej {} crowns [1, 3] exp [1, 2] match=False term=native_tiebreak_hp_drain tick 6110 (last play 3477) 4.04s
[4/80] 008YLL98RJQY acc 133/133 rej {} crowns [1, 0] exp [0, 1] match=False term=native_tiebreak_hp_drain tick 6105 (last play 5944) 8.41s
[5/80] 008YLYJQVU8L acc 56/58 rej {'native_rejected': 2} crowns [1, 0] exp [1, 0] match=True term=native_logic_clock_stopped tick 3681 (last play 5002) 3.74s
[6/80] 008YLYUGPY0G FAILED ValueError: card has no native evolution form: 26000043
[7/80] 009YLQRPY2C2 acc 119/119 rej {} crowns [0, 3] exp [1, 0] match=False term=native_tiebreak_hp_drain tick 6136 (last play 5925) 7.82s
[8/80] 00GYPPUQ0QRL acc 49/49 rej {} crowns [0, 1] exp [0, 1] match=True term=native_logic_clock_stopped tick 3681 (last play 3592) 3.45s
[9/80] 00GYPPVQJYRC FAILED ValueError: card has no native evolution form: 26000043
[10/80] 00GYPYLRU8LP acc 60/61 rej {'native_rejected': 1} crowns [1, 0] exp [0, 1] match=False term=native_logic_clock_stopped tick 4325 (last play 5944) 4.09s
[11/80] 00GYPYRQ22VV acc 51/51 rej {} crowns [1, 0] exp [1, 0] match=True term=native_logic_clock_stopped tick 3681 (last play 3555) 3.74s det=SAME
[12/80] 00JYPQJPV2PY acc 21/21 rej {} crowns [1, 2] exp [0, 3] match=False term=native_tiebreak_hp_drain tick 6167 (last play 1861) 2.44s
[13/80] 00JYPQRLVRUU FAILED ValueError: card has no native evolution form: 26000043
[14/80] 00JYPQRVQCP0 acc 41/44 rej {'native_rejected': 2, 'card_not_in_hand': 1} crowns [3, 0] exp [0, 1] match=False term=native_logic_clock_stopped tick 3302 (last play 3541) 3.27s
[15/80] 00LYPLVRR88J acc 40/40 rej {} crowns [3, 0] exp [1, 0] match=False term=native_logic_clock_stopped tick 2966 (last play 3555) 2.86s
[16/80] 00LYPQLJGU2L acc 124/124 rej {} crowns [0, 1] exp [0, 1] match=True term=native_tiebreak_hp_drain tick 6099 (last play 5886) 8.46s
[17/80] 00LYPQQGCY88 acc 48/49 rej {'native_rejected': 1} crowns [0, 1] exp [0, 1] match=True term=native_logic_clock_stopped tick 3681 (last play 3611) 3.44s
[18/80] 00QYPLJJ0VGQ acc 75/78 rej {'native_rejected': 2, 'card_not_in_hand': 1} crowns [0, 1] exp [0, 1] match=True term=native_logic_clock_stopped tick 4149 (last play 4631) 5.09s
[19/80] 00QYPLUYQ0Q0 acc 136/136 rej {} crowns [1, 0] exp [0, 1] match=False term=native_tiebreak_hp_drain tick 6127 (last play 5956) 9.33s
[20/80] 00QYPQ992U9U acc 104/106 rej {'native_rejected': 2} crowns [1, 0] exp [0, 1] match=False term=native_logic_clock_stopped tick 5601 (last play 5741) 6.67s
[21/80] 00UYPLLLUU9R acc 58/58 rej {} crowns [2, 0] exp [2, 0] match=True term=native_logic_clock_stopped tick 3681 (last play 3545) 4.18s det=SAME
[22/80] 00VYPLRPYU2C acc 69/70 rej {'native_rejected': 1} crowns [0, 1] exp [0, 1] match=True term=native_logic_clock_stopped tick 4315 (last play 5423) 4.91s
[23/80] 00VYPLV08LCU FAILED ValueError: card has no native evolution form: 26000043
[24/80] 00YYPYCUP0RU acc 83/85 rej {'native_rejected': 2} crowns [1, 0] exp [0, 1] match=False term=native_logic_clock_stopped tick 4756 (last play 5958) 5.71s
[25/80] 00YYPYPUQY0V acc 32/35 rej {'native_rejected': 2, 'card_not_in_hand': 1} crowns [0, 3] exp [1, 2] match=False term=native_logic_clock_stopped tick 2870 (last play 3702) 2.58s
[26/80] 00YYPYU8RY2Y acc 52/53 rej {'native_rejected': 1} crowns [0, 1] exp [0, 1] match=True term=native_logic_clock_stopped tick 3681 (last play 5773) 3.76s
[27/80] 00YYPYUP8RPP FAILED ValueError: card has no native evolution form: 26000043
[28/80] 028YPU2PUUU2 acc 48/50 rej {'native_rejected': 2} crowns [1, 0] exp [0, 1] match=False term=native_logic_clock_stopped tick 3681 (last play 5965) 3.78s
[29/80] 028YPUGJUUQV acc 64/65 rej {'native_rejected': 1} crowns [0, 1] exp [0, 1] match=True term=native_logic_clock_stopped tick 3681 (last play 4358) 4.09s
[30/80] 028YPUQ00RLP acc 81/84 rej {'native_rejected': 3} crowns [1, 0] exp [0, 1] match=False term=native_logic_clock_stopped tick 4953 (last play 5801) 5.81s
[31/80] 029YPCPR8PVJ acc 89/89 rej {} crowns [0, 1] exp [1, 0] match=False term=native_logic_clock_stopped tick 5281 (last play 4989) 6.19s det=SAME
[32/80] 029YPCYVCJQ8 acc 61/61 rej {} crowns [1, 2] exp [1, 2] match=True term=native_logic_clock_stopped tick 3762 (last play 3642) 4.45s
[33/80] 029YPJUUQQU2 acc 53/56 rej {'native_rejected': 3} crowns [1, 0] exp [0, 1] match=False term=native_logic_clock_stopped tick 3681 (last play 5965) 3.86s
[34/80] 02GY9GV222G2 acc 29/29 rej {} crowns [1, 0] exp [3, 0] match=False term=native_logic_clock_stopped tick 3681 (last play 2446) 2.44s
[35/80] 02JY9GC20UR0 acc 72/72 rej {} crowns [1, 0] exp [0, 1] match=False term=native_logic_clock_stopped tick 4486 (last play 4276) 4.81s
[36/80] 02JY9GV2QYGG acc 36/36 rej {} crowns [0, 3] exp [0, 3] match=True term=native_logic_clock_stopped tick 2872 (last play 2581) 2.74s
[37/80] 02PYPCUY8QLG acc 65/65 rej {} crowns [1, 2] exp [0, 1] match=False term=native_tiebreak_hp_drain tick 6127 (last play 4276) 5.01s
[38/80] 02PYPCVVV9LR acc 47/55 rej {'card_not_in_hand': 5, 'native_rejected': 3} crowns [0, 1] exp [0, 1] match=True term=native_logic_clock_stopped tick 3681 (last play 5955) 3.7s
[39/80] 02QY9QR999LJ acc 96/97 rej {'native_rejected': 1} crowns [1, 0] exp [1, 0] match=True term=native_logic_clock_stopped tick 5353 (last play 5866) 6.45s
[40/80] 02UY8L2U28YG acc 106/111 rej {'native_rejected': 4, 'card_not_in_hand': 1} crowns [1, 0] exp [1, 0] match=True term=native_logic_clock_stopped tick 5802 (last play 5854) 6.93s
[41/80] 02UY8YC9J098 FAILED ValueError: card has no native evolution form: 26000043
[42/80] 02UY8YY2GGP2 acc 93/98 rej {'native_rejected': 4, 'card_not_in_hand': 1} crowns [3, 1] exp [0, 1] match=False term=native_logic_clock_stopped tick 5359 (last play 5548) 6.53s
[43/80] 02VY8LLUGJ00 FAILED ValueError: card has no native evolution form: 26000043
[44/80] 02VY8LQ09P0R acc 57/57 rej {} crowns [1, 2] exp [0, 1] match=False term=native_tiebreak_hp_drain tick 6119 (last play 3601) 4.48s
[45/80] 02VY8Q9QVQUU acc 66/66 rej {} crowns [0, 1] exp [0, 1] match=True term=native_logic_clock_stopped tick 3830 (last play 4641) 4.81s
[46/80] 02YYPCQJY0U8 acc 20/30 rej {'card_not_in_hand': 9, 'native_rejected': 1} crowns [0, 3] exp [0, 1] match=False term=native_logic_clock_stopped tick 2408 (last play 5923) 2.2s
[47/80] 080Y8Q2RPC80 acc 45/46 rej {'native_rejected': 1} crowns [0, 3] exp [1, 0] match=False term=native_logic_clock_stopped tick 3424 (last play 5672) 3.53s
[48/80] 080Y8Q8RQP88 acc 53/56 rej {'native_rejected': 3} crowns [0, 1] exp [1, 0] match=False term=native_logic_clock_stopped tick 3681 (last play 4206) 3.82s
[49/80] 080Y8QR2J00V acc 48/48 rej {} crowns [0, 2] exp [1, 0] match=False term=native_logic_clock_stopped tick 3681 (last play 3477) 3.48s
[50/80] 082Y8QR8VVCG acc 51/54 rej {'native_rejected': 3} crowns [0, 1] exp [0, 1] match=True term=native_logic_clock_stopped tick 3681 (last play 5971) 3.51s
[51/80] 088Y889LY9QJ FAILED ValueError: card has no native evolution form: 26000043
[52/80] 088Y88YCUUR2 acc 53/53 rej {} crowns [1, 2] exp [0, 1] match=False term=native_logic_clock_stopped tick 3681 (last play 3564) 3.64s
[53/80] 089Y88Q8VR0Y acc 97/99 rej {'native_rejected': 2} crowns [2, 1] exp [1, 0] match=False term=native_logic_clock_stopped tick 5480 (last play 5957) 6.23s
[54/80] 08CPVJQ98PR0 acc 81/84 rej {'native_rejected': 2, 'card_not_in_hand': 1} crowns [1, 0] exp [1, 0] match=True term=native_logic_clock_stopped tick 4299 (last play 4511) 5.34s
[55/80] 08GPVGGC99UY FAILED ValueError: card has no native evolution form: 26000043
[56/80] 08JPVCQLYQGJ acc 60/61 rej {'native_rejected': 1} crowns [1, 0] exp [0, 1] match=False term=native_logic_clock_stopped tick 3681 (last play 3731) 4.17s
[57/80] 08LY8208RP0G FAILED ValueError: card has no native evolution form: 26000043
[58/80] 08LY82JRV8PV acc 65/65 rej {} crowns [1, 0] exp [1, 0] match=True term=native_logic_clock_stopped tick 3737 (last play 3601) 4.33s
[59/80] 08LY82Q8QLPG acc 150/150 rej {} crowns [0, 1] exp [0, 1] match=True term=native_tiebreak_hp_drain tick 6129 (last play 5943) 8.69s
[60/80] 08LY82QPU99L acc 96/96 rej {} crowns [1, 0] exp [1, 0] match=True term=native_tiebreak_hp_drain tick 6135 (last play 4881) 6.22s
[61/80] 08QPVC90RUPR acc 28/28 rej {} crowns [1, 3] exp [1, 2] match=False term=native_logic_clock_stopped tick 2175 (last play 3546) 2.23s det=SAME
[62/80] 08RPVJJ8PCCP acc 67/71 rej {'native_rejected': 2, 'card_not_in_hand': 2} crowns [0, 1] exp [1, 0] match=False term=native_logic_clock_stopped tick 4407 (last play 5023) 4.54s
[63/80] 08RPVJPQCCG8 acc 64/69 rej {'native_rejected': 1, 'card_not_in_hand': 4} crowns [0, 1] exp [0, 1] match=True term=native_logic_clock_stopped tick 3681 (last play 5933) 4.32s
[64/80] 08UPPUC9CQJR acc 45/45 rej {} crowns [3, 0] exp [0, 1] match=False term=native_logic_clock_stopped tick 3353 (last play 5966) 3.14s
[65/80] 08VPPUR89R8L acc 64/66 rej {'native_rejected': 2} crowns [1, 0] exp [1, 0] match=True term=native_logic_clock_stopped tick 3822 (last play 3874) 4.44s
[66/80] 08VPPV0G08R2 acc 48/48 rej {} crowns [1, 0] exp [1, 0] match=True term=native_logic_clock_stopped tick 3681 (last play 3571) 3.4s
[67/80] 08YY89PL2CUG FAILED ValueError: card has no native evolution form: 26000043
[68/80] 098PPU0CG8UL FAILED ValueError: card has no native evolution form: 26000043
[69/80] 098PPUL2PYY9 acc 30/30 rej {} crowns [1, 3] exp [0, 3] match=False term=native_logic_clock_stopped tick 2914 (last play 2636) 2.36s
[70/80] 098PPULPGRY8 acc 47/60 rej {'card_not_in_hand': 10, 'native_rejected': 3} crowns [0, 2] exp [1, 0] match=False term=native_logic_clock_stopped tick 3681 (last play 5941) 4.22s
[71/80] 099P9JRYYQVC FAILED ValueError: card has no native evolution form: 26000043
[72/80] 099P9JUYG8UG acc 66/67 rej {'native_rejected': 1} crowns [0, 1] exp [0, 1] match=True term=native_logic_clock_stopped tick 3681 (last play 3782) 4.46s
[73/80] 09C9JUGUULGC acc 63/64 rej {'native_rejected': 1} crowns [0, 1] exp [0, 1] match=True term=native_logic_clock_stopped tick 4143 (last play 4125) 4.36s
[74/80] 09C9JUJVL2CR acc 53/53 rej {} crowns [1, 1] exp [0, 1] match=False term=native_tiebreak_exact_draw tick 6147 (last play 3491) 4.09s
[75/80] 09C9JUQY8PRQ acc 78/78 rej {} crowns [0, 1] exp [0, 1] match=True term=native_tiebreak_hp_drain tick 6109 (last play 4651) 5.38s
[76/80] 09G9JCRGRVGY acc 66/71 rej {'native_rejected': 4, 'card_not_in_hand': 1} crowns [1, 0] exp [2, 1] match=False term=native_logic_clock_stopped tick 3681 (last play 4436) 4.82s
[77/80] 09J9JUJC90Y0 FAILED ValueError: card has no native evolution form: 26000043
[78/80] 09PP9R8CQJC9 FAILED ValueError: card has no native evolution form: 26000043
[79/80] 09R9JCL2L8Y9 acc 52/54 rej {'native_rejected': 2} crowns [0, 1] exp [0, 1] match=True term=native_logic_clock_stopped tick 3681 (last play 5841) 3.94s
[80/80] 09U9JUYQ9J9R FAILED ValueError: card has no native evolution form: 26000043
{
 "tags": 80,
 "converted": 64,
 "failed": 16,
 "failed_by_error": {
  "ValueError": 16
 },
 "plays_driven": 4391,
 "accepted": 4285,
 "accept_rate": 0.9759,
 "rejected_by_reason": {
  "native_rejected": 69,
  "card_not_in_hand": 37
 },
 "invalid_placement": 0,
 "matches_with_rejections": 34,
 "elixir_delays_plays": 0,
 "elixir_delays_max_ticks": 0,
 "ability_plays_skipped": 245,
 "position_based_all": false,
 "terminated": 64,
 "termination_reasons": {
  "native_tiebreak_hp_drain": 12,
  "native_logic_clock_stopped": 51,
  "native_tiebreak_exact_draw": 1
 },
 "crowns_match": 28,
 "crowns_match_rate": 0.4375,
 "outcomes": {
  "side0_win": 29,
  "side1_win": 34,
  "draw": 1
 },
 "clean": 12,
 "terminal_vs_last_play": {
  "median": -101,
  "negative": 36
 },
 "determinism": {
  "checked": 4,
  "same": 4
 },
 "seconds_total": 300.4,
 "seconds_per_match_median": 4.32,
 "batch_wall_seconds": 300.8,
 "rotated_rows": 6782,
 "rotated_tags": 78
}
