{'matches_with_lethal_window': 351, 'lethal_affordable_decisions': 1518, 'rocket_in_lethal_window': 32, 'hit_lethal_tower': 24, 'matches_lethal_affordable': 131, 'missed_lethal_tower': 8}
('play_20261005_071253.jsonl', 'rseries_r1e31_u0155.pt', 4357, {'R': 1, 'L': 1293}, 'R', 0.266)
('play_20261005_071253.jsonl', 'rseries_r1e31_u0155.pt', 'affordable_from', 4319, 'ot', 'span_s', 1.9, 'rockets_after', 1)
('play_20261005_071827.jsonl', 'rseries_r1e31_u0155.pt', 6157, {'R': 180, 'L': 234}, 'R', 0.266)
('play_20261005_071827.jsonl', 'rseries_r1e31_u0155.pt', 'affordable_from', 6157, 'ot', 'span_s', 0.0, 'rockets_after', 1)
('play_20261005_072350.jsonl', 'rseries_r1e31_u0155.pt', 'affordable_from', 3288, 'reg', 'span_s', 1.6, 'rockets_after', 0)
('play_20261005_072708.jsonl', 'rseries_r1e31_u0155.pt', 'affordable_from', 3037, 'reg', 'span_s', 3.1, 'rockets_after', 0)
('play_20261005_075405.jsonl', 'rseries_r1e31_u0155.pt', 'affordable_from', 3173, 'reg', 'span_s', 2.6, 'rockets_after', 0)
('play_20261005_080041.jsonl', 'rseries_r1e31_u0155.pt', 5195, {'R': 478, 'L': 890}, 'R', 0.266)
('play_20261005_080041.jsonl', 'rseries_r1e31_u0155.pt', 5259, {'R': 478, 'L': 890}, 'R', 0.266)
('play_20261005_080041.jsonl', 'rseries_r1e31_u0155.pt', 'affordable_from', 5107, 'ot', 'span_s', 7.6, 'rockets_after', 2)
('play_20261005_081154.jsonl', 'rseries_r1e31_u0155.pt', 'affordable_from', 1419, 'reg', 'span_s', 2.0, 'rockets_after', 0)
('play_20261005_081858.jsonl', 'rseries_r1e31_u0155.pt', 'affordable_from', 2947, 'reg', 'span_s', 58.2, 'rockets_after', 0)
('play_20261005_082252.jsonl', 'rseries_r1e31_u0155.pt', 'affordable_from', 4682, 'ot', 'span_s', 24.8, 'rockets_after', 0)
('play_20261005_083137.jsonl', 'rseries_r1e31_u0155.pt', 'affordable_from', 3089, 'reg', 'span_s', 0.8, 'rockets_after', 0)
('play_20261005_090037.jsonl', 'rseries_r1e31_u0155.pt', 'affordable_from', 3292, 'reg', 'span_s', 0.0, 'rockets_after', 0)
('play_20261005_092103.jsonl', 'rseries_r1e31_u0155.pt', 'affordable_from', 2781, 'reg', 'span_s', 46.6, 'rockets_after', 0)
('play_20261005_092447.jsonl', 'rseries_r1e31_u0155.pt', 'affordable_from', 2408, 'reg', 'span_s', 1.0, 'rockets_after', 0)
('play_20261005_095424.jsonl', 'rseries_r1e31_u0155.pt', 'affordable_from', 1697, 'reg', 'span_s', 60.2, 'rockets_after', 0)
('play_20261005_102426.jsonl', 'rseries_r1e31_u0155.pt', 'affordable_from', 2051, 'reg', 'span_s', 1.5, 'rockets_after', 0)
('play_20261005_103238.jsonl', 'rseries_r1e31_u0155.pt', 'affordable_from', 5838, 'ot', 'span_s', 0.2, 'rockets_after', 0)
('play_20261005_104118.jsonl', 'rseries_r1e31_u0155.pt', 'affordable_from', 2339, 'reg', 'span_s', 3.0, 'rockets_after', 0)
('play_20261005_104832.jsonl', 'rseries_r1e31_u0155.pt', 'affordable_from', 2758, 'reg', 'span_s', 13.6, 'rockets_after', 0)
('play_20261005_105507.jsonl', 'rseries_r1e31_u0155.pt', 'affordable_from', 2210, 'reg', 'span_s', 0.5, 'rockets_after', 0)
('play_20261005_105847.jsonl', 'rseries_r1e31_u0155.pt', 'affordable_from', 4201, 'ot', 'span_s', 0.7, 'rockets_after', 0)
('play_20261005_113013.jsonl', 'rseries_r1e31_u0155.pt', 'affordable_from', 4389, 'ot', 'span_s', 0.0, 'rockets_after', 0)
('play_20261005_113735.jsonl', 'rseries_r1e31_u0155.pt', 'affordable_from', 6215, 'ot', 'span_s', 0.0, 'rockets_after', 0)
('play_20261005_120204.jsonl', 'rseries_r1e31_u0155.pt', 'affordable_from', 2717, 'reg', 'span_s', 11.6, 'rockets_after', 0)
('play_20261005_122154.jsonl', 'rseries_r1e31_u0155.pt', 'affordable_from', 2470, 'reg', 'span_s', 2.3, 'rockets_after', 0)
('play_20261005_122809.jsonl', 'rseries_r1e31_u0155.pt', 'affordable_from', 6102, 'ot', 'span_s', 1.6, 'rockets_after', 0)
('play_20261005_123334.jsonl', 'rseries_r1e31_u0155.pt', 'affordable_from', 1703, 'reg', 'span_s', 82.0, 'rockets_after', 0)
('play_20261005_132429.jsonl', 'rseries_r1e31_u0155.pt', 'affordable_from', 5249, 'ot', 'span_s', 0.5, 'rockets_after', 0)
('play_20261006_121407.jsonl', 'rseries_r1e31_u0155.pt', 3913, {'L': 3052, 'R': 137}, 'L', 0.453)
('play_20261006_121407.jsonl', 'rseries_r1e31_u0155.pt', 'affordable_from', 3722, 'ot', 'span_s', 9.6, 'rockets_after', 1)
('play_20261006_122925.jsonl', 'rseries_r1e31_u0155.pt', 'affordable_from', 739, 'reg', 'span_s', 36.6, 'rockets_after', 0)
('play_20261006_130342.jsonl', 'candidate.pt', 'affordable_from', 4757, 'ot', 'span_s', 4.2, 'rockets_after', 0)
('play_20261006_131142.jsonl', 'candidate.pt', 5183, {'R': 108}, 'R', 0.234)
('play_20261006_131142.jsonl', 'candidate.pt', 'affordable_from', 1130, 'reg', 'span_s', 202.7, 'rockets_after', 1)
('play_20261006_142102.jsonl', 'candidate.pt', 'affordable_from', 3663, 'ot', 'span_s', 0.0, 'rockets_after', 0)
('play_20261006_150923.jsonl', 'rseries_r1e31_u0155.pt', 'affordable_from', 694, 'reg', 'span_s', 0.0, 'rockets_after', 0)
('play_20261006_151240.jsonl', 'rseries_r1e31_u0155.pt', 'affordable_from', 3109, 'reg', 'span_s', 2.1, 'rockets_after', 0)
('play_20261006_153251.jsonl', 'rseries_r1e31_u0155.pt', 'affordable_from', 2475, 'reg', 'span_s', 46.0, 'rockets_after', 0)
('play_20261006_153607.jsonl', 'rseries_r1e31_u0155.pt', 'affordable_from', 2822, 'reg', 'span_s', 0.1, 'rockets_after', 0)
('play_20261006_155514.jsonl', 'rseries_r1e31_u0155.pt', 'affordable_from', 2484, 'reg', 'span_s', 6.6, 'rockets_after', 0)
('play_20261006_155830.jsonl', 'rseries_r1e31_u0155.pt', 'affordable_from', 2728, 'reg', 'span_s', 4.1, 'rockets_after', 0)
('play_20261006_163209.jsonl', 'rseries_r1e31_u0155.pt', 'affordable_from', 3369, 'reg', 'span_s', 0.5, 'rockets_after', 0)
('play_20261006_164355.jsonl', 'rseries_r1e31_u0155.pt', 'affordable_from', 1377, 'reg', 'span_s', 56.2, 'rockets_after', 0)
('play_20261006_164712.jsonl', 'rseries_r1e31_u0155.pt', 'affordable_from', 1786, 'reg', 'span_s', 39.2, 'rockets_after', 0)
('play_20261006_165046.jsonl', 'rseries_r1e31_u0155.pt', 'affordable_from', 1105, 'reg', 'span_s', 182.3, 'rockets_after', 0)
('play_20261006_170732.jsonl', 'rseries_r1e31_u0155.pt', 'affordable_from', 2069, 'reg', 'span_s', 8.6, 'rockets_after', 0)
('play_20261006_171031.jsonl', 'rseries_r1e31_u0155.pt', 3965, {'R': 4858, 'L': 27}, 'L', 0.266)
('play_20261006_171031.jsonl', 'rseries_r1e31_u0155.pt', 'affordable_from', 3490, 'reg', 'span_s', 23.8, 'rockets_after', 1)
('play_20261006_171805.jsonl', 'rseries_r1e31_u0155.pt', 'affordable_from', 4866, 'ot', 'span_s', 0.0, 'rockets_after', 0)
('play_20261006_194412.jsonl', 'rseries_r1e31_u0155.pt', 'affordable_from', 2559, 'reg', 'span_s', 0.5, 'rockets_after', 0)
('play_20261006_195411.jsonl', 'rseries_r1e31_u0155.pt', 'affordable_from', 3757, 'ot', 'span_s', 1.5, 'rockets_after', 0)
('play_20261006_195757.jsonl', 'rseries_r1e31_u0155.pt', 'affordable_from', 3298, 'reg', 'span_s', 1.7, 'rockets_after', 0)
('play_20261006_200432.jsonl', 'rseries_r1e31_u0155.pt', 'affordable_from', 2498, 'reg', 'span_s', 1.0, 'rockets_after', 0)
('play_20261006_203401.jsonl', 'rseries_r1e31_u0155.pt', 'affordable_from', 4263, 'ot', 'span_s', 0.8, 'rockets_after', 0)
('play_20261006_204318.jsonl', 'rseries_r1e31_u0155.pt', 'affordable_from', 3077, 'reg', 'span_s', 1.4, 'rockets_after', 0)
('play_20261006_205835.jsonl', 'rseries_r1e31_u0155.pt', 'affordable_from', 4079, 'ot', 'span_s', 56.6, 'rockets_after', 0)
('play_20261006_211401.jsonl', 'rseries_r1e31_u0155.pt', 'affordable_from', 4351, 'ot', 'span_s', 0.5, 'rockets_after', 0)
('play_20261007_121139.jsonl', 'rseries_r1e31_u0155.pt', 4753, {'L': 1231, 'R': 477}, 'R', 0.266)
('play_20261007_121139.jsonl', 'rseries_r1e31_u0155.pt', 5598, {'L': 983, 'R': 110}, 'R', 0.266)
('play_20261007_121139.jsonl', 'rseries_r1e31_u0155.pt', 'affordable_from', 3989, 'ot', 'span_s', 80.5, 'rockets_after', 2)
('play_20261007_124908.jsonl', 'rseries_r1e31_u0155.pt', 'affordable_from', 4418, 'ot', 'span_s', 27.9, 'rockets_after', 0)
('play_20261007_184711.jsonl', 'rseries_r1e31_u0155.pt', 'affordable_from', 6200, 'ot', 'span_s', 0.5, 'rockets_after', 0)
('play_20261007_185231.jsonl', 'rseries_r1e31_u0155.pt', 'affordable_from', 3748, 'ot', 'span_s', 20.1, 'rockets_after', 0)
('play_20261007_185632.jsonl', 'rseries_r1e31_u0155.pt', 'affordable_from', 5555, 'ot', 'span_s', 0.5, 'rockets_after', 0)
('play_20261007_193113.jsonl', 'rseries_r1e31_u0155.pt', 'affordable_from', 2464, 'reg', 'span_s', 3.7, 'rockets_after', 0)
('play_20261007_193431.jsonl', 'rseries_r1e31_u0155.pt', 'affordable_from', 1825, 'reg', 'span_s', 44.2, 'rockets_after', 0)
('play_20261007_193710.jsonl', 'rseries_r1e31_u0155.pt', 'affordable_from', 1145, 'reg', 'span_s', 62.8, 'rockets_after', 0)
('play_20261007_194026.jsonl', 'rseries_r1e31_u0155.pt', 5187, {'R': 2754, 'L': 331}, 'L', 0.266)
('play_20261007_194026.jsonl', 'rseries_r1e31_u0155.pt', 'affordable_from', 4512, 'ot', 'span_s', 33.8, 'rockets_after', 1)
('play_20261007_194508.jsonl', 'rseries_r1e31_u0155.pt', 'affordable_from', 3147, 'reg', 'span_s', 0.5, 'rockets_after', 0)
('play_20261007_201246.jsonl', 'rseries_r1e31_u0155.pt', 'affordable_from', 2050, 'reg', 'span_s', 68.0, 'rockets_after', 0)
('play_20261007_203940.jsonl', 'rseries_r1e31_u0155.pt', 'affordable_from', 2471, 'reg', 'span_s', 7.6, 'rockets_after', 0)
('play_20261007_204257.jsonl', 'rseries_r1e31_u0155.pt', 'affordable_from', 3553, 'reg', 'span_s', 0.5, 'rockets_after', 0)
('play_20261007_204603.jsonl', 'rseries_r1e31_u0155.pt', 'affordable_from', 2418, 'reg', 'span_s', 53.0, 'rockets_after', 0)
('play_20261007_204922.jsonl', 'rseries_r1e31_u0155.pt', 'affordable_from', 1435, 'reg', 'span_s', 54.1, 'rockets_after', 0)
('play_20261007_211825.jsonl', 'rseries_r2l_u0120.pt', 'affordable_from', 5127, 'ot', 'span_s', 0.0, 'rockets_after', 0)
('play_20261007_212614.jsonl', 'rseries_r2l_u0120.pt', 'affordable_from', 2064, 'reg', 'span_s', 72.2, 'rockets_after', 0)
('play_20261007_213655.jsonl', 'rseries_r1e31_u0155.pt', 'affordable_from', 3357, 'reg', 'span_s', 6.2, 'rockets_after', 0)
('play_20261007_220747.jsonl', 'rseries_r1e31_u0155.pt', 'affordable_from', 2827, 'reg', 'span_s', 0.7, 'rockets_after', 0)
('play_20261007_221758.jsonl', 'rseries_r1e31_u0155.pt', 'affordable_from', 3598, 'reg', 'span_s', 36.5, 'rockets_after', 0)
('play_20261007_223000.jsonl', 'rseries_r1e31_u0155.pt', 3959, {'L': 1306, 'R': 406}, 'L', 0.266)
('play_20261007_223000.jsonl', 'rseries_r1e31_u0155.pt', 'affordable_from', 3959, 'ot', 'span_s', 0.0, 'rockets_after', 1)
('play_20261008_000526.jsonl', 'rseries_r1e31_u0155.pt', 'affordable_from', 3046, 'reg', 'span_s', 0.0, 'rockets_after', 0)
('play_20261008_003333.jsonl', 'rseries_r1e31_u0155.pt', 'affordable_from', 2901, 'reg', 'span_s', 1.7, 'rockets_after', 0)
('play_20261008_003700.jsonl', 'rseries_r1e31_u0155.pt', 'affordable_from', 6149, 'ot', 'span_s', 0.3, 'rockets_after', 0)
('play_20261008_005958.jsonl', 'rseries_r1e31_u0155.pt', 'affordable_from', 3223, 'reg', 'span_s', 48.5, 'rockets_after', 0)
('play_20261008_010911.jsonl', 'rseries_r1e31_u0155.pt', 'affordable_from', 1200, 'reg', 'span_s', 3.0, 'rockets_after', 0)
('play_20261008_013301.jsonl', 'rseries_r1e31_u0155.pt', 'affordable_from', 2862, 'reg', 'span_s', 0.5, 'rockets_after', 0)
('play_20261008_014423.jsonl', 'rseries_r1e31_u0155.pt', 'affordable_from', 1921, 'reg', 'span_s', 1.5, 'rockets_after', 0)
('play_20261008_015121.jsonl', 'rseries_r1e31_u0155.pt', 'affordable_from', 3895, 'ot', 'span_s', 19.7, 'rockets_after', 0)
('play_20261008_015852.jsonl', 'rseries_r1e31_u0155.pt', 'affordable_from', 2439, 'reg', 'span_s', 1.9, 'rockets_after', 0)
('play_20261008_020623.jsonl', 'rseries_r1e31_u0155.pt', 'affordable_from', 2916, 'reg', 'span_s', 1.4, 'rockets_after', 0)
('play_20261008_024837.jsonl', 'rseries_r1e31_u0155.pt', 2453, {'R': 238, 'L': 3895}, 'R', 0.266)
('play_20261008_024837.jsonl', 'rseries_r1e31_u0155.pt', 'affordable_from', 2445, 'reg', 'span_s', 0.4, 'rockets_after', 1)
('play_20261008_031437.jsonl', 'rseries_r1e31_u0155.pt', 'affordable_from', 1735, 'reg', 'span_s', 38.4, 'rockets_after', 0)
('play_20261008_032136.jsonl', 'rseries_r1e31_u0155.pt', 'affordable_from', 3122, 'reg', 'span_s', 27.6, 'rockets_after', 0)
('play_20261008_032447.jsonl', 'rseries_r1e31_u0155.pt', 6199, {'L': 309, 'R': 753}, 'R', 0.266)
('play_20261008_032447.jsonl', 'rseries_r1e31_u0155.pt', 'affordable_from', 6193, 'ot', 'span_s', 0.3, 'rockets_after', 1)
('play_20261008_040905.jsonl', 'rseries_r3c_u0030_barrel2k_cellref.pt', 'affordable_from', 2946, 'reg', 'span_s', 3.2, 'rockets_after', 0)
('play_20261008_041224.jsonl', 'rseries_r3c_u0030_barrel2k_cellref.pt', 2626, {'R': 384, 'L': 4424}, 'R', 0.266)
('play_20261008_041224.jsonl', 'rseries_r3c_u0030_barrel2k_cellref.pt', 'affordable_from', 2618, 'reg', 'span_s', 0.4, 'rockets_after', 1)
('play_20261008_041536.jsonl', 'rseries_r3c_u0030_barrel2k_cellref.pt', 'affordable_from', 2521, 'reg', 'span_s', 1.0, 'rockets_after', 0)
('play_20261008_041846.jsonl', 'rseries_r3c_u0030_barrel2k_cellref.pt', 1931, {'R': 4424, 'L': 261}, 'L', 0.172)
('play_20261008_041846.jsonl', 'rseries_r3c_u0030_barrel2k_cellref.pt', 'affordable_from', 1571, 'reg', 'span_s', 18.0, 'rockets_after', 1)
('play_20261008_042832.jsonl', 'rseries_r3c_u0030_barrel2k_cellref.pt', 'affordable_from', 2579, 'reg', 'span_s', 9.6, 'rockets_after', 0)
('play_20261008_044029.jsonl', 'rseries_r3c_u0030_barrel2k_cellref.pt', 'affordable_from', 2748, 'reg', 'span_s', 45.0, 'rockets_after', 0)
('play_20261008_045649.jsonl', 'rseries_r3c_u0030_barrel2k_cellref.pt', 'affordable_from', 1096, 'reg', 'span_s', 7.8, 'rockets_after', 0)
('play_20261008_050135.jsonl', 'rseries_r3c_u0030_barrel2k_cellref.pt', 2852, {'R': 108, 'L': 4424}, 'L', 0.172)
('play_20261008_050135.jsonl', 'rseries_r3c_u0030_barrel2k_cellref.pt', 'affordable_from', 2437, 'reg', 'span_s', 60.9, 'rockets_after', 1)
('play_20261008_050511.jsonl', 'rseries_r3c_u0030_barrel2k_cellref.pt', 2669, {'R': 1876, 'L': 386}, 'L', 0.172)
('play_20261008_050511.jsonl', 'rseries_r3c_u0030_barrel2k_cellref.pt', 'affordable_from', 2485, 'reg', 'span_s', 9.2, 'rockets_after', 1)
('play_20261008_051147.jsonl', 'rseries_r3c_u0030_barrel2k_cellref.pt', 5107, {'R': 1346, 'L': 203}, 'L', 0.266)
('play_20261008_051147.jsonl', 'rseries_r3c_u0030_barrel2k_cellref.pt', 'affordable_from', 5095, 'ot', 'span_s', 0.6, 'rockets_after', 1)
('play_20261008_052647.jsonl', 'rseries_r3c_u0030_barrel2k_cellref.pt', 5417, {'R': 1295, 'L': 293}, 'L', 0.266)
('play_20261008_052647.jsonl', 'rseries_r3c_u0030_barrel2k_cellref.pt', 'affordable_from', 5015, 'ot', 'span_s', 20.1, 'rockets_after', 1)
('play_20261008_064904.jsonl', 'rseries_r3c_u0030_barrel2k_cellref.pt', 5739, {'R': 2052, 'L': 221}, 'L', 0.266)
('play_20261008_064904.jsonl', 'rseries_r3c_u0030_barrel2k_cellref.pt', 5803, {'R': 2052, 'L': 221}, 'L', 0.266)
('play_20261008_064904.jsonl', 'rseries_r3c_u0030_barrel2k_cellref.pt', 'affordable_from', 5298, 'ot', 'span_s', 25.2, 'rockets_after', 2)
('play_20261008_065416.jsonl', 'rseries_r3c_u0030_barrel2k_cellref.pt', 'affordable_from', 3080, 'reg', 'span_s', 121.8, 'rockets_after', 0)
('play_20261008_070144.jsonl', 'rseries_r3c_u0030_barrel2k_cellref.pt', 'affordable_from', 2589, 'reg', 'span_s', 10.8, 'rockets_after', 0)
('play_20261008_070456.jsonl', 'rseries_r3c_u0030_barrel2k_cellref.pt', 3612, {'L': 1818, 'R': 72}, 'R', 0.266)
('play_20261008_070456.jsonl', 'rseries_r3c_u0030_barrel2k_cellref.pt', 'affordable_from', 3382, 'reg', 'span_s', 11.5, 'rockets_after', 1)
('play_20261008_070820.jsonl', 'rseries_r3c_u0030_barrel2k_cellref.pt', 'affordable_from', 3618, 'ot', 'span_s', 1.4, 'rockets_after', 0)
('play_20261008_071136.jsonl', 'rseries_r3c_u0030_barrel2k_cellref.pt', 'affordable_from', 2437, 'reg', 'span_s', 57.6, 'rockets_after', 0)
('play_20261008_072007.jsonl', 'rseries_r3c_u0030_barrel2k_cellref.pt', 'affordable_from', 3721, 'ot', 'span_s', 101.8, 'rockets_after', 0)
('play_20261008_073317.jsonl', 'rseries_r3c_u0030_barrel2k_cellref.pt', 'affordable_from', 2366, 'reg', 'span_s', 1.5, 'rockets_after', 0)
('play_20261008_074255.jsonl', 'rseries_r3c_u0030_barrel2k_cellref.pt', 'affordable_from', 3047, 'reg', 'span_s', 1.6, 'rockets_after', 0)
('play_20261008_075106.jsonl', 'rseries_r3c_u0030_barrel2k_cellref.pt', 'affordable_from', 2673, 'reg', 'span_s', 8.3, 'rockets_after', 0)
('play_20261008_080911.jsonl', 'rseries_r3c_u0030_barrel2k_cellref.pt', 3718, {'L': 159, 'R': 2747}, 'L', 0.266)
('play_20261008_080911.jsonl', 'rseries_r3c_u0030_barrel2k_cellref.pt', 'affordable_from', 3694, 'ot', 'span_s', 1.2, 'rockets_after', 1)
('play_20261008_082953.jsonl', 'rseries_r3c_u0030_barrel2k_cellref.pt', 1375, {'R': 406, 'L': 4424}, 'R', 0.234)
('play_20261008_082953.jsonl', 'rseries_r3c_u0030_barrel2k_cellref.pt', 'affordable_from', 1287, 'reg', 'span_s', 4.4, 'rockets_after', 1)
('play_20261008_083620.jsonl', 'rseries_r3c_u0030_barrel2k_cellref.pt', 'affordable_from', 1868, 'reg', 'span_s', 1.5, 'rockets_after', 0)
('play_20261008_083933.jsonl', 'rseries_r3c_u0030_barrel2k_cellref.pt', 'affordable_from', 4922, 'ot', 'span_s', 1.0, 'rockets_after', 0)
('play_20261008_085303.jsonl', 'rseries_r3c_u0030_barrel2k_cellref.pt', 'affordable_from', 1735, 'reg', 'span_s', 0.1, 'rockets_after', 0)
('play_20261008_092112.jsonl', 'rseries_r3c_u0030_barrel2k_cellref.pt', 'affordable_from', 4700, 'ot', 'span_s', 5.7, 'rockets_after', 0)
('play_20261008_092901.jsonl', 'rseries_r3c_u0030_barrel2k_cellref.pt', 'affordable_from', 1717, 'reg', 'span_s', 44.9, 'rockets_after', 0)
('play_20261008_094513.jsonl', 'rseries_r3c_u0030_barrel2k_cellref.pt', 2390, {'L': 3836, 'R': 310}, 'R', 0.172)
('play_20261008_094513.jsonl', 'rseries_r3c_u0030_barrel2k_cellref.pt', 'affordable_from', 1975, 'reg', 'span_s', 20.8, 'rockets_after', 1)
('play_20261008_094832.jsonl', 'rseries_r3c_u0030_barrel2k_cellref.pt', 3526, {'R': 194, 'L': 3196}, 'R', 0.234)
('play_20261008_094832.jsonl', 'rseries_r3c_u0030_barrel2k_cellref.pt', 'affordable_from', 2804, 'reg', 'span_s', 36.1, 'rockets_after', 1)
('play_20261008_101124.jsonl', 'rseries_r3c_u0030_barrel2k_cellref.pt', 'affordable_from', 1855, 'reg', 'span_s', 57.0, 'rockets_after', 0)
('play_20261008_104131.jsonl', 'rseries_r3c_u0030_barrel2k_cellref.pt', 'affordable_from', 1631, 'reg', 'span_s', 0.5, 'rockets_after', 0)
('play_20261008_104506.jsonl', 'rseries_r3c_u0030_barrel2k_cellref.pt', 'affordable_from', 3224, 'reg', 'span_s', 11.5, 'rockets_after', 0)
('play_20261008_104820.jsonl', 'rseries_r3c_u0030_barrel2k_cellref.pt', 'affordable_from', 2660, 'reg', 'span_s', 1.0, 'rockets_after', 0)
('play_20261008_105138.jsonl', 'rseries_r3c_u0030_barrel2k_cellref.pt', 'affordable_from', 2200, 'reg', 'span_s', 1.2, 'rockets_after', 0)
('play_20261008_110517.jsonl', 'rseries_r3c_u0030_barrel2k_cellref.pt', 'affordable_from', 1959, 'reg', 'span_s', 9.1, 'rockets_after', 0)
('play_20261008_112455.jsonl', 'rseries_r3c_u0030_barrel2k_cellref.pt', 3990, {'R': 210, 'L': 1302}, 'L', 0.266)
('play_20261008_112455.jsonl', 'rseries_r3c_u0030_barrel2k_cellref.pt', 'affordable_from', 3948, 'ot', 'span_s', 22.9, 'rockets_after', 1)
('play_20261008_121128.jsonl', 'rseries_r3c_u0030_barrel2k_cellref.pt', 'affordable_from', 1985, 'reg', 'span_s', 0.6, 'rockets_after', 0)
('play_20261008_124105.jsonl', 'rseries_r3c_u0030_barrel2k_cellref.pt', 6165, {'R': 962, 'L': 373}, 'R', 0.234)
('play_20261008_124105.jsonl', 'rseries_r3c_u0030_barrel2k_cellref.pt', 'affordable_from', 6115, 'ot', 'span_s', 2.5, 'rockets_after', 1)
('play_20261008_124644.jsonl', 'rseries_r3c_u0030_barrel2k_cellref.pt', 6154, {'R': 375}, 'L', 0.234)
('play_20261008_124644.jsonl', 'rseries_r3c_u0030_barrel2k_cellref.pt', 'affordable_from', 6094, 'ot', 'span_s', 3.0, 'rockets_after', 1)
('play_20261008_125939.jsonl', 'rseries_r3c_u0030_barrel2k_cellref.pt', 'affordable_from', 4038, 'ot', 'span_s', 1.5, 'rockets_after', 0)
('play_20261008_131352.jsonl', 'rseries_r3c_u0030_barrel2k_cellref_tower', 4304, {'R': 1092, 'L': 453}, 'R', 0.234)
('play_20261008_131352.jsonl', 'rseries_r3c_u0030_barrel2k_cellref_tower', 5073, {'R': 472, 'L': 453}, 'R', 0.234)
('play_20261008_131352.jsonl', 'rseries_r3c_u0030_barrel2k_cellref_tower', 'affordable_from', 3851, 'ot', 'span_s', 61.1, 'rockets_after', 2)
('play_20261008_132358.jsonl', 'rseries_r3c_u0030_barrel2k_cellref_tower', 4738, {'R': 230, 'L': 4271}, 'R', 0.234)
('play_20261008_132358.jsonl', 'rseries_r3c_u0030_barrel2k_cellref_tower', 'affordable_from', 4725, 'ot', 'span_s', 0.7, 'rockets_after', 1)
