('OT', 'no_rocket') 8
('OT', 'rocket_elsewhere') 6
('OT', 'rocket_lethal') 15
('reg', 'no_rocket') 55
('reg', 'rocket_elsewhere') 1
('reg', 'rocket_lethal') 8
('play_20261005_0', 'rseries_r1e31_u0155.pt', 'OT', 4319, 1.9, {'R': 1, 'L': 1293}, 'rocket_lethal', 'other_plays', 0, [])
('play_20261005_0', 'rseries_r1e31_u0155.pt', 'OT', 6157, 0.0, {'R': 180, 'L': 234}, 'rocket_lethal', 'other_plays', 0, [])
('play_20261005_0', 'rseries_r1e31_u0155.pt', 'reg', 3037, 3.1, {'R': 315, 'L': 4032}, 'no_rocket', 'other_plays', 1, ['Xbow'])
('play_20261005_0', 'rseries_r1e31_u0155.pt', 'OT', 5195, 3.2, {'R': 478, 'L': 890}, 'rocket_lethal', 'other_plays', 0, [])
('play_20261005_0', 'rseries_r1e31_u0155.pt', 'OT', 5088, 4.5, {'L': 1579, 'R': 317}, 'no_rocket', 'other_plays', 3, ['Skeletons', 'Knight', 'Xbow'])
('play_20261005_0', 'rseries_r1e31_u0155.pt', 'reg', 2955, 7.8, {'R': 343, 'L': 4137}, 'no_rocket', 'other_plays', 3, ['Skeletons', 'Knight', 'IceWizard'])
('play_20261005_0', 'rseries_r1e31_u0155.pt', 'reg', 3149, 5.5, {'R': 343, 'L': 4137}, 'no_rocket', 'other_plays', 2, ['Log', 'Tesla'])
('play_20261005_0', 'rseries_r1e31_u0155.pt', 'reg', 1697, 6.4, {'R': 476, 'L': 4424}, 'no_rocket', 'other_plays', 2, ['IceWizard', 'Tesla'])
('play_20261005_0', 'rseries_r1e31_u0155.pt', 'reg', 2277, 4.8, {'R': 288, 'L': 4188}, 'no_rocket', 'other_plays', 1, ['Xbow'])
('play_20261005_1', 'rseries_r1e31_u0155.pt', 'reg', 1703, 3.7, {'R': 4424, 'L': 389}, 'no_rocket', 'other_plays', 1, ['Xbow'])
('play_20261005_1', 'rseries_r1e31_u0155.pt', 'reg', 2403, 6.1, {'R': 758, 'L': 389}, 'no_rocket', 'other_plays', 3, ['IceWizard', 'Skeletons', 'Log'])
('play_20261005_1', 'rseries_r1e31_u0155.pt', 'reg', 3272, 3.6, {'R': 758, 'L': 220}, 'no_rocket', 'other_plays', 1, ['Xbow'])
('play_20261006_1', 'rseries_r1e31_u0155.pt', 'OT', 3866, 2.4, {'L': 3052, 'R': 137}, 'rocket_elsewhere', 'other_plays', 0, [])
('play_20261006_1', 'candidate.pt', 'OT', 4757, 4.2, {'L': 1589, 'R': 235}, 'no_rocket', 'other_plays', 2, ['Xbow', 'Xbow'])
('play_20261006_1', 'candidate.pt', 'reg', 1130, 6.6, {'R': 159, 'L': 4373}, 'no_rocket', 'other_plays', 1, ['IceWizard'])
('play_20261006_1', 'candidate.pt', 'reg', 1301, 4.9, {'R': 159, 'L': 4373}, 'no_rocket', 'other_plays', 1, ['Tesla'])
('play_20261006_1', 'candidate.pt', 'reg', 1753, 7.6, {'R': 159, 'L': 4373}, 'no_rocket', 'other_plays', 1, ['Xbow'])
('play_20261006_1', 'candidate.pt', 'reg', 3245, 4.5, {'R': 159, 'L': 609}, 'no_rocket', 'other_plays', 3, ['Log', 'Skeletons', 'Knight'])
('play_20261006_1', 'candidate.pt', 'OT', 5183, 0.0, {'R': 108}, 'rocket_lethal', 'other_plays', 0, [])
('play_20261006_1', 'rseries_r1e31_u0155.pt', 'reg', 2475, 8.0, {'R': 203, 'L': 4424}, 'no_rocket', 'other_plays', 4, ['Log', 'Skeletons', 'Knight', 'IceWizard'])
('play_20261006_1', 'rseries_r1e31_u0155.pt', 'reg', 2835, 15.1, {'R': 152, 'L': 4424}, 'no_rocket', 'other_plays', 5, ['Log', 'Skeletons', 'Knight', 'IceWizard', 'Tesla'])
('play_20261006_1', 'rseries_r1e31_u0155.pt', 'reg', 2484, 3.6, {'R': 1502, 'L': 433}, 'no_rocket', 'other_plays', 2, ['Knight', 'IceWizard'])
('play_20261006_1', 'rseries_r1e31_u0155.pt', 'reg', 2728, 4.1, {'R': 4137, 'L': 444}, 'no_rocket', 'other_plays', 2, ['Knight', 'Xbow'])
('play_20261006_1', 'rseries_r1e31_u0155.pt', 'reg', 1377, 5.9, {'R': 61, 'L': 4424}, 'no_rocket', 'other_plays', 1, ['IceWizard'])
('play_20261006_1', 'rseries_r1e31_u0155.pt', 'reg', 1934, 10.2, {'R': 61, 'L': 4424}, 'no_rocket', 'other_plays', 1, ['Xbow'])
('play_20261006_1', 'rseries_r1e31_u0155.pt', 'reg', 1786, 15.9, {'R': 4424, 'L': 402}, 'no_rocket', 'other_plays', 3, ['IceWizard', 'Knight', 'Tesla'])
('play_20261006_1', 'rseries_r1e31_u0155.pt', 'reg', 1105, 7.1, {'R': 4373, 'L': 453}, 'no_rocket', 'other_plays', 1, ['Xbow'])
('play_20261006_1', 'rseries_r1e31_u0155.pt', 'reg', 1950, 9.2, {'R': 598, 'L': 453}, 'no_rocket', 'other_plays', 1, ['Xbow'])
('play_20261006_1', 'rseries_r1e31_u0155.pt', 'reg', 2699, 6.6, {'L': 453}, 'no_rocket', 'other_plays', 3, ['Knight', 'Skeletons', 'Xbow'])
('play_20261006_1', 'rseries_r1e31_u0155.pt', 'reg', 2069, 8.6, {'R': 4032, 'L': 210}, 'no_rocket', 'other_plays', 2, ['IceWizard', 'Xbow'])
('play_20261006_1', 'rseries_r1e31_u0155.pt', 'OT', 3939, 1.3, {'R': 4858, 'L': 27}, 'rocket_lethal', 'other_plays', 0, [])
('play_20261007_1', 'rseries_r1e31_u0155.pt', 'OT', 4601, 7.6, {'L': 1266, 'R': 477}, 'rocket_lethal', 'other_plays', 2, ['Log', 'Skeletons'])
('play_20261007_1', 'rseries_r1e31_u0155.pt', 'OT', 5598, 0.0, {'L': 983, 'R': 110}, 'rocket_lethal', 'other_plays', 0, [])
('play_20261007_1', 'rseries_r1e31_u0155.pt', 'reg', 2464, 3.7, {'R': 3792, 'L': 106}, 'no_rocket', 'other_plays', 1, ['Xbow'])
('play_20261007_1', 'rseries_r1e31_u0155.pt', 'reg', 1145, 5.9, {'R': 4424, 'L': 14}, 'no_rocket', 'other_plays', 1, ['Xbow'])
('play_20261007_1', 'rseries_r1e31_u0155.pt', 'reg', 2330, 3.5, {'R': 845, 'L': 14}, 'no_rocket', 'other_plays', 1, ['Xbow'])
('play_20261007_1', 'rseries_r1e31_u0155.pt', 'OT', 5177, 0.5, {'R': 2754, 'L': 331}, 'rocket_lethal', 'other_plays', 0, [])
('play_20261007_2', 'rseries_r1e31_u0155.pt', 'reg', 2471, 7.6, {'R': 4322, 'L': 257}, 'no_rocket', 'other_plays', 2, ['Knight', 'Xbow'])
('play_20261007_2', 'rseries_r1e31_u0155.pt', 'reg', 1435, 12.7, {'R': 493, 'L': 4424}, 'no_rocket', 'other_plays', 2, ['Knight', 'IceWizard'])
('play_20261007_2', 'rseries_r1e31_u0155.pt', 'reg', 2058, 4.1, {'R': 493, 'L': 2163}, 'no_rocket', 'other_plays', 1, ['Tesla'])
('play_20261007_2', 'rseries_r2l_u0120.pt', 'reg', 2064, 3.7, {'R': 4424, 'L': 268}, 'no_rocket', 'other_plays', 1, ['IceWizard'])
('play_20261007_2', 'rseries_r2l_u0120.pt', 'reg', 2226, 10.4, {'R': 4424, 'L': 268}, 'no_rocket', 'other_plays', 2, ['Knight', 'Tesla'])
('play_20261007_2', 'rseries_r2l_u0120.pt', 'reg', 2892, 7.4, {'R': 4424, 'L': 181}, 'no_rocket', 'other_plays', 3, ['Skeletons', 'IceWizard', 'Knight'])
('play_20261007_2', 'rseries_r1e31_u0155.pt', 'OT', 3959, 0.0, {'L': 1306, 'R': 406}, 'rocket_elsewhere', 'other_plays', 0, [])
('play_20261008_0', 'rseries_r1e31_u0155.pt', 'reg', 3560, 5.2, {'R': 4322, 'L': 221}, 'no_rocket', 'other_plays', 2, ['Skeletons', 'Xbow'])
('play_20261008_0', 'rseries_r1e31_u0155.pt', 'OT', 4100, 4.7, {'R': 4322, 'L': 221}, 'no_rocket', 'other_plays', 2, ['Skeletons', 'Xbow'])
('play_20261008_0', 'rseries_r1e31_u0155.pt', 'reg', 1200, 3.0, {'R': 159, 'L': 4424}, 'no_rocket', 'other_plays', 0, [])
('play_20261008_0', 'rseries_r1e31_u0155.pt', 'OT', 3895, 7.6, {'R': 896, 'L': 124}, 'no_rocket', 'other_plays', 3, ['Skeletons', 'IceWizard', 'Knight'])
('play_20261008_0', 'rseries_r1e31_u0155.pt', 'OT', 4195, 4.7, {'R': 896, 'L': 124}, 'no_rocket', 'other_plays', 3, ['Log', 'Skeletons', 'IceWizard'])
('play_20261008_0', 'rseries_r1e31_u0155.pt', 'reg', 2445, 0.4, {'R': 336, 'L': 3895}, 'rocket_lethal', 'other_plays', 0, [])
('play_20261008_0', 'rseries_r1e31_u0155.pt', 'reg', 1735, 5.4, {'L': 25, 'R': 4424}, 'no_rocket', 'other_plays', 1, ['Xbow'])
('play_20261008_0', 'rseries_r1e31_u0155.pt', 'OT', 6193, 0.3, {'L': 309, 'R': 753}, 'rocket_elsewhere', 'other_plays', 0, [])
('play_20261008_0', '0030_barrel2k_cellref.pt', 'reg', 2946, 3.2, {'R': 4271, 'L': 83}, 'no_rocket', 'other_plays', 1, ['Xbow'])
('play_20261008_0', '0030_barrel2k_cellref.pt', 'reg', 2618, 0.4, {'R': 482, 'L': 4424}, 'rocket_lethal', 'other_plays', 0, [])
('play_20261008_0', '0030_barrel2k_cellref.pt', 'reg', 1571, 3.5, {'R': 4424, 'L': 261}, 'no_rocket', 'other_plays', 2, ['Skeletons', 'Knight'])
('play_20261008_0', '0030_barrel2k_cellref.pt', 'reg', 1791, 7.0, {'R': 4424, 'L': 261}, 'rocket_lethal', 'other_plays', 0, [])
('play_20261008_0', '0030_barrel2k_cellref.pt', 'reg', 2579, 3.5, {'R': 493, 'L': 4137}, 'no_rocket', 'other_plays', 1, ['Xbow'])
('play_20261008_0', '0030_barrel2k_cellref.pt', 'reg', 2748, 4.5, {'R': 453, 'L': 4424}, 'no_rocket', 'other_plays', 2, ['IceWizard', 'Tesla'])
('play_20261008_0', '0030_barrel2k_cellref.pt', 'reg', 3198, 6.6, {'R': 453, 'L': 4424}, 'no_rocket', 'other_plays', 3, ['Skeletons', 'IceWizard', 'Log'])
('play_20261008_0', '0030_barrel2k_cellref.pt', 'reg', 1096, 7.8, {'R': 241, 'L': 3918}, 'no_rocket', 'other_plays', 1, ['Xbow'])
('play_20261008_0', '0030_barrel2k_cellref.pt', 'reg', 2605, 7.7, {'R': 108, 'L': 4424}, 'no_rocket', 'other_plays', 3, ['IceWizard', 'Skeletons', 'Knight'])
('play_20261008_0', '0030_barrel2k_cellref.pt', 'reg', 2799, 2.6, {'R': 108, 'L': 4424}, 'rocket_elsewhere', 'other_plays', 0, [])
('play_20261008_0', '0030_barrel2k_cellref.pt', 'reg', 3528, 6.3, {'R': 108, 'L': 3927}, 'no_rocket', 'other_plays', 2, ['Xbow', 'Tesla'])
('play_20261008_0', '0030_barrel2k_cellref.pt', 'reg', 2595, 3.7, {'R': 1876, 'L': 386}, 'rocket_lethal', 'other_plays', 0, [])
('play_20261008_0', '0030_barrel2k_cellref.pt', 'OT', 5095, 0.6, {'R': 1346, 'L': 450}, 'rocket_lethal', 'other_plays', 0, [])
('play_20261008_0', '0030_barrel2k_cellref.pt', 'OT', 5405, 0.6, {'R': 1295, 'L': 293}, 'rocket_lethal', 'other_plays', 0, [])
('play_20261008_0', '0030_barrel2k_cellref.pt', 'OT', 5577, 3.6, {'R': 2052, 'L': 272}, 'no_rocket', 'other_plays', 2, ['IceWizard', 'Tesla'])
('play_20261008_0', '0030_barrel2k_cellref.pt', 'OT', 5727, 3.8, {'R': 2052, 'L': 221}, 'rocket_lethal', 'other_plays', 0, [])
('play_20261008_0', '0030_barrel2k_cellref.pt', 'reg', 3171, 3.4, {'R': 1331, 'L': 112}, 'no_rocket', 'other_plays', 1, ['Xbow'])
('play_20261008_0', '0030_barrel2k_cellref.pt', 'reg', 2589, 10.8, {'R': 348, 'L': 4424}, 'no_rocket', 'other_plays', 4, ['IceWizard', 'Skeletons', 'Tesla', 'Xbow'])
('play_20261008_0', '0030_barrel2k_cellref.pt', 'reg', 3546, 3.3, {'L': 2464, 'R': 123}, 'rocket_lethal', 'other_plays', 0, [])
('play_20261008_0', '0030_barrel2k_cellref.pt', 'reg', 2437, 3.1, {'R': 351, 'L': 4424}, 'no_rocket', 'other_plays', 1, ['Xbow'])
('play_20261008_0', '0030_barrel2k_cellref.pt', 'OT', 4131, 4.9, {'R': 475, 'L': 1092}, 'no_rocket', 'other_plays', 3, ['Log', 'Skeletons', 'IceWizard'])
('play_20261008_0', '0030_barrel2k_cellref.pt', 'reg', 2673, 8.3, {'L': 3918, 'R': 448}, 'no_rocket', 'other_plays', 3, ['Skeletons', 'Tesla', 'Xbow'])
('play_20261008_0', '0030_barrel2k_cellref.pt', 'OT', 3694, 1.2, {'L': 453, 'R': 2747}, 'rocket_lethal', 'other_plays', 0, [])
('play_20261008_0', '0030_barrel2k_cellref.pt', 'reg', 1287, 4.4, {'R': 406, 'L': 4424}, 'rocket_lethal', 'other_plays', 0, [])
('play_20261008_0', '0030_barrel2k_cellref.pt', 'reg', 1717, 5.7, {'R': 406, 'L': 4373}, 'no_rocket', 'other_plays', 1, ['Xbow'])
('play_20261008_0', '0030_barrel2k_cellref.pt', 'reg', 2400, 4.2, {'R': 406, 'L': 1335}, 'no_rocket', 'other_plays', 1, ['Xbow'])
('play_20261008_0', '0030_barrel2k_cellref.pt', 'reg', 2544, 3.5, {'R': 406, 'L': 1335}, 'no_rocket', 'other_plays', 2, ['Skeletons', 'IceWizard'])
('play_20261008_0', '0030_barrel2k_cellref.pt', 'reg', 1975, 6.9, {'L': 3836, 'R': 428}, 'no_rocket', 'other_plays', 1, ['Xbow'])
('play_20261008_0', '0030_barrel2k_cellref.pt', 'reg', 2318, 3.6, {'L': 3836, 'R': 310}, 'rocket_lethal', 'other_plays', 0, [])
('play_20261008_0', '0030_barrel2k_cellref.pt', 'reg', 3500, 1.3, {'R': 194, 'L': 3196}, 'rocket_lethal', 'other_plays', 0, [])
('play_20261008_1', '0030_barrel2k_cellref.pt', 'reg', 1855, 24.9, {'R': 28, 'L': 4013}, 'no_rocket', 'other_plays', 2, ['Knight', 'Xbow'])
('play_20261008_1', '0030_barrel2k_cellref.pt', 'reg', 2564, 3.3, {'R': 28, 'L': 4013}, 'no_rocket', 'other_plays', 1, ['Tesla'])
('play_20261008_1', '0030_barrel2k_cellref.pt', 'reg', 2678, 15.8, {'R': 28, 'L': 4013}, 'no_rocket', 'other_plays', 4, ['Skeletons', 'Knight', 'Log', 'IceWizard'])
('play_20261008_1', '0030_barrel2k_cellref.pt', 'reg', 1959, 9.1, {'R': 4424, 'L': 10}, 'no_rocket', 'other_plays', 2, ['Knight', 'Tesla'])
('play_20261008_1', '0030_barrel2k_cellref.pt', 'OT', 3948, 2.1, {'R': 210, 'L': 1302}, 'rocket_elsewhere', 'other_plays', 0, [])
('play_20261008_1', '0030_barrel2k_cellref.pt', 'OT', 6115, 2.5, {'R': 1050, 'L': 461}, 'rocket_elsewhere', 'other_plays', 0, [])
('play_20261008_1', '0030_barrel2k_cellref.pt', 'OT', 6094, 3.0, {'R': 749, 'L': 374}, 'rocket_lethal', 'other_plays', 0, [])
('play_20261008_1', 'rrel2k_cellref_towerref_', 'OT', 3968, 5.0, {'R': 1092, 'L': 453}, 'no_rocket', 'other_plays', 2, ['Knight', 'IceWizard'])
('play_20261008_1', 'rrel2k_cellref_towerref_', 'OT', 4274, 1.5, {'R': 1092, 'L': 453}, 'rocket_elsewhere', 'other_plays', 0, [])
('play_20261008_1', 'rrel2k_cellref_towerref_', 'OT', 5073, 0.0, {'R': 472, 'L': 453}, 'rocket_lethal', 'other_plays', 0, [])
('play_20261008_1', 'rrel2k_cellref_towerref_', 'OT', 4725, 0.7, {'R': 426, 'L': 4271}, 'rocket_lethal', 'other_plays', 0, [])
