C:\Users\benpe\ClashBot\pipeline\model_v3.py:66: UserWarning: enable_nested_tensor is True, but self.use_nested_tensor is False because encoder_layer.norm_first was True
  self.encoder = nn.TransformerEncoder(enc, layers)
C:\Users\benpe\ClashBot\pipeline\train_s1.py:206: UserWarning: Converting a tensor with requires_grad=True to a scalar may lead to unexpected behavior.
Consider using tensor.detach() first. (Triggered internally at C:\actions-runner\_work\pytorch\pytorch\pytorch\torch\csrc\autograd\generated\python_variable_methods.cpp:837.)
  tot += float(loss); nb += 1
{"cell_half_top1": 0.0708, "cell_tile_top1": 0.1308, "card_top1": 0.4492, "joint_top1": 0.043, "cell_nll": 5.4676, "gate_acc": 0.7023, "gate_bal_acc": 0.505, "wait_top1": 0.2473, "value_acc": 0.5491, "emb_cosine": 0.9044, "n_play": 2952, "n": 9907, "epoch": 1, "train_loss": 10.2382, "seconds": 58}
{"cell_half_top1": 0.1074, "cell_tile_top1": 0.1758, "card_top1": 0.4881, "joint_top1": 0.0884, "cell_nll": 4.8012, "gate_acc": 0.7085, "gate_bal_acc": 0.5281, "wait_top1": 0.3924, "value_acc": 0.5459, "emb_cosine": 0.5802, "n_play": 2952, "n": 9907, "epoch": 2, "train_loss": 8.1739, "seconds": 114}
{"cell_half_top1": 0.1016, "cell_tile_top1": 0.1904, "card_top1": 0.4986, "joint_top1": 0.1047, "cell_nll": 4.6101, "gate_acc": 0.7131, "gate_bal_acc": 0.5356, "wait_top1": 0.4161, "value_acc": 0.5223, "emb_cosine": 0.4408, "n_play": 2952, "n": 9907, "epoch": 3, "train_loss": 7.5318, "seconds": 170}
{"cell_half_top1": 0.1345, "cell_tile_top1": 0.1958, "card_top1": 0.5271, "joint_top1": 0.1087, "cell_nll": 4.4121, "gate_acc": 0.7185, "gate_bal_acc": 0.5805, "wait_top1": 0.4187, "value_acc": 0.5451, "emb_cosine": 0.3547, "n_play": 2952, "n": 9907, "epoch": 4, "train_loss": 7.2126, "seconds": 227}
{"cell_half_top1": 0.1433, "cell_tile_top1": 0.209, "card_top1": 0.5427, "joint_top1": 0.1165, "cell_nll": 4.3568, "gate_acc": 0.723, "gate_bal_acc": 0.6163, "wait_top1": 0.4358, "value_acc": 0.5483, "emb_cosine": 0.3085, "n_play": 2952, "n": 9907, "epoch": 5, "train_loss": 6.9788, "seconds": 283}
{"cell_half_top1": 0.1358, "cell_tile_top1": 0.2114, "card_top1": 0.5444, "joint_top1": 0.1165, "cell_nll": 4.2901, "gate_acc": 0.7323, "gate_bal_acc": 0.6043, "wait_top1": 0.4499, "value_acc": 0.5503, "emb_cosine": 0.3207, "n_play": 2952, "n": 9907, "epoch": 6, "train_loss": 6.8226, "seconds": 339}
{"cell_half_top1": 0.1386, "cell_tile_top1": 0.2219, "card_top1": 0.5532, "joint_top1": 0.1274, "cell_nll": 4.251, "gate_acc": 0.7325, "gate_bal_acc": 0.6149, "wait_top1": 0.4538, "value_acc": 0.5526, "emb_cosine": 0.2604, "n_play": 2952, "n": 9907, "epoch": 7, "train_loss": 6.686, "seconds": 396}
{"cell_half_top1": 0.1287, "cell_tile_top1": 0.2165, "card_top1": 0.5525, "joint_top1": 0.125, "cell_nll": 4.2285, "gate_acc": 0.7396, "gate_bal_acc": 0.6142, "wait_top1": 0.4522, "value_acc": 0.5405, "emb_cosine": 0.247, "n_play": 2952, "n": 9907, "epoch": 8, "train_loss": 6.5832, "seconds": 459}
{"cell_half_top1": 0.1474, "cell_tile_top1": 0.2232, "card_top1": 0.5586, "joint_top1": 0.1304, "cell_nll": 4.2025, "gate_acc": 0.7384, "gate_bal_acc": 0.6036, "wait_top1": 0.4669, "value_acc": 0.5594, "emb_cosine": 0.2331, "n_play": 2952, "n": 9907, "epoch": 9, "train_loss": 6.4975, "seconds": 516}
{"cell_half_top1": 0.1545, "cell_tile_top1": 0.2243, "card_top1": 0.5603, "joint_top1": 0.1341, "cell_nll": 4.1694, "gate_acc": 0.7421, "gate_bal_acc": 0.6279, "wait_top1": 0.4502, "value_acc": 0.5647, "emb_cosine": 0.1967, "n_play": 2952, "n": 9907, "epoch": 10, "train_loss": 6.3894, "seconds": 573}
{"cell_half_top1": 0.1558, "cell_tile_top1": 0.2297, "card_top1": 0.5484, "joint_top1": 0.1379, "cell_nll": 4.1502, "gate_acc": 0.7375, "gate_bal_acc": 0.6629, "wait_top1": 0.4519, "value_acc": 0.5597, "emb_cosine": 0.1867, "n_play": 2952, "n": 9907, "epoch": 11, "train_loss": 6.3146, "seconds": 630}
{"cell_half_top1": 0.1491, "cell_tile_top1": 0.2256, "card_top1": 0.5623, "joint_top1": 0.1277, "cell_nll": 4.1636, "gate_acc": 0.7472, "gate_bal_acc": 0.6371, "wait_top1": 0.4562, "value_acc": 0.5559, "emb_cosine": 0.1912, "n_play": 2952, "n": 9907, "epoch": 12, "train_loss": 6.2329, "seconds": 687}
{"cell_half_top1": 0.1511, "cell_tile_top1": 0.232, "card_top1": 0.5654, "joint_top1": 0.1345, "cell_nll": 4.161, "gate_acc": 0.7455, "gate_bal_acc": 0.6447, "wait_top1": 0.4474, "value_acc": 0.5631, "emb_cosine": 0.1787, "n_play": 2952, "n": 9907, "epoch": 13, "train_loss": 6.1645, "seconds": 744}
{"cell_half_top1": 0.1474, "cell_tile_top1": 0.229, "card_top1": 0.5705, "joint_top1": 0.1396, "cell_nll": 4.1542, "gate_acc": 0.7483, "gate_bal_acc": 0.6252, "wait_top1": 0.4533, "value_acc": 0.5614, "emb_cosine": 0.1725, "n_play": 2952, "n": 9907, "epoch": 14, "train_loss": 6.1082, "seconds": 801}
{"cell_half_top1": 0.1487, "cell_tile_top1": 0.2304, "card_top1": 0.5678, "joint_top1": 0.1365, "cell_nll": 4.1551, "gate_acc": 0.7482, "gate_bal_acc": 0.6494, "wait_top1": 0.4523, "value_acc": 0.5612, "emb_cosine": 0.1621, "n_play": 2952, "n": 9907, "epoch": 15, "train_loss": 6.0522, "seconds": 861}
{"cell_half_top1": 0.1518, "cell_tile_top1": 0.2276, "card_top1": 0.5738, "joint_top1": 0.1338, "cell_nll": 4.1503, "gate_acc": 0.7465, "gate_bal_acc": 0.6493, "wait_top1": 0.4489, "value_acc": 0.5627, "emb_cosine": 0.1683, "n_play": 2952, "n": 9907, "epoch": 16, "train_loss": 6.0183, "seconds": 920}
{"cell_half_top1": 0.1487, "cell_tile_top1": 0.2259, "card_top1": 0.5644, "joint_top1": 0.1338, "cell_nll": 4.1571, "gate_acc": 0.7481, "gate_bal_acc": 0.6592, "wait_top1": 0.4505, "value_acc": 0.5617, "emb_cosine": 0.1652, "n_play": 2952, "n": 9907, "epoch": 17, "train_loss": 5.9814, "seconds": 977}
{"cell_half_top1": 0.1504, "cell_tile_top1": 0.228, "card_top1": 0.5684, "joint_top1": 0.1365, "cell_nll": 4.1519, "gate_acc": 0.7492, "gate_bal_acc": 0.6526, "wait_top1": 0.4538, "value_acc": 0.562, "emb_cosine": 0.1578, "n_play": 2952, "n": 9907, "epoch": 18, "train_loss": 5.9728, "seconds": 1034}
{"cell_half_top1": 0.1491, "cell_tile_top1": 0.2273, "card_top1": 0.5664, "joint_top1": 0.1358, "cell_nll": 4.1522, "gate_acc": 0.7476, "gate_bal_acc": 0.6528, "wait_top1": 0.4516, "value_acc": 0.5621, "emb_cosine": 0.1571, "n_play": 2952, "n": 9907, "epoch": 19, "train_loss": 5.9432, "seconds": 1091}
{"cell_half_top1": 0.148, "cell_tile_top1": 0.2266, "card_top1": 0.5684, "joint_top1": 0.1355, "cell_nll": 4.1529, "gate_acc": 0.7481, "gate_bal_acc": 0.6523, "wait_top1": 0.4522, "value_acc": 0.5617, "emb_cosine": 0.1577, "n_play": 2952, "n": 9907, "epoch": 20, "train_loss": 5.9328, "seconds": 1147}
{"FINAL": "hogeq_v4_s1", "val_cell_tile": 0.2320460704607046, "val_cell_half": 0.1510840108401084, "train_cell_tile": 0.2708973046741726, "card": 0.565379403794038, "joint": 0.1344850948509485, "emb_cos": 0.17867882549762726, "epoch": 13}
