C:\Users\benpe\ClashBot\pipeline\model_v3.py:92: UserWarning: enable_nested_tensor is True, but self.use_nested_tensor is False because encoder_layer.norm_first was True
  self.encoder = nn.TransformerEncoder(enc, layers)
C:\Users\benpe\ClashBot\pipeline\train_s1.py:210: UserWarning: Converting a tensor with requires_grad=True to a scalar may lead to unexpected behavior.
Consider using tensor.detach() first. (Triggered internally at C:\actions-runner\_work\pytorch\pytorch\pytorch\torch\csrc\autograd\generated\python_variable_methods.cpp:837.)
  tot += float(loss); nb += 1
{"cell_half_top1": 0.1035, "cell_tile_top1": 0.1018, "card_top1": 0.4161, "joint_top1": 0.033, "cell_nll": 5.889, "gate_acc": 0.7037, "gate_bal_acc": 0.5, "wait_top1": 0.2146, "value_acc": 0.5772, "emb_cosine": 0.9713, "n_play": 1817, "n": 6133, "epoch": 1, "train_loss": 10.7237, "seconds": 29}
{"cell_half_top1": 0.1558, "cell_tile_top1": 0.1558, "card_top1": 0.464, "joint_top1": 0.0523, "cell_nll": 4.366, "gate_acc": 0.7042, "gate_bal_acc": 0.501, "wait_top1": 0.2912, "value_acc": 0.5769, "emb_cosine": 0.8973, "n_play": 1817, "n": 6133, "epoch": 2, "train_loss": 8.238, "seconds": 58}
{"cell_half_top1": 0.1701, "cell_tile_top1": 0.1679, "card_top1": 0.4772, "joint_top1": 0.0743, "cell_nll": 4.1946, "gate_acc": 0.7005, "gate_bal_acc": 0.5759, "wait_top1": 0.332, "value_acc": 0.5417, "emb_cosine": 0.6711, "n_play": 1817, "n": 6133, "epoch": 3, "train_loss": 7.4997, "seconds": 86}
{"cell_half_top1": 0.1657, "cell_tile_top1": 0.164, "card_top1": 0.5047, "joint_top1": 0.0793, "cell_nll": 4.0605, "gate_acc": 0.7083, "gate_bal_acc": 0.5388, "wait_top1": 0.3797, "value_acc": 0.5616, "emb_cosine": 0.562, "n_play": 1817, "n": 6133, "epoch": 4, "train_loss": 7.1245, "seconds": 114}
{"cell_half_top1": 0.1728, "cell_tile_top1": 0.1756, "card_top1": 0.5124, "joint_top1": 0.0969, "cell_nll": 3.9095, "gate_acc": 0.7145, "gate_bal_acc": 0.5543, "wait_top1": 0.3962, "value_acc": 0.5788, "emb_cosine": 0.4752, "n_play": 1817, "n": 6133, "epoch": 5, "train_loss": 6.7845, "seconds": 142}
{"cell_half_top1": 0.1783, "cell_tile_top1": 0.1772, "card_top1": 0.53, "joint_top1": 0.104, "cell_nll": 3.8059, "gate_acc": 0.7178, "gate_bal_acc": 0.5401, "wait_top1": 0.3978, "value_acc": 0.5681, "emb_cosine": 0.4107, "n_play": 1817, "n": 6133, "epoch": 6, "train_loss": 6.5641, "seconds": 170}
{"cell_half_top1": 0.1772, "cell_tile_top1": 0.1772, "card_top1": 0.5333, "joint_top1": 0.0958, "cell_nll": 3.7663, "gate_acc": 0.7204, "gate_bal_acc": 0.5924, "wait_top1": 0.4252, "value_acc": 0.5832, "emb_cosine": 0.4016, "n_play": 1817, "n": 6133, "epoch": 7, "train_loss": 6.3853, "seconds": 199}
{"cell_half_top1": 0.1888, "cell_tile_top1": 0.1888, "card_top1": 0.5454, "joint_top1": 0.1073, "cell_nll": 3.6961, "gate_acc": 0.724, "gate_bal_acc": 0.595, "wait_top1": 0.4316, "value_acc": 0.5609, "emb_cosine": 0.3277, "n_play": 1817, "n": 6133, "epoch": 8, "train_loss": 6.2384, "seconds": 227}
{"cell_half_top1": 0.1943, "cell_tile_top1": 0.1943, "card_top1": 0.5608, "joint_top1": 0.1156, "cell_nll": 3.6692, "gate_acc": 0.722, "gate_bal_acc": 0.6242, "wait_top1": 0.4252, "value_acc": 0.566, "emb_cosine": 0.2646, "n_play": 1817, "n": 6133, "epoch": 9, "train_loss": 6.1097, "seconds": 255}
{"cell_half_top1": 0.2058, "cell_tile_top1": 0.2058, "card_top1": 0.5559, "joint_top1": 0.1189, "cell_nll": 3.6556, "gate_acc": 0.7235, "gate_bal_acc": 0.6291, "wait_top1": 0.4215, "value_acc": 0.5585, "emb_cosine": 0.2837, "n_play": 1817, "n": 6133, "epoch": 10, "train_loss": 5.9996, "seconds": 284}
{"cell_half_top1": 0.1926, "cell_tile_top1": 0.1926, "card_top1": 0.5559, "joint_top1": 0.1134, "cell_nll": 3.6369, "gate_acc": 0.7269, "gate_bal_acc": 0.592, "wait_top1": 0.4319, "value_acc": 0.5694, "emb_cosine": 0.2535, "n_play": 1817, "n": 6133, "epoch": 11, "train_loss": 5.8978, "seconds": 312}
{"cell_half_top1": 0.2091, "cell_tile_top1": 0.2091, "card_top1": 0.5548, "joint_top1": 0.1238, "cell_nll": 3.6242, "gate_acc": 0.7287, "gate_bal_acc": 0.6238, "wait_top1": 0.4367, "value_acc": 0.5671, "emb_cosine": 0.2215, "n_play": 1817, "n": 6133, "epoch": 12, "train_loss": 5.8058, "seconds": 340}
{"cell_half_top1": 0.1948, "cell_tile_top1": 0.1943, "card_top1": 0.5548, "joint_top1": 0.1145, "cell_nll": 3.6142, "gate_acc": 0.7282, "gate_bal_acc": 0.6197, "wait_top1": 0.4377, "value_acc": 0.5513, "emb_cosine": 0.2357, "n_play": 1817, "n": 6133, "epoch": 13, "train_loss": 5.7481, "seconds": 368}
{"cell_half_top1": 0.2009, "cell_tile_top1": 0.2009, "card_top1": 0.5608, "joint_top1": 0.1194, "cell_nll": 3.61, "gate_acc": 0.7301, "gate_bal_acc": 0.6349, "wait_top1": 0.434, "value_acc": 0.5307, "emb_cosine": 0.2189, "n_play": 1817, "n": 6133, "epoch": 14, "train_loss": 5.6505, "seconds": 396}
{"cell_half_top1": 0.2014, "cell_tile_top1": 0.2009, "card_top1": 0.5487, "joint_top1": 0.1211, "cell_nll": 3.5999, "gate_acc": 0.7301, "gate_bal_acc": 0.6182, "wait_top1": 0.4316, "value_acc": 0.5518, "emb_cosine": 0.2156, "n_play": 1817, "n": 6133, "epoch": 15, "train_loss": 5.6085, "seconds": 425}
{"cell_half_top1": 0.2009, "cell_tile_top1": 0.2003, "card_top1": 0.557, "joint_top1": 0.1216, "cell_nll": 3.6018, "gate_acc": 0.73, "gate_bal_acc": 0.606, "wait_top1": 0.4249, "value_acc": 0.5457, "emb_cosine": 0.2153, "n_play": 1817, "n": 6133, "epoch": 16, "train_loss": 5.5623, "seconds": 453}
{"cell_half_top1": 0.1998, "cell_tile_top1": 0.2003, "card_top1": 0.5427, "joint_top1": 0.1194, "cell_nll": 3.5934, "gate_acc": 0.7305, "gate_bal_acc": 0.6321, "wait_top1": 0.4208, "value_acc": 0.5611, "emb_cosine": 0.1936, "n_play": 1817, "n": 6133, "epoch": 17, "train_loss": 5.5356, "seconds": 482}
{"cell_half_top1": 0.2003, "cell_tile_top1": 0.2003, "card_top1": 0.5487, "joint_top1": 0.1216, "cell_nll": 3.5887, "gate_acc": 0.7311, "gate_bal_acc": 0.6227, "wait_top1": 0.4224, "value_acc": 0.5524, "emb_cosine": 0.1941, "n_play": 1817, "n": 6133, "epoch": 18, "train_loss": 5.5212, "seconds": 510}
{"cell_half_top1": 0.2014, "cell_tile_top1": 0.2003, "card_top1": 0.5487, "joint_top1": 0.1211, "cell_nll": 3.5911, "gate_acc": 0.7311, "gate_bal_acc": 0.6235, "wait_top1": 0.4231, "value_acc": 0.5516, "emb_cosine": 0.1974, "n_play": 1817, "n": 6133, "epoch": 19, "train_loss": 5.4966, "seconds": 540}
{"cell_half_top1": 0.2014, "cell_tile_top1": 0.2014, "card_top1": 0.5482, "joint_top1": 0.1227, "cell_nll": 3.5907, "gate_acc": 0.731, "gate_bal_acc": 0.6237, "wait_top1": 0.424, "value_acc": 0.5524, "emb_cosine": 0.1971, "n_play": 1817, "n": 6133, "epoch": 20, "train_loss": 5.4955, "seconds": 568}
{"FINAL": "hogeq_lat_s0", "val_cell_tile": 0.20913593835993396, "val_cell_half": 0.20913593835993396, "train_cell_tile": 0.2304318488529015, "card": 0.5547605943863512, "joint": 0.12383048981838195, "emb_cos": 0.22149015963077545, "epoch": 12}
