C:\Users\benpe\ClashBot\pipeline\model_v3.py:92: UserWarning: enable_nested_tensor is True, but self.use_nested_tensor is False because encoder_layer.norm_first was True
  self.encoder = nn.TransformerEncoder(enc, layers)
C:\Users\benpe\ClashBot\pipeline\train_s1.py:210: UserWarning: Converting a tensor with requires_grad=True to a scalar may lead to unexpected behavior.
Consider using tensor.detach() first. (Triggered internally at C:\actions-runner\_work\pytorch\pytorch\pytorch\torch\csrc\autograd\generated\python_variable_methods.cpp:837.)
  tot += float(loss); nb += 1
{"cell_half_top1": 0.1079, "cell_tile_top1": 0.0996, "card_top1": 0.432, "joint_top1": 0.0336, "cell_nll": 5.885, "gate_acc": 0.7031, "gate_bal_acc": 0.5002, "wait_top1": 0.2011, "value_acc": 0.5666, "emb_cosine": 0.9577, "n_play": 1817, "n": 6133, "epoch": 1, "train_loss": 10.7354, "seconds": 30}
{"cell_half_top1": 0.1398, "cell_tile_top1": 0.1381, "card_top1": 0.4601, "joint_top1": 0.0594, "cell_nll": 4.3701, "gate_acc": 0.7054, "gate_bal_acc": 0.5122, "wait_top1": 0.2778, "value_acc": 0.5728, "emb_cosine": 0.8646, "n_play": 1817, "n": 6133, "epoch": 2, "train_loss": 8.3046, "seconds": 59}
{"cell_half_top1": 0.1838, "cell_tile_top1": 0.1822, "card_top1": 0.481, "joint_top1": 0.0771, "cell_nll": 4.1078, "gate_acc": 0.7076, "gate_bal_acc": 0.5103, "wait_top1": 0.3385, "value_acc": 0.5614, "emb_cosine": 0.6778, "n_play": 1817, "n": 6133, "epoch": 3, "train_loss": 7.4357, "seconds": 88}
{"cell_half_top1": 0.1926, "cell_tile_top1": 0.1904, "card_top1": 0.4887, "joint_top1": 0.0996, "cell_nll": 3.9295, "gate_acc": 0.7104, "gate_bal_acc": 0.5191, "wait_top1": 0.3953, "value_acc": 0.5201, "emb_cosine": 0.5275, "n_play": 1817, "n": 6133, "epoch": 4, "train_loss": 6.9981, "seconds": 117}
{"cell_half_top1": 0.1712, "cell_tile_top1": 0.1712, "card_top1": 0.5129, "joint_top1": 0.0963, "cell_nll": 3.8744, "gate_acc": 0.7098, "gate_bal_acc": 0.5177, "wait_top1": 0.4235, "value_acc": 0.5482, "emb_cosine": 0.4166, "n_play": 1817, "n": 6133, "epoch": 5, "train_loss": 6.7132, "seconds": 146}
{"cell_half_top1": 0.1866, "cell_tile_top1": 0.1849, "card_top1": 0.519, "joint_top1": 0.0974, "cell_nll": 3.7694, "gate_acc": 0.7135, "gate_bal_acc": 0.5756, "wait_top1": 0.4129, "value_acc": 0.5586, "emb_cosine": 0.3424, "n_play": 1817, "n": 6133, "epoch": 6, "train_loss": 6.5208, "seconds": 175}
{"cell_half_top1": 0.2003, "cell_tile_top1": 0.2009, "card_top1": 0.525, "joint_top1": 0.1002, "cell_nll": 3.708, "gate_acc": 0.7171, "gate_bal_acc": 0.5834, "wait_top1": 0.4103, "value_acc": 0.5404, "emb_cosine": 0.3449, "n_play": 1817, "n": 6133, "epoch": 7, "train_loss": 6.3234, "seconds": 211}
{"cell_half_top1": 0.1959, "cell_tile_top1": 0.1954, "card_top1": 0.5305, "joint_top1": 0.1134, "cell_nll": 3.6965, "gate_acc": 0.7204, "gate_bal_acc": 0.5735, "wait_top1": 0.4127, "value_acc": 0.536, "emb_cosine": 0.2901, "n_play": 1817, "n": 6133, "epoch": 8, "train_loss": 6.1709, "seconds": 242}
{"cell_half_top1": 0.1948, "cell_tile_top1": 0.1954, "card_top1": 0.5294, "joint_top1": 0.1167, "cell_nll": 3.6752, "gate_acc": 0.7231, "gate_bal_acc": 0.5732, "wait_top1": 0.4233, "value_acc": 0.5019, "emb_cosine": 0.2851, "n_play": 1817, "n": 6133, "epoch": 9, "train_loss": 6.0633, "seconds": 271}
{"cell_half_top1": 0.1937, "cell_tile_top1": 0.1943, "card_top1": 0.53, "joint_top1": 0.1128, "cell_nll": 3.6787, "gate_acc": 0.7259, "gate_bal_acc": 0.5835, "wait_top1": 0.4228, "value_acc": 0.505, "emb_cosine": 0.2513, "n_play": 1817, "n": 6133, "epoch": 10, "train_loss": 5.9583, "seconds": 300}
{"cell_half_top1": 0.2086, "cell_tile_top1": 0.2086, "card_top1": 0.5432, "joint_top1": 0.1315, "cell_nll": 3.616, "gate_acc": 0.7272, "gate_bal_acc": 0.5866, "wait_top1": 0.4409, "value_acc": 0.4996, "emb_cosine": 0.2416, "n_play": 1817, "n": 6133, "epoch": 11, "train_loss": 5.8454, "seconds": 328}
{"cell_half_top1": 0.2102, "cell_tile_top1": 0.2108, "card_top1": 0.5366, "joint_top1": 0.1194, "cell_nll": 3.6105, "gate_acc": 0.7274, "gate_bal_acc": 0.5909, "wait_top1": 0.427, "value_acc": 0.5254, "emb_cosine": 0.2324, "n_play": 1817, "n": 6133, "epoch": 12, "train_loss": 5.7585, "seconds": 357}
{"cell_half_top1": 0.2003, "cell_tile_top1": 0.2003, "card_top1": 0.5482, "joint_top1": 0.1194, "cell_nll": 3.6237, "gate_acc": 0.7295, "gate_bal_acc": 0.6031, "wait_top1": 0.4407, "value_acc": 0.5188, "emb_cosine": 0.2183, "n_play": 1817, "n": 6133, "epoch": 13, "train_loss": 5.6988, "seconds": 386}
{"cell_half_top1": 0.1998, "cell_tile_top1": 0.1998, "card_top1": 0.5432, "joint_top1": 0.1145, "cell_nll": 3.6065, "gate_acc": 0.7274, "gate_bal_acc": 0.613, "wait_top1": 0.4367, "value_acc": 0.5304, "emb_cosine": 0.2073, "n_play": 1817, "n": 6133, "epoch": 14, "train_loss": 5.6353, "seconds": 415}
{"cell_half_top1": 0.2003, "cell_tile_top1": 0.2009, "card_top1": 0.541, "joint_top1": 0.1205, "cell_nll": 3.6016, "gate_acc": 0.7269, "gate_bal_acc": 0.6122, "wait_top1": 0.4354, "value_acc": 0.5417, "emb_cosine": 0.1969, "n_play": 1817, "n": 6133, "epoch": 15, "train_loss": 5.5739, "seconds": 443}
{"cell_half_top1": 0.1992, "cell_tile_top1": 0.1992, "card_top1": 0.5427, "joint_top1": 0.1205, "cell_nll": 3.6051, "gate_acc": 0.7298, "gate_bal_acc": 0.6122, "wait_top1": 0.4321, "value_acc": 0.5294, "emb_cosine": 0.1959, "n_play": 1817, "n": 6133, "epoch": 16, "train_loss": 5.5277, "seconds": 472}
{"cell_half_top1": 0.2009, "cell_tile_top1": 0.2014, "card_top1": 0.5421, "joint_top1": 0.1211, "cell_nll": 3.6064, "gate_acc": 0.7311, "gate_bal_acc": 0.6154, "wait_top1": 0.4374, "value_acc": 0.5356, "emb_cosine": 0.1933, "n_play": 1817, "n": 6133, "epoch": 17, "train_loss": 5.4912, "seconds": 501}
{"cell_half_top1": 0.2025, "cell_tile_top1": 0.2031, "card_top1": 0.5465, "joint_top1": 0.1205, "cell_nll": 3.604, "gate_acc": 0.7313, "gate_bal_acc": 0.6192, "wait_top1": 0.4328, "value_acc": 0.5294, "emb_cosine": 0.1897, "n_play": 1817, "n": 6133, "epoch": 18, "train_loss": 5.4758, "seconds": 529}
{"cell_half_top1": 0.1998, "cell_tile_top1": 0.1992, "card_top1": 0.5454, "joint_top1": 0.12, "cell_nll": 3.6017, "gate_acc": 0.7306, "gate_bal_acc": 0.6185, "wait_top1": 0.4337, "value_acc": 0.5355, "emb_cosine": 0.1868, "n_play": 1817, "n": 6133, "epoch": 19, "train_loss": 5.462, "seconds": 558}
{"cell_half_top1": 0.2009, "cell_tile_top1": 0.2009, "card_top1": 0.5454, "joint_top1": 0.1211, "cell_nll": 3.6014, "gate_acc": 0.7301, "gate_bal_acc": 0.6183, "wait_top1": 0.433, "value_acc": 0.5351, "emb_cosine": 0.1869, "n_play": 1817, "n": 6133, "epoch": 20, "train_loss": 5.4432, "seconds": 587}
{"FINAL": "hogeq_lat_s1", "val_cell_tile": 0.2107870115575124, "val_cell_half": 0.21023665382498624, "train_cell_tile": 0.2457065124978745, "card": 0.5365987892129884, "joint": 0.11942762795817281, "emb_cos": 0.23236101865768433, "epoch": 12}
