C:\Users\benpe\ClashBot\pipeline\model_v3.py:92: UserWarning: enable_nested_tensor is True, but self.use_nested_tensor is False because encoder_layer.norm_first was True
  self.encoder = nn.TransformerEncoder(enc, layers)
C:\Users\benpe\ClashBot\pipeline\train_s1.py:210: UserWarning: Converting a tensor with requires_grad=True to a scalar may lead to unexpected behavior.
Consider using tensor.detach() first. (Triggered internally at C:\actions-runner\_work\pytorch\pytorch\pytorch\torch\csrc\autograd\generated\python_variable_methods.cpp:837.)
  tot += float(loss); nb += 1
{"cell_half_top1": 0.0674, "cell_tile_top1": 0.1335, "card_top1": 0.461, "joint_top1": 0.0535, "cell_nll": 5.4769, "gate_acc": 0.7021, "gate_bal_acc": 0.502, "wait_top1": 0.2428, "value_acc": 0.5491, "emb_cosine": 0.8984, "n_play": 2952, "n": 9907, "epoch": 1, "train_loss": 10.2406, "seconds": 57}
{"cell_half_top1": 0.1138, "cell_tile_top1": 0.1829, "card_top1": 0.478, "joint_top1": 0.0918, "cell_nll": 4.7613, "gate_acc": 0.7075, "gate_bal_acc": 0.5238, "wait_top1": 0.3691, "value_acc": 0.5074, "emb_cosine": 0.5763, "n_play": 2952, "n": 9907, "epoch": 2, "train_loss": 8.1761, "seconds": 113}
{"cell_half_top1": 0.1192, "cell_tile_top1": 0.1999, "card_top1": 0.5288, "joint_top1": 0.0938, "cell_nll": 4.5671, "gate_acc": 0.7107, "gate_bal_acc": 0.578, "wait_top1": 0.4168, "value_acc": 0.5486, "emb_cosine": 0.4346, "n_play": 2952, "n": 9907, "epoch": 3, "train_loss": 7.5468, "seconds": 168}
{"cell_half_top1": 0.1321, "cell_tile_top1": 0.2019, "card_top1": 0.5386, "joint_top1": 0.1182, "cell_nll": 4.4588, "gate_acc": 0.7234, "gate_bal_acc": 0.5675, "wait_top1": 0.4394, "value_acc": 0.5564, "emb_cosine": 0.3589, "n_play": 2952, "n": 9907, "epoch": 4, "train_loss": 7.2192, "seconds": 225}
{"cell_half_top1": 0.1375, "cell_tile_top1": 0.2063, "card_top1": 0.5376, "joint_top1": 0.1196, "cell_nll": 4.3405, "gate_acc": 0.7272, "gate_bal_acc": 0.6053, "wait_top1": 0.4357, "value_acc": 0.5624, "emb_cosine": 0.3661, "n_play": 2952, "n": 9907, "epoch": 5, "train_loss": 7.0068, "seconds": 280}
{"cell_half_top1": 0.1379, "cell_tile_top1": 0.2158, "card_top1": 0.5495, "joint_top1": 0.1226, "cell_nll": 4.2926, "gate_acc": 0.7367, "gate_bal_acc": 0.6046, "wait_top1": 0.4374, "value_acc": 0.5414, "emb_cosine": 0.2968, "n_play": 2952, "n": 9907, "epoch": 6, "train_loss": 6.8352, "seconds": 336}
{"cell_half_top1": 0.1501, "cell_tile_top1": 0.2259, "card_top1": 0.5586, "joint_top1": 0.1325, "cell_nll": 4.2423, "gate_acc": 0.7402, "gate_bal_acc": 0.6355, "wait_top1": 0.4477, "value_acc": 0.5737, "emb_cosine": 0.2592, "n_play": 2952, "n": 9907, "epoch": 7, "train_loss": 6.696, "seconds": 392}
{"cell_half_top1": 0.1545, "cell_tile_top1": 0.2209, "card_top1": 0.5556, "joint_top1": 0.1365, "cell_nll": 4.1975, "gate_acc": 0.7339, "gate_bal_acc": 0.655, "wait_top1": 0.4499, "value_acc": 0.573, "emb_cosine": 0.2507, "n_play": 2952, "n": 9907, "epoch": 8, "train_loss": 6.5899, "seconds": 448}
{"cell_half_top1": 0.1433, "cell_tile_top1": 0.227, "card_top1": 0.5644, "joint_top1": 0.1379, "cell_nll": 4.2088, "gate_acc": 0.7448, "gate_bal_acc": 0.6437, "wait_top1": 0.4492, "value_acc": 0.574, "emb_cosine": 0.2156, "n_play": 2952, "n": 9907, "epoch": 9, "train_loss": 6.4842, "seconds": 504}
{"cell_half_top1": 0.144, "cell_tile_top1": 0.2327, "card_top1": 0.5718, "joint_top1": 0.1389, "cell_nll": 4.1878, "gate_acc": 0.7482, "gate_bal_acc": 0.6541, "wait_top1": 0.4503, "value_acc": 0.5685, "emb_cosine": 0.2256, "n_play": 2952, "n": 9907, "epoch": 10, "train_loss": 6.3973, "seconds": 560}
{"cell_half_top1": 0.1538, "cell_tile_top1": 0.2249, "card_top1": 0.5637, "joint_top1": 0.1335, "cell_nll": 4.1474, "gate_acc": 0.7515, "gate_bal_acc": 0.6587, "wait_top1": 0.4592, "value_acc": 0.5677, "emb_cosine": 0.1977, "n_play": 2952, "n": 9907, "epoch": 11, "train_loss": 6.319, "seconds": 616}
{"cell_half_top1": 0.1511, "cell_tile_top1": 0.229, "card_top1": 0.5627, "joint_top1": 0.1358, "cell_nll": 4.151, "gate_acc": 0.7507, "gate_bal_acc": 0.6714, "wait_top1": 0.4523, "value_acc": 0.5752, "emb_cosine": 0.2122, "n_play": 2952, "n": 9907, "epoch": 12, "train_loss": 6.2222, "seconds": 672}
{"cell_half_top1": 0.145, "cell_tile_top1": 0.2364, "card_top1": 0.5691, "joint_top1": 0.1457, "cell_nll": 4.1476, "gate_acc": 0.7549, "gate_bal_acc": 0.6619, "wait_top1": 0.4572, "value_acc": 0.5725, "emb_cosine": 0.1851, "n_play": 2952, "n": 9907, "epoch": 13, "train_loss": 6.1667, "seconds": 728}
{"cell_half_top1": 0.1487, "cell_tile_top1": 0.2324, "card_top1": 0.5688, "joint_top1": 0.1413, "cell_nll": 4.1422, "gate_acc": 0.7548, "gate_bal_acc": 0.6673, "wait_top1": 0.4503, "value_acc": 0.5752, "emb_cosine": 0.18, "n_play": 2952, "n": 9907, "epoch": 14, "train_loss": 6.1012, "seconds": 784}
{"cell_half_top1": 0.1541, "cell_tile_top1": 0.2331, "card_top1": 0.5657, "joint_top1": 0.1382, "cell_nll": 4.1393, "gate_acc": 0.7575, "gate_bal_acc": 0.6535, "wait_top1": 0.4513, "value_acc": 0.5781, "emb_cosine": 0.1666, "n_play": 2952, "n": 9907, "epoch": 15, "train_loss": 6.059, "seconds": 840}
{"cell_half_top1": 0.1535, "cell_tile_top1": 0.2287, "card_top1": 0.5674, "joint_top1": 0.1396, "cell_nll": 4.1344, "gate_acc": 0.7579, "gate_bal_acc": 0.6758, "wait_top1": 0.4522, "value_acc": 0.5722, "emb_cosine": 0.1581, "n_play": 2952, "n": 9907, "epoch": 16, "train_loss": 6.0132, "seconds": 896}
{"cell_half_top1": 0.1507, "cell_tile_top1": 0.232, "card_top1": 0.5674, "joint_top1": 0.1382, "cell_nll": 4.146, "gate_acc": 0.76, "gate_bal_acc": 0.6642, "wait_top1": 0.4549, "value_acc": 0.5731, "emb_cosine": 0.1627, "n_play": 2952, "n": 9907, "epoch": 17, "train_loss": 5.9693, "seconds": 952}
{"cell_half_top1": 0.1484, "cell_tile_top1": 0.2307, "card_top1": 0.5688, "joint_top1": 0.1392, "cell_nll": 4.1471, "gate_acc": 0.7573, "gate_bal_acc": 0.6683, "wait_top1": 0.4582, "value_acc": 0.5712, "emb_cosine": 0.1549, "n_play": 2952, "n": 9907, "epoch": 18, "train_loss": 5.9477, "seconds": 1008}
{"cell_half_top1": 0.1501, "cell_tile_top1": 0.23, "card_top1": 0.5664, "joint_top1": 0.1372, "cell_nll": 4.1446, "gate_acc": 0.7582, "gate_bal_acc": 0.6691, "wait_top1": 0.4582, "value_acc": 0.5752, "emb_cosine": 0.1557, "n_play": 2952, "n": 9907, "epoch": 19, "train_loss": 5.9479, "seconds": 1063}
{"cell_half_top1": 0.1511, "cell_tile_top1": 0.231, "card_top1": 0.5647, "joint_top1": 0.1372, "cell_nll": 4.1448, "gate_acc": 0.7584, "gate_bal_acc": 0.6693, "wait_top1": 0.4574, "value_acc": 0.5749, "emb_cosine": 0.1555, "n_play": 2952, "n": 9907, "epoch": 20, "train_loss": 5.9356, "seconds": 1119}
{"FINAL": "hogeq_v4_s2", "val_cell_tile": 0.236449864498645, "val_cell_half": 0.14498644986449866, "train_cell_tile": 0.27106598984771574, "card": 0.5691056910569106, "joint": 0.14566395663956638, "emb_cos": 0.1851348876953125, "epoch": 13}
