C:\Users\benpe\ClashBot\pipeline\model_v3.py:66: UserWarning: enable_nested_tensor is True, but self.use_nested_tensor is False because encoder_layer.norm_first was True
  self.encoder = nn.TransformerEncoder(enc, layers)
C:\Users\benpe\ClashBot\pipeline\train_s1.py:206: UserWarning: Converting a tensor with requires_grad=True to a scalar may lead to unexpected behavior.
Consider using tensor.detach() first. (Triggered internally at C:\actions-runner\_work\pytorch\pytorch\pytorch\torch\csrc\autograd\generated\python_variable_methods.cpp:837.)
  tot += float(loss); nb += 1
{"cell_half_top1": 0.0894, "cell_tile_top1": 0.1419, "card_top1": 0.4509, "joint_top1": 0.0589, "cell_nll": 5.3794, "gate_acc": 0.702, "gate_bal_acc": 0.5, "wait_top1": 0.263, "value_acc": 0.5491, "emb_cosine": 0.9213, "n_play": 2952, "n": 9907, "epoch": 1, "train_loss": 10.207, "seconds": 58}
{"cell_half_top1": 0.0945, "cell_tile_top1": 0.1714, "card_top1": 0.4963, "joint_top1": 0.0864, "cell_nll": 4.9039, "gate_acc": 0.7082, "gate_bal_acc": 0.5583, "wait_top1": 0.3675, "value_acc": 0.5519, "emb_cosine": 0.6183, "n_play": 2952, "n": 9907, "epoch": 2, "train_loss": 8.2204, "seconds": 114}
{"cell_half_top1": 0.1287, "cell_tile_top1": 0.189, "card_top1": 0.5274, "joint_top1": 0.1013, "cell_nll": 4.5817, "gate_acc": 0.7148, "gate_bal_acc": 0.5823, "wait_top1": 0.4152, "value_acc": 0.5556, "emb_cosine": 0.4676, "n_play": 2952, "n": 9907, "epoch": 3, "train_loss": 7.6001, "seconds": 170}
{"cell_half_top1": 0.1294, "cell_tile_top1": 0.2033, "card_top1": 0.5376, "joint_top1": 0.104, "cell_nll": 4.4454, "gate_acc": 0.7192, "gate_bal_acc": 0.6224, "wait_top1": 0.4272, "value_acc": 0.5536, "emb_cosine": 0.3776, "n_play": 2952, "n": 9907, "epoch": 4, "train_loss": 7.2448, "seconds": 226}
{"cell_half_top1": 0.1369, "cell_tile_top1": 0.2188, "card_top1": 0.5532, "joint_top1": 0.123, "cell_nll": 4.3233, "gate_acc": 0.7309, "gate_bal_acc": 0.581, "wait_top1": 0.4489, "value_acc": 0.5536, "emb_cosine": 0.3306, "n_play": 2952, "n": 9907, "epoch": 5, "train_loss": 7.0085, "seconds": 282}
{"cell_half_top1": 0.1446, "cell_tile_top1": 0.2151, "card_top1": 0.5437, "joint_top1": 0.123, "cell_nll": 4.2616, "gate_acc": 0.7325, "gate_bal_acc": 0.612, "wait_top1": 0.4423, "value_acc": 0.5567, "emb_cosine": 0.3242, "n_play": 2952, "n": 9907, "epoch": 6, "train_loss": 6.8293, "seconds": 338}
{"cell_half_top1": 0.1382, "cell_tile_top1": 0.2202, "card_top1": 0.5644, "joint_top1": 0.1287, "cell_nll": 4.2169, "gate_acc": 0.7361, "gate_bal_acc": 0.5999, "wait_top1": 0.451, "value_acc": 0.5568, "emb_cosine": 0.2976, "n_play": 2952, "n": 9907, "epoch": 7, "train_loss": 6.7024, "seconds": 394}
{"cell_half_top1": 0.1399, "cell_tile_top1": 0.2212, "card_top1": 0.5617, "joint_top1": 0.1236, "cell_nll": 4.2018, "gate_acc": 0.7393, "gate_bal_acc": 0.6131, "wait_top1": 0.4503, "value_acc": 0.5604, "emb_cosine": 0.2745, "n_play": 2952, "n": 9907, "epoch": 8, "train_loss": 6.5864, "seconds": 450}
{"cell_half_top1": 0.1507, "cell_tile_top1": 0.2219, "card_top1": 0.5613, "joint_top1": 0.1318, "cell_nll": 4.1877, "gate_acc": 0.7479, "gate_bal_acc": 0.6232, "wait_top1": 0.4477, "value_acc": 0.5647, "emb_cosine": 0.2437, "n_play": 2952, "n": 9907, "epoch": 9, "train_loss": 6.4849, "seconds": 506}
{"cell_half_top1": 0.1518, "cell_tile_top1": 0.2273, "card_top1": 0.5617, "joint_top1": 0.1369, "cell_nll": 4.1459, "gate_acc": 0.7497, "gate_bal_acc": 0.6273, "wait_top1": 0.4568, "value_acc": 0.5683, "emb_cosine": 0.2315, "n_play": 2952, "n": 9907, "epoch": 10, "train_loss": 6.3986, "seconds": 562}
{"cell_half_top1": 0.1487, "cell_tile_top1": 0.2307, "card_top1": 0.5698, "joint_top1": 0.1304, "cell_nll": 4.1413, "gate_acc": 0.746, "gate_bal_acc": 0.6666, "wait_top1": 0.4661, "value_acc": 0.5649, "emb_cosine": 0.2219, "n_play": 2952, "n": 9907, "epoch": 11, "train_loss": 6.3143, "seconds": 618}
{"cell_half_top1": 0.1518, "cell_tile_top1": 0.2273, "card_top1": 0.5627, "joint_top1": 0.1358, "cell_nll": 4.1335, "gate_acc": 0.7538, "gate_bal_acc": 0.655, "wait_top1": 0.4595, "value_acc": 0.5625, "emb_cosine": 0.2145, "n_play": 2952, "n": 9907, "epoch": 12, "train_loss": 6.2376, "seconds": 673}
{"cell_half_top1": 0.1494, "cell_tile_top1": 0.229, "card_top1": 0.5623, "joint_top1": 0.1382, "cell_nll": 4.1402, "gate_acc": 0.7548, "gate_bal_acc": 0.6287, "wait_top1": 0.4506, "value_acc": 0.5654, "emb_cosine": 0.1944, "n_play": 2952, "n": 9907, "epoch": 13, "train_loss": 6.162, "seconds": 730}
{"cell_half_top1": 0.1511, "cell_tile_top1": 0.2324, "card_top1": 0.5657, "joint_top1": 0.1358, "cell_nll": 4.1201, "gate_acc": 0.7554, "gate_bal_acc": 0.6755, "wait_top1": 0.4594, "value_acc": 0.5606, "emb_cosine": 0.1744, "n_play": 2952, "n": 9907, "epoch": 14, "train_loss": 6.1065, "seconds": 785}
{"cell_half_top1": 0.1541, "cell_tile_top1": 0.2327, "card_top1": 0.5681, "joint_top1": 0.1341, "cell_nll": 4.1226, "gate_acc": 0.7562, "gate_bal_acc": 0.6687, "wait_top1": 0.4575, "value_acc": 0.5638, "emb_cosine": 0.1778, "n_play": 2952, "n": 9907, "epoch": 15, "train_loss": 6.0514, "seconds": 841}
{"cell_half_top1": 0.1548, "cell_tile_top1": 0.2364, "card_top1": 0.5678, "joint_top1": 0.1443, "cell_nll": 4.1329, "gate_acc": 0.7563, "gate_bal_acc": 0.6777, "wait_top1": 0.4633, "value_acc": 0.5625, "emb_cosine": 0.1773, "n_play": 2952, "n": 9907, "epoch": 16, "train_loss": 5.9989, "seconds": 897}
{"cell_half_top1": 0.1524, "cell_tile_top1": 0.2331, "card_top1": 0.5678, "joint_top1": 0.1399, "cell_nll": 4.1243, "gate_acc": 0.7571, "gate_bal_acc": 0.6719, "wait_top1": 0.4574, "value_acc": 0.5624, "emb_cosine": 0.1719, "n_play": 2952, "n": 9907, "epoch": 17, "train_loss": 5.9824, "seconds": 953}
{"cell_half_top1": 0.1548, "cell_tile_top1": 0.2287, "card_top1": 0.5708, "joint_top1": 0.1372, "cell_nll": 4.1307, "gate_acc": 0.7588, "gate_bal_acc": 0.665, "wait_top1": 0.4551, "value_acc": 0.5629, "emb_cosine": 0.1732, "n_play": 2952, "n": 9907, "epoch": 18, "train_loss": 5.9643, "seconds": 1009}
{"cell_half_top1": 0.1548, "cell_tile_top1": 0.23, "card_top1": 0.5681, "joint_top1": 0.1372, "cell_nll": 4.1298, "gate_acc": 0.7584, "gate_bal_acc": 0.6703, "wait_top1": 0.4588, "value_acc": 0.5625, "emb_cosine": 0.1712, "n_play": 2952, "n": 9907, "epoch": 19, "train_loss": 5.94, "seconds": 1065}
{"cell_half_top1": 0.1535, "cell_tile_top1": 0.23, "card_top1": 0.5674, "joint_top1": 0.1375, "cell_nll": 4.1305, "gate_acc": 0.7583, "gate_bal_acc": 0.6685, "wait_top1": 0.4613, "value_acc": 0.5624, "emb_cosine": 0.1712, "n_play": 2952, "n": 9907, "epoch": 20, "train_loss": 5.9275, "seconds": 1121}
{"FINAL": "hogeq_v4_s0", "val_cell_tile": 0.236449864498645, "val_cell_half": 0.15481029810298103, "train_cell_tile": 0.27613210759278173, "card": 0.5677506775067751, "joint": 0.1443089430894309, "emb_cos": 0.17727091908454895, "epoch": 16}
