[1/211] 000YLY0JCPGL {'tag': '000YLY0JCPGL', 'error': None, 'crowns': [0, 0], 'expected': [0, 1], 'crowns_match': False, 'winner_match': False, 'accepted': 121, 'rejected': 0, 'delays': 0, 't': 300.1, 'secs': 0.2}
[2/211] 000YLY0PYYQY {'tag': '000YLY0PYYQY', 'error': None, 'crowns': [1, 1], 'expected': [0, 3], 'crowns_match': False, 'winner_match': False, 'accepted': 33, 'rejected': 0, 'delays': 2, 't': 300.1, 'secs': 0.09}
[3/211] 000YLY2UCC8C {'tag': '000YLY2UCC8C', 'error': None, 'crowns': [3, 0], 'expected': [3, 0], 'crowns_match': True, 'winner_match': True, 'accepted': 36, 'rejected': 0, 'delays': 6, 't': 165.3, 'secs': 0.06}
[4/211] 000YLY2ULYLR {'tag': '000YLY2ULYLR', 'error': None, 'crowns': [3, 0], 'expected': [0, 1], 'crowns_match': False, 'winner_match': False, 'accepted': 16, 'rejected': 1, 'delays': 0, 't': 76.5, 'secs': 0.03}
[5/211] 000YLY2UVGRL {'tag': '000YLY2UVGRL', 'error': None, 'crowns': [1, 0], 'expected': [0, 1], 'crowns_match': False, 'winner_match': False, 'accepted': 54, 'rejected': 0, 'delays': 1, 't': 180.1, 'secs': 0.07}
[6/211] 000YLY2VQ92P {'tag': '000YLY2VQ92P', 'error': None, 'crowns': [3, 0], 'expected': [1, 0], 'crowns_match': False, 'winner_match': True, 'accepted': 40, 'rejected': 0, 'delays': 4, 't': 149.4, 'secs': 0.05}
[7/211] 002YLLLP2YRR {'tag': '002YLLLP2YRR', 'error': None, 'crowns': [1, 0], 'expected': [1, 0], 'crowns_match': True, 'winner_match': True, 'accepted': 58, 'rejected': 0, 'delays': 0, 't': 180.1, 'secs': 0.09}
[8/211] 002YLLLP9JUR {'tag': '002YLLLP9JUR', 'error': None, 'crowns': [2, 0], 'expected': [0, 1], 'crowns_match': False, 'winner_match': False, 'accepted': 55, 'rejected': 0, 'delays': 1, 't': 180.1, 'secs': 0.06}
[9/211] 00GYPYP0PCLR {'tag': '00GYPYP0PCLR', 'error': None, 'crowns': [3, 0], 'expected': [0, 1], 'crowns_match': False, 'winner_match': False, 'accepted': 50, 'rejected': 0, 'delays': 1, 't': 179.0, 'secs': 0.14}
[10/211] 00GYPYPRQCY8 {'tag': '00GYPYPRQCY8', 'error': None, 'crowns': [1, 0], 'expected': [0, 1], 'crowns_match': False, 'winner_match': False, 'accepted': 46, 'rejected': 2, 'delays': 4, 't': 180.1, 'secs': 0.1}
[11/211] 00GYPYPYUQQY {'tag': '00GYPYPYUQQY', 'error': None, 'crowns': [3, 0], 'expected': [3, 2], 'crowns_match': False, 'winner_match': True, 'accepted': 33, 'rejected': 0, 'delays': 0, 't': 139.5, 'secs': 0.1}
[12/211] 00JYPQQ8UCVL {'tag': '00JYPQQ8UCVL', 'error': None, 'crowns': [1, 0], 'expected': [0, 1], 'crowns_match': False, 'winner_match': False, 'accepted': 47, 'rejected': 0, 'delays': 0, 't': 190.6, 'secs': 0.06}
[13/211] 00JYPQQ9V8UY {'tag': '00JYPQQ9V8UY', 'error': None, 'crowns': [1, 0], 'expected': [1, 0], 'crowns_match': True, 'winner_match': True, 'accepted': 48, 'rejected': 0, 'delays': 2, 't': 180.1, 'secs': 0.06}
[14/211] 00JYPQYYV0JV {'tag': '00JYPQYYV0JV', 'error': None, 'crowns': [1, 0], 'expected': [0, 1], 'crowns_match': False, 'winner_match': False, 'accepted': 51, 'rejected': 0, 'delays': 0, 't': 180.1, 'secs': 0.13}
[15/211] 00LYPLCUGYJ2 {'tag': '00LYPLCUGYJ2', 'error': None, 'crowns': [1, 0], 'expected': [0, 1], 'crowns_match': False, 'winner_match': False, 'accepted': 56, 'rejected': 0, 'delays': 0, 't': 180.1, 'secs': 0.09}
[16/211] 00LYPLCV08L9 {'tag': '00LYPLCV08L9', 'error': None, 'crowns': [1, 0], 'expected': [0, 1], 'crowns_match': False, 'winner_match': False, 'accepted': 53, 'rejected': 0, 'delays': 0, 't': 180.1, 'secs': 0.04}
[17/211] 00LYPLCV92L0 {'tag': '00LYPLCV92L0', 'error': None, 'crowns': [2, 0], 'expected': [0, 1], 'crowns_match': False, 'winner_match': False, 'accepted': 43, 'rejected': 0, 'delays': 0, 't': 180.1, 'secs': 0.05}
[18/211] 00LYPLCVPJR9 {'tag': '00LYPLCVPJR9', 'error': None, 'crowns': [3, 0], 'expected': [0, 1], 'crowns_match': False, 'winner_match': False, 'accepted': 52, 'rejected': 0, 'delays': 4, 't': 172.0, 'secs': 0.1}
[19/211] 00LYPLCVQRVY {'tag': '00LYPLCVQRVY', 'error': None, 'crowns': [0, 0], 'expected': [1, 0], 'crowns_match': False, 'winner_match': True, 'accepted': 125, 'rejected': 0, 'delays': 0, 't': 300.1, 'secs': 0.17}
[20/211] 00LYPLCVRCCV {'tag': '00LYPLCVRCCV', 'error': None, 'crowns': [0, 0], 'expected': [0, 1], 'crowns_match': False, 'winner_match': True, 'accepted': 98, 'rejected': 0, 'delays': 0, 't': 300.1, 'secs': 0.1}
[21/211] 00LYPLJLC80L {'tag': '00LYPLJLC80L', 'error': None, 'crowns': [1, 0], 'expected': [0, 1], 'crowns_match': False, 'winner_match': False, 'accepted': 79, 'rejected': 0, 'delays': 0, 't': 225.5, 'secs': 0.09}
[22/211] 00LYPLJLQ80J {'tag': '00LYPLJLQ80J', 'error': None, 'crowns': [3, 0], 'expected': [0, 1], 'crowns_match': False, 'winner_match': False, 'accepted': 20, 'rejected': 0, 'delays': 0, 't': 91.1, 'secs': 0.05}
[23/211] 00LYPLJLRJ00 {'tag': '00LYPLJLRJ00', 'error': None, 'crowns': [3, 0], 'expected': [1, 0], 'crowns_match': False, 'winner_match': True, 'accepted': 15, 'rejected': 0, 'delays': 0, 't': 71.8, 'secs': 0.04}
[24/211] 00LYPLJLYQCR {'tag': '00LYPLJLYQCR', 'error': None, 'crowns': [3, 0], 'expected': [0, 1], 'crowns_match': False, 'winner_match': False, 'accepted': 10, 'rejected': 1, 'delays': 0, 't': 47.5, 'secs': 0.04}
[25/211] 00LYPLR0C8GJ {'tag': '00LYPLR0C8GJ', 'error': None, 'crowns': [2, 0], 'expected': [0, 1], 'crowns_match': False, 'winner_match': False, 'accepted': 63, 'rejected': 0, 'delays': 2, 't': 180.1, 'secs': 0.06}
[26/211] 00LYPLR200VU {'tag': '00LYPLR200VU', 'error': None, 'crowns': [2, 0], 'expected': [0, 1], 'crowns_match': False, 'winner_match': False, 'accepted': 49, 'rejected': 0, 'delays': 0, 't': 180.1, 'secs': 0.08}
[27/211] 00LYPLR222YQ {'tag': '00LYPLR222YQ', 'error': None, 'crowns': [3, 0], 'expected': [3, 0], 'crowns_match': True, 'winner_match': True, 'accepted': 15, 'rejected': 0, 'delays': 0, 't': 112.6, 'secs': 0.03}
[28/211] 00LYPLU8C8JP {'tag': '00LYPLU8C8JP', 'error': None, 'crowns': [0, 3], 'expected': [0, 3], 'crowns_match': True, 'winner_match': True, 'accepted': 26, 'rejected': 0, 'delays': 0, 't': 142.7, 'secs': 0.04}
[29/211] 00LYPLU8VV0C {'tag': '00LYPLU8VV0C', 'error': None, 'crowns': [1, 0], 'expected': [0, 1], 'crowns_match': False, 'winner_match': False, 'accepted': 87, 'rejected': 0, 'delays': 0, 't': 256.6, 'secs': 0.15}
[30/211] 00LYPLU8YQVQ {'tag': '00LYPLU8YQVQ', 'error': None, 'crowns': [0, 0], 'expected': [1, 0], 'crowns_match': False, 'winner_match': False, 'accepted': 78, 'rejected': 1, 'delays': 0, 't': 300.1, 'secs': 0.17}
[31/211] 00LYPQ28JL8Q {'tag': '00LYPQ28JL8Q', 'error': None, 'crowns': [1, 0], 'expected': [0, 1], 'crowns_match': False, 'winner_match': False, 'accepted': 103, 'rejected': 0, 'delays': 1, 't': 255.6, 'secs': 0.17}
[32/211] 00LYPQ28PU22 {'tag': '00LYPQ28PU22', 'error': None, 'crowns': [1, 0], 'expected': [1, 0], 'crowns_match': True, 'winner_match': True, 'accepted': 52, 'rejected': 0, 'delays': 0, 't': 180.1, 'secs': 0.19}
[33/211] 00LYPQ2909YG {'tag': '00LYPQ2909YG', 'error': None, 'crowns': [0, 0], 'expected': [1, 0], 'crowns_match': False, 'winner_match': False, 'accepted': 72, 'rejected': 0, 'delays': 0, 't': 300.1, 'secs': 0.13}
[34/211] 00LYPQ8LGYP2 {'tag': '00LYPQ8LGYP2', 'error': None, 'crowns': [1, 0], 'expected': [0, 1], 'crowns_match': False, 'winner_match': False, 'accepted': 50, 'rejected': 0, 'delays': 0, 't': 180.1, 'secs': 0.15}
[35/211] 00UYPL92ULUL {'tag': '00UYPL92ULUL', 'error': None, 'crowns': [1, 0], 'expected': [0, 1], 'crowns_match': False, 'winner_match': False, 'accepted': 57, 'rejected': 0, 'delays': 0, 't': 180.1, 'secs': 0.29}
[36/211] 00UYPL99P28R {'tag': '00UYPL99P28R', 'error': None, 'crowns': [3, 0], 'expected': [0, 1], 'crowns_match': False, 'winner_match': False, 'accepted': 13, 'rejected': 0, 'delays': 0, 't': 51.0, 'secs': 0.03}
[37/211] 00UYPL99PV2P {'tag': '00UYPL99PV2P', 'error': None, 'crowns': [3, 0], 'expected': [3, 0], 'crowns_match': True, 'winner_match': True, 'accepted': 18, 'rejected': 1, 'delays': 0, 't': 90.2, 'secs': 0.06}
[38/211] 00UYPL99UQCG {'tag': '00UYPL99UQCG', 'error': None, 'crowns': [2, 0], 'expected': [0, 1], 'crowns_match': False, 'winner_match': False, 'accepted': 65, 'rejected': 0, 'delays': 2, 't': 180.1, 'secs': 0.21}
[39/211] 00UYPL9P0VQL {'tag': '00UYPL9P0VQL', 'error': None, 'crowns': [1, 0], 'expected': [0, 1], 'crowns_match': False, 'winner_match': False, 'accepted': 56, 'rejected': 0, 'delays': 0, 't': 180.1, 'secs': 0.15}
[40/211] 00UYPLL0RLRQ {'tag': '00UYPLL0RLRQ', 'error': None, 'crowns': [1, 0], 'expected': [0, 1], 'crowns_match': False, 'winner_match': False, 'accepted': 55, 'rejected': 0, 'delays': 0, 't': 210.2, 'secs': 0.13}
[41/211] 00UYPLLCLCJQ {'tag': '00UYPLLCLCJQ', 'error': None, 'crowns': [1, 0], 'expected': [1, 0], 'crowns_match': True, 'winner_match': True, 'accepted': 55, 'rejected': 0, 'delays': 3, 't': 180.1, 'secs': 0.25}
[42/211] 00UYPLLGUP02 {'tag': '00UYPLLGUP02', 'error': None, 'crowns': [0, 1], 'expected': [0, 1], 'crowns_match': True, 'winner_match': True, 'accepted': 51, 'rejected': 0, 'delays': 1, 't': 180.1, 'secs': 0.14}
[43/211] 00UYPLLGYCQ2 {'tag': '00UYPLLGYCQ2', 'error': None, 'crowns': [2, 0], 'expected': [1, 0], 'crowns_match': False, 'winner_match': True, 'accepted': 52, 'rejected': 0, 'delays': 0, 't': 180.1, 'secs': 0.21}
[44/211] 00UYPLLR2JVJ {'tag': '00UYPLLR2JVJ', 'error': None, 'crowns': [1, 0], 'expected': [0, 1], 'crowns_match': False, 'winner_match': False, 'accepted': 76, 'rejected': 0, 'delays': 0, 't': 236.5, 'secs': 0.2}
[45/211] 00UYPLLU0C0L {'tag': '00UYPLLU0C0L', 'error': None, 'crowns': [3, 0], 'expected': [1, 0], 'crowns_match': False, 'winner_match': True, 'accepted': 29, 'rejected': 0, 'delays': 0, 't': 137.1, 'secs': 0.17}
[46/211] 00UYPLLU8LYV {'tag': '00UYPLLU8LYV', 'error': None, 'crowns': [3, 0], 'expected': [0, 1], 'crowns_match': False, 'winner_match': False, 'accepted': 37, 'rejected': 1, 'delays': 3, 't': 157.3, 'secs': 0.07}
[47/211] 00UYPLLURY2U {'tag': '00UYPLLURY2U', 'error': None, 'crowns': [1, 0], 'expected': [0, 1], 'crowns_match': False, 'winner_match': False, 'accepted': 43, 'rejected': 0, 'delays': 0, 't': 180.1, 'secs': 0.12}
[48/211] 00VYPLPJGYLY {'tag': '00VYPLPJGYLY', 'error': None, 'crowns': [1, 0], 'expected': [0, 1], 'crowns_match': False, 'winner_match': False, 'accepted': 56, 'rejected': 0, 'delays': 0, 't': 180.1, 'secs': 0.25}
[49/211] 00VYPLPJLC88 {'tag': '00VYPLPJLC88', 'error': None, 'crowns': [2, 0], 'expected': [1, 0], 'crowns_match': False, 'winner_match': True, 'accepted': 44, 'rejected': 0, 'delays': 0, 't': 180.1, 'secs': 0.11}
[50/211] 00VYPLPJRYRY {'tag': '00VYPLPJRYRY', 'error': None, 'crowns': [1, 0], 'expected': [0, 1], 'crowns_match': False, 'winner_match': False, 'accepted': 61, 'rejected': 0, 'delays': 1, 't': 180.1, 'secs': 0.13}
[51/211] 020YPYL2LVU9 {'tag': '020YPYL2LVU9', 'error': None, 'crowns': [1, 0], 'expected': [1, 0], 'crowns_match': True, 'winner_match': True, 'accepted': 72, 'rejected': 0, 'delays': 5, 't': 236.2, 'secs': 0.15}
[52/211] 020YPYL80RJY {'tag': '020YPYL80RJY', 'error': None, 'crowns': [1, 0], 'expected': [1, 0], 'crowns_match': True, 'winner_match': True, 'accepted': 48, 'rejected': 0, 'delays': 1, 't': 180.1, 'secs': 0.14}
[53/211] 020YPYL89Y8Y {'tag': '020YPYL89Y8Y', 'error': None, 'crowns': [1, 0], 'expected': [0, 1], 'crowns_match': False, 'winner_match': False, 'accepted': 51, 'rejected': 0, 'delays': 2, 't': 180.1, 'secs': 0.13}
[54/211] 020YPYL9CYUL {'tag': '020YPYL9CYUL', 'error': None, 'crowns': [1, 0], 'expected': [1, 0], 'crowns_match': True, 'winner_match': True, 'accepted': 47, 'rejected': 0, 'delays': 0, 't': 180.1, 'secs': 0.16}
[55/211] 020YPYL9R08C {'tag': '020YPYL9R08C', 'error': None, 'crowns': [3, 0], 'expected': [3, 0], 'crowns_match': True, 'winner_match': True, 'accepted': 22, 'rejected': 0, 'delays': 0, 't': 119.0, 'secs': 0.13}
[56/211] 020YPYL9VC0C {'tag': '020YPYL9VC0C', 'error': None, 'crowns': [1, 0], 'expected': [1, 0], 'crowns_match': True, 'winner_match': True, 'accepted': 76, 'rejected': 0, 'delays': 20, 't': 228.9, 'secs': 0.25}
[57/211] 020YPYLLQUV0 {'tag': '020YPYLLQUV0', 'error': None, 'crowns': [3, 0], 'expected': [0, 1], 'crowns_match': False, 'winner_match': False, 'accepted': 47, 'rejected': 1, 'delays': 0, 't': 172.1, 'secs': 0.17}
[58/211] 020YPYLP8YR0 {'tag': '020YPYLP8YR0', 'error': None, 'crowns': [2, 0], 'expected': [0, 1], 'crowns_match': False, 'winner_match': False, 'accepted': 50, 'rejected': 0, 'delays': 4, 't': 180.1, 'secs': 0.16}
[59/211] 020YPYLPPCPQ {'tag': '020YPYLPPCPQ', 'error': None, 'crowns': [2, 0], 'expected': [0, 1], 'crowns_match': False, 'winner_match': False, 'accepted': 63, 'rejected': 0, 'delays': 0, 't': 180.1, 'secs': 0.14}
[60/211] 020YPYLY29LP {'tag': '020YPYLY29LP', 'error': None, 'crowns': [1, 0], 'expected': [0, 1], 'crowns_match': False, 'winner_match': False, 'accepted': 49, 'rejected': 0, 'delays': 0, 't': 180.1, 'secs': 0.1}
[61/211] 020YPYP8J9PV {'tag': '020YPYP8J9PV', 'error': None, 'crowns': [1, 0], 'expected': [0, 1], 'crowns_match': False, 'winner_match': False, 'accepted': 62, 'rejected': 1, 'delays': 0, 't': 189.8, 'secs': 0.18}
[62/211] 020YPYQ0RRY0 {'tag': '020YPYQ0RRY0', 'error': None, 'crowns': [3, 0], 'expected': [3, 0], 'crowns_match': True, 'winner_match': True, 'accepted': 14, 'rejected': 1, 'delays': 1, 't': 71.8, 'secs': 0.09}
[63/211] 020YPYQ22GY2 {'tag': '020YPYQ22GY2', 'error': None, 'crowns': [1, 0], 'expected': [1, 0], 'crowns_match': True, 'winner_match': True, 'accepted': 47, 'rejected': 0, 'delays': 7, 't': 180.1, 'secs': 0.14}
[64/211] 020YPYYQG22L {'tag': '020YPYYQG22L', 'error': None, 'crowns': [3, 0], 'expected': [3, 0], 'crowns_match': True, 'winner_match': True, 'accepted': 5, 'rejected': 0, 'delays': 0, 't': 40.7, 'secs': 0.05}
[65/211] 020YPYYQQ8V8 {'tag': '020YPYYQQ8V8', 'error': None, 'crowns': [0, 0], 'expected': [1, 0], 'crowns_match': False, 'winner_match': False, 'accepted': 61, 'rejected': 0, 'delays': 2, 't': 300.1, 'secs': 0.19}
[66/211] 020YPYYR8Q0P {'tag': '020YPYYR8Q0P', 'error': None, 'crowns': [1, 0], 'expected': [0, 1], 'crowns_match': False, 'winner_match': False, 'accepted': 53, 'rejected': 0, 'delays': 0, 't': 180.1, 'secs': 0.11}
[67/211] 020YPYYVJR0V {'tag': '020YPYYVJR0V', 'error': None, 'crowns': [3, 0], 'expected': [1, 0], 'crowns_match': False, 'winner_match': True, 'accepted': 13, 'rejected': 1, 'delays': 2, 't': 60.7, 'secs': 0.1}
[68/211] 022YYL8R2GG0 {'tag': '022YYL8R2GG0', 'error': None, 'crowns': [3, 0], 'expected': [3, 1], 'crowns_match': False, 'winner_match': True, 'accepted': 18, 'rejected': 0, 'delays': 0, 't': 86.0, 'secs': 0.13}
[69/211] 022YYL8YCYC8 {'tag': '022YYL8YCYC8', 'error': None, 'crowns': [0, 0], 'expected': [0, 1], 'crowns_match': False, 'winner_match': False, 'accepted': 118, 'rejected': 0, 'delays': 0, 't': 300.1, 'secs': 0.31}
[70/211] 022YYLUUPYYV {'tag': '022YYLUUPYYV', 'error': None, 'crowns': [1, 0], 'expected': [0, 1], 'crowns_match': False, 'winner_match': False, 'accepted': 50, 'rejected': 0, 'delays': 0, 't': 187.8, 'secs': 0.17}
[71/211] 022YYLV98PVR {'tag': '022YYLV98PVR', 'error': None, 'crowns': [2, 0], 'expected': [0, 1], 'crowns_match': False, 'winner_match': False, 'accepted': 52, 'rejected': 0, 'delays': 0, 't': 180.1, 'secs': 0.16}
[72/211] 022YYLV9QLQJ {'tag': '022YYLV9QLQJ', 'error': None, 'crowns': [1, 0], 'expected': [1, 0], 'crowns_match': True, 'winner_match': True, 'accepted': 54, 'rejected': 0, 'delays': 0, 't': 180.1, 'secs': 0.14}
[73/211] 022YYLV9V90G {'tag': '022YYLV9V90G', 'error': None, 'crowns': [2, 0], 'expected': [0, 1], 'crowns_match': False, 'winner_match': False, 'accepted': 49, 'rejected': 0, 'delays': 0, 't': 180.1, 'secs': 0.11}
[74/211] 022YYLV9YVJL {'tag': '022YYLV9YVJL', 'error': None, 'crowns': [0, 0], 'expected': [0, 1], 'crowns_match': False, 'winner_match': True, 'accepted': 118, 'rejected': 1, 'delays': 3, 't': 300.1, 'secs': 0.27}
[75/211] 022YYQ0RPYY2 {'tag': '022YYQ0RPYY2', 'error': None, 'crowns': [1, 0], 'expected': [1, 0], 'crowns_match': True, 'winner_match': True, 'accepted': 53, 'rejected': 0, 'delays': 0, 't': 180.1, 'secs': 0.12}
[76/211] 022YYQ22298V {'tag': '022YYQ22298V', 'error': None, 'crowns': [1, 0], 'expected': [1, 0], 'crowns_match': True, 'winner_match': True, 'accepted': 46, 'rejected': 0, 'delays': 7, 't': 180.1, 'secs': 0.13}
[77/211] 022YYQ2G0LPV {'tag': '022YYQ2G0LPV', 'error': None, 'crowns': [1, 0], 'expected': [0, 1], 'crowns_match': False, 'winner_match': False, 'accepted': 44, 'rejected': 0, 'delays': 0, 't': 180.1, 'secs': 0.19}
[78/211] 022YYQ2QJRPV {'tag': '022YYQ2QJRPV', 'error': None, 'crowns': [3, 0], 'expected': [0, 1], 'crowns_match': False, 'winner_match': False, 'accepted': 29, 'rejected': 0, 'delays': 0, 't': 139.8, 'secs': 0.1}
[79/211] 022YYQ92909Q {'tag': '022YYQ92909Q', 'error': None, 'crowns': [3, 0], 'expected': [1, 0], 'crowns_match': False, 'winner_match': True, 'accepted': 44, 'rejected': 0, 'delays': 0, 't': 177.3, 'secs': 0.18}
[80/211] 022YYQL2QLUV {'tag': '022YYQL2QLUV', 'error': None, 'crowns': [3, 0], 'expected': [0, 1], 'crowns_match': False, 'winner_match': False, 'accepted': 61, 'rejected': 0, 'delays': 6, 't': 178.3, 'secs': 0.17}
[81/211] 022YYQL828PQ {'tag': '022YYQL828PQ', 'error': None, 'crowns': [3, 0], 'expected': [0, 1], 'crowns_match': False, 'winner_match': False, 'accepted': 29, 'rejected': 1, 'delays': 0, 't': 134.0, 'secs': 0.12}
[82/211] 022YYQYV2C2J {'tag': '022YYQYV2C2J', 'error': None, 'crowns': [3, 0], 'expected': [1, 0], 'crowns_match': False, 'winner_match': True, 'accepted': 46, 'rejected': 1, 'delays': 2, 't': 161.9, 'secs': 0.24}
[83/211] 022YYQYV9Y2R {'tag': '022YYQYV9Y2R', 'error': None, 'crowns': [1, 0], 'expected': [1, 0], 'crowns_match': True, 'winner_match': True, 'accepted': 62, 'rejected': 0, 'delays': 0, 't': 180.1, 'secs': 0.15}
[84/211] 022YYYUC8VUJ {'tag': '022YYYUC8VUJ', 'error': None, 'crowns': [1, 0], 'expected': [0, 1], 'crowns_match': False, 'winner_match': False, 'accepted': 90, 'rejected': 0, 'delays': 0, 't': 253.7, 'secs': 0.4}
[85/211] 022YYYUCQR2V {'tag': '022YYYUCQR2V', 'error': None, 'crowns': [1, 0], 'expected': [1, 0], 'crowns_match': True, 'winner_match': True, 'accepted': 54, 'rejected': 1, 'delays': 3, 't': 180.1, 'secs': 0.16}
[86/211] 022YYYUCR9VJ {'tag': '022YYYUCR9VJ', 'error': None, 'crowns': [1, 0], 'expected': [0, 1], 'crowns_match': False, 'winner_match': False, 'accepted': 45, 'rejected': 1, 'delays': 1, 't': 180.1, 'secs': 0.18}
[87/211] 022YYYUCVPR9 {'tag': '022YYYUCVPR9', 'error': None, 'crowns': [1, 0], 'expected': [0, 1], 'crowns_match': False, 'winner_match': False, 'accepted': 60, 'rejected': 0, 'delays': 2, 't': 180.1, 'secs': 0.1}
[88/211] 022YYYUU9LPG {'tag': '022YYYUU9LPG', 'error': None, 'crowns': [0, 1], 'expected': [0, 1], 'crowns_match': True, 'winner_match': True, 'accepted': 95, 'rejected': 1, 'delays': 1, 't': 260.1, 'secs': 0.12}
[89/211] 022YYYUUQGGJ {'tag': '022YYYUUQGGJ', 'error': None, 'crowns': [2, 1], 'expected': [1, 0], 'crowns_match': False, 'winner_match': True, 'accepted': 43, 'rejected': 0, 'delays': 2, 't': 180.1, 'secs': 0.14}
[90/211] 022YYYUVGPUU {'tag': '022YYYUVGPUU', 'error': None, 'crowns': [3, 0], 'expected': [0, 1], 'crowns_match': False, 'winner_match': False, 'accepted': 46, 'rejected': 0, 'delays': 0, 't': 157.9, 'secs': 0.14}
[91/211] 022YYYVURLCJ {'tag': '022YYYVURLCJ', 'error': None, 'crowns': [1, 0], 'expected': [0, 1], 'crowns_match': False, 'winner_match': False, 'accepted': 44, 'rejected': 1, 'delays': 0, 't': 180.1, 'secs': 0.16}
[92/211] 02GY9GJCR9P0 {'tag': '02GY9GJCR9P0', 'error': None, 'crowns': [1, 0], 'expected': [0, 1], 'crowns_match': False, 'winner_match': False, 'accepted': 47, 'rejected': 0, 'delays': 0, 't': 180.1, 'secs': 0.19}
[93/211] 02GY9GJGYJUV {'tag': '02GY9GJGYJUV', 'error': None, 'crowns': [3, 0], 'expected': [1, 0], 'crowns_match': False, 'winner_match': True, 'accepted': 17, 'rejected': 1, 'delays': 0, 't': 91.5, 'secs': 0.1}
[94/211] 02GY9GJJLR9Q {'tag': '02GY9GJJLR9Q', 'error': None, 'crowns': [1, 0], 'expected': [0, 1], 'crowns_match': False, 'winner_match': False, 'accepted': 50, 'rejected': 0, 'delays': 0, 't': 180.1, 'secs': 0.12}
[95/211] 02GY9GJQU0UR {'tag': '02GY9GJQU0UR', 'error': None, 'crowns': [0, 1], 'expected': [1, 0], 'crowns_match': False, 'winner_match': False, 'accepted': 56, 'rejected': 0, 'delays': 0, 't': 180.1, 'secs': 0.1}
[96/211] 02GY9GJRPQ89 {'tag': '02GY9GJRPQ89', 'error': None, 'crowns': [2, 0], 'expected': [0, 1], 'crowns_match': False, 'winner_match': False, 'accepted': 45, 'rejected': 1, 'delays': 2, 't': 180.1, 'secs': 0.17}
[97/211] 02GY9GJRQG2Q {'tag': '02GY9GJRQG2Q', 'error': None, 'crowns': [0, 1], 'expected': [0, 3], 'crowns_match': False, 'winner_match': True, 'accepted': 7, 'rejected': 1, 'delays': 0, 't': 180.1, 'secs': 0.03}
[98/211] 02GY9GJURY8G {'tag': '02GY9GJURY8G', 'error': None, 'crowns': [1, 0], 'expected': [1, 0], 'crowns_match': True, 'winner_match': True, 'accepted': 52, 'rejected': 0, 'delays': 0, 't': 180.1, 'secs': 0.1}
[99/211] 02GY9GJV00GV {'tag': '02GY9GJV00GV', 'error': None, 'crowns': [0, 1], 'expected': [1, 0], 'crowns_match': False, 'winner_match': False, 'accepted': 67, 'rejected': 0, 'delays': 1, 't': 180.1, 'secs': 0.15}
[100/211] 02GY9GJV8CVG {'tag': '02GY9GJV8CVG', 'error': None, 'crowns': [3, 1], 'expected': [0, 1], 'crowns_match': False, 'winner_match': False, 'accepted': 119, 'rejected': 0, 'delays': 0, 't': 273.9, 'secs': 0.2}
[101/211] 02GY9GJVQGCQ {'tag': '02GY9GJVQGCQ', 'error': None, 'crowns': [3, 0], 'expected': [0, 1], 'crowns_match': False, 'winner_match': False, 'accepted': 35, 'rejected': 0, 'delays': 0, 't': 131.2, 'secs': 0.06}
[102/211] 02GY9GJVUP00 {'tag': '02GY9GJVUP00', 'error': None, 'crowns': [1, 0], 'expected': [0, 1], 'crowns_match': False, 'winner_match': False, 'accepted': 51, 'rejected': 0, 'delays': 4, 't': 180.1, 'secs': 0.2}
[103/211] 02GY9GR902G8 {'tag': '02GY9GR902G8', 'error': None, 'crowns': [3, 0], 'expected': [1, 0], 'crowns_match': False, 'winner_match': True, 'accepted': 34, 'rejected': 0, 'delays': 0, 't': 135.6, 'secs': 0.1}
[104/211] 02JY9G00V9CJ {'tag': '02JY9G00V9CJ', 'error': None, 'crowns': [3, 0], 'expected': [1, 0], 'crowns_match': False, 'winner_match': True, 'accepted': 28, 'rejected': 1, 'delays': 1, 't': 133.2, 'secs': 0.09}
[105/211] 02JY9G020C2U {'tag': '02JY9G020C2U', 'error': None, 'crowns': [0, 1], 'expected': [0, 3], 'crowns_match': False, 'winner_match': True, 'accepted': 35, 'rejected': 0, 'delays': 0, 't': 180.1, 'secs': 0.08}
[106/211] 02JY9G02LR0U {'tag': '02JY9G02LR0U', 'error': None, 'crowns': [1, 0], 'expected': [0, 1], 'crowns_match': False, 'winner_match': False, 'accepted': 49, 'rejected': 0, 'delays': 0, 't': 180.1, 'secs': 0.17}
[107/211] 02JY9G02UJL2 {'tag': '02JY9G02UJL2', 'error': None, 'crowns': [1, 0], 'expected': [1, 0], 'crowns_match': True, 'winner_match': True, 'accepted': 52, 'rejected': 1, 'delays': 0, 't': 180.1, 'secs': 0.26}
[108/211] 02JY9G082QC2 {'tag': '02JY9G082QC2', 'error': None, 'crowns': [3, 0], 'expected': [0, 1], 'crowns_match': False, 'winner_match': False, 'accepted': 28, 'rejected': 0, 'delays': 0, 't': 134.7, 'secs': 0.1}
[109/211] 02JY9G08C0JV {'tag': '02JY9G08C0JV', 'error': None, 'crowns': [1, 0], 'expected': [0, 1], 'crowns_match': False, 'winner_match': False, 'accepted': 48, 'rejected': 0, 'delays': 0, 't': 180.1, 'secs': 0.11}
[110/211] 02JY9G08YCQG {'tag': '02JY9G08YCQG', 'error': None, 'crowns': [1, 0], 'expected': [0, 1], 'crowns_match': False, 'winner_match': False, 'accepted': 57, 'rejected': 0, 'delays': 0, 't': 180.1, 'secs': 0.14}
[111/211] 02JY9G090029 {'tag': '02JY9G090029', 'error': None, 'crowns': [1, 0], 'expected': [0, 1], 'crowns_match': False, 'winner_match': False, 'accepted': 50, 'rejected': 0, 'delays': 2, 't': 180.1, 'secs': 0.15}
[112/211] 02JY9G8LJPJV {'tag': '02JY9G8LJPJV', 'error': None, 'crowns': [1, 0], 'expected': [0, 1], 'crowns_match': False, 'winner_match': False, 'accepted': 54, 'rejected': 0, 'delays': 0, 't': 201.0, 'secs': 0.12}
[113/211] 02JY9G99CGPC {'tag': '02JY9G99CGPC', 'error': None, 'crowns': [1, 0], 'expected': [1, 2], 'crowns_match': False, 'winner_match': False, 'accepted': 50, 'rejected': 2, 'delays': 1, 't': 180.1, 'secs': 0.16}
[114/211] 02JY9G99LY0L {'tag': '02JY9G99LY0L', 'error': None, 'crowns': [1, 0], 'expected': [1, 0], 'crowns_match': True, 'winner_match': True, 'accepted': 47, 'rejected': 0, 'delays': 0, 't': 180.1, 'secs': 0.12}
[115/211] 02JY9G99RPRU {'tag': '02JY9G99RPRU', 'error': None, 'crowns': [1, 0], 'expected': [0, 1], 'crowns_match': False, 'winner_match': False, 'accepted': 84, 'rejected': 0, 'delays': 0, 't': 254.7, 'secs': 0.35}
[116/211] 02JY9G9PP92L {'tag': '02JY9G9PP92L', 'error': None, 'crowns': [0, 0], 'expected': [1, 0], 'crowns_match': False, 'winner_match': True, 'accepted': 123, 'rejected': 0, 'delays': 0, 't': 300.1, 'secs': 0.35}
[117/211] 02JY9GL00Q0C {'tag': '02JY9GL00Q0C', 'error': None, 'crowns': [1, 0], 'expected': [1, 0], 'crowns_match': True, 'winner_match': True, 'accepted': 64, 'rejected': 0, 'delays': 0, 't': 204.0, 'secs': 0.28}
[118/211] 02JY9GL09YJJ {'tag': '02JY9GL09YJJ', 'error': None, 'crowns': [1, 0], 'expected': [0, 1], 'crowns_match': False, 'winner_match': False, 'accepted': 70, 'rejected': 0, 'delays': 0, 't': 231.9, 'secs': 0.14}
[119/211] 02JY9GL22CYR {'tag': '02JY9GL22CYR', 'error': None, 'crowns': [1, 0], 'expected': [0, 1], 'crowns_match': False, 'winner_match': False, 'accepted': 47, 'rejected': 0, 'delays': 2, 't': 180.1, 'secs': 0.09}
[120/211] 02JY9GL9VP9C {'tag': '02JY9GL9VP9C', 'error': None, 'crowns': [3, 0], 'expected': [1, 0], 'crowns_match': False, 'winner_match': True, 'accepted': 24, 'rejected': 0, 'delays': 0, 't': 101.3, 'secs': 0.06}
[121/211] 02JY9GL9Y90C {'tag': '02JY9GL9Y90C', 'error': None, 'crowns': [1, 0], 'expected': [1, 0], 'crowns_match': True, 'winner_match': True, 'accepted': 50, 'rejected': 0, 'delays': 1, 't': 180.1, 'secs': 0.1}
[122/211] 02JY9GPPVPPG {'tag': '02JY9GPPVPPG', 'error': None, 'crowns': [3, 0], 'expected': [3, 0], 'crowns_match': True, 'winner_match': True, 'accepted': 17, 'rejected': 0, 'delays': 2, 't': 77.4, 'secs': 0.15}
[123/211] 02JY9GQY2VCU {'tag': '02JY9GQY2VCU', 'error': None, 'crowns': [1, 0], 'expected': [1, 0], 'crowns_match': True, 'winner_match': True, 'accepted': 51, 'rejected': 0, 'delays': 0, 't': 180.1, 'secs': 0.13}
[124/211] 02JY9GQYCPCQ {'tag': '02JY9GQYCPCQ', 'error': None, 'crowns': [1, 0], 'expected': [1, 0], 'crowns_match': True, 'winner_match': True, 'accepted': 48, 'rejected': 0, 'delays': 0, 't': 180.1, 'secs': 0.17}
[125/211] 02JY9GQYLVLV {'tag': '02JY9GQYLVLV', 'error': None, 'crowns': [3, 0], 'expected': [0, 1], 'crowns_match': False, 'winner_match': False, 'accepted': 54, 'rejected': 0, 'delays': 0, 't': 174.5, 'secs': 0.14}
[126/211] 02JY9GYLJC9Y {'tag': '02JY9GYLJC9Y', 'error': None, 'crowns': [0, 1], 'expected': [0, 1], 'crowns_match': True, 'winner_match': True, 'accepted': 73, 'rejected': 0, 'delays': 0, 't': 218.9, 'secs': 0.21}
[127/211] 02JY9GYQ0Q9G {'tag': '02JY9GYQ0Q9G', 'error': None, 'crowns': [2, 0], 'expected': [0, 1], 'crowns_match': False, 'winner_match': False, 'accepted': 58, 'rejected': 0, 'delays': 3, 't': 180.1, 'secs': 0.1}
[128/211] 02JY9GYQ89QY {'tag': '02JY9GYQ89QY', 'error': None, 'crowns': [3, 0], 'expected': [3, 0], 'crowns_match': True, 'winner_match': True, 'accepted': 9, 'rejected': 0, 'delays': 2, 't': 40.2, 'secs': 0.08}
[129/211] 02LY9LJV20Q9 {'tag': '02LY9LJV20Q9', 'error': None, 'crowns': [1, 0], 'expected': [1, 0], 'crowns_match': True, 'winner_match': True, 'accepted': 89, 'rejected': 0, 'delays': 0, 't': 292.9, 'secs': 0.27}
[130/211] 02LY9LJV8Q0C {'tag': '02LY9LJV8Q0C', 'error': None, 'crowns': [1, 0], 'expected': [0, 1], 'crowns_match': False, 'winner_match': False, 'accepted': 97, 'rejected': 0, 'delays': 0, 't': 259.1, 'secs': 0.25}
[131/211] 02QY9Q8VCCYQ {'tag': '02QY9Q8VCCYQ', 'error': None, 'crowns': [1, 0], 'expected': [0, 1], 'crowns_match': False, 'winner_match': False, 'accepted': 48, 'rejected': 1, 'delays': 0, 't': 180.1, 'secs': 0.13}
[132/211] 02QY9Q8VGVGQ {'tag': '02QY9Q8VGVGQ', 'error': None, 'crowns': [1, 0], 'expected': [1, 0], 'crowns_match': True, 'winner_match': True, 'accepted': 64, 'rejected': 0, 'delays': 2, 't': 194.1, 'secs': 0.19}
[133/211] 02QY9Q900RQL {'tag': '02QY9Q900RQL', 'error': None, 'crowns': [1, 0], 'expected': [1, 0], 'crowns_match': True, 'winner_match': True, 'accepted': 50, 'rejected': 0, 'delays': 0, 't': 180.1, 'secs': 0.2}
[134/211] 02QY9Q90JPCL {'tag': '02QY9Q90JPCL', 'error': None, 'crowns': [2, 0], 'expected': [0, 1], 'crowns_match': False, 'winner_match': False, 'accepted': 44, 'rejected': 0, 'delays': 0, 't': 180.1, 'secs': 0.12}
[135/211] 02QY9Q90QQ9V {'tag': '02QY9Q90QQ9V', 'error': None, 'crowns': [1, 0], 'expected': [1, 0], 'crowns_match': True, 'winner_match': True, 'accepted': 52, 'rejected': 0, 'delays': 4, 't': 180.1, 'secs': 0.13}
[136/211] 02QY9Q90VQ02 {'tag': '02QY9Q90VQ02', 'error': None, 'crowns': [3, 0], 'expected': [1, 0], 'crowns_match': False, 'winner_match': True, 'accepted': 39, 'rejected': 0, 'delays': 0, 't': 169.3, 'secs': 0.19}
[137/211] 02QY9Q928Y8C {'tag': '02QY9Q928Y8C', 'error': None, 'crowns': [0, 0], 'expected': [0, 1], 'crowns_match': False, 'winner_match': True, 'accepted': 109, 'rejected': 1, 'delays': 2, 't': 300.1, 'secs': 0.23}
[138/211] 02QY9Q92CGV0 {'tag': '02QY9Q92CGV0', 'error': None, 'crowns': [3, 0], 'expected': [3, 0], 'crowns_match': True, 'winner_match': True, 'accepted': 19, 'rejected': 1, 'delays': 1, 't': 101.6, 'secs': 0.08}
[139/211] 02QY9Q92QPGC {'tag': '02QY9Q92QPGC', 'error': None, 'crowns': [1, 0], 'expected': [0, 1], 'crowns_match': False, 'winner_match': False, 'accepted': 59, 'rejected': 0, 'delays': 0, 't': 211.4, 'secs': 0.19}
[140/211] 02QY9Q980YV0 {'tag': '02QY9Q980YV0', 'error': None, 'crowns': [0, 0], 'expected': [0, 1], 'crowns_match': False, 'winner_match': False, 'accepted': 94, 'rejected': 0, 'delays': 0, 't': 300.1, 'secs': 0.27}
[141/211] 02QY9Q98C0J8 {'tag': '02QY9Q98C0J8', 'error': None, 'crowns': [3, 0], 'expected': [0, 1], 'crowns_match': False, 'winner_match': False, 'accepted': 15, 'rejected': 1, 'delays': 0, 't': 71.5, 'secs': 0.04}
[142/211] 02QY9Q9L9CLL {'tag': '02QY9Q9L9CLL', 'error': None, 'crowns': [3, 0], 'expected': [1, 0], 'crowns_match': False, 'winner_match': True, 'accepted': 45, 'rejected': 0, 'delays': 1, 't': 163.1, 'secs': 0.21}
[143/211] 02QY9Q9LCCQQ {'tag': '02QY9Q9LCCQQ', 'error': None, 'crowns': [1, 0], 'expected': [1, 0], 'crowns_match': True, 'winner_match': True, 'accepted': 46, 'rejected': 0, 'delays': 3, 't': 180.1, 'secs': 0.13}
[144/211] 02QY9Q9P0CRP {'tag': '02QY9Q9P0CRP', 'error': None, 'crowns': [3, 0], 'expected': [1, 0], 'crowns_match': False, 'winner_match': True, 'accepted': 38, 'rejected': 0, 'delays': 2, 't': 137.3, 'secs': 0.1}
[145/211] 02QY9Q9PCGCP {'tag': '02QY9Q9PCGCP', 'error': None, 'crowns': [1, 0], 'expected': [1, 2], 'crowns_match': False, 'winner_match': False, 'accepted': 44, 'rejected': 1, 'delays': 0, 't': 180.1, 'secs': 0.18}
[146/211] 02QY9Q9PY29C {'tag': '02QY9Q9PY29C', 'error': None, 'crowns': [1, 0], 'expected': [0, 1], 'crowns_match': False, 'winner_match': False, 'accepted': 72, 'rejected': 0, 'delays': 0, 't': 247.8, 'secs': 0.22}
[147/211] 02QY9Q9YY089 {'tag': '02QY9Q9YY089', 'error': None, 'crowns': [2, 0], 'expected': [0, 1], 'crowns_match': False, 'winner_match': False, 'accepted': 44, 'rejected': 0, 'delays': 2, 't': 180.1, 'secs': 0.19}
[148/211] 082Y8Q0CRU92 {'tag': '082Y8Q0CRU92', 'error': None, 'crowns': [0, 0], 'expected': [0, 1], 'crowns_match': False, 'winner_match': True, 'accepted': 118, 'rejected': 0, 'delays': 1, 't': 300.1, 'secs': 0.23}
[149/211] 088Y88LLCJRY {'tag': '088Y88LLCJRY', 'error': None, 'crowns': [0, 1], 'expected': [0, 1], 'crowns_match': True, 'winner_match': True, 'accepted': 68, 'rejected': 0, 'delays': 2, 't': 180.1, 'secs': 0.21}
[150/211] 088Y88LQYJ00 {'tag': '088Y88LQYJ00', 'error': None, 'crowns': [3, 0], 'expected': [3, 0], 'crowns_match': True, 'winner_match': True, 'accepted': 20, 'rejected': 0, 'delays': 0, 't': 144.4, 'secs': 0.04}
[151/211] 08CPVR8P2JPV {'tag': '08CPVR8P2JPV', 'error': None, 'crowns': [1, 0], 'expected': [1, 0], 'crowns_match': True, 'winner_match': True, 'accepted': 61, 'rejected': 0, 'delays': 2, 't': 180.1, 'secs': 0.13}
[152/211] 08CPVRQ9JCLR {'tag': '08CPVRQ9JCLR', 'error': None, 'crowns': [3, 0], 'expected': [1, 2], 'crowns_match': False, 'winner_match': False, 'accepted': 17, 'rejected': 0, 'delays': 0, 't': 73.4, 'secs': 0.09}
[153/211] 08CPVRQ9RQUY {'tag': '08CPVRQ9RQUY', 'error': None, 'crowns': [0, 1], 'expected': [0, 3], 'crowns_match': False, 'winner_match': True, 'accepted': 27, 'rejected': 0, 'delays': 0, 't': 180.1, 'secs': 0.06}
[154/211] 08CPVRQPJLPG {'tag': '08CPVRQPJLPG', 'error': None, 'crowns': [1, 0], 'expected': [0, 1], 'crowns_match': False, 'winner_match': False, 'accepted': 54, 'rejected': 0, 'delays': 2, 't': 180.1, 'secs': 0.26}
[155/211] 08CPVRRCJY0J {'tag': '08CPVRRCJY0J', 'error': None, 'crowns': [0, 3], 'expected': [0, 3], 'crowns_match': True, 'winner_match': True, 'accepted': 18, 'rejected': 0, 'delays': 0, 't': 127.7, 'secs': 0.05}
[156/211] 08CPVRRCV922 {'tag': '08CPVRRCV922', 'error': None, 'crowns': [1, 0], 'expected': [0, 1], 'crowns_match': False, 'winner_match': False, 'accepted': 45, 'rejected': 0, 'delays': 0, 't': 180.1, 'secs': 0.1}
[157/211] 08CPVRRJ9C2L {'tag': '08CPVRRJ9C2L', 'error': None, 'crowns': [1, 0], 'expected': [0, 1], 'crowns_match': False, 'winner_match': False, 'accepted': 55, 'rejected': 0, 'delays': 0, 't': 180.1, 'secs': 0.11}
[158/211] 08CPVRRR8PYC {'tag': '08CPVRRR8PYC', 'error': None, 'crowns': [0, 0], 'expected': [0, 1], 'crowns_match': False, 'winner_match': True, 'accepted': 54, 'rejected': 0, 'delays': 0, 't': 300.1, 'secs': 0.11}
[159/211] 08CPVRRRC0P8 {'tag': '08CPVRRRC0P8', 'error': None, 'crowns': [0, 1], 'expected': [0, 1], 'crowns_match': True, 'winner_match': True, 'accepted': 46, 'rejected': 0, 'delays': 0, 't': 180.1, 'secs': 0.11}
[160/211] 08CPVRRU8VCQ {'tag': '08CPVRRU8VCQ', 'error': None, 'crowns': [1, 0], 'expected': [0, 1], 'crowns_match': False, 'winner_match': False, 'accepted': 60, 'rejected': 0, 'delays': 1, 't': 195.9, 'secs': 0.24}
[161/211] 08CPVRRUR90G {'tag': '08CPVRRUR90G', 'error': None, 'crowns': [1, 0], 'expected': [1, 0], 'crowns_match': True, 'winner_match': True, 'accepted': 45, 'rejected': 0, 'delays': 0, 't': 180.1, 'secs': 0.14}
[162/211] 08CPVRRUYG00 {'tag': '08CPVRRUYG00', 'error': None, 'crowns': [1, 0], 'expected': [1, 0], 'crowns_match': True, 'winner_match': True, 'accepted': 56, 'rejected': 0, 'delays': 4, 't': 180.1, 'secs': 0.1}
[163/211] 08LY80VC29RV {'tag': '08LY80VC29RV', 'error': None, 'crowns': [1, 0], 'expected': [0, 1], 'crowns_match': False, 'winner_match': False, 'accepted': 71, 'rejected': 0, 'delays': 4, 't': 223.7, 'secs': 0.13}
[164/211] 08PY88PC88QV {'tag': '08PY88PC88QV', 'error': None, 'crowns': [1, 0], 'expected': [0, 1], 'crowns_match': False, 'winner_match': False, 'accepted': 66, 'rejected': 1, 'delays': 0, 't': 196.7, 'secs': 0.15}
[165/211] 08PY88PCQ9C2 {'tag': '08PY88PCQ9C2', 'error': None, 'crowns': [1, 0], 'expected': [1, 0], 'crowns_match': True, 'winner_match': True, 'accepted': 53, 'rejected': 0, 'delays': 0, 't': 205.8, 'secs': 0.15}
[166/211] 08PY88PCV0JQ {'tag': '08PY88PCV0JQ', 'error': None, 'crowns': [3, 0], 'expected': [0, 1], 'crowns_match': False, 'winner_match': False, 'accepted': 37, 'rejected': 0, 'delays': 0, 't': 157.2, 'secs': 0.14}
[167/211] 08PY88PJYJUR {'tag': '08PY88PJYJUR', 'error': None, 'crowns': [1, 0], 'expected': [0, 1], 'crowns_match': False, 'winner_match': False, 'accepted': 57, 'rejected': 1, 'delays': 1, 't': 195.0, 'secs': 0.13}
[168/211] 08PY88PQV2YV {'tag': '08PY88PQV2YV', 'error': None, 'crowns': [1, 0], 'expected': [0, 1], 'crowns_match': False, 'winner_match': False, 'accepted': 68, 'rejected': 0, 'delays': 0, 't': 233.4, 'secs': 0.26}
[169/211] 08PY88PR0LJY {'tag': '08PY88PR0LJY', 'error': None, 'crowns': [0, 0], 'expected': [1, 0], 'crowns_match': False, 'winner_match': True, 'accepted': 109, 'rejected': 0, 'delays': 0, 't': 300.1, 'secs': 0.26}
[170/211] 08PY88PRLJCQ {'tag': '08PY88PRLJCQ', 'error': None, 'crowns': [3, 0], 'expected': [0, 1], 'crowns_match': False, 'winner_match': False, 'accepted': 47, 'rejected': 0, 'delays': 0, 't': 175.6, 'secs': 0.14}
[171/211] 08PY88PRRPY2 {'tag': '08PY88PRRPY2', 'error': None, 'crowns': [3, 0], 'expected': [1, 0], 'crowns_match': False, 'winner_match': True, 'accepted': 17, 'rejected': 1, 'delays': 1, 't': 84.0, 'secs': 0.07}
[172/211] 08PY88PUQVCU {'tag': '08PY88PUQVCU', 'error': None, 'crowns': [2, 0], 'expected': [1, 0], 'crowns_match': False, 'winner_match': True, 'accepted': 43, 'rejected': 1, 'delays': 3, 't': 180.1, 'secs': 0.17}
[173/211] 08PY88PUY9YP {'tag': '08PY88PUY9YP', 'error': None, 'crowns': [1, 0], 'expected': [3, 0], 'crowns_match': False, 'winner_match': True, 'accepted': 40, 'rejected': 1, 'delays': 0, 't': 180.1, 'secs': 0.07}
[174/211] 08QPVCPC2VCU {'tag': '08QPVCPC2VCU', 'error': None, 'crowns': [1, 0], 'expected': [0, 1], 'crowns_match': False, 'winner_match': False, 'accepted': 56, 'rejected': 0, 'delays': 0, 't': 180.1, 'secs': 0.16}
[175/211] 08QPVCPC9QQU {'tag': '08QPVCPC9QQU', 'error': None, 'crowns': [3, 0], 'expected': [0, 1], 'crowns_match': False, 'winner_match': False, 'accepted': 13, 'rejected': 1, 'delays': 3, 't': 39.6, 'secs': 0.06}
[176/211] 08QPVCPCG8L9 {'tag': '08QPVCPCG8L9', 'error': None, 'crowns': [3, 0], 'expected': [0, 1], 'crowns_match': False, 'winner_match': False, 'accepted': 26, 'rejected': 0, 'delays': 0, 't': 125.6, 'secs': 0.11}
[177/211] 08QPVCPCVGVJ {'tag': '08QPVCPCVGVJ', 'error': None, 'crowns': [1, 0], 'expected': [0, 1], 'crowns_match': False, 'winner_match': False, 'accepted': 46, 'rejected': 0, 'delays': 0, 't': 180.1, 'secs': 0.12}
[178/211] 08QPVCPCYU2U {'tag': '08QPVCPCYU2U', 'error': None, 'crowns': [1, 0], 'expected': [0, 1], 'crowns_match': False, 'winner_match': False, 'accepted': 50, 'rejected': 0, 'delays': 0, 't': 181.3, 'secs': 0.24}
[179/211] 08QPVCPU28C0 {'tag': '08QPVCPU28C0', 'error': None, 'crowns': [3, 0], 'expected': [1, 0], 'crowns_match': False, 'winner_match': True, 'accepted': 42, 'rejected': 0, 'delays': 0, 't': 162.9, 'secs': 0.11}
[180/211] 08QPVCPULY0V {'tag': '08QPVCPULY0V', 'error': None, 'crowns': [1, 0], 'expected': [1, 0], 'crowns_match': True, 'winner_match': True, 'accepted': 86, 'rejected': 0, 'delays': 0, 't': 221.5, 'secs': 0.17}
[181/211] 08YY892LJCG9 {'tag': '08YY892LJCG9', 'error': None, 'crowns': [0, 0], 'expected': [0, 1], 'crowns_match': False, 'winner_match': True, 'accepted': 42, 'rejected': 0, 'delays': 0, 't': 300.1, 'secs': 0.16}
[182/211] 08YY892P8Q98 {'tag': '08YY892P8Q98', 'error': None, 'crowns': [1, 0], 'expected': [1, 0], 'crowns_match': True, 'winner_match': True, 'accepted': 50, 'rejected': 0, 'delays': 5, 't': 180.1, 'secs': 0.27}
[183/211] 08YY892V8QUU {'tag': '08YY892V8QUU', 'error': None, 'crowns': [0, 0], 'expected': [0, 1], 'crowns_match': False, 'winner_match': False, 'accepted': 72, 'rejected': 0, 'delays': 0, 't': 300.1, 'secs': 0.22}
[184/211] 08YY89822YRQ {'tag': '08YY89822YRQ', 'error': None, 'crowns': [1, 0], 'expected': [0, 1], 'crowns_match': False, 'winner_match': False, 'accepted': 45, 'rejected': 0, 'delays': 0, 't': 180.1, 'secs': 0.17}
[185/211] 08YY8988C0QC {'tag': '08YY8988C0QC', 'error': None, 'crowns': [3, 0], 'expected': [3, 0], 'crowns_match': True, 'winner_match': True, 'accepted': 29, 'rejected': 0, 'delays': 0, 't': 151.3, 'secs': 0.1}
[186/211] 08YY8988V9JL {'tag': '08YY8988V9JL', 'error': None, 'crowns': [1, 0], 'expected': [1, 0], 'crowns_match': True, 'winner_match': True, 'accepted': 100, 'rejected': 0, 'delays': 0, 't': 264.4, 'secs': 0.25}
[187/211] 08YY8989P8J2 {'tag': '08YY8989P8J2', 'error': None, 'crowns': [1, 0], 'expected': [0, 1], 'crowns_match': False, 'winner_match': False, 'accepted': 48, 'rejected': 0, 'delays': 1, 't': 180.1, 'secs': 0.11}
[188/211] 08YY898L28JL {'tag': '08YY898L28JL', 'error': None, 'crowns': [1, 0], 'expected': [1, 0], 'crowns_match': True, 'winner_match': True, 'accepted': 101, 'rejected': 0, 'delays': 0, 't': 288.5, 'secs': 0.19}
[189/211] 08YY898L9JLC {'tag': '08YY898L9JLC', 'error': None, 'crowns': [3, 0], 'expected': [2, 0], 'crowns_match': False, 'winner_match': True, 'accepted': 41, 'rejected': 0, 'delays': 1, 't': 177.8, 'secs': 0.11}
[190/211] 08YY898LQL9V {'tag': '08YY898LQL9V', 'error': None, 'crowns': [0, 1], 'expected': [1, 0], 'crowns_match': False, 'winner_match': False, 'accepted': 89, 'rejected': 0, 'delays': 0, 't': 250.4, 'secs': 0.21}
[191/211] 08YY898LU88C {'tag': '08YY898LU88C', 'error': None, 'crowns': [2, 0], 'expected': [1, 0], 'crowns_match': False, 'winner_match': True, 'accepted': 57, 'rejected': 0, 'delays': 0, 't': 180.1, 'secs': 0.12}
[192/211] 08YY898LY8G8 {'tag': '08YY898LY8G8', 'error': None, 'crowns': [1, 0], 'expected': [0, 1], 'crowns_match': False, 'winner_match': False, 'accepted': 58, 'rejected': 0, 'delays': 0, 't': 188.3, 'secs': 0.3}
[193/211] 08YY898PPLJ9 {'tag': '08YY898PPLJ9', 'error': None, 'crowns': [1, 0], 'expected': [0, 1], 'crowns_match': False, 'winner_match': False, 'accepted': 64, 'rejected': 0, 'delays': 0, 't': 180.1, 'secs': 0.14}
[194/211] 08YY898Q09RY {'tag': '08YY898Q09RY', 'error': None, 'crowns': [1, 0], 'expected': [0, 1], 'crowns_match': False, 'winner_match': False, 'accepted': 77, 'rejected': 0, 'delays': 0, 't': 264.8, 'secs': 0.15}
[195/211] 08YY898QYRPP {'tag': '08YY898QYRPP', 'error': None, 'crowns': [1, 0], 'expected': [1, 0], 'crowns_match': True, 'winner_match': True, 'accepted': 51, 'rejected': 0, 'delays': 1, 't': 180.1, 'secs': 0.3}
[196/211] 08YY898YJ8LY {'tag': '08YY898YJ8LY', 'error': None, 'crowns': [1, 0], 'expected': [0, 1], 'crowns_match': False, 'winner_match': False, 'accepted': 55, 'rejected': 0, 'delays': 0, 't': 180.1, 'secs': 0.19}
[197/211] 092PPVPCRCPC {'tag': '092PPVPCRCPC', 'error': None, 'crowns': [0, 1], 'expected': [0, 1], 'crowns_match': True, 'winner_match': True, 'accepted': 52, 'rejected': 0, 'delays': 0, 't': 180.1, 'secs': 0.14}
[198/211] 092PPVPCU9LL {'tag': '092PPVPCU9LL', 'error': None, 'crowns': [2, 1], 'expected': [0, 1], 'crowns_match': False, 'winner_match': False, 'accepted': 76, 'rejected': 0, 'delays': 0, 't': 220.8, 'secs': 0.26}
[199/211] 092PPVPU00LV {'tag': '092PPVPU00LV', 'error': None, 'crowns': [1, 0], 'expected': [0, 1], 'crowns_match': False, 'winner_match': False, 'accepted': 60, 'rejected': 0, 'delays': 0, 't': 180.1, 'secs': 0.32}
[200/211] 092PPVPUY8PG {'tag': '092PPVPUY8PG', 'error': None, 'crowns': [1, 0], 'expected': [0, 1], 'crowns_match': False, 'winner_match': False, 'accepted': 51, 'rejected': 1, 'delays': 2, 't': 180.1, 'secs': 0.11}
[201/211] 092PPVPV8PRJ {'tag': '092PPVPV8PRJ', 'error': None, 'crowns': [3, 0], 'expected': [1, 0], 'crowns_match': False, 'winner_match': True, 'accepted': 53, 'rejected': 0, 'delays': 0, 't': 165.5, 'secs': 0.13}
[202/211] 092PPVPVRCYP {'tag': '092PPVPVRCYP', 'error': None, 'crowns': [3, 0], 'expected': [0, 1], 'crowns_match': False, 'winner_match': False, 'accepted': 50, 'rejected': 1, 'delays': 2, 't': 155.4, 'secs': 0.14}
[203/211] 092PPVPVULCU {'tag': '092PPVPVULCU', 'error': None, 'crowns': [2, 1], 'expected': [0, 1], 'crowns_match': False, 'winner_match': False, 'accepted': 52, 'rejected': 0, 'delays': 0, 't': 180.1, 'secs': 0.17}
[204/211] 092PPVY0J0J8 {'tag': '092PPVY0J0J8', 'error': None, 'crowns': [1, 0], 'expected': [0, 1], 'crowns_match': False, 'winner_match': False, 'accepted': 49, 'rejected': 0, 'delays': 3, 't': 180.1, 'secs': 0.2}
[205/211] 092PPVY0Q0CR {'tag': '092PPVY0Q0CR', 'error': None, 'crowns': [3, 0], 'expected': [0, 1], 'crowns_match': False, 'winner_match': False, 'accepted': 43, 'rejected': 0, 'delays': 0, 't': 162.0, 'secs': 0.09}
[206/211] 092PPVY29Q2V {'tag': '092PPVY29Q2V', 'error': None, 'crowns': [1, 0], 'expected': [0, 1], 'crowns_match': False, 'winner_match': False, 'accepted': 48, 'rejected': 1, 'delays': 2, 't': 180.1, 'secs': 0.11}
[207/211] 092PPVY2CGG8 {'tag': '092PPVY2CGG8', 'error': None, 'crowns': [3, 0], 'expected': [1, 0], 'crowns_match': False, 'winner_match': True, 'accepted': 25, 'rejected': 1, 'delays': 0, 't': 97.1, 'secs': 0.12}
[208/211] 092PPVY2RCUL {'tag': '092PPVY2RCUL', 'error': None, 'crowns': [1, 0], 'expected': [0, 1], 'crowns_match': False, 'winner_match': False, 'accepted': 48, 'rejected': 0, 'delays': 0, 't': 180.1, 'secs': 0.09}
[209/211] 092PPVY8298U {'tag': '092PPVY8298U', 'error': None, 'crowns': [2, 0], 'expected': [0, 1], 'crowns_match': False, 'winner_match': False, 'accepted': 42, 'rejected': 0, 'delays': 0, 't': 180.1, 'secs': 0.13}
[210/211] 092PPVY899LL {'tag': '092PPVY899LL', 'error': None, 'crowns': [3, 0], 'expected': [0, 1], 'crowns_match': False, 'winner_match': False, 'accepted': 49, 'rejected': 0, 'delays': 0, 't': 170.9, 'secs': 0.09}
[211/211] 092PPVY8PV90 {'tag': '092PPVY8PV90', 'error': None, 'crowns': [1, 0], 'expected': [1, 0], 'crowns_match': True, 'winner_match': True, 'accepted': 49, 'rejected': 0, 'delays': 0, 't': 183.7, 'secs': 0.23}
