bot matches with hand states 198 of 220
===== Rocket-in-hand share and P(el>=6 | in hand), time based
all                    pros in-hand 0.825 P(el>=6|in hand) 0.548 | bot in-hand 0.933 P(el>=6|in hand) 0.231
phase=1x               pros in-hand 0.881 P(el>=6|in hand) 0.632 | bot in-hand 0.911 P(el>=6|in hand) 0.318
phase=2x               pros in-hand 0.803 P(el>=6|in hand) 0.475 | bot in-hand 0.972 P(el>=6|in hand) 0.146
phase=OT               pros in-hand 0.739 P(el>=6|in hand) 0.426 | bot in-hand 0.945 P(el>=6|in hand) 0.070
crowns=ahead           pros in-hand 0.786 P(el>=6|in hand) 0.447 | bot in-hand 0.987 P(el>=6|in hand) 0.156
crowns=level           pros in-hand 0.826 P(el>=6|in hand) 0.551 | bot in-hand 0.921 P(el>=6|in hand) 0.248
crowns=behind          pros in-hand 0.836 P(el>=6|in hand) 0.462 | bot in-hand 0.974 P(el>=6|in hand) 0.180
hp=deficit(<-10%)      pros in-hand 0.811 P(el>=6|in hand) 0.438 | bot in-hand 0.979 P(el>=6|in hand) 0.186
hp=even                pros in-hand 0.833 P(el>=6|in hand) 0.587 | bot in-hand 0.907 P(el>=6|in hand) 0.284
hp=lead(>+10%)         pros in-hand 0.787 P(el>=6|in hand) 0.476 | bot in-hand 0.954 P(el>=6|in hand) 0.160
===== TOWER Rockets: decomposition (all minutes basis)
all                    min(P/B) 8710/650 elig-min 3937/140.2 plays 1380/23 | share P 0.452 [0.447,0.456] B 0.216 [0.202,0.230] | rate/elig-min P 0.351 [0.328,0.374] B 0.164 [0.100,0.239] | rate/match-min P 0.158 [0.149,0.169] B 0.035 [0.022,0.052] | ln gap 1.50 [1.12,1.99] = share 0.74 [0.68,0.81] + rate 0.76 [0.38,1.26]; frac from share 0.49 [0.36,0.66]
phase=1x               min(P/B) 4390/371 elig-min 2442/107.4 plays 234/13 | share P 0.556 [0.550,0.563] B 0.289 [0.268,0.310] | rate/elig-min P 0.096 [0.084,0.109] B 0.121 [0.062,0.192] | rate/match-min P 0.053 [0.047,0.060] B 0.035 [0.018,0.056] | ln gap 0.42 [-0.05,1.10] = share 0.65 [0.58,0.73] + rate -0.23 [-0.72,0.46]; frac from share 1.56 [-6.28,12.73]
phase=2x               min(P/B) 2018/188 elig-min 770/26.7 plays 298/5 | share P 0.382 [0.374,0.389] B 0.142 [0.129,0.156] | rate/elig-min P 0.387 [0.342,0.436] B 0.187 [0.038,0.377] | rate/match-min P 0.148 [0.131,0.166] B 0.027 [0.005,0.054] | ln gap 1.71 [1.03,3.25] = share 0.99 [0.89,1.09] + rate 0.73 [0.03,2.26]; frac from share 0.58 [0.30,0.97]
phase=OT               min(P/B) 2303/91 elig-min 725/6.0 plays 848/5 | share P 0.315 [0.308,0.322] B 0.066 [0.053,0.082] | rate/elig-min P 1.170 [1.082,1.269] B 0.827 [0.179,1.689] | rate/match-min P 0.368 [0.342,0.396] B 0.055 [0.012,0.108] | ln gap 1.91 [1.21,3.42] = share 1.56 [1.35,1.79] + rate 0.35 [-0.37,1.83]; frac from share 0.82 [0.46,1.30]
crowns=ahead           min(P/B) 150/65 elig-min 52/10.0 plays 14/1 | share P 0.351 [0.321,0.381] B 0.154 [0.116,0.204] | rate/elig-min P 0.267 [0.140,0.418] B 0.100 [0.000,0.362] | rate/match-min P 0.094 [0.049,0.144] B 0.015 [0.000,0.049] | ln gap 1.81 [0.37,2.24] = share 0.83 [0.53,1.12] + rate 0.99 [-0.59,1.47]; frac from share 0.46 [0.00,1.76]
crowns=level           min(P/B) 8440/522 elig-min 3837/119.1 plays 1354/21 | share P 0.455 [0.450,0.459] B 0.228 [0.213,0.244] | rate/elig-min P 0.353 [0.329,0.378] B 0.176 [0.103,0.263] | rate/match-min P 0.160 [0.150,0.171] B 0.040 [0.024,0.060] | ln gap 1.38 [1.00,1.92] = share 0.69 [0.62,0.76] + rate 0.69 [0.29,1.24]; frac from share 0.50 [0.35,0.71]
crowns=behind          min(P/B) 121/63 elig-min 47/11.0 plays 12/1 | share P 0.387 [0.352,0.422] B 0.175 [0.148,0.202] | rate/elig-min P 0.256 [0.126,0.412] B 0.091 [0.000,0.306] | rate/match-min P 0.099 [0.048,0.158] B 0.016 [0.000,0.052] | ln gap 1.82 [0.35,2.29] = share 0.79 [0.62,0.98] + rate 1.03 [-0.48,1.53]; frac from share 0.43 [0.00,1.67]
hp=deficit(<-10%)      min(P/B) 1933/120 elig-min 686/21.8 plays 472/4 | share P 0.355 [0.347,0.363] B 0.182 [0.160,0.204] | rate/elig-min P 0.688 [0.608,0.767] B 0.183 [0.043,0.366] | rate/match-min P 0.244 [0.218,0.271] B 0.033 [0.008,0.068] | ln gap 1.99 [1.28,3.38] = share 0.67 [0.55,0.80] + rate 1.32 [0.62,2.72]; frac from share 0.34 [0.18,0.52]
hp=even                min(P/B) 6239/355 elig-min 3048/91.5 plays 793/18 | share P 0.489 [0.483,0.494] B 0.258 [0.238,0.279] | rate/elig-min P 0.260 [0.239,0.283] B 0.197 [0.106,0.302] | rate/match-min P 0.127 [0.117,0.138] B 0.051 [0.028,0.077] | ln gap 0.92 [0.49,1.52] = share 0.64 [0.56,0.72] + rate 0.28 [-0.17,0.91]; frac from share 0.70 [0.40,1.35]
hp=lead(>+10%)         min(P/B) 539/175 elig-min 202/26.8 plays 115/1 | share P 0.374 [0.358,0.391] B 0.153 [0.126,0.182] | rate/elig-min P 0.569 [0.455,0.696] B 0.037 [0.000,0.127] | rate/match-min P 0.213 [0.172,0.256] B 0.006 [0.000,0.018] | ln gap 3.62 [2.31,3.82] = share 0.90 [0.72,1.10] + rate 2.72 [1.34,2.98]; frac from share 0.25 [0.00,0.40]
===== ALL Rockets
all                    min(P/B) 8710/650 elig-min 3937/140.2 plays 5426/66 | share P 0.452 [0.447,0.456] B 0.216 [0.202,0.230] | rate/elig-min P 1.378 [1.335,1.422] B 0.471 [0.354,0.599] | rate/match-min P 0.623 [0.606,0.639] B 0.101 [0.077,0.127] | ln gap 1.81 [1.58,2.09] = share 0.74 [0.68,0.81] + rate 1.07 [0.83,1.36]; frac from share 0.41 [0.34,0.48]
phase=1x               min(P/B) 4390/371 elig-min 2442/107.4 plays 1036/24 | share P 0.556 [0.550,0.563] B 0.289 [0.268,0.310] | rate/elig-min P 0.424 [0.399,0.450] B 0.223 [0.140,0.312] | rate/match-min P 0.236 [0.224,0.249] B 0.065 [0.041,0.090] | ln gap 1.30 [0.95,1.76] = share 0.65 [0.58,0.73] + rate 0.64 [0.30,1.11]; frac from share 0.50 [0.36,0.70]
phase=2x               min(P/B) 2018/188 elig-min 770/26.7 plays 1420/19 | share P 0.382 [0.374,0.389] B 0.142 [0.129,0.156] | rate/elig-min P 1.844 [1.740,1.947] B 0.712 [0.422,1.046] | rate/match-min P 0.704 [0.672,0.735] B 0.101 [0.060,0.147] | ln gap 1.94 [1.56,2.46] = share 0.99 [0.89,1.09] + rate 0.95 [0.56,1.47]; frac from share 0.51 [0.39,0.65]
phase=OT               min(P/B) 2303/91 elig-min 725/6.0 plays 2970/23 | share P 0.315 [0.308,0.322] B 0.066 [0.053,0.082] | rate/elig-min P 4.098 [3.918,4.275] B 3.805 [2.222,5.894] | rate/match-min P 1.290 [1.251,1.327] B 0.252 [0.158,0.355] | ln gap 1.63 [1.29,2.10] = share 1.56 [1.35,1.79] + rate 0.07 [-0.36,0.61]; frac from share 0.95 [0.70,1.28]
crowns=ahead           min(P/B) 150/65 elig-min 52/10.0 plays 127/1 | share P 0.351 [0.321,0.381] B 0.154 [0.116,0.204] | rate/elig-min P 2.420 [2.001,2.890] B 0.100 [0.000,0.362] | rate/match-min P 0.849 [0.735,0.968] B 0.015 [0.000,0.049] | ln gap 4.02 [2.74,4.25] = share 0.83 [0.53,1.12] + rate 3.19 [1.79,3.54]; frac from share 0.21 [0.00,0.35]
crowns=level           min(P/B) 8440/522 elig-min 3837/119.1 plays 5234/61 | share P 0.455 [0.450,0.459] B 0.228 [0.213,0.244] | rate/elig-min P 1.364 [1.320,1.408] B 0.512 [0.374,0.660] | rate/match-min P 0.620 [0.603,0.638] B 0.117 [0.087,0.148] | ln gap 1.67 [1.43,1.96] = share 0.69 [0.62,0.76] + rate 0.98 [0.72,1.29]; frac from share 0.41 [0.34,0.50]
crowns=behind          min(P/B) 121/63 elig-min 47/11.0 plays 65/4 | share P 0.387 [0.352,0.422] B 0.175 [0.148,0.202] | rate/elig-min P 1.386 [1.071,1.752] B 0.364 [0.082,0.735] | rate/match-min P 0.536 [0.425,0.652] B 0.064 [0.015,0.129] | ln gap 2.13 [1.38,3.53] = share 0.79 [0.62,0.98] + rate 1.34 [0.57,2.72]; frac from share 0.37 [0.20,0.61]
hp=deficit(<-10%)      min(P/B) 1933/120 elig-min 686/21.8 plays 1662/8 | share P 0.355 [0.347,0.363] B 0.182 [0.160,0.204] | rate/elig-min P 2.422 [2.269,2.579] B 0.366 [0.108,0.684] | rate/match-min P 0.860 [0.814,0.903] B 0.067 [0.020,0.121] | ln gap 2.56 [1.95,3.77] = share 0.67 [0.55,0.80] + rate 1.89 [1.26,3.09]; frac from share 0.26 [0.17,0.36]
hp=even                min(P/B) 6239/355 elig-min 3048/91.5 plays 3294/37 | share P 0.489 [0.483,0.494] B 0.258 [0.238,0.279] | rate/elig-min P 1.081 [1.036,1.127] B 0.404 [0.267,0.562] | rate/match-min P 0.528 [0.510,0.547] B 0.104 [0.070,0.143] | ln gap 1.62 [1.31,2.02] = share 0.64 [0.56,0.72] + rate 0.98 [0.65,1.40]; frac from share 0.39 [0.30,0.51]
hp=lead(>+10%)         min(P/B) 539/175 elig-min 202/26.8 plays 470/21 | share P 0.374 [0.358,0.391] B 0.153 [0.126,0.182] | rate/elig-min P 2.327 [2.088,2.577] B 0.784 [0.423,1.283] | rate/match-min P 0.871 [0.802,0.941] B 0.120 [0.068,0.180] | ln gap 1.98 [1.57,2.58] = share 0.90 [0.72,1.10] + rate 1.09 [0.58,1.72]; frac from share 0.45 [0.32,0.64]
===== NON-TOWER Rockets
all                    min(P/B) 8710/650 elig-min 3937/140.2 plays 4046/43 | share P 0.452 [0.447,0.456] B 0.216 [0.202,0.230] | rate/elig-min P 1.028 [0.990,1.065] B 0.307 [0.213,0.409] | rate/match-min P 0.464 [0.449,0.480] B 0.066 [0.046,0.087] | ln gap 1.95 [1.67,2.32] = share 0.74 [0.68,0.81] + rate 1.21 [0.92,1.58]; frac from share 0.38 [0.31,0.46]
phase=1x               min(P/B) 4390/371 elig-min 2442/107.4 plays 802/11 | share P 0.556 [0.550,0.563] B 0.289 [0.268,0.310] | rate/elig-min P 0.328 [0.305,0.351] B 0.102 [0.045,0.166] | rate/match-min P 0.183 [0.171,0.194] B 0.030 [0.013,0.047] | ln gap 1.82 [1.33,2.62] = share 0.65 [0.58,0.73] + rate 1.17 [0.67,1.97]; frac from share 0.36 [0.24,0.50]
phase=2x               min(P/B) 2018/188 elig-min 770/26.7 plays 1122/14 | share P 0.382 [0.374,0.389] B 0.142 [0.129,0.156] | rate/elig-min P 1.457 [1.367,1.547] B 0.524 [0.280,0.814] | rate/match-min P 0.556 [0.526,0.585] B 0.075 [0.039,0.115] | ln gap 2.01 [1.57,2.62] = share 0.99 [0.89,1.09] + rate 1.02 [0.57,1.66]; frac from share 0.49 [0.37,0.64]
phase=OT               min(P/B) 2303/91 elig-min 725/6.0 plays 2122/18 | share P 0.315 [0.308,0.322] B 0.066 [0.053,0.082] | rate/elig-min P 2.928 [2.778,3.086] B 2.978 [1.647,4.872] | rate/match-min P 0.922 [0.885,0.959] B 0.197 [0.115,0.290] | ln gap 1.54 [1.15,2.09] = share 1.56 [1.35,1.79] + rate -0.02 [-0.51,0.57]; frac from share 1.01 [0.71,1.43]
crowns=ahead           min(P/B) 150/65 elig-min 52/10.0 plays 113/0 | share P 0.351 [0.321,0.381] B 0.154 [0.116,0.204] | rate/elig-min P 2.153 [1.766,2.604] B 0.000 [0.000,0.000] | rate/match-min P 0.756 [0.649,0.873] B 0.000 [0.000,0.000] | ln gap n/a = share 0.83 [0.53,1.12] + rate n/a; frac from share n/a
crowns=level           min(P/B) 8440/522 elig-min 3837/119.1 plays 3880/40 | share P 0.455 [0.450,0.459] B 0.228 [0.213,0.244] | rate/elig-min P 1.011 [0.971,1.050] B 0.336 [0.232,0.448] | rate/match-min P 0.460 [0.444,0.476] B 0.077 [0.053,0.100] | ln gap 1.79 [1.52,2.16] = share 0.69 [0.62,0.76] + rate 1.10 [0.82,1.48]; frac from share 0.38 [0.31,0.47]
crowns=behind          min(P/B) 121/63 elig-min 47/11.0 plays 53/3 | share P 0.387 [0.352,0.422] B 0.175 [0.148,0.202] | rate/elig-min P 1.130 [0.847,1.462] B 0.273 [0.000,0.623] | rate/match-min P 0.437 [0.336,0.541] B 0.048 [0.000,0.107] | ln gap 2.21 [1.33,3.45] = share 0.79 [0.62,0.98] + rate 1.42 [0.51,2.66]; frac from share 0.36 [0.00,0.61]
hp=deficit(<-10%)      min(P/B) 1933/120 elig-min 686/21.8 plays 1190/4 | share P 0.355 [0.347,0.363] B 0.182 [0.160,0.204] | rate/elig-min P 1.734 [1.612,1.860] B 0.183 [0.000,0.443] | rate/match-min P 0.616 [0.577,0.654] B 0.033 [0.000,0.078] | ln gap 2.92 [2.04,4.34] = share 0.67 [0.55,0.80] + rate 2.25 [1.35,3.69]; frac from share 0.23 [0.00,0.34]
hp=even                min(P/B) 6239/355 elig-min 3048/91.5 plays 2501/19 | share P 0.489 [0.483,0.494] B 0.258 [0.238,0.279] | rate/elig-min P 0.820 [0.780,0.862] B 0.208 [0.117,0.313] | rate/match-min P 0.401 [0.383,0.419] B 0.053 [0.030,0.080] | ln gap 2.01 [1.61,2.59] = share 0.64 [0.56,0.72] + rate 1.37 [0.96,1.95]; frac from share 0.32 [0.24,0.41]
hp=lead(>+10%)         min(P/B) 539/175 elig-min 202/26.8 plays 355/20 | share P 0.374 [0.358,0.391] B 0.153 [0.126,0.182] | rate/elig-min P 1.757 [1.556,1.960] B 0.746 [0.388,1.235] | rate/match-min P 0.658 [0.593,0.720] B 0.114 [0.062,0.174] | ln gap 1.75 [1.34,2.36] = share 0.90 [0.72,1.10] + rate 0.86 [0.34,1.52]; frac from share 0.51 [0.34,0.75]
pros rows kept 159805
===== A2 model on pro VAL rows (Rocket in hand & >=6 elixir) {'n': 17680, 'clusters': 278}
all                    n= 17680 pros 3.7% [3.4%,4.1%] n=17680 (tower 1.0% [0.8%,1.2%] n=17680) | model soft 2.8% [2.6%,3.0%] n=17680 (tower 0.7% [0.6%,0.7%] n=17680) | live 1.5% [1.2%,1.8%] n=17680 (tower 0.3% [0.2%,0.4%] n=17680) | ratio soft/pros [0.75 0.68 0.82] live/pros [0.4  0.33 0.48] tower soft/pros [0.65 0.54 0.79]
phase=1x               n= 10590 pros 1.0% [0.8%,1.2%] n=10590 (tower 0.3% [0.2%,0.4%] n=10590) | model soft 1.0% [0.8%,1.1%] n=10590 (tower 0.2% [0.1%,0.2%] n=10590) | live 0.5% [0.3%,0.7%] n=10590 (tower 0.1% [0.1%,0.2%] n=10590) | ratio soft/pros [0.94 0.79 1.12] live/pros [0.48 0.33 0.65] tower soft/pros [0.61 0.44 0.89]
phase=2x               n=  3594 pros 5.1% [4.3%,5.9%] n=3594 (tower 1.2% [0.8%,1.6%] n=3594) | model soft 3.5% [3.1%,3.8%] n=3594 (tower 0.6% [0.5%,0.7%] n=3594) | live 1.3% [0.9%,1.8%] n=3594 (tower 0.2% [0.1%,0.3%] n=3594) | ratio soft/pros [0.68 0.59 0.8 ] live/pros [0.26 0.17 0.35] tower soft/pros [0.49 0.36 0.69]
phase=OT               n=  3496 pros 10.5% [9.2%,11.8%] n=3496 (tower 2.9% [2.3%,3.7%] n=3496) | model soft 7.6% [6.9%,8.4%] n=3496 (tower 2.1% [1.9%,2.4%] n=3496) | live 4.7% [3.5%,5.9%] n=3496 (tower 0.8% [0.4%,1.2%] n=3496) | ratio soft/pros [0.73 0.64 0.84] live/pros [0.45 0.33 0.57] tower soft/pros [0.73 0.57 0.94]
crowns=ahead           n=   267 pros 6.7% [3.9%,10.6%] n=267 (tower 0.7% [0.0%,2.4%] n=267) | model soft 4.4% [2.8%,6.2%] n=267 (tower 0.3% [0.2%,0.5%] n=267) | live 2.6% [0.4%,5.3%] n=267 (tower 0.0% [0.0%,0.0%] n=267) | ratio soft/pros [0.65 0.33 1.1 ] live/pros [0.39 0.06 0.83] tower soft/pros [0.42 0.13 1.18]
crowns=level           n= 17244 pros 3.7% [3.3%,4.0%] n=17244 (tower 1.0% [0.8%,1.2%] n=17244) | model soft 2.8% [2.5%,3.0%] n=17244 (tower 0.7% [0.6%,0.7%] n=17244) | live 1.5% [1.2%,1.8%] n=17244 (tower 0.3% [0.2%,0.4%] n=17244) | ratio soft/pros [0.75 0.68 0.83] live/pros [0.4  0.33 0.49] tower soft/pros [0.65 0.55 0.8 ]
crowns=behind          n=   169 pros 4.7% [1.9%,9.4%] n=169 (tower 1.8% [0.0%,5.2%] n=169) | model soft 3.0% [1.6%,4.5%] n=169 (tower 0.8% [0.3%,1.3%] n=169) | live 0.6% [0.0%,2.6%] n=169 (tower 0.0% [0.0%,0.0%] n=169) | ratio soft/pros [0.63 0.28 1.29] live/pros [0.12 0.   0.6 ] tower soft/pros [0.45 0.07 2.02]
hp=deficit(<-10%)      n=  2975 pros 6.6% [5.5%,7.7%] n=2975 (tower 2.1% [1.5%,2.7%] n=2975) | model soft 4.4% [3.8%,5.1%] n=2975 (tower 1.2% [1.0%,1.4%] n=2975) | live 2.5% [1.7%,3.4%] n=2975 (tower 0.5% [0.3%,0.9%] n=2975) | ratio soft/pros [0.67 0.55 0.84] live/pros [0.38 0.27 0.55] tower soft/pros [0.58 0.43 0.83]
hp=even                n= 13669 pros 2.9% [2.6%,3.3%] n=13669 (tower 0.7% [0.5%,0.9%] n=13669) | model soft 2.3% [2.1%,2.6%] n=13669 (tower 0.5% [0.5%,0.6%] n=13669) | live 1.2% [0.9%,1.5%] n=13669 (tower 0.2% [0.1%,0.3%] n=13669) | ratio soft/pros [0.8  0.72 0.89] live/pros [0.41 0.32 0.51] tower soft/pros [0.74 0.59 0.97]
hp=lead(>+10%)         n=  1036 pros 6.0% [4.6%,7.6%] n=1036 (tower 1.7% [1.0%,2.7%] n=1036) | model soft 4.0% [3.2%,4.9%] n=1036 (tower 0.7% [0.5%,0.9%] n=1036) | live 2.4% [1.4%,3.5%] n=1036 (tower 0.5% [0.1%,1.1%] n=1036) | ratio soft/pros [0.67 0.52 0.85] live/pros [0.4  0.25 0.58] tower soft/pros [0.37 0.24 0.62]
rank of Rocket on pro Rocket rows {'n': 657, 'counts': {4: 90, 3: 261, 1: 94, 2: 212}, 'shares': {'1': [0.1430745814307458, 0.11638237368285319, 0.1700180281316591, 94.0, 657.0], '2': [0.3226788432267884, 0.2834368365180467, 0.36238866810411646, 212.0, 657.0], '3': [0.3972602739726027, 0.3567979104477612, 0.4388781148716859, 261.0, 657.0], '4': [0.136986301369863, 0.1112576742023356, 0.16527614217913653, 90.0, 657.0]}, 'mean_gate_p_play': 0.738801180948086, 'mean_soft_P(Rocket)': 0.14537170230525776, 'share_gate_over_0.35': 0.8904109589041096} {'n': 178, 'top1': 0.1348314606741573}
===== A1 pros rows
all                    n=142186 P(Rocket) 3.8% [3.7%,3.9%] n=142186 tower 1.0% [0.9%,1.0%] n=142186 nontower 2.8% [2.7%,3.0%] n=142186
phase=1x               n= 83048 P(Rocket) 1.2% [1.2%,1.3%] n=83048 tower 0.3% [0.2%,0.3%] n=83048 nontower 1.0% [0.9%,1.0%] n=83048
phase=2x               n= 29714 P(Rocket) 4.8% [4.5%,5.0%] n=29714 tower 1.0% [0.9%,1.1%] n=29714 nontower 3.8% [3.6%,4.0%] n=29714
phase=OT               n= 29424 P(Rocket) 10.1% [9.7%,10.5%] n=29424 tower 2.9% [2.6%,3.1%] n=29424 nontower 7.2% [6.8%,7.6%] n=29424
crowns=ahead           n=  1927 P(Rocket) 6.6% [5.4%,7.8%] n=1927 tower 0.7% [0.4%,1.1%] n=1927 nontower 5.9% [4.8%,7.0%] n=1927
crowns=level           n=138783 P(Rocket) 3.8% [3.7%,3.9%] n=138783 tower 1.0% [0.9%,1.0%] n=138783 nontower 2.8% [2.7%,2.9%] n=138783
crowns=behind          n=  1476 P(Rocket) 4.4% [3.4%,5.5%] n=1476 tower 0.8% [0.4%,1.3%] n=1476 nontower 3.6% [2.7%,4.6%] n=1476
hp=deficit(<-10%)      n= 26106 P(Rocket) 6.4% [6.0%,6.7%] n=26106 tower 1.8% [1.6%,2.0%] n=26106 nontower 4.6% [4.2%,4.9%] n=26106
hp=even                n=108531 P(Rocket) 3.0% [2.9%,3.2%] n=108531 tower 0.7% [0.7%,0.8%] n=108531 nontower 2.3% [2.2%,2.4%] n=108531
hp=lead(>+10%)         n=  7549 P(Rocket) 6.2% [5.6%,6.9%] n=7549 tower 1.5% [1.2%,1.9%] n=7549 nontower 4.7% [4.2%,5.3%] n=7549
===== B pros actual (all splits) vs bot actual: P(defensive | X-Bow placed)
deficit(<-10%)|all                 pros 23.6% [21.5%,25.6%] n=2525 | bot 19.7% [12.3%,27.3%] n=147
deficit(<-10%)|1x                  pros 8.8% [6.0%,11.6%] n=387 | bot 7.5% [0.0%,16.3%] n=40
deficit(<-10%)|2x                  pros 23.3% [20.8%,26.2%] n=944 | bot 22.1% [12.0%,32.6%] n=86
deficit(<-10%)|OT                  pros 28.6% [25.5%,31.7%] n=1194 | bot 33.3% [11.8%,56.5%] n=21
even|all                           pros 30.1% [28.5%,31.6%] n=5697 | bot 13.2% [9.9%,16.6%] n=387
even|1x                            pros 16.2% [14.5%,17.8%] n=2332 | bot 9.3% [5.7%,13.1%] n=227
even|2x                            pros 36.9% [34.4%,39.5%] n=1754 | bot 19.0% [11.5%,26.9%] n=121
even|OT                            pros 42.8% [39.9%,45.6%] n=1611 | bot 17.9% [5.7%,30.8%] n=39
lead(>+10%)|all                    pros 43.3% [38.4%,48.1%] n=536 | bot 25.3% [19.2%,31.9%] n=186
lead(>+10%)|1x                     pros 23.4% [14.8%,32.0%] n=94 | bot 17.0% [7.3%,28.6%] n=53
lead(>+10%)|2x                     pros 45.2% [38.7%,51.7%] n=250 | bot 35.4% [26.6%,44.0%] n=99
lead(>+10%)|OT                     pros 50.5% [42.1%,59.0%] n=192 | bot 8.8% [0.0%,18.9%] n=34
late(>=120s)|lead                  pros 47.5% [42.1%,53.0%] n=442 | bot 28.6% [20.9%,36.4%] n=133
late(>=120s)|deficit               pros 26.2% [23.9%,28.6%] n=2138 | bot 24.3% [15.1%,34.4%] n=107
shift(lead-deficit)                pros [0.197, 0.145, 0.251] | bot [0.055, -0.04, 0.158]
shift_late(lead-deficit)           pros [0.213, 0.155, 0.271] | bot [0.043, -0.074, 0.167]
===== B model teacher-forced (val rows) {'n': 11285, 'clusters': 277}
deficit(<-10%)|all           n_pro_xb= 299 pros 24.7% [19.3%,30.0%] n=299 | model defmass(on pro rows) 30.4% [27.5%,33.9%] n=299 argcell 11.4% [7.5%,15.5%] n=299 | model chosen soft 31.6% [28.6%,35.1%] n=268 | live-chosen n=325 12.6% [7.6%,18.4%] n=325
deficit(<-10%)|1x            n_pro_xb=  45 pros 6.7% [0.0%,15.2%] n=45 | model defmass(on pro rows) 22.9% [15.8%,30.3%] n=45 argcell 8.9% [2.0%,17.9%] n=45 | model chosen soft 21.5% [17.7%,25.8%] n=37 | live-chosen n=25 8.0% [0.0%,20.0%] n=25
deficit(<-10%)|2x            n_pro_xb= 113 pros 26.5% [18.6%,34.7%] n=113 | model defmass(on pro rows) 33.2% [27.3%,39.4%] n=113 argcell 16.8% [9.6%,24.8%] n=113 | model chosen soft 32.3% [28.2%,36.9%] n=96 | live-chosen n=119 16.0% [8.7%,24.3%] n=119
deficit(<-10%)|OT            n_pro_xb= 141 pros 29.1% [20.7%,37.8%] n=141 | model defmass(on pro rows) 30.6% [26.6%,34.9%] n=141 argcell 7.8% [3.6%,12.7%] n=141 | model chosen soft 33.9% [29.6%,39.0%] n=135 | live-chosen n=181 11.0% [4.6%,18.8%] n=181
even|all                     n_pro_xb= 710 pros 27.9% [23.4%,32.4%] n=710 | model defmass(on pro rows) 30.6% [28.2%,33.1%] n=710 argcell 11.8% [9.3%,14.4%] n=710 | model chosen soft 31.0% [28.9%,33.2%] n=716 | live-chosen n=763 10.5% [7.7%,13.6%] n=763
even|1x                      n_pro_xb= 301 pros 13.3% [9.2%,17.8%] n=301 | model defmass(on pro rows) 23.2% [20.2%,26.4%] n=301 argcell 8.0% [5.0%,11.2%] n=301 | model chosen soft 24.3% [21.5%,27.3%] n=291 | live-chosen n=239 10.5% [5.5%,16.3%] n=239
even|2x                      n_pro_xb= 217 pros 35.5% [28.4%,43.2%] n=217 | model defmass(on pro rows) 36.1% [32.1%,40.4%] n=217 argcell 16.6% [11.9%,21.7%] n=217 | model chosen soft 36.1% [33.0%,39.3%] n=194 | live-chosen n=233 11.2% [6.5%,16.7%] n=233
even|OT                      n_pro_xb= 192 pros 42.2% [33.5%,50.9%] n=192 | model defmass(on pro rows) 36.2% [32.1%,40.7%] n=192 argcell 12.5% [7.8%,18.2%] n=192 | model chosen soft 35.2% [32.0%,38.6%] n=231 | live-chosen n=291 10.0% [6.1%,14.6%] n=291
lead(>+10%)|all              n_pro_xb=  65 pros 30.8% [18.5%,44.6%] n=65 | model defmass(on pro rows) 39.5% [31.6%,47.8%] n=65 argcell 26.2% [14.8%,38.8%] n=65 | model chosen soft 40.5% [34.6%,46.7%] n=75 | live-chosen n=92 22.8% [13.6%,34.7%] n=92
lead(>+10%)|1x               n_pro_xb=  19 pros 26.3% [5.5%,50.0%] n=19 | model defmass(on pro rows) 36.5% [21.7%,52.8%] n=19 argcell 26.3% [5.3%,50.0%] n=19 | model chosen soft 35.3% [24.6%,47.6%] n=16 | live-chosen n=16 18.8% [0.0%,50.0%] n=16
lead(>+10%)|2x               n_pro_xb=  33 pros 42.4% [24.3%,60.0%] n=33 | model defmass(on pro rows) 45.1% [34.7%,56.0%] n=33 argcell 30.3% [13.8%,48.3%] n=33 | model chosen soft 44.4% [35.7%,54.1%] n=39 | live-chosen n=50 28.0% [13.6%,44.0%] n=50
lead(>+10%)|OT               n_pro_xb=  13 pros 7.7% [0.0%,27.3%] n=13 | model defmass(on pro rows) 29.8% [15.1%,47.6%] n=13 argcell 15.4% [0.0%,40.0%] n=13 | model chosen soft 36.6% [24.6%,46.1%] n=19 | live-chosen n=26 15.4% [0.0%,30.8%] n=26
shift_all(lead-deficit)|pros_actual_def [0.06, -0.062, 0.212]
shift_all(lead-deficit)|model_defmass_on_pro_xbow_rows [0.091, 0.005, 0.182]
shift_all(lead-deficit)|model_chosen_soft_weighted_def [0.088, 0.018, 0.158]
shift_late(lead-deficit)|pros_actual_def [0.047, -0.106, 0.231]
shift_late(lead-deficit)|model_defmass_on_pro_xbow_rows [0.09, 0.0, 0.196]
shift_late(lead-deficit)|model_chosen_soft_weighted_def [0.086, 0.009, 0.169]
saved
