
## Q3  opponent pressure and my economy (same definitions everywhere)
| source | matches | wins | pushes/min (1x) | push value | commit lead s | enemy value on my half (mean) | time vm>=3 | time board>=8 | opp plays/min | my elixir mean | time at cap | push-start elixir mean / median / 1x |
| live_all | 471 | 0 | 1.05 (0.85) | 8.6 | 10.7 | 2.41 | 34.6% | 30.7% | 7.8 | 4.60 | 2.8% | 2.91 / 2.53 / 2.88 |
| live_towerref | 43 | 0 | 1.05 (0.93) | 8.8 | 13.1 | 2.38 | 34.4% | 32.1% | 7.2 | 5.28 | 4.3% | 3.06 / 2.74 / 3.13 |
| live_r1e | 325 | 0 | 1.02 (0.83) | 8.6 | 10.9 | 2.35 | 33.7% | 30.4% | 7.9 | 4.38 | 2.6% | 2.73 / 2.39 / 2.81 |
| sim_de10 | 480 | 314 | 1.02 (0.68) | 8.4 | 12.5 | 2.27 | 32.7% | 30.9% | 9.1 | 5.51 | 2.9% | 4.48 / 4.54 / 4.07 |
| sim_de10 | 240 | 154 | 1.04 (0.67) | 8.5 | 12.5 | 2.26 | 32.7% | 31.7% | 9.0 | 5.56 | 3.0% | 4.54 / 4.61 / 4.08 |
| sim_stack | 480 | 310 | 0.97 (0.63) | 8.4 | 12.0 | 2.14 | 31.3% | 29.6% | 9.1 | 5.85 | 10.0% | 4.67 / 4.82 / 4.24 |
| sim_r1e | 480 | 274 | 0.95 (0.64) | 8.3 | 12.0 | 2.05 | 30.0% | 28.8% | 9.0 | 5.05 | 9.0% | 3.64 / 3.43 / 3.78 |
| sim_c_T15 | 240 | 160 | 1.09 (0.65) | 8.5 | 12.5 | 2.27 | 32.5% | 32.9% | 8.8 | 5.59 | 4.2% | 4.40 / 4.32 / 4.06 |
| sim_c_T60 | 240 | 179 | 0.94 (0.66) | 8.3 | 11.5 | 2.02 | 31.2% | 26.9% | 9.6 | 5.51 | 2.2% | 4.48 / 4.53 / 4.03 |
| sim_c_T100 | 240 | 224 | 0.79 (0.63) | 8.2 | 11.0 | 1.67 | 27.3% | 19.1% | 9.8 | 5.56 | 1.5% | 4.58 / 4.64 / 4.20 |
| sim_c_tau20 | 240 | 170 | 1.03 (0.74) | 8.3 | 11.5 | 2.16 | 32.6% | 28.7% | 9.4 | 5.52 | 2.6% | 4.53 / 4.68 / 4.09 |
| sim_c_tau35 | 240 | 162 | 1.05 (0.62) | 8.4 | 12.0 | 2.21 | 32.1% | 32.2% | 8.6 | 5.61 | 3.8% | 4.40 / 4.46 / 3.75 |
| sim_c_live | 240 | 165 | 1.01 (0.55) | 8.4 | 11.0 | 2.16 | 30.7% | 31.5% | 8.4 | 5.79 | 5.6% | 4.45 / 4.50 / 4.10 |
| sim_c_v32 | 240 | 166 | 1.00 (0.80) | 8.2 | 11.0 | 2.13 | 32.6% | 28.3% | 10.3 | 5.45 | 1.9% | 4.43 / 4.39 / 3.99 |
| sim_c_v32T60 | 240 | 193 | 0.97 (0.77) | 8.1 | 11.5 | 1.93 | 30.6% | 24.6% | 10.1 | 5.51 | 1.6% | 4.69 / 4.71 / 4.17 |
| pros | 2244 | 970 | 1.22 (0.83) | 9.4 | 13.9 | 2.75 | 34.4% | 25.3% | 9.4 | 6.09 | 7.5% | 5.88 / 5.97 / 5.95 |

## Q3b  enemy body value first seen per 1x minute by own-frame y band (spawned units included)
| source | matches | my half | their bridge 16-20 | their mid 20-26 | their back >= 26 | total |
| live_all | 471 | 2.6 | 10.4 | 3.2 | 4.9 | 21.1 |
| live_towerref | 43 | 2.2 | 9.9 | 2.9 | 5.8 | 20.9 |
| sim_de10 | 480 | 2.2 | 9.1 | 2.7 | 5.9 | 19.9 |
| sim_c_T15 | 240 | 1.9 | 8.3 | 2.7 | 6.0 | 18.8 |
| sim_c_v32 | 240 | 2.3 | 10.0 | 3.2 | 5.6 | 21.1 |
| sim_c_v32T60 | 240 | 2.4 | 10.4 | 3.8 | 4.5 | 21.1 |

## Q3c  first-seen enemy body value per 1x minute by card: live vs sim_de10 (bodies per minute in brackets)
| Witch | 1.48 (1.69) | 0.41 (0.45) | +1.06 |
| BattleRam | 0.35 (0.11) | 0.84 (0.26) | -0.50 |
| Berserker | 0.11 (0.06) | 0.53 (0.26) | -0.42 |
| MiniPekka | 0.51 (0.13) | 0.15 (0.04) | +0.36 |
| MegaKnight | 0.46 (0.07) | 0.12 (0.02) | +0.35 |
| ElixirGolem | 0.61 (0.48) | 0.29 (0.24) | +0.31 |
| FirespiritHut | 0.25 (0.14) | 0.55 (0.29) | -0.30 |
| Firecracker | 0.41 (0.14) | 0.12 (0.04) | +0.29 |
| DarkWitch | 0.15 (0.18) | 0.43 (0.57) | -0.28 |
| MiniSparkys | 0.08 (0.06) | 0.34 (0.26) | -0.26 |
| BarbLog | 0.16 (0.08) | 0.38 (0.19) | -0.22 |
| Ghost | 0.15 (0.06) | 0.34 (0.13) | -0.19 |
| Valkyrie | 0.46 (0.12) | 0.27 (0.07) | +0.19 |
| Tombstone | 0.36 (0.52) | 0.54 (0.70) | -0.18 |
| Goblinstein | 0.04 (0.01) | 0.22 (0.07) | -0.18 |
| Knight | 0.40 (0.13) | 0.22 (0.07) | +0.18 |
| IceGolemite | 0.06 (0.03) | 0.24 (0.12) | -0.18 |
| Barbarians | 0.24 (0.24) | 0.07 (0.07) | +0.17 |
| InfernoDragon | 0.18 (0.05) | 0.35 (0.09) | -0.17 |
| BarbarianHut | 0.16 (0.04) | 0.00 (0.00) | +0.16 |
| SkeletonDragons | 0.08 (0.04) | 0.24 (0.12) | -0.16 |
| RageBarbarian | 0.16 (0.04) | 0.00 (0.00) | +0.16 |
| Assassin | 0.09 (0.03) | 0.24 (0.08) | -0.15 |
| Skeletons | 0.17 (0.53) | 0.32 (0.96) | -0.14 |
| Giant | 0.13 (0.03) | 0.27 (0.05) | -0.14 |
