
## Q1a  P(push starts within 3 s | 5 s) by MY elixir, eligible states (no push in the last 4 s); strata phase x opponent counter, weighted to live_all
| source | n | 0-2 | 2-4 | 4-6 | 6-8 | 8-10 | 0-4 / 6-10 ratio (5 s) |
| live_all | 490 | 10.7% / 16.9% | 8.2% / 13.8% | 7.9% / 14.1% | 6.5% / 12.8% | 3.9% / 9.1% | 1.40 |
| live_stack | 26 | 9.4% / 18.0% | 7.1% / 12.1% | 7.7% / 14.1% | 7.0% / 12.6% | 4.2% / 10.3% | 1.32 |
| live_towerref | 33 | 16.1% / 25.4% | 8.5% / 13.1% | 7.1% / 12.0% | 7.7% / 16.4% | 5.7% / 10.7% | 1.42 |
| live_r1e | 354 | 10.4% / 16.5% | 8.1% / 13.8% | 8.0% / 14.0% | 5.9% / 12.1% | 3.5% / 8.6% | 1.46 |
| sim_stack | 480 | 8.8% / 13.1% | 6.3% / 10.1% | 8.0% / 12.4% | 8.1% / 13.3% | 4.8% / 9.0% | 1.04 |
| sim_r1e | 480 | 8.7% / 12.8% | 6.4% / 10.3% | 7.1% / 11.4% | 7.5% / 12.6% | 3.3% / 6.4% | 1.21 |
| sim_de10 | 480 | 9.6% / 13.3% | 7.2% / 11.0% | 8.1% / 12.9% | 7.9% / 13.3% | 4.8% / 9.7% | 1.06 |
| pros | 2244 | 4.1% / 6.5% | 4.4% / 7.4% | 6.0% / 10.0% | 7.8% / 13.1% | 8.6% / 14.4% | 0.50 |

## Q1b  opponent plays per second (public counter drops) | big plays (>= 5) by MY elixir; strata phase x counter, weighted to live_all
| live_all | 0.149 / 0.031 | 0.140 / 0.030 | 0.135 / 0.031 | 0.110 / 0.025 | 0.094 / 0.023 | ratio 0-4/6-10 all 1.42 big 1.28 |
| live_stack | 0.126 / 0.016 | 0.142 / 0.028 | 0.143 / 0.026 | 0.112 / 0.015 | 0.113 / 0.032 | ratio 0-4/6-10 all 1.19 big 0.92 |
| live_towerref | 0.123 / 0.035 | 0.112 / 0.030 | 0.133 / 0.047 | 0.097 / 0.030 | 0.093 / 0.027 | ratio 0-4/6-10 all 1.24 big 1.14 |
| live_r1e | 0.152 / 0.031 | 0.140 / 0.031 | 0.133 / 0.029 | 0.109 / 0.024 | 0.091 / 0.022 | ratio 0-4/6-10 all 1.46 big 1.32 |
| sim_stack | 0.170 / 0.008 | 0.180 / 0.021 | 0.151 / 0.017 | 0.111 / 0.016 | 0.100 / 0.014 | ratio 0-4/6-10 all 1.66 big 0.92 |
| sim_r1e | 0.168 / 0.009 | 0.170 / 0.018 | 0.141 / 0.017 | 0.117 / 0.018 | 0.081 / 0.009 | ratio 0-4/6-10 all 1.71 big 0.97 |
| sim_de10 | 0.170 / 0.008 | 0.173 / 0.021 | 0.147 / 0.018 | 0.112 / 0.017 | 0.126 / 0.021 | ratio 0-4/6-10 all 1.44 big 0.74 |
| pros | 0.106 / 0.011 | 0.102 / 0.013 | 0.116 / 0.020 | 0.139 / 0.031 | 0.171 / 0.044 | ratio 0-4/6-10 all 0.67 big 0.31 |

## Q1b'  exact opponent plays per second by MY elixir (no strata; SIM engine log / pro log)
| sim_stack | 0.177 | 0.220 | 0.194 | 0.161 | 0.103 |
| sim_r1e | 0.212 | 0.217 | 0.168 | 0.141 | 0.080 |
| sim_de10 | 0.175 | 0.201 | 0.184 | 0.157 | 0.118 |
| pros | 0.167 | 0.175 | 0.172 | 0.147 | 0.136 |

## Q1c  selection decomposition (means): my elixir over eligible time (weighted to the push phase mix) -> at the opponent's commit (first sighting of the push's units) -> at push start; opponent counter (+26 forecast)
| source | pushes | eligible-time mean | at commit | at push start | timing (commit - time) | reaction (push - commit) | commit lead s (median) | opp counter at commit / push start | my - opp at push start |
| live_all | 2105 (2103 with commit) | 4.83 | 5.21 | 3.11 | 0.38 | -2.10 | 7.2 | 8.09 / 5.17 | -2.07 |
| live_stack | 116 (116 with commit) | 5.40 | 6.16 | 3.68 | 0.76 | -2.48 | 8.2 | 8.41 / 5.31 | -1.64 |
| live_towerref | 139 (139 with commit) | 5.65 | 6.18 | 3.74 | 0.53 | -2.43 | 8.2 | 8.36 / 5.28 | -1.54 |
| live_r1e | 1495 (1493 with commit) | 4.62 | 4.98 | 2.95 | 0.36 | -2.02 | 7.0 | 8.01 / 5.15 | -2.20 |
| sim_stack | 1995 (1993 with commit) | 5.96 | 6.02 | 4.69 | 0.05 | -1.33 | 9.5 | 8.34 / 5.62 | -0.93 |
| sim_r1e | 1848 (1847 with commit) | 5.06 | 5.14 | 3.74 | 0.08 | -1.40 | 9.0 | 8.29 / 5.62 | -1.89 |
| sim_de10 | 1962 (1962 with commit) | 5.66 | 5.92 | 4.50 | 0.26 | -1.42 | 9.5 | 8.35 / 5.60 | -1.10 |
| pros | 11363 (10338 with commit) | 6.22 | 6.44 | 5.87 | 0.22 | -0.57 | 13.9 | 3.99 / 4.03 | 1.85 |

## Q2  15 s before the push: elixir accounting, means per push, by phase of the push. e(end) = e(start) + regen - spend - abilities + resid
| source | phase | pushes | window s | e(start) | regen | wasted | spend | plays | abilities | e(push) | resid |
| live_all | 1x | 978 | 14.97 | 5.84 | 5.13 | 0.22 | 7.79 | 2.64 | 0.08 | 3.19 | 0.08 |
| live_all | 2x+OT | 1108 | 15.40 | 4.06 | 11.03 | 0.03 | 12.27 | 4.21 | 0.14 | 3.00 | 0.32 |
| live_stack | 1x | 56 | 14.99 | 6.67 | 4.92 | 0.43 | 7.80 | 2.55 | 0.04 | 3.67 | -0.08 |
| live_stack | 2x+OT | 59 | 15.31 | 4.84 | 11.09 | 0.12 | 12.15 | 4.20 | 0.14 | 3.67 | 0.03 |
| live_towerref | 1x | 71 | 14.94 | 6.66 | 4.98 | 0.36 | 7.80 | 2.48 | 0.06 | 3.83 | 0.06 |
| live_towerref | 2x+OT | 64 | 15.37 | 4.77 | 10.84 | 0.12 | 12.28 | 4.00 | 0.06 | 3.59 | 0.33 |
| live_r1e | 1x | 695 | 14.97 | 5.69 | 5.16 | 0.19 | 7.76 | 2.63 | 0.07 | 3.11 | 0.09 |
| live_r1e | 2x+OT | 789 | 15.42 | 3.82 | 10.99 | 0.02 | 12.25 | 4.23 | 0.13 | 2.78 | 0.36 |
| sim_stack | 1x | 666 | 14.97 | 6.88 | 5.04 | 0.31 | 7.57 | 2.57 | 0.00 | 4.41 | 0.07 |
| sim_stack | 2x+OT | 1325 | 15.00 | 5.33 | 11.31 | 0.07 | 11.93 | 4.02 | 0.00 | 4.81 | 0.10 |
| sim_r1e | 1x | 688 | 14.95 | 6.56 | 5.04 | 0.30 | 7.58 | 2.53 | 0.00 | 4.08 | 0.06 |
| sim_r1e | 2x+OT | 1156 | 15.00 | 4.16 | 11.24 | 0.04 | 12.01 | 4.22 | 0.00 | 3.52 | 0.13 |
| sim_de10 | 1x | 746 | 14.98 | 6.52 | 5.22 | 0.13 | 7.50 | 2.48 | 0.00 | 4.31 | 0.07 |
| sim_de10 | 2x+OT | 1209 | 15.00 | 5.26 | 11.10 | 0.02 | 11.83 | 3.91 | 0.00 | 4.62 | 0.09 |
| pros | 1x | 3647 | 15.21 | 7.00 | 5.07 | 0.36 | 6.33 | 2.02 | 0.00 | 5.93 | 0.20 |
| pros | 2x+OT | 7676 | 15.20 | 5.71 | 11.38 | 0.46 | 11.41 | 3.56 | 0.01 | 5.84 | 0.17 |

## Q2  opponent commit -> push start: elixir accounting, means per push, by phase of the push. e(end) = e(start) + regen - spend - abilities + resid
| source | phase | pushes | window s | e(start) | regen | wasted | spend | plays | abilities | e(push) | resid |
| live_all | 1x | 996 | 9.93 | 5.95 | 3.44 | 0.10 | 6.16 | 2.06 | 0.05 | 3.23 | 0.05 |
| live_all | 2x+OT | 1107 | 7.80 | 3.94 | 5.56 | 0.02 | 6.63 | 2.38 | 0.08 | 3.00 | 0.20 |
| live_stack | 1x | 57 | 11.86 | 7.15 | 3.81 | 0.42 | 7.23 | 2.33 | 0.02 | 3.68 | -0.04 |
| live_stack | 2x+OT | 59 | 8.23 | 4.84 | 5.98 | 0.08 | 7.00 | 2.51 | 0.10 | 3.67 | -0.04 |
| live_towerref | 1x | 75 | 10.85 | 7.04 | 3.64 | 0.24 | 6.77 | 2.25 | 0.05 | 3.87 | 0.02 |
| live_towerref | 2x+OT | 64 | 8.17 | 4.60 | 5.83 | 0.02 | 7.00 | 2.41 | 0.05 | 3.59 | 0.20 |
| live_r1e | 1x | 705 | 9.71 | 5.74 | 3.40 | 0.07 | 6.01 | 2.00 | 0.05 | 3.14 | 0.06 |
| live_r1e | 2x+OT | 788 | 7.72 | 3.69 | 5.48 | 0.01 | 6.56 | 2.36 | 0.07 | 2.78 | 0.24 |
| sim_stack | 1x | 669 | 11.10 | 6.91 | 3.80 | 0.16 | 6.32 | 2.13 | 0.00 | 4.43 | 0.04 |
| sim_stack | 2x+OT | 1324 | 9.91 | 5.64 | 7.37 | 0.06 | 8.22 | 2.82 | 0.00 | 4.81 | 0.03 |
| sim_r1e | 1x | 692 | 10.52 | 6.44 | 3.63 | 0.13 | 6.01 | 2.00 | 0.00 | 4.10 | 0.03 |
| sim_r1e | 2x+OT | 1155 | 9.95 | 4.47 | 7.37 | 0.03 | 8.38 | 2.95 | 0.00 | 3.52 | 0.05 |
| sim_de10 | 1x | 753 | 10.66 | 6.46 | 3.75 | 0.05 | 5.93 | 1.95 | 0.00 | 4.31 | 0.03 |
| sim_de10 | 2x+OT | 1209 | 10.12 | 5.67 | 7.44 | 0.02 | 8.52 | 2.83 | 0.00 | 4.62 | 0.03 |
| pros | 1x | 3264 | 12.21 | 7.19 | 4.07 | 0.30 | 5.71 | 1.81 | 0.00 | 5.92 | 0.37 |
| pros | 2x+OT | 7074 | 15.69 | 5.95 | 12.04 | 0.45 | 12.60 | 4.05 | 0.00 | 5.85 | 0.46 |

## Q2b  [w15] spend per push by board state at the tap | by card | by elixir at the tap (0-2/2-4/4-6/6-8/8-10). my_big = >= 3 elixir of enemy on my half; my_small = .5-3 on my half; their_tank = none on mine, a unit >= 5 on theirs; their_half; empty
| source | phase | my_big | my_small | their_tank | their_half | empty | Xbow | Rocket | Tesla | Knight | IceWizard | Tornado | Log | Skeletons | e0 | e2 | e4 | e6 | e8 |
| live_all | 1x | 2.04 | 0.27 | 2.74 | 2.31 | 0.43 | 1.53 | 0.14 | 1.76 | 1.34 | 1.32 | 0.37 | 0.81 | 0.50 | 0.17 | 1.38 | 1.80 | 1.72 | 2.71 |
| live_all | 2x+OT | 4.80 | 0.62 | 3.45 | 2.65 | 0.75 | 2.03 | 0.38 | 2.46 | 2.31 | 2.32 | 0.72 | 1.27 | 0.78 | 0.45 | 4.21 | 3.44 | 3.52 | 0.64 |
| live_stack | 1x | 2.68 | 0.20 | 2.88 | 1.68 | 0.38 | 1.50 | 0.32 | 1.86 | 1.18 | 1.45 | 0.38 | 0.68 | 0.45 | 0.14 | 1.00 | 2.00 | 1.25 | 3.41 |
| live_stack | 2x+OT | 5.07 | 0.39 | 3.59 | 2.73 | 0.37 | 1.73 | 0.41 | 2.71 | 2.34 | 2.08 | 0.71 | 1.42 | 0.75 | 0.36 | 2.36 | 4.00 | 4.15 | 1.29 |
| live_towerref | 1x | 1.49 | 0.06 | 3.59 | 2.55 | 0.11 | 1.69 | 0.34 | 1.92 | 1.23 | 1.23 | 0.21 | 0.85 | 0.35 | 0.14 | 0.99 | 1.14 | 1.92 | 3.62 |
| live_towerref | 2x+OT | 5.19 | 0.39 | 4.19 | 1.80 | 0.72 | 2.16 | 1.03 | 2.25 | 2.02 | 2.34 | 0.66 | 1.19 | 0.64 | 0.38 | 2.98 | 2.50 | 4.72 | 1.70 |
| live_r1e | 1x | 1.96 | 0.26 | 2.70 | 2.39 | 0.45 | 1.57 | 0.09 | 1.78 | 1.35 | 1.24 | 0.41 | 0.81 | 0.51 | 0.19 | 1.45 | 1.84 | 1.74 | 2.55 |
| live_r1e | 2x+OT | 4.63 | 0.65 | 3.48 | 2.69 | 0.80 | 2.05 | 0.27 | 2.45 | 2.38 | 2.30 | 0.73 | 1.27 | 0.80 | 0.52 | 4.72 | 3.45 | 3.18 | 0.37 |
| sim_stack | 1x | 1.27 | 0.79 | 2.25 | 2.87 | 0.39 | 1.45 | 0.18 | 1.80 | 1.32 | 1.38 | 0.15 | 0.78 | 0.51 | 0.06 | 0.67 | 1.36 | 1.71 | 3.75 |
| sim_stack | 2x+OT | 3.78 | 1.69 | 2.67 | 3.35 | 0.44 | 1.83 | 0.69 | 2.90 | 1.97 | 2.21 | 0.43 | 1.13 | 0.77 | 0.13 | 1.46 | 2.92 | 5.74 | 1.68 |
| sim_r1e | 1x | 1.30 | 0.64 | 2.16 | 3.12 | 0.37 | 1.69 | 0.08 | 1.85 | 1.27 | 1.22 | 0.21 | 0.76 | 0.50 | 0.09 | 0.89 | 1.42 | 1.82 | 3.36 |
| sim_r1e | 2x+OT | 3.72 | 1.50 | 2.73 | 3.54 | 0.51 | 1.71 | 0.21 | 2.63 | 2.32 | 2.32 | 0.69 | 1.30 | 0.82 | 0.55 | 4.28 | 3.12 | 3.70 | 0.36 |
| sim_de10 | 1x | 1.22 | 0.65 | 2.23 | 2.88 | 0.53 | 1.52 | 0.17 | 1.87 | 1.14 | 1.39 | 0.33 | 0.63 | 0.46 | 0.06 | 0.70 | 1.25 | 1.90 | 3.59 |
| sim_de10 | 2x+OT | 3.62 | 1.82 | 2.77 | 3.08 | 0.54 | 1.70 | 1.03 | 2.65 | 2.14 | 2.07 | 0.50 | 1.05 | 0.69 | 0.15 | 1.52 | 2.61 | 6.02 | 1.52 |
| pros | 1x | 1.56 | 0.24 | 0.92 | 1.38 | 2.23 | 1.13 | 0.45 | 1.57 | 0.88 | 1.07 | 0.38 | 0.55 | 0.31 | 0.03 | 0.38 | 0.82 | 1.32 | 3.79 |
| pros | 2x+OT | 4.07 | 0.65 | 1.72 | 2.21 | 2.76 | 1.98 | 1.52 | 2.21 | 1.66 | 1.77 | 0.74 | 0.98 | 0.55 | 0.10 | 1.41 | 2.45 | 3.85 | 3.60 |

## Q2b  [wc] spend per push by board state at the tap | by card | by elixir at the tap (0-2/2-4/4-6/6-8/8-10). my_big = >= 3 elixir of enemy on my half; my_small = .5-3 on my half; their_tank = none on mine, a unit >= 5 on theirs; their_half; empty
| source | phase | my_big | my_small | their_tank | their_half | empty | Xbow | Rocket | Tesla | Knight | IceWizard | Tornado | Log | Skeletons | e0 | e2 | e4 | e6 | e8 |
| live_all | 1x | 1.60 | 0.18 | 2.88 | 1.48 | 0.00 | 1.17 | 0.12 | 1.52 | 1.05 | 1.03 | 0.26 | 0.63 | 0.37 | 0.14 | 1.08 | 1.51 | 1.34 | 2.09 |
| live_all | 2x+OT | 2.78 | 0.33 | 2.48 | 1.04 | 0.00 | 0.66 | 0.15 | 1.51 | 1.36 | 1.36 | 0.40 | 0.72 | 0.47 | 0.25 | 2.45 | 1.94 | 1.68 | 0.31 |
| live_stack | 1x | 2.21 | 0.19 | 3.12 | 1.70 | 0.00 | 1.58 | 0.21 | 1.75 | 0.95 | 1.26 | 0.42 | 0.67 | 0.39 | 0.14 | 0.81 | 1.81 | 1.04 | 3.44 |
| live_stack | 2x+OT | 3.27 | 0.12 | 2.19 | 1.42 | 0.00 | 0.71 | 0.10 | 1.63 | 1.63 | 1.37 | 0.36 | 0.71 | 0.49 | 0.17 | 1.49 | 2.47 | 2.17 | 0.69 |
| live_towerref | 1x | 1.49 | 0.05 | 3.28 | 1.95 | 0.00 | 1.12 | 0.24 | 1.87 | 1.12 | 1.12 | 0.20 | 0.72 | 0.39 | 0.15 | 0.95 | 1.19 | 1.67 | 2.83 |
| live_towerref | 2x+OT | 2.78 | 0.30 | 2.86 | 1.06 | 0.00 | 0.66 | 0.47 | 1.50 | 1.27 | 1.59 | 0.33 | 0.81 | 0.38 | 0.27 | 2.05 | 1.59 | 2.59 | 0.50 |
| live_r1e | 1x | 1.49 | 0.18 | 2.89 | 1.45 | 0.00 | 1.20 | 0.10 | 1.51 | 1.04 | 0.92 | 0.28 | 0.60 | 0.36 | 0.15 | 1.11 | 1.50 | 1.30 | 1.95 |
| live_r1e | 2x+OT | 2.69 | 0.36 | 2.54 | 0.97 | 0.00 | 0.66 | 0.11 | 1.53 | 1.36 | 1.32 | 0.40 | 0.71 | 0.46 | 0.28 | 2.69 | 1.93 | 1.45 | 0.21 |
| sim_stack | 1x | 1.06 | 0.61 | 2.61 | 2.01 | 0.02 | 1.29 | 0.13 | 1.49 | 1.09 | 1.16 | 0.12 | 0.62 | 0.42 | 0.05 | 0.52 | 1.16 | 1.44 | 3.15 |
| sim_stack | 2x+OT | 2.52 | 1.14 | 2.60 | 1.84 | 0.13 | 1.21 | 0.34 | 2.05 | 1.43 | 1.61 | 0.26 | 0.74 | 0.57 | 0.08 | 0.88 | 2.11 | 3.90 | 1.27 |
| sim_r1e | 1x | 1.03 | 0.49 | 2.34 | 2.11 | 0.04 | 1.34 | 0.07 | 1.47 | 1.09 | 0.91 | 0.16 | 0.57 | 0.38 | 0.07 | 0.75 | 1.15 | 1.55 | 2.48 |
| sim_r1e | 2x+OT | 2.54 | 1.03 | 2.70 | 2.01 | 0.11 | 1.18 | 0.11 | 1.95 | 1.63 | 1.65 | 0.42 | 0.85 | 0.59 | 0.33 | 2.93 | 2.18 | 2.63 | 0.30 |
| sim_de10 | 1x | 1.02 | 0.46 | 2.46 | 1.90 | 0.08 | 1.19 | 0.14 | 1.50 | 0.89 | 1.12 | 0.25 | 0.47 | 0.37 | 0.05 | 0.53 | 1.09 | 1.57 | 2.70 |
| sim_de10 | 2x+OT | 2.50 | 1.29 | 2.81 | 1.79 | 0.12 | 1.29 | 0.54 | 2.00 | 1.59 | 1.56 | 0.33 | 0.70 | 0.52 | 0.11 | 1.05 | 1.92 | 4.28 | 1.16 |
| pros | 1x | 1.31 | 0.21 | 0.98 | 1.24 | 1.97 | 1.01 | 0.37 | 1.51 | 0.79 | 1.00 | 0.28 | 0.46 | 0.29 | 0.03 | 0.33 | 0.73 | 1.20 | 3.43 |
| pros | 2x+OT | 4.86 | 0.72 | 1.98 | 2.45 | 2.59 | 1.72 | 1.63 | 2.57 | 1.96 | 2.04 | 0.89 | 1.14 | 0.65 | 0.13 | 1.73 | 2.90 | 4.17 | 3.67 |

## P1  per phase: my elixir over eligible time -> at the opponent's commit -> at push start (means; live - SIM with 95% bootstrap CI over pushes)
| pair | phase | pushes L/S | time mean L/S | at commit L/S | at push L/S | commit lead s L/S (median) | d commit [CI] | d reaction [CI] | d push [CI] |
| live_r1e vs sim_r1e | 1x | 705/692 | 5.50/6.25 | 6.04/6.39 | 3.14/4.10 | 8.1/10.0 | -0.35 [-0.65, -0.09] | -0.60 [-0.87, -0.29] | -0.95 [-1.15, -0.74] |
| live_r1e vs sim_r1e | 2x+OT | 788/1155 | 3.72/4.33 | 4.02/4.39 | 2.78/3.52 | 6.5/8.5 | -0.36 [-0.54, -0.18] | -0.37 [-0.59, -0.17] | -0.74 [-0.89, -0.59] |
| live_towerref vs sim_de10 | 1x | 75/753 | 6.07/6.20 | 7.37/6.39 | 3.87/4.31 | 10.3/10.0 | +0.98 [+0.48, +1.45] | -1.42 [-1.94, -0.88] | -0.44 [-0.97, +0.09] |
| live_towerref vs sim_de10 | 2x+OT | 64/1209 | 5.09/5.33 | 4.78/5.63 | 3.59/4.62 | 8.0/9.0 | -0.85 [-1.35, -0.31] | -0.18 [-0.78, +0.43] | -1.03 [-1.50, -0.51] |
| live_stack vs sim_stack | 1x | 57/669 | 5.99/6.69 | 7.28/6.85 | 3.68/4.43 | 9.8/11.0 | +0.43 [-0.33, +1.14] | -1.19 [-1.88, -0.46] | -0.75 [-1.39, -0.09] |
| live_stack vs sim_stack | 2x+OT | 59/1324 | 4.82/5.60 | 5.07/5.60 | 3.67/4.81 | 6.3/8.5 | -0.53 [-1.02, +0.05] | -0.61 [-1.37, +0.05] | -1.14 [-1.62, -0.65] |
| pros vs sim_de10 | 1x | 3264/753 | 6.73/6.20 | 7.21/6.39 | 5.92/4.31 | 11.5/10.0 | +0.82 [+0.64, +1.01] | +0.78 [+0.58, +0.98] | +1.60 [+1.43, +1.78] |
| pros vs sim_de10 | 2x+OT | 7074/1209 | 5.98/5.33 | 6.09/5.63 | 5.85/4.62 | 15.2/9.0 | +0.46 [+0.33, +0.58] | +0.77 [+0.63, +0.93] | +1.23 [+1.11, +1.34] |

## P2  15 s before a push, by board state at the moment: seconds per push in it, spend rate (elixir/s), spend per push; live - SIM spend split into board-time mix vs spend rate (Shapley over trigger x my-elixir cells)
| pair | phase | state | s/push L/S | elixir/s L/S | spend/push L/S | d spend | from board-time mix | from spend rate |
| live_r1e vs sim_r1e | 1x | my_big | 4.3/3.6 | 0.56/0.59 | 2.42/2.12 | +0.30 | +0.17 | +0.13 |
| live_r1e vs sim_r1e | 1x | my_small | 0.6/1.2 | 0.43/0.55 | 0.25/0.65 | -0.40 | -0.40 | +0.00 |
| live_r1e vs sim_r1e | 1x | their_tank | 4.2/3.6 | 0.59/0.60 | 2.48/2.15 | +0.33 | +0.24 | +0.10 |
| live_r1e vs sim_r1e | 1x | their_half | 3.6/4.9 | 0.60/0.60 | 2.16/2.92 | -0.75 | -1.18 | +0.43 |
| live_r1e vs sim_r1e | 1x | empty | 2.2/1.7 | 0.18/0.21 | 0.41/0.35 | +0.06 | +0.03 | +0.03 |
| live_r1e vs sim_r1e | 1x | ALL | 15.0/14.9 | 0.52/0.55 | 7.73/8.18 | -0.46 | -1.14 | +0.69 |
| live_r1e vs sim_r1e | 2x+OT | my_big | 6.1/5.2 | 0.83/0.88 | 5.06/4.60 | +0.46 | +0.44 | +0.02 |
| live_r1e vs sim_r1e | 2x+OT | my_small | 0.8/1.9 | 0.76/0.78 | 0.62/1.45 | -0.83 | -0.85 | +0.02 |
| live_r1e vs sim_r1e | 2x+OT | their_tank | 4.0/3.1 | 0.80/0.84 | 3.21/2.64 | +0.57 | +0.44 | +0.14 |
| live_r1e vs sim_r1e | 2x+OT | their_half | 3.2/4.0 | 0.78/0.83 | 2.48/3.31 | -0.83 | -0.83 | -0.01 |
| live_r1e vs sim_r1e | 2x+OT | empty | 1.3/0.8 | 0.52/0.65 | 0.69/0.49 | +0.20 | +0.34 | -0.14 |
| live_r1e vs sim_r1e | 2x+OT | ALL | 15.4/15.0 | 0.78/0.83 | 12.05/12.49 | -0.43 | -0.46 | +0.02 |
| live_towerref vs sim_de10 | 1x | my_big | 3.7/3.4 | 0.52/0.59 | 1.90/2.05 | -0.14 | +0.04 | -0.18 |
| live_towerref vs sim_de10 | 1x | my_small | 0.3/1.2 | 0.18/0.57 | 0.06/0.69 | -0.63 | -0.27 | -0.36 |
| live_towerref vs sim_de10 | 1x | their_tank | 5.2/4.0 | 0.64/0.57 | 3.34/2.24 | +1.10 | +0.86 | +0.24 |
| live_towerref vs sim_de10 | 1x | their_half | 4.2/4.7 | 0.56/0.56 | 2.37/2.65 | -0.29 | -0.09 | -0.20 |
| live_towerref vs sim_de10 | 1x | empty | 1.6/1.7 | 0.02/0.28 | 0.03/0.47 | -0.45 | -0.03 | -0.41 |
| live_towerref vs sim_de10 | 1x | ALL | 14.9/15.0 | 0.51/0.54 | 7.69/8.10 | -0.41 | +0.51 | -0.92 |
| live_towerref vs sim_de10 | 2x+OT | my_big | 7.2/5.1 | 0.74/0.88 | 5.36/4.53 | +0.83 | +0.98 | -0.15 |
| live_towerref vs sim_de10 | 2x+OT | my_small | 0.5/2.1 | 0.71/0.85 | 0.39/1.83 | -1.44 | -1.39 | -0.05 |
| live_towerref vs sim_de10 | 2x+OT | their_tank | 4.3/3.3 | 0.94/0.84 | 4.05/2.74 | +1.31 | +0.77 | +0.54 |
| live_towerref vs sim_de10 | 2x+OT | their_half | 2.0/3.6 | 0.81/0.78 | 1.66/2.82 | -1.17 | -1.76 | +0.60 |
| live_towerref vs sim_de10 | 2x+OT | empty | 1.3/0.8 | 0.49/0.61 | 0.62/0.51 | +0.11 | +0.29 | -0.17 |
| live_towerref vs sim_de10 | 2x+OT | ALL | 15.4/15.0 | 0.79/0.83 | 12.08/12.43 | -0.35 | -1.12 | +0.77 |
| live_stack vs sim_stack | 1x | my_big | 4.3/3.4 | 0.72/0.61 | 3.11/2.06 | +1.05 | +0.48 | +0.57 |
| live_stack vs sim_stack | 1x | my_small | 0.4/1.3 | 0.46/0.59 | 0.20/0.78 | -0.59 | -0.50 | -0.08 |
| live_stack vs sim_stack | 1x | their_tank | 5.7/4.0 | 0.47/0.58 | 2.64/2.30 | +0.34 | +0.94 | -0.60 |
| live_stack vs sim_stack | 1x | their_half | 2.5/4.6 | 0.55/0.59 | 1.39/2.74 | -1.34 | -1.33 | -0.01 |
| live_stack vs sim_stack | 1x | empty | 2.1/1.7 | 0.18/0.24 | 0.38/0.40 | -0.02 | +0.02 | -0.04 |
| live_stack vs sim_stack | 1x | ALL | 15.0/15.0 | 0.51/0.55 | 7.71/8.28 | -0.57 | -0.40 | -0.17 |
| live_stack vs sim_stack | 2x+OT | my_big | 6.6/5.3 | 0.80/0.88 | 5.24/4.71 | +0.53 | +0.68 | -0.16 |
| live_stack vs sim_stack | 2x+OT | my_small | 0.6/2.0 | 0.65/0.82 | 0.39/1.66 | -1.27 | -0.96 | -0.31 |
| live_stack vs sim_stack | 2x+OT | their_tank | 3.9/3.1 | 0.83/0.84 | 3.25/2.62 | +0.63 | +0.39 | +0.24 |
| live_stack vs sim_stack | 2x+OT | their_half | 3.3/3.8 | 0.74/0.80 | 2.44/3.08 | -0.64 | -1.47 | +0.83 |
| live_stack vs sim_stack | 2x+OT | empty | 0.9/0.7 | 0.31/0.58 | 0.27/0.40 | -0.13 | +0.03 | -0.16 |
| live_stack vs sim_stack | 2x+OT | ALL | 15.3/15.0 | 0.76/0.83 | 11.59/12.47 | -0.88 | -1.33 | +0.45 |
| pros vs sim_de10 | 1x | my_big | 3.9/3.4 | 0.55/0.59 | 2.15/2.05 | +0.10 | +0.73 | -0.63 |
| pros vs sim_de10 | 1x | my_small | 0.6/1.2 | 0.45/0.57 | 0.27/0.69 | -0.42 | -0.25 | -0.18 |
| pros vs sim_de10 | 1x | their_tank | 1.8/4.0 | 0.62/0.57 | 1.11/2.24 | -1.14 | -1.10 | -0.03 |
| pros vs sim_de10 | 1x | their_half | 2.6/4.7 | 0.53/0.56 | 1.36/2.65 | -1.29 | -1.01 | -0.28 |
| pros vs sim_de10 | 1x | empty | 6.3/1.7 | 0.31/0.28 | 1.99/0.47 | +1.52 | +1.40 | +0.12 |
| pros vs sim_de10 | 1x | ALL | 15.2/15.0 | 0.45/0.54 | 6.88/8.10 | -1.22 | -0.22 | -1.00 |
| pros vs sim_de10 | 2x+OT | my_big | 5.7/5.1 | 0.81/0.88 | 4.61/4.53 | +0.08 | +0.69 | -0.60 |
| pros vs sim_de10 | 2x+OT | my_small | 0.9/2.1 | 0.80/0.85 | 0.68/1.83 | -1.15 | -0.99 | -0.16 |
| pros vs sim_de10 | 2x+OT | their_tank | 2.1/3.3 | 0.88/0.84 | 1.88/2.74 | -0.86 | -0.92 | +0.06 |
| pros vs sim_de10 | 2x+OT | their_half | 2.7/3.6 | 0.81/0.78 | 2.14/2.82 | -0.68 | -0.73 | +0.06 |
| pros vs sim_de10 | 2x+OT | empty | 3.9/0.8 | 0.65/0.61 | 2.52/0.51 | +2.01 | +2.09 | -0.08 |
| pros vs sim_de10 | 2x+OT | ALL | 15.2/15.0 | 0.78/0.83 | 11.84/12.43 | -0.60 | +0.12 | -0.72 |

## Q2d  [w15] spend per push by card within each board state (elixir per push; columns = cards Xbow, Rocket, Tesla, Knight, IceWizard, Tornado, Log, Skeletons)
| my_big | live_r1e | 1x | 0.02 | 0.00 | 0.36 | 0.44 | 0.41 | 0.26 | 0.30 | 0.18 | 1.96 |
| my_big | live_r1e | 2x+OT | 0.43 | 0.02 | 0.85 | 1.00 | 0.98 | 0.37 | 0.61 | 0.37 | 4.63 |
| my_big | sim_r1e | 1x | 0.13 | 0.00 | 0.27 | 0.24 | 0.28 | 0.08 | 0.17 | 0.13 | 1.30 |
| my_big | sim_r1e | 2x+OT | 0.33 | 0.02 | 0.71 | 0.77 | 0.76 | 0.35 | 0.53 | 0.27 | 3.72 |
| my_big | live_towerref | 1x | 0.00 | 0.00 | 0.11 | 0.51 | 0.34 | 0.13 | 0.31 | 0.10 | 1.49 |
| my_big | live_towerref | 2x+OT | 0.66 | 0.19 | 0.94 | 1.08 | 0.80 | 0.42 | 0.72 | 0.39 | 5.19 |
| my_big | sim_de10 | 1x | 0.06 | 0.01 | 0.33 | 0.24 | 0.23 | 0.10 | 0.16 | 0.10 | 1.22 |
| my_big | sim_de10 | 2x+OT | 0.33 | 0.27 | 0.71 | 0.70 | 0.66 | 0.32 | 0.41 | 0.23 | 3.62 |
| my_small | live_r1e | 1x | 0.02 | 0.00 | 0.06 | 0.03 | 0.06 | 0.02 | 0.03 | 0.03 | 0.26 |
| my_small | live_r1e | 2x+OT | 0.08 | 0.00 | 0.11 | 0.12 | 0.17 | 0.04 | 0.07 | 0.06 | 0.65 |
| my_small | sim_r1e | 1x | 0.08 | 0.02 | 0.11 | 0.11 | 0.12 | 0.03 | 0.12 | 0.06 | 0.64 |
| my_small | sim_r1e | 2x+OT | 0.10 | 0.01 | 0.33 | 0.35 | 0.29 | 0.09 | 0.19 | 0.13 | 1.50 |
| my_small | live_towerref | 1x | 0.00 | 0.00 | 0.00 | 0.00 | 0.00 | 0.00 | 0.06 | 0.00 | 0.06 |
| my_small | live_towerref | 2x+OT | 0.00 | 0.00 | 0.19 | 0.05 | 0.00 | 0.05 | 0.09 | 0.02 | 0.39 |
| my_small | sim_de10 | 1x | 0.06 | 0.00 | 0.17 | 0.11 | 0.17 | 0.04 | 0.05 | 0.05 | 0.65 |
| my_small | sim_de10 | 2x+OT | 0.16 | 0.11 | 0.50 | 0.36 | 0.28 | 0.09 | 0.20 | 0.11 | 1.82 |
| their_tank | live_r1e | 1x | 0.65 | 0.09 | 0.78 | 0.46 | 0.37 | 0.06 | 0.18 | 0.13 | 2.70 |
| their_tank | live_r1e | 2x+OT | 0.49 | 0.21 | 0.88 | 0.61 | 0.59 | 0.20 | 0.30 | 0.20 | 3.48 |
| their_tank | sim_r1e | 1x | 0.51 | 0.05 | 0.66 | 0.34 | 0.29 | 0.04 | 0.15 | 0.12 | 2.16 |
| their_tank | sim_r1e | 2x+OT | 0.34 | 0.07 | 0.77 | 0.52 | 0.53 | 0.08 | 0.23 | 0.18 | 2.73 |
| their_tank | live_towerref | 1x | 0.85 | 0.34 | 1.01 | 0.38 | 0.55 | 0.04 | 0.25 | 0.17 | 3.59 |
| their_tank | live_towerref | 2x+OT | 0.75 | 0.75 | 0.81 | 0.47 | 0.89 | 0.09 | 0.28 | 0.14 | 4.19 |
| their_tank | sim_de10 | 1x | 0.49 | 0.11 | 0.68 | 0.22 | 0.38 | 0.07 | 0.15 | 0.13 | 2.23 |
| their_tank | sim_de10 | 2x+OT | 0.37 | 0.17 | 0.81 | 0.49 | 0.56 | 0.03 | 0.20 | 0.16 | 2.77 |
| their_half | live_r1e | 1x | 0.65 | 0.01 | 0.57 | 0.35 | 0.34 | 0.06 | 0.26 | 0.14 | 2.39 |
| their_half | live_r1e | 2x+OT | 0.60 | 0.04 | 0.58 | 0.51 | 0.46 | 0.11 | 0.27 | 0.13 | 2.69 |
| their_half | sim_r1e | 1x | 0.85 | 0.01 | 0.81 | 0.48 | 0.47 | 0.05 | 0.29 | 0.17 | 3.12 |
| their_half | sim_r1e | 2x+OT | 0.64 | 0.10 | 0.79 | 0.60 | 0.67 | 0.17 | 0.34 | 0.22 | 3.54 |
| their_half | live_towerref | 1x | 0.76 | 0.00 | 0.79 | 0.34 | 0.34 | 0.04 | 0.20 | 0.08 | 2.55 |
| their_half | live_towerref | 2x+OT | 0.38 | 0.00 | 0.31 | 0.33 | 0.56 | 0.05 | 0.09 | 0.08 | 1.80 |
| their_half | sim_de10 | 1x | 0.65 | 0.05 | 0.66 | 0.45 | 0.58 | 0.09 | 0.24 | 0.16 | 2.88 |
| their_half | sim_de10 | 2x+OT | 0.60 | 0.39 | 0.61 | 0.52 | 0.52 | 0.06 | 0.23 | 0.16 | 3.08 |
| empty | live_r1e | 1x | 0.24 | 0.00 | 0.01 | 0.07 | 0.06 | 0.00 | 0.04 | 0.02 | 0.45 |
| empty | live_r1e | 2x+OT | 0.46 | 0.00 | 0.04 | 0.15 | 0.10 | 0.01 | 0.02 | 0.04 | 0.80 |
| empty | sim_r1e | 1x | 0.12 | 0.00 | 0.01 | 0.10 | 0.06 | 0.01 | 0.03 | 0.03 | 0.37 |
| empty | sim_r1e | 2x+OT | 0.30 | 0.02 | 0.04 | 0.07 | 0.06 | 0.00 | 0.02 | 0.02 | 0.51 |
| empty | live_towerref | 1x | 0.08 | 0.00 | 0.00 | 0.00 | 0.00 | 0.00 | 0.03 | 0.00 | 0.11 |
| empty | live_towerref | 2x+OT | 0.38 | 0.09 | 0.00 | 0.09 | 0.09 | 0.05 | 0.00 | 0.02 | 0.72 |
| empty | sim_de10 | 1x | 0.27 | 0.00 | 0.03 | 0.12 | 0.04 | 0.02 | 0.03 | 0.02 | 0.53 |
| empty | sim_de10 | 2x+OT | 0.24 | 0.10 | 0.02 | 0.07 | 0.06 | 0.00 | 0.01 | 0.03 | 0.54 |
