
## Q1a  P(push starts within 3 s | 5 s) by MY elixir, eligible states (no push in the last 4 s); strata phase x opponent counter, weighted to live_all
| source | n | 0-2 | 2-4 | 4-6 | 6-8 | 8-10 | 0-4 / 6-10 ratio (5 s) |
| live_all | 500 | 6.4% / 10.7% | 5.5% / 9.2% | 5.3% / 9.3% | 4.5% / 8.9% | 1.9% / 5.8% | 1.35 |
| live_stack | 26 | 5.5% / 9.9% | 4.8% / 8.5% | 6.3% / 10.7% | 4.8% / 9.5% | 3.2% / 8.3% | 1.04 |
| live_towerref | 43 | 13.3% / 18.8% | 7.2% / 11.3% | 5.8% / 9.1% | 4.2% / 9.9% | 2.3% / 5.5% | 1.96 |
| live_r1e | 354 | 6.2% / 10.4% | 5.2% / 8.8% | 5.0% / 8.6% | 3.8% / 8.1% | 2.1% / 6.1% | 1.35 |
| sim_stack | 480 | 6.2% / 9.7% | 4.8% / 7.6% | 7.0% / 11.0% | 7.9% / 12.7% | 4.5% / 8.1% | 0.83 |
| sim_r1e | 480 | 7.8% / 11.8% | 5.4% / 8.9% | 6.7% / 10.6% | 7.4% / 12.2% | 3.6% / 7.3% | 1.06 |
| sim_de10 | 480 | 8.0% / 11.1% | 5.8% / 9.2% | 7.2% / 11.4% | 7.5% / 12.2% | 4.6% / 8.7% | 0.97 |
| pros | 2244 | 4.1% / 6.6% | 4.5% / 7.5% | 6.1% / 10.1% | 7.9% / 13.3% | 8.7% / 14.6% | 0.51 |

## Q1b  opponent plays per second (public counter drops) | big plays (>= 5) by MY elixir; strata phase x counter, weighted to live_all
| live_all | 0.149 / 0.031 | 0.141 / 0.030 | 0.136 / 0.032 | 0.110 / 0.025 | 0.093 / 0.022 | ratio 0-4/6-10 all 1.43 big 1.29 |
| live_stack | 0.126 / 0.016 | 0.143 / 0.028 | 0.144 / 0.027 | 0.112 / 0.015 | 0.114 / 0.032 | ratio 0-4/6-10 all 1.19 big 0.92 |
| live_towerref | 0.121 / 0.029 | 0.116 / 0.025 | 0.137 / 0.044 | 0.093 / 0.026 | 0.091 / 0.024 | ratio 0-4/6-10 all 1.29 big 1.07 |
| live_r1e | 0.152 / 0.031 | 0.141 / 0.032 | 0.134 / 0.030 | 0.109 / 0.024 | 0.092 / 0.023 | ratio 0-4/6-10 all 1.46 big 1.33 |
| sim_stack | 0.170 / 0.008 | 0.181 / 0.021 | 0.152 / 0.018 | 0.112 / 0.017 | 0.101 / 0.015 | ratio 0-4/6-10 all 1.65 big 0.91 |
| sim_r1e | 0.169 / 0.009 | 0.171 / 0.018 | 0.142 / 0.018 | 0.118 / 0.019 | 0.081 / 0.009 | ratio 0-4/6-10 all 1.70 big 0.97 |
| sim_de10 | 0.170 / 0.008 | 0.174 / 0.021 | 0.148 / 0.018 | 0.113 / 0.017 | 0.127 / 0.022 | ratio 0-4/6-10 all 1.44 big 0.73 |
| pros | 0.106 / 0.011 | 0.102 / 0.013 | 0.115 / 0.020 | 0.138 / 0.031 | 0.170 / 0.044 | ratio 0-4/6-10 all 0.67 big 0.31 |

## Q1b'  exact opponent plays per second by MY elixir (no strata; SIM engine log / pro log)
| sim_stack | 0.177 | 0.220 | 0.194 | 0.161 | 0.103 |
| sim_r1e | 0.212 | 0.217 | 0.168 | 0.141 | 0.080 |
| sim_de10 | 0.175 | 0.201 | 0.184 | 0.157 | 0.118 |
| pros | 0.167 | 0.175 | 0.172 | 0.147 | 0.136 |

## Q1c  selection decomposition (means): my elixir over eligible time (weighted to the push phase mix) -> at the opponent's commit (first sighting of the push's units) -> at push start; opponent counter (+26 forecast)
| source | pushes | eligible-time mean | at commit | at push start | timing (commit - time) | reaction (push - commit) | commit lead s (median) | opp counter at commit / push start | my - opp at push start |
| live_all | 1581 (1577 with commit) | 4.74 | 5.53 | 2.90 | 0.78 | -2.62 | 10.7 | 8.91 / 4.86 | -1.95 |
| live_stack | 93 (93 with commit) | 5.28 | 6.25 | 3.53 | 0.98 | -2.72 | 10.0 | 9.08 / 5.10 | -1.56 |
| live_towerref | 138 (138 with commit) | 5.58 | 6.23 | 3.06 | 0.64 | -3.17 | 13.1 | 9.09 / 4.99 | -1.93 |
| live_r1e | 1058 (1054 with commit) | 4.51 | 5.31 | 2.73 | 0.80 | -2.59 | 10.9 | 8.90 / 4.80 | -2.07 |
| sim_stack | 1787 (1784 with commit) | 5.93 | 6.34 | 4.67 | 0.41 | -1.67 | 12.0 | 9.01 / 5.46 | -0.78 |
| sim_r1e | 1679 (1673 with commit) | 5.02 | 5.43 | 3.64 | 0.41 | -1.79 | 12.0 | 8.91 / 5.39 | -1.74 |
| sim_de10 | 1751 (1750 with commit) | 5.63 | 6.21 | 4.48 | 0.57 | -1.72 | 12.5 | 8.99 / 5.42 | -0.94 |
| pros | 11363 (10338 with commit) | 6.22 | 6.44 | 5.87 | 0.22 | -0.57 | 13.9 | 3.99 / 4.03 | 1.85 |

## Q2  15 s before the push: elixir accounting, means per push, by phase of the push. e(end) = e(start) + regen - spend - abilities + resid
| source | phase | pushes | window s | e(start) | regen | wasted | spend | plays | abilities | e(push) | resid |
| live_all | 1x | 729 | 15.10 | 5.90 | 5.22 | 0.17 | 8.23 | 2.81 | 0.08 | 2.88 | 0.07 |
| live_all | 2x+OT | 845 | 15.42 | 4.06 | 11.07 | 0.04 | 12.40 | 4.34 | 0.16 | 2.93 | 0.36 |
| live_stack | 1x | 43 | 15.02 | 6.33 | 5.05 | 0.32 | 7.65 | 2.70 | 0.12 | 3.45 | -0.16 |
| live_stack | 2x+OT | 49 | 15.43 | 4.70 | 11.34 | 0.15 | 12.39 | 4.31 | 0.18 | 3.59 | 0.13 |
| live_towerref | 1x | 71 | 15.23 | 6.80 | 5.11 | 0.33 | 8.85 | 2.90 | 0.04 | 3.13 | 0.10 |
| live_towerref | 2x+OT | 65 | 15.40 | 4.68 | 11.05 | 0.05 | 12.92 | 4.40 | 0.11 | 2.98 | 0.28 |
| live_r1e | 1x | 491 | 15.06 | 5.75 | 5.23 | 0.15 | 8.17 | 2.77 | 0.08 | 2.81 | 0.07 |
| live_r1e | 2x+OT | 565 | 15.43 | 3.81 | 11.01 | 0.03 | 12.39 | 4.36 | 0.15 | 2.67 | 0.40 |
| sim_stack | 1x | 577 | 14.99 | 6.94 | 5.09 | 0.26 | 7.86 | 2.68 | 0.00 | 4.24 | 0.06 |
| sim_stack | 2x+OT | 1210 | 15.00 | 5.46 | 11.33 | 0.08 | 11.94 | 4.03 | 0.00 | 4.88 | 0.04 |
| sim_r1e | 1x | 594 | 14.99 | 6.51 | 5.10 | 0.25 | 7.87 | 2.63 | 0.00 | 3.78 | 0.03 |
| sim_r1e | 2x+OT | 1085 | 15.00 | 4.18 | 11.22 | 0.06 | 11.89 | 4.17 | 0.00 | 3.57 | 0.07 |
| sim_de10 | 1x | 626 | 14.99 | 6.64 | 5.23 | 0.12 | 7.83 | 2.57 | 0.00 | 4.08 | 0.03 |
| sim_de10 | 2x+OT | 1123 | 15.00 | 5.27 | 11.19 | 0.03 | 11.78 | 3.89 | 0.00 | 4.71 | 0.04 |
| pros | 1x | 3647 | 15.21 | 7.00 | 5.07 | 0.36 | 6.33 | 2.02 | 0.00 | 5.93 | 0.20 |
| pros | 2x+OT | 7676 | 15.20 | 5.71 | 11.38 | 0.46 | 11.41 | 3.56 | 0.01 | 5.84 | 0.17 |

## Q2  opponent commit -> push start: elixir accounting, means per push, by phase of the push. e(end) = e(start) + regen - spend - abilities + resid
| source | phase | pushes | window s | e(start) | regen | wasted | spend | plays | abilities | e(push) | resid |
| live_all | 1x | 733 | 13.16 | 6.57 | 4.55 | 0.15 | 8.24 | 2.76 | 0.07 | 2.88 | 0.08 |
| live_all | 2x+OT | 844 | 10.40 | 4.24 | 7.40 | 0.02 | 8.88 | 3.17 | 0.12 | 2.93 | 0.29 |
| live_stack | 1x | 44 | 14.07 | 7.56 | 4.65 | 0.38 | 8.48 | 2.82 | 0.14 | 3.47 | -0.12 |
| live_stack | 2x+OT | 49 | 8.95 | 5.05 | 6.50 | 0.09 | 7.86 | 2.82 | 0.10 | 3.59 | -0.00 |
| live_towerref | 1x | 73 | 13.42 | 7.45 | 4.49 | 0.30 | 8.86 | 2.89 | 0.04 | 3.13 | 0.08 |
| live_towerref | 2x+OT | 65 | 11.62 | 4.62 | 8.38 | 0.03 | 10.14 | 3.54 | 0.14 | 2.98 | 0.26 |
| live_r1e | 1x | 490 | 13.21 | 6.42 | 4.60 | 0.12 | 8.25 | 2.74 | 0.07 | 2.79 | 0.09 |
| live_r1e | 2x+OT | 564 | 10.52 | 3.98 | 7.45 | 0.01 | 8.98 | 3.18 | 0.10 | 2.67 | 0.33 |
| sim_stack | 1x | 575 | 14.02 | 7.45 | 4.79 | 0.22 | 8.07 | 2.71 | 0.00 | 4.23 | 0.06 |
| sim_stack | 2x+OT | 1209 | 11.93 | 5.87 | 8.91 | 0.07 | 9.93 | 3.41 | 0.00 | 4.88 | 0.03 |
| sim_r1e | 1x | 593 | 13.90 | 6.98 | 4.79 | 0.17 | 8.03 | 2.65 | 0.00 | 3.77 | 0.03 |
| sim_r1e | 2x+OT | 1080 | 11.99 | 4.64 | 8.86 | 0.05 | 9.99 | 3.49 | 0.00 | 3.57 | 0.05 |
| sim_de10 | 1x | 628 | 14.03 | 6.95 | 4.93 | 0.08 | 7.84 | 2.57 | 0.00 | 4.07 | 0.03 |
| sim_de10 | 2x+OT | 1122 | 12.26 | 5.86 | 8.98 | 0.02 | 10.16 | 3.36 | 0.00 | 4.71 | 0.03 |
| pros | 1x | 3264 | 12.21 | 7.19 | 4.07 | 0.30 | 5.71 | 1.81 | 0.00 | 5.92 | 0.37 |
| pros | 2x+OT | 7074 | 15.69 | 5.95 | 12.04 | 0.45 | 12.60 | 4.05 | 0.00 | 5.85 | 0.46 |

## Q2b  [w15] spend per push by board state at the tap | by card | by elixir at the tap (0-2/2-4/4-6/6-8/8-10). my_big = >= 3 elixir of enemy on my half; my_small = .5-3 on my half; their_tank = none on mine, a unit >= 5 on theirs; their_half; empty
| source | phase | my_big | my_small | their_tank | their_half | empty | Xbow | Rocket | Tesla | Knight | IceWizard | Tornado | Log | Skeletons | e0 | e2 | e4 | e6 | e8 |
| live_all | 1x | 2.13 | 0.49 | 3.24 | 2.11 | 0.27 | 1.56 | 0.15 | 1.81 | 1.47 | 1.49 | 0.38 | 0.84 | 0.54 | 0.19 | 1.60 | 1.91 | 1.85 | 2.68 |
| live_all | 2x+OT | 5.13 | 1.04 | 3.52 | 2.14 | 0.57 | 1.65 | 0.39 | 2.58 | 2.40 | 2.42 | 0.83 | 1.31 | 0.82 | 0.51 | 4.49 | 3.47 | 3.32 | 0.62 |
| live_stack | 1x | 2.79 | 0.35 | 2.77 | 1.53 | 0.21 | 1.12 | 0.14 | 1.77 | 1.19 | 1.53 | 0.56 | 0.79 | 0.56 | 0.14 | 1.12 | 2.16 | 1.47 | 2.77 |
| live_stack | 2x+OT | 5.53 | 0.90 | 3.16 | 2.43 | 0.37 | 1.71 | 0.37 | 2.78 | 2.57 | 2.02 | 0.80 | 1.35 | 0.80 | 0.37 | 2.76 | 3.92 | 4.22 | 1.12 |
| live_towerref | 1x | 1.70 | 0.23 | 3.90 | 2.90 | 0.11 | 1.86 | 0.17 | 2.08 | 1.52 | 1.65 | 0.17 | 0.93 | 0.46 | 0.17 | 1.30 | 1.55 | 2.15 | 3.68 |
| live_towerref | 2x+OT | 5.15 | 1.15 | 3.94 | 2.11 | 0.57 | 1.75 | 0.83 | 2.46 | 2.49 | 2.68 | 0.65 | 1.29 | 0.77 | 0.42 | 3.63 | 3.22 | 4.54 | 1.12 |
| live_r1e | 1x | 2.07 | 0.49 | 3.27 | 2.06 | 0.27 | 1.60 | 0.13 | 1.79 | 1.47 | 1.40 | 0.44 | 0.81 | 0.52 | 0.21 | 1.70 | 1.89 | 1.85 | 2.52 |
| live_r1e | 2x+OT | 4.97 | 1.05 | 3.61 | 2.19 | 0.57 | 1.67 | 0.29 | 2.60 | 2.43 | 2.42 | 0.84 | 1.32 | 0.83 | 0.60 | 5.12 | 3.42 | 2.86 | 0.39 |
| sim_stack | 1x | 1.37 | 0.61 | 2.53 | 3.07 | 0.28 | 1.52 | 0.14 | 1.93 | 1.29 | 1.46 | 0.19 | 0.80 | 0.54 | 0.07 | 0.62 | 1.50 | 1.83 | 3.84 |
| sim_stack | 2x+OT | 4.10 | 1.32 | 3.04 | 3.08 | 0.41 | 1.72 | 0.69 | 2.92 | 1.96 | 2.29 | 0.45 | 1.15 | 0.76 | 0.10 | 1.35 | 2.93 | 5.75 | 1.81 |
| sim_r1e | 1x | 1.38 | 0.51 | 2.54 | 3.15 | 0.28 | 1.73 | 0.09 | 1.93 | 1.34 | 1.29 | 0.17 | 0.81 | 0.51 | 0.11 | 1.00 | 1.46 | 2.01 | 3.28 |
| sim_r1e | 2x+OT | 3.78 | 1.28 | 3.00 | 3.44 | 0.39 | 1.66 | 0.23 | 2.65 | 2.27 | 2.34 | 0.68 | 1.25 | 0.80 | 0.54 | 4.21 | 3.02 | 3.75 | 0.37 |
| sim_de10 | 1x | 1.26 | 0.50 | 2.65 | 2.94 | 0.48 | 1.75 | 0.12 | 1.96 | 1.13 | 1.41 | 0.32 | 0.64 | 0.50 | 0.08 | 0.76 | 1.39 | 1.89 | 3.71 |
| sim_de10 | 2x+OT | 4.03 | 1.34 | 3.13 | 2.79 | 0.48 | 1.69 | 0.99 | 2.65 | 2.13 | 2.15 | 0.46 | 1.02 | 0.69 | 0.14 | 1.46 | 2.68 | 5.94 | 1.57 |
| pros | 1x | 1.56 | 0.24 | 0.92 | 1.38 | 2.23 | 1.13 | 0.45 | 1.57 | 0.88 | 1.07 | 0.38 | 0.55 | 0.31 | 0.03 | 0.38 | 0.82 | 1.32 | 3.79 |
| pros | 2x+OT | 4.07 | 0.65 | 1.72 | 2.21 | 2.76 | 1.98 | 1.52 | 2.21 | 1.66 | 1.77 | 0.74 | 0.98 | 0.55 | 0.10 | 1.41 | 2.45 | 3.85 | 3.60 |

## Q2b  [wc] spend per push by board state at the tap | by card | by elixir at the tap (0-2/2-4/4-6/6-8/8-10). my_big = >= 3 elixir of enemy on my half; my_small = .5-3 on my half; their_tank = none on mine, a unit >= 5 on theirs; their_half; empty
| source | phase | my_big | my_small | their_tank | their_half | empty | Xbow | Rocket | Tesla | Knight | IceWizard | Tornado | Log | Skeletons | e0 | e2 | e4 | e6 | e8 |
| live_all | 1x | 1.96 | 0.44 | 3.98 | 1.86 | 0.00 | 1.73 | 0.14 | 1.88 | 1.40 | 1.40 | 0.34 | 0.85 | 0.50 | 0.19 | 1.51 | 1.92 | 1.81 | 2.81 |
| live_all | 2x+OT | 3.65 | 0.70 | 3.22 | 1.30 | 0.01 | 0.93 | 0.23 | 1.99 | 1.81 | 1.80 | 0.58 | 0.94 | 0.61 | 0.37 | 3.27 | 2.59 | 2.23 | 0.42 |
| live_stack | 1x | 2.50 | 0.34 | 3.86 | 1.77 | 0.00 | 1.91 | 0.14 | 1.91 | 0.95 | 1.50 | 0.68 | 0.86 | 0.52 | 0.16 | 0.98 | 2.23 | 1.25 | 3.86 |
| live_stack | 2x+OT | 3.69 | 0.29 | 2.27 | 1.61 | 0.00 | 0.98 | 0.12 | 1.88 | 1.96 | 1.29 | 0.24 | 0.78 | 0.61 | 0.22 | 1.69 | 2.53 | 2.65 | 0.76 |
| live_towerref | 1x | 1.74 | 0.22 | 4.42 | 2.48 | 0.00 | 1.89 | 0.25 | 2.19 | 1.40 | 1.60 | 0.16 | 0.88 | 0.49 | 0.18 | 1.27 | 1.60 | 2.07 | 3.74 |
| live_towerref | 2x+OT | 4.14 | 0.91 | 3.66 | 1.43 | 0.00 | 0.65 | 0.92 | 2.09 | 2.03 | 2.31 | 0.42 | 1.11 | 0.62 | 0.34 | 2.80 | 2.89 | 3.35 | 0.75 |
| live_r1e | 1x | 1.93 | 0.44 | 4.08 | 1.80 | 0.01 | 1.81 | 0.13 | 1.87 | 1.43 | 1.30 | 0.37 | 0.84 | 0.49 | 0.20 | 1.64 | 1.92 | 1.82 | 2.67 |
| live_r1e | 2x+OT | 3.58 | 0.74 | 3.38 | 1.26 | 0.01 | 1.01 | 0.16 | 2.06 | 1.79 | 1.80 | 0.62 | 0.93 | 0.60 | 0.45 | 3.74 | 2.56 | 1.95 | 0.28 |
| sim_stack | 1x | 1.40 | 0.53 | 3.21 | 2.89 | 0.04 | 1.68 | 0.10 | 2.02 | 1.28 | 1.49 | 0.17 | 0.80 | 0.53 | 0.06 | 0.60 | 1.48 | 1.89 | 4.02 |
| sim_stack | 2x+OT | 3.21 | 1.02 | 3.26 | 2.25 | 0.19 | 1.47 | 0.38 | 2.44 | 1.71 | 1.99 | 0.31 | 0.96 | 0.68 | 0.09 | 1.13 | 2.50 | 4.73 | 1.48 |
| sim_r1e | 1x | 1.39 | 0.53 | 3.17 | 2.85 | 0.09 | 1.89 | 0.08 | 1.97 | 1.41 | 1.21 | 0.17 | 0.80 | 0.50 | 0.11 | 1.04 | 1.51 | 2.05 | 3.32 |
| sim_r1e | 2x+OT | 2.89 | 1.03 | 3.24 | 2.70 | 0.13 | 1.46 | 0.14 | 2.33 | 1.91 | 1.97 | 0.48 | 1.00 | 0.69 | 0.40 | 3.42 | 2.56 | 3.22 | 0.38 |
| sim_de10 | 1x | 1.24 | 0.46 | 3.32 | 2.66 | 0.15 | 1.74 | 0.10 | 1.96 | 1.17 | 1.45 | 0.30 | 0.63 | 0.49 | 0.09 | 0.78 | 1.37 | 1.96 | 3.64 |
| sim_de10 | 2x+OT | 3.18 | 1.09 | 3.46 | 2.27 | 0.15 | 1.59 | 0.63 | 2.43 | 1.85 | 1.85 | 0.35 | 0.86 | 0.61 | 0.11 | 1.23 | 2.30 | 5.15 | 1.37 |
| pros | 1x | 1.31 | 0.21 | 0.98 | 1.24 | 1.97 | 1.01 | 0.37 | 1.51 | 0.79 | 1.00 | 0.28 | 0.46 | 0.29 | 0.03 | 0.33 | 0.73 | 1.20 | 3.43 |
| pros | 2x+OT | 4.86 | 0.72 | 1.98 | 2.45 | 2.59 | 1.72 | 1.63 | 2.57 | 1.96 | 2.04 | 0.89 | 1.14 | 0.65 | 0.13 | 1.73 | 2.90 | 4.17 | 3.67 |

## P1  per phase: my elixir over eligible time -> at the opponent's commit -> at push start (means; live - SIM with 95% bootstrap CI over pushes)
| pair | phase | pushes L/S | time mean L/S | at commit L/S | at push L/S | commit lead s L/S (median) | d commit [CI] | d reaction [CI] | d push [CI] |
| live_r1e vs sim_r1e | 1x | 490/593 | 5.35/6.24 | 6.52/6.93 | 2.79/3.77 | 13.1/14.5 | -0.41 [-0.73, -0.10] | -0.57 [-0.91, -0.21] | -0.98 [-1.19, -0.77] |
| live_r1e vs sim_r1e | 2x+OT | 564/1080 | 3.67/4.34 | 4.26/4.61 | 2.67/3.57 | 9.3/11.0 | -0.35 [-0.57, -0.15] | -0.55 [-0.78, -0.31] | -0.90 [-1.06, -0.72] |
| live_towerref vs sim_de10 | 1x | 73/628 | 6.11/6.19 | 7.49/6.90 | 3.13/4.07 | 15.0/15.5 | +0.59 [+0.08, +1.04] | -1.53 [-2.05, -1.00] | -0.94 [-1.38, -0.48] |
| live_towerref vs sim_de10 | 2x+OT | 65/1122 | 4.97/5.32 | 4.80/5.82 | 2.98/4.71 | 10.2/11.0 | -1.01 [-1.62, -0.47] | -0.72 [-1.38, -0.02] | -1.74 [-2.17, -1.28] |
| live_stack vs sim_stack | 1x | 44/575 | 5.83/6.67 | 7.55/7.39 | 3.47/4.23 | 15.4/15.0 | +0.15 [-0.61, +0.90] | -0.91 [-1.68, -0.12] | -0.76 [-1.44, -0.07] |
| live_stack vs sim_stack | 2x+OT | 49/1209 | 4.77/5.58 | 5.09/5.84 | 3.59/4.88 | 7.6/11.0 | -0.74 [-1.26, -0.17] | -0.55 [-1.24, +0.15] | -1.29 [-1.85, -0.74] |
| pros vs sim_de10 | 1x | 3264/628 | 6.73/6.19 | 7.21/6.90 | 5.92/4.07 | 11.5/15.5 | +0.31 [+0.12, +0.48] | +1.54 [+1.31, +1.75] | +1.85 [+1.66, +2.00] |
| pros vs sim_de10 | 2x+OT | 7074/1122 | 5.98/5.32 | 6.09/5.82 | 5.85/4.71 | 15.2/11.0 | +0.27 [+0.15, +0.40] | +0.86 [+0.71, +1.03] | +1.13 [+1.01, +1.26] |

## P2  15 s before a push, by board state at the moment: seconds per push in it, spend rate (elixir/s), spend per push; live - SIM spend split into board-time mix vs spend rate (Shapley over trigger x my-elixir cells)
| pair | phase | state | s/push L/S | elixir/s L/S | spend/push L/S | d spend | from board-time mix | from spend rate |
| live_r1e vs sim_r1e | 1x | my_big | 4.4/3.7 | 0.57/0.62 | 2.51/2.31 | +0.19 | +0.20 | -0.00 |
| live_r1e vs sim_r1e | 1x | my_small | 1.0/1.0 | 0.47/0.56 | 0.45/0.55 | -0.10 | -0.08 | -0.02 |
| live_r1e vs sim_r1e | 1x | their_tank | 5.1/4.2 | 0.58/0.60 | 2.96/2.49 | +0.47 | +0.37 | +0.10 |
| live_r1e vs sim_r1e | 1x | their_half | 3.1/4.9 | 0.59/0.59 | 1.81/2.92 | -1.11 | -1.51 | +0.40 |
| live_r1e vs sim_r1e | 1x | empty | 1.6/1.2 | 0.14/0.20 | 0.23/0.25 | -0.02 | -0.02 | +0.00 |
| live_r1e vs sim_r1e | 1x | ALL | 15.1/15.0 | 0.53/0.57 | 7.95/8.52 | -0.57 | -1.05 | +0.48 |
| live_r1e vs sim_r1e | 2x+OT | my_big | 6.3/5.6 | 0.87/0.84 | 5.48/4.70 | +0.78 | +0.19 | +0.59 |
| live_r1e vs sim_r1e | 2x+OT | my_small | 1.3/1.5 | 0.76/0.83 | 0.96/1.27 | -0.30 | -0.28 | -0.03 |
| live_r1e vs sim_r1e | 2x+OT | their_tank | 4.1/3.5 | 0.80/0.83 | 3.30/2.87 | +0.42 | +0.24 | +0.18 |
| live_r1e vs sim_r1e | 2x+OT | their_half | 2.7/3.8 | 0.73/0.83 | 1.99/3.13 | -1.14 | -1.04 | -0.10 |
| live_r1e vs sim_r1e | 2x+OT | empty | 1.0/0.6 | 0.44/0.54 | 0.46/0.35 | +0.11 | +0.16 | -0.05 |
| live_r1e vs sim_r1e | 2x+OT | ALL | 15.4/15.0 | 0.79/0.82 | 12.20/12.33 | -0.13 | -0.73 | +0.60 |
| live_towerref vs sim_de10 | 1x | my_big | 3.6/3.5 | 0.59/0.65 | 2.15/2.24 | -0.08 | -0.13 | +0.04 |
| live_towerref vs sim_de10 | 1x | my_small | 0.5/1.0 | 0.49/0.56 | 0.23/0.54 | -0.31 | -0.26 | -0.05 |
| live_towerref vs sim_de10 | 1x | their_tank | 5.3/4.6 | 0.70/0.57 | 3.73/2.62 | +1.11 | +0.38 | +0.73 |
| live_towerref vs sim_de10 | 1x | their_half | 4.6/4.7 | 0.58/0.58 | 2.65/2.72 | -0.07 | +0.35 | -0.42 |
| live_towerref vs sim_de10 | 1x | empty | 1.2/1.3 | 0.02/0.30 | 0.03/0.39 | -0.36 | -0.08 | -0.28 |
| live_towerref vs sim_de10 | 1x | ALL | 15.2/15.0 | 0.58/0.57 | 8.79/8.51 | +0.27 | +0.25 | +0.02 |
| live_towerref vs sim_de10 | 2x+OT | my_big | 6.9/5.8 | 0.75/0.88 | 5.20/5.07 | +0.13 | -0.15 | +0.28 |
| live_towerref vs sim_de10 | 2x+OT | my_small | 1.3/1.6 | 0.88/0.82 | 1.12/1.32 | -0.19 | -0.45 | +0.26 |
| live_towerref vs sim_de10 | 2x+OT | their_tank | 3.9/3.6 | 0.98/0.84 | 3.78/3.06 | +0.73 | -0.09 | +0.82 |
| live_towerref vs sim_de10 | 2x+OT | their_half | 2.4/3.3 | 0.80/0.79 | 1.91/2.58 | -0.67 | -1.37 | +0.70 |
| live_towerref vs sim_de10 | 2x+OT | empty | 0.9/0.7 | 0.60/0.60 | 0.57/0.41 | +0.16 | +0.15 | +0.01 |
| live_towerref vs sim_de10 | 2x+OT | ALL | 15.4/15.0 | 0.82/0.83 | 12.58/12.44 | +0.15 | -1.92 | +2.07 |
| live_stack vs sim_stack | 1x | my_big | 4.8/3.6 | 0.65/0.65 | 3.14/2.30 | +0.84 | +0.59 | +0.25 |
| live_stack vs sim_stack | 1x | my_small | 0.7/1.0 | 0.52/0.68 | 0.35/0.65 | -0.30 | -0.27 | -0.04 |
| live_stack vs sim_stack | 1x | their_tank | 5.4/4.4 | 0.44/0.59 | 2.42/2.55 | -0.14 | +0.55 | -0.69 |
| live_stack vs sim_stack | 1x | their_half | 2.3/4.9 | 0.60/0.58 | 1.40/2.85 | -1.46 | -1.58 | +0.12 |
| live_stack vs sim_stack | 1x | empty | 1.8/1.2 | 0.12/0.22 | 0.21/0.26 | -0.05 | +0.00 | -0.05 |
| live_stack vs sim_stack | 1x | ALL | 15.0/15.0 | 0.50/0.57 | 7.51/8.62 | -1.11 | -0.71 | -0.40 |
| live_stack vs sim_stack | 2x+OT | my_big | 7.2/5.8 | 0.78/0.88 | 5.65/5.09 | +0.57 | +0.66 | -0.09 |
| live_stack vs sim_stack | 2x+OT | my_small | 1.0/1.5 | 0.84/0.84 | 0.88/1.29 | -0.41 | -0.55 | +0.14 |
| live_stack vs sim_stack | 2x+OT | their_tank | 3.2/3.6 | 0.87/0.83 | 2.76/2.96 | -0.21 | -0.77 | +0.56 |
| live_stack vs sim_stack | 2x+OT | their_half | 3.1/3.5 | 0.70/0.81 | 2.16/2.81 | -0.65 | -1.80 | +1.15 |
| live_stack vs sim_stack | 2x+OT | empty | 0.9/0.7 | 0.27/0.54 | 0.24/0.35 | -0.11 | +0.08 | -0.19 |
| live_stack vs sim_stack | 2x+OT | ALL | 15.4/15.0 | 0.76/0.83 | 11.69/12.50 | -0.81 | -2.38 | +1.58 |
| pros vs sim_de10 | 1x | my_big | 3.9/3.5 | 0.55/0.65 | 2.15/2.24 | -0.09 | +0.68 | -0.77 |
| pros vs sim_de10 | 1x | my_small | 0.6/1.0 | 0.45/0.56 | 0.27/0.54 | -0.27 | -0.12 | -0.15 |
| pros vs sim_de10 | 1x | their_tank | 1.8/4.6 | 0.62/0.57 | 1.11/2.62 | -1.52 | -1.46 | -0.06 |
| pros vs sim_de10 | 1x | their_half | 2.6/4.7 | 0.53/0.58 | 1.36/2.72 | -1.36 | -1.00 | -0.35 |
| pros vs sim_de10 | 1x | empty | 6.3/1.3 | 0.31/0.30 | 1.99/0.39 | +1.60 | +1.51 | +0.09 |
| pros vs sim_de10 | 1x | ALL | 15.2/15.0 | 0.45/0.57 | 6.88/8.51 | -1.64 | -0.39 | -1.25 |
| pros vs sim_de10 | 2x+OT | my_big | 5.7/5.8 | 0.81/0.88 | 4.61/5.07 | -0.45 | +0.16 | -0.62 |
| pros vs sim_de10 | 2x+OT | my_small | 0.9/1.6 | 0.80/0.82 | 0.68/1.32 | -0.63 | -0.56 | -0.08 |
| pros vs sim_de10 | 2x+OT | their_tank | 2.1/3.6 | 0.88/0.84 | 1.88/3.06 | -1.18 | -1.24 | +0.06 |
| pros vs sim_de10 | 2x+OT | their_half | 2.7/3.3 | 0.81/0.79 | 2.14/2.58 | -0.44 | -0.54 | +0.10 |
| pros vs sim_de10 | 2x+OT | empty | 3.9/0.7 | 0.65/0.60 | 2.52/0.41 | +2.11 | +2.13 | -0.03 |
| pros vs sim_de10 | 2x+OT | ALL | 15.2/15.0 | 0.78/0.83 | 11.84/12.44 | -0.60 | -0.04 | -0.56 |

## Q2d  [w15] spend per push by card within each board state (elixir per push; columns = cards Xbow, Rocket, Tesla, Knight, IceWizard, Tornado, Log, Skeletons)
| my_big | live_r1e | 1x | 0.00 | 0.01 | 0.35 | 0.44 | 0.48 | 0.27 | 0.33 | 0.19 | 2.07 |
| my_big | live_r1e | 2x+OT | 0.39 | 0.02 | 0.87 | 1.10 | 1.06 | 0.49 | 0.67 | 0.38 | 4.97 |
| my_big | sim_r1e | 1x | 0.10 | 0.00 | 0.28 | 0.28 | 0.34 | 0.07 | 0.19 | 0.12 | 1.38 |
| my_big | sim_r1e | 2x+OT | 0.28 | 0.02 | 0.75 | 0.74 | 0.85 | 0.36 | 0.52 | 0.27 | 3.78 |
| my_big | live_towerref | 1x | 0.00 | 0.00 | 0.17 | 0.46 | 0.51 | 0.13 | 0.34 | 0.10 | 1.70 |
| my_big | live_towerref | 2x+OT | 0.18 | 0.18 | 0.92 | 1.11 | 1.06 | 0.51 | 0.71 | 0.48 | 5.15 |
| my_big | sim_de10 | 1x | 0.06 | 0.00 | 0.29 | 0.23 | 0.27 | 0.12 | 0.17 | 0.12 | 1.26 |
| my_big | sim_de10 | 2x+OT | 0.31 | 0.30 | 0.86 | 0.80 | 0.74 | 0.33 | 0.42 | 0.27 | 4.03 |
| my_small | live_r1e | 1x | 0.04 | 0.01 | 0.07 | 0.11 | 0.12 | 0.03 | 0.07 | 0.04 | 0.49 |
| my_small | live_r1e | 2x+OT | 0.07 | 0.00 | 0.21 | 0.19 | 0.29 | 0.07 | 0.13 | 0.08 | 1.05 |
| my_small | sim_r1e | 1x | 0.03 | 0.01 | 0.08 | 0.08 | 0.13 | 0.02 | 0.11 | 0.04 | 0.51 |
| my_small | sim_r1e | 2x+OT | 0.09 | 0.02 | 0.27 | 0.33 | 0.23 | 0.09 | 0.16 | 0.10 | 1.28 |
| my_small | live_towerref | 1x | 0.00 | 0.00 | 0.00 | 0.08 | 0.08 | 0.00 | 0.03 | 0.03 | 0.23 |
| my_small | live_towerref | 2x+OT | 0.09 | 0.09 | 0.31 | 0.18 | 0.18 | 0.05 | 0.22 | 0.03 | 1.15 |
| my_small | sim_de10 | 1x | 0.04 | 0.00 | 0.12 | 0.08 | 0.14 | 0.03 | 0.05 | 0.04 | 0.50 |
| my_small | sim_de10 | 2x+OT | 0.13 | 0.10 | 0.32 | 0.24 | 0.26 | 0.04 | 0.16 | 0.09 | 1.34 |
| their_tank | live_r1e | 1x | 0.73 | 0.10 | 0.95 | 0.60 | 0.45 | 0.07 | 0.21 | 0.15 | 3.27 |
| their_tank | live_r1e | 2x+OT | 0.46 | 0.22 | 0.97 | 0.66 | 0.62 | 0.16 | 0.29 | 0.22 | 3.61 |
| their_tank | sim_r1e | 1x | 0.55 | 0.07 | 0.79 | 0.42 | 0.33 | 0.05 | 0.19 | 0.15 | 2.54 |
| their_tank | sim_r1e | 2x+OT | 0.35 | 0.08 | 0.85 | 0.59 | 0.60 | 0.08 | 0.24 | 0.21 | 3.00 |
| their_tank | live_towerref | 1x | 0.85 | 0.17 | 1.13 | 0.55 | 0.68 | 0.04 | 0.25 | 0.24 | 3.90 |
| their_tank | live_towerref | 2x+OT | 0.46 | 0.46 | 0.80 | 0.83 | 0.88 | 0.09 | 0.25 | 0.17 | 3.94 |
| their_tank | sim_de10 | 1x | 0.60 | 0.08 | 0.86 | 0.29 | 0.43 | 0.07 | 0.16 | 0.16 | 2.65 |
| their_tank | sim_de10 | 2x+OT | 0.43 | 0.21 | 0.89 | 0.55 | 0.62 | 0.03 | 0.22 | 0.18 | 3.13 |
| their_half | live_r1e | 1x | 0.65 | 0.01 | 0.42 | 0.29 | 0.32 | 0.06 | 0.20 | 0.12 | 2.06 |
| their_half | live_r1e | 2x+OT | 0.40 | 0.04 | 0.52 | 0.41 | 0.37 | 0.11 | 0.22 | 0.12 | 2.19 |
| their_half | sim_r1e | 1x | 0.90 | 0.01 | 0.77 | 0.52 | 0.46 | 0.04 | 0.30 | 0.16 | 3.15 |
| their_half | sim_r1e | 2x+OT | 0.69 | 0.10 | 0.77 | 0.58 | 0.62 | 0.15 | 0.33 | 0.21 | 3.44 |
| their_half | live_towerref | 1x | 0.93 | 0.00 | 0.79 | 0.42 | 0.38 | 0.00 | 0.28 | 0.10 | 2.90 |
| their_half | live_towerref | 2x+OT | 0.55 | 0.09 | 0.43 | 0.32 | 0.51 | 0.00 | 0.12 | 0.08 | 2.11 |
| their_half | sim_de10 | 1x | 0.76 | 0.05 | 0.67 | 0.45 | 0.53 | 0.09 | 0.23 | 0.16 | 2.94 |
| their_half | sim_de10 | 2x+OT | 0.57 | 0.31 | 0.56 | 0.49 | 0.47 | 0.05 | 0.21 | 0.13 | 2.79 |
| empty | live_r1e | 1x | 0.18 | 0.00 | 0.00 | 0.04 | 0.03 | 0.01 | 0.01 | 0.01 | 0.27 |
| empty | live_r1e | 2x+OT | 0.34 | 0.00 | 0.04 | 0.07 | 0.07 | 0.01 | 0.01 | 0.03 | 0.57 |
| empty | sim_r1e | 1x | 0.15 | 0.00 | 0.01 | 0.04 | 0.04 | 0.00 | 0.02 | 0.03 | 0.28 |
| empty | sim_r1e | 2x+OT | 0.26 | 0.01 | 0.01 | 0.04 | 0.04 | 0.00 | 0.01 | 0.01 | 0.39 |
| empty | live_towerref | 1x | 0.08 | 0.00 | 0.00 | 0.00 | 0.00 | 0.00 | 0.03 | 0.00 | 0.11 |
| empty | live_towerref | 2x+OT | 0.46 | 0.00 | 0.00 | 0.05 | 0.05 | 0.00 | 0.00 | 0.02 | 0.57 |
| empty | sim_de10 | 1x | 0.30 | 0.00 | 0.01 | 0.08 | 0.03 | 0.01 | 0.03 | 0.01 | 0.48 |
| empty | sim_de10 | 2x+OT | 0.25 | 0.07 | 0.02 | 0.05 | 0.06 | 0.00 | 0.01 | 0.01 | 0.48 |
