{"e1_eval": "eval", "policy": "live", "port": 38031, "tasks": 20, "already_done": 0, "grid": "lattice", "tau": 0.27}
[e1_eval] 1/20 000YLL9RURY8 k=0 win 1-0 184.1s plays 34/40 wall 11.2s
[e1_eval] 2/20 000YLLP2UC98 k=0 loss 1-3 82.8s plays 14/20 wall 5.1s
[e1_eval] 3/20 000YLY2VQ92P k=0 loss 0-1 184.1s plays 35/42 wall 12.3s
[e1_eval] 4/20 000YLYJULG22 k=0 loss 0-3 125.4s plays 17/20 wall 7.8s
[e1_eval] 5/20 000YLYYCJ8VY k=0 win 1-0 184.1s plays 34/41 wall 11.5s
[e1_eval] 6/20 002YLQQ0J90P k=0 loss 1-2 184.1s plays 36/38 wall 12.4s
[e1_eval] 7/20 008YLL2CQVUP k=0 win 2-1 206.1s plays 43/47 wall 13.5s
[e1_eval] 8/20 008YLQ2RJ00L k=0 win 3-0 113.4s plays 15/17 wall 6.6s
[e1_eval] 9/20 009Y20G9UY9R k=0 loss 1-2 186.0s plays 35/42 wall 11.5s
[e1_eval] 10/20 009Y2C2CJ08G k=0 win 2-1 190.2s plays 37/45 wall 11.4s
[e1_eval] 11/20 009YLG90RURQ k=0 win 3-1 275.2s plays 66/72 wall 17.0s
[e1_eval] 12/20 009YLGLPG8JR k=0 win 1-0 184.1s plays 36/36 wall 10.9s
[e1_eval] 13/20 009YLQLLLUPY k=0 win 1-0 184.1s plays 34/38 wall 11.6s
[e1_eval] 14/20 00CYPL820VRL k=0 win 1-0 184.1s plays 37/37 wall 10.8s
[e1_eval] 15/20 00CYPLYYLPL9 k=0 win 2-1 305.9s plays 79/79 wall 20.0s
[e1_eval] 16/20 00CYPY9GJQLV k=0 win 1-0 184.1s plays 36/41 wall 11.6s
[e1_eval] 17/20 00GYP9UGJYLQ k=0 win 1-0 184.1s plays 34/36 wall 11.2s
[e1_eval] 18/20 00GYPL2GC9CG k=0 win 2-1 251.2s plays 57/63 wall 16.3s
[e1_eval] 19/20 00GYPYUCG2GQ k=0 loss 1-2 184.1s plays 36/40 wall 11.4s
[e1_eval] 20/20 00JYPGYLRP88 k=0 loss 0-1 184.1s plays 36/40 wall 11.1s
{"DONE": {"new_matches": 20, "finished": "2026-09-12 18:56:32", "wall_s_mean": 11.8, "win": 13, "draw": 0, "loss": 7}}
