batch_v2: 211 tags (converted in 5ay), 5 already done, port 37031
[6/211] 000YLY2VQ92P acc 52/52 crowns [0, 1] match=False tick 6134 hash_same_v1=True frames 52+330 2.24s (v1 2.56s)
[7/211] 002YLLLP2YRR acc 71/71 crowns [1, 0] match=True tick 4122 hash_same_v1=True frames 71+240 1.63s (v1 2.86s)
[8/211] 002YLLLP9JUR acc 90/92 crowns [0, 1] match=True tick 5307 hash_same_v1=True frames 92+311 2.43s (v1 3.42s)
[9/211] 00GYPYP0PCLR acc 112/112 crowns [0, 1] match=True tick 6119 hash_same_v1=True frames 112+359 2.84s (v1 4.25s)
[10/211] 00GYPYPRQCY8 acc 64/67 crowns [1, 0] match=False tick 4654 hash_same_v1=True frames 67+265 2.01s (v1 2.47s)
[11/211] 00GYPYPYUQQY acc 78/81 crowns [2, 1] match=False tick 4803 hash_same_v1=True frames 81+280 2.19s (v1 3.39s)
[12/211] 00JYPQQ8UCVL acc 98/98 crowns [0, 1] match=True tick 6124 hash_same_v1=True frames 98+358 2.46s (v1 3.34s)
[13/211] 00JYPQQ9V8UY acc 101/101 crowns [1, 0] match=True tick 6116 hash_same_v1=True frames 101+353 2.8s (v1 3.55s)
[14/211] 00JYPQYYV0JV acc 91/92 crowns [0, 1] match=True tick 5235 hash_same_v1=True frames 92+314 2.79s (v1 3.54s)
[15/211] 00LYPLCUGYJ2 acc 129/129 crowns [0, 1] match=True tick 6116 hash_same_v1=True frames 129+362 2.76s (v1 4.67s)
[16/211] 00LYPLCV08L9 acc 106/106 crowns [0, 1] match=True tick 6138 hash_same_v1=True frames 106+360 2.23s (v1 4.66s)
[17/211] 00LYPLCV92L0 acc 72/75 crowns [0, 1] match=True tick 5156 hash_same_v1=True frames 75+300 2.27s (v1 4.28s)
[18/211] 00LYPLCVPJR9 acc 54/56 crowns [1, 0] match=False tick 3693 hash_same_v1=True frames 56+212 1.46s (v1 2.71s)
[19/211] 00LYPLCVQRVY acc 125/125 crowns [0, 1] match=False tick 6127 hash_same_v1=True frames 125+360 2.8s (v1 5.38s)
[20/211] 00LYPLCVRCCV acc 95/95 crowns [0, 1] match=True tick 4822 hash_same_v1=True frames 95+287 2.23s (v1 4.32s)
[21/211] 00LYPLJLC80L acc 93/93 crowns [0, 1] match=True tick 5275 hash_same_v1=True frames 93+315 2.07s (v1 3.92s)
[22/211] 00LYPLJLQ80J acc 113/113 crowns [1, 0] match=False tick 6149 hash_same_v1=True frames 113+364 2.67s (v1 4.96s)
[23/211] 00LYPLJLRJ00 acc 53/54 crowns [1, 0] match=True tick 3681 hash_same_v1=True frames 54+212 1.54s (v1 2.77s)
[24/211] 00LYPLJLYQCR acc 38/47 crowns [0, 1] match=True tick 3681 hash_same_v1=True frames 47+209 1.3s (v1 2.04s)
[25/211] 00LYPLR0C8GJ acc 137/137 crowns [1, 0] match=False tick 6136 hash_same_v1=True frames 137+374 3.11s (v1 4.87s)
[26/211] 00LYPLR200VU acc 108/108 crowns [1, 0] match=False tick 6132 hash_same_v1=True frames 108+362 2.46s (v1 4.19s)
[27/211] 00LYPLR222YQ acc 15/15 crowns [3, 0] match=True tick 2304 hash_same_v1=True frames 15+124 0.98s (v1 0.96s)
[28/211] 00LYPLU8C8JP acc 26/26 crowns [0, 3] match=True tick 2897 hash_same_v1=True frames 26+160 1.09s (v1 1.49s)
[29/211] 00LYPLU8VV0C acc 114/114 crowns [1, 0] match=False tick 6130 hash_same_v1=True frames 114+363 2.62s (v1 4.5s)
[30/211] 00LYPLU8YQVQ acc 79/79 crowns [1, 0] match=True tick 4993 hash_same_v1=True frames 79+296 1.94s (v1 3.25s)
[31/211] 00LYPQ28JL8Q acc 137/137 crowns [0, 1] match=True tick 6028 hash_same_v1=True frames 137+368 2.74s (v1 5.06s)
[32/211] 00LYPQ28PU22 acc 52/54 crowns [1, 0] match=True tick 3696 hash_same_v1=True frames 54+210 1.45s (v1 2.34s)
[33/211] 00LYPQ2909YG acc 72/72 crowns [1, 0] match=True tick 4365 hash_same_v1=True frames 72+254 1.86s (v1 2.66s)
[34/211] 00LYPQ8LGYP2 acc 112/112 crowns [1, 0] match=False tick 6129 hash_same_v1=True frames 112+364 2.58s (v1 3.87s)
[35/211] 00UYPL92ULUL acc 125/125 crowns [0, 1] match=True tick 6143 hash_same_v1=True frames 125+365 3.01s (v1 4.35s)
[36/211] 00UYPL99P28R acc 130/133 crowns [1, 0] match=False tick 5879 hash_same_v1=True frames 133+360 2.65s (v1 4.64s)
[37/211] 00UYPL99PV2P acc 14/19 crowns [3, 0] match=True tick 2171 hash_same_v1=True frames 19+118 0.83s (v1 0.97s)
[38/211] 00UYPL99UQCG acc 124/124 crowns [0, 1] match=True tick 6108 hash_same_v1=True frames 124+368 2.81s (v1 4.47s)
[39/211] 00UYPL9P0VQL acc 79/80 crowns [0, 1] match=True tick 4688 hash_same_v1=True frames 80+274 1.91s (v1 3.03s)
[40/211] 00UYPLL0RLRQ acc 94/94 crowns [0, 1] match=True tick 6108 hash_same_v1=True frames 94+361 2.56s (v1 3.49s)
[41/211] 00UYPLLCLCJQ acc 106/106 crowns [1, 0] match=True tick 5882 hash_same_v1=True frames 106+346 2.61s (v1 4.06s)
[42/211] 00UYPLLGUP02 acc 112/112 crowns [0, 1] match=True tick 6127 hash_same_v1=True frames 112+365 2.57s (v1 4.18s)
[43/211] 00UYPLLGYCQ2 acc 85/85 crowns [1, 0] match=True tick 5187 hash_same_v1=True frames 85+303 2.35s (v1 3.32s)
[44/211] 00UYPLLR2JVJ acc 108/109 crowns [1, 0] match=False tick 5839 hash_same_v1=True frames 109+350 2.51s (v1 4.11s)
[45/211] 00UYPLLU0C0L acc 112/112 crowns [1, 0] match=True tick 6131 hash_same_v1=True frames 112+363 2.86s (v1 4.35s)
[46/211] 00UYPLLU8LYV acc 85/85 crowns [0, 1] match=True tick 5414 hash_same_v1=True frames 85+310 2.44s (v1 3.1s)
[47/211] 00UYPLLURY2U acc 43/46 crowns [0, 1] match=True tick 3681 hash_same_v1=True frames 46+210 1.39s (v1 1.98s)
[48/211] 00VYPLPJGYLY acc 102/106 crowns [0, 1] match=True tick 5631 hash_same_v1=True frames 106+335 2.69s (v1 4.18s)
[49/211] 00VYPLPJLC88 acc 102/102 crowns [1, 0] match=True tick 6116 hash_same_v1=True frames 102+358 2.45s (v1 3.65s)
[50/211] 00VYPLPJRYRY acc 64/65 crowns [0, 1] match=True tick 3768 hash_same_v1=True frames 65+222 1.48s (v1 2.61s)
[51/211] 020YPYL2LVU9 acc 88/88 crowns [0, 1] match=False tick 5548 hash_same_v1=True frames 88+322 2.48s (v1 3.47s)
[52/211] 020YPYL80RJY acc 90/90 crowns [1, 0] match=True tick 5827 hash_same_v1=True frames 90+334 2.16s (v1 3.47s)
[53/211] 020YPYL89Y8Y acc 107/107 crowns [0, 1] match=True tick 6126 hash_same_v1=True frames 107+354 2.76s (v1 3.95s)
[54/211] 020YPYL9CYUL acc 89/89 crowns [1, 0] match=True tick 5455 hash_same_v1=True frames 89+314 2.15s (v1 3.16s)
[55/211] 020YPYL9R08C acc 22/22 crowns [1, 0] match=False tick 3681 hash_same_v1=True frames 22+196 1.26s (v1 1.22s)
[56/211] 020YPYL9VC0C acc 76/76 crowns [1, 0] match=True tick 4572 hash_same_v1=True frames 76+266 2.14s (v1 2.71s)
[57/211] 020YPYLLQUV0 acc 58/58 crowns [0, 1] match=True tick 4355 hash_same_v1=True frames 58+244 1.53s (v1 2.53s)
[58/211] 020YPYLP8YR0 acc 104/104 crowns [0, 1] match=True tick 6113 hash_same_v1=True frames 104+353 2.75s (v1 3.85s)
[59/211] 020YPYLPPCPQ acc 88/88 crowns [0, 1] match=True tick 4829 hash_same_v1=True frames 88+287 2.19s (v1 3.21s)
[60/211] 020YPYLY29LP acc 96/99 crowns [0, 1] match=True tick 5575 hash_same_v1=True frames 99+339 2.25s (v1 4.0s)
[61/211] 020YPYP8J9PV acc 130/130 crowns [0, 1] match=True tick 6090 hash_same_v1=True frames 130+363 2.76s (v1 4.94s)
[62/211] 020YPYQ0RRY0 acc 43/43 crowns [3, 0] match=True tick 3607 hash_same_v1=True frames 43+205 1.34s (v1 2.04s)
[63/211] 020YPYQ22GY2 acc 82/82 crowns [1, 0] match=True tick 5516 hash_same_v1=True frames 82+322 2.29s (v1 3.57s)
[64/211] 020YPYYQG22L acc 5/5 crowns [1, 0] match=False tick 3681 hash_same_v1=True frames 5+188 1.09s (v1 0.84s)
[65/211] 020YPYYQQ8V8 acc 61/61 crowns [1, 0] match=True tick 4594 hash_same_v1=True frames 61+266 1.84s (v1 2.8s)
[66/211] 020YPYYR8Q0P acc 76/76 crowns [1, 0] match=False tick 4953 hash_same_v1=True frames 76+282 2.12s (v1 2.99s)
[67/211] 020YPYYVJR0V acc 55/55 crowns [3, 0] match=False tick 3625 hash_same_v1=True frames 55+209 1.56s (v1 2.47s)
[68/211] 022YYL8R2GG0 acc 39/42 crowns [3, 1] match=True tick 3392 hash_same_v1=True frames 42+193 1.23s (v1 1.86s)
[69/211] 022YYL8YCYC8 acc 118/118 crowns [0, 1] match=True tick 6135 hash_same_v1=True frames 118+365 2.99s (v1 4.22s)
[70/211] 022YYLUUPYYV acc 110/110 crowns [0, 1] match=True tick 6130 hash_same_v1=True frames 110+369 2.73s (v1 4.12s)
[71/211] 022YYLV98PVR acc 45/52 crowns [3, 0] match=False tick 3586 hash_same_v1=True frames 52+208 1.53s (v1 2.33s)
[72/211] 022YYLV9QLQJ acc 63/63 crowns [1, 0] match=True tick 6124 hash_same_v1=True frames 63+337 2.1s (v1 3.02s)
[73/211] 022YYLV9V90G acc 113/113 crowns [0, 1] match=True tick 6126 hash_same_v1=True frames 113+367 2.71s (v1 4.3s)
[74/211] 022YYLV9YVJL acc 118/119 crowns [1, 0] match=False tick 6010 hash_same_v1=True frames 119+365 2.56s (v1 4.3s)
[75/211] 022YYQ0RPYY2 acc 104/104 crowns [1, 0] match=True tick 6129 hash_same_v1=True frames 104+356 2.46s (v1 3.81s)
[76/211] 022YYQ22298V acc 46/46 crowns [1, 0] match=True tick 3681 hash_same_v1=True frames 46+207 1.69s (v1 1.72s)
[77/211] 022YYQ2G0LPV acc 57/59 crowns [0, 1] match=True tick 4332 hash_same_v1=True frames 59+245 2.34s (v1 2.34s)
[78/211] 022YYQ2QJRPV acc 43/43 crowns [0, 1] match=True tick 3681 hash_same_v1=True frames 43+207 2.12s (v1 2.08s)
[79/211] 022YYQ92909Q acc 104/104 crowns [1, 0] match=True tick 6128 hash_same_v1=True frames 104+361 2.79s (v1 3.93s)
[80/211] 022YYQL2QLUV acc 61/61 crowns [0, 1] match=True tick 3681 hash_same_v1=True frames 61+213 1.79s (v1 2.36s)
[81/211] 022YYQL828PQ acc 66/69 crowns [0, 1] match=True tick 4307 hash_same_v1=True frames 69+251 1.92s (v1 3.03s)
[82/211] 022YYQYV2C2J acc 70/70 crowns [1, 0] match=True tick 4697 hash_same_v1=True frames 70+269 1.87s (v1 3.08s)
[83/211] 022YYQYV9Y2R acc 125/125 crowns [1, 0] match=True tick 5975 hash_same_v1=True frames 125+365 2.98s (v1 4.62s)
[84/211] 022YYYUC8VUJ acc 123/123 crowns [0, 1] match=True tick 6121 hash_same_v1=True frames 123+364 2.59s (v1 4.69s)
[85/211] 022YYYUCQR2V acc 83/83 crowns [1, 0] match=True tick 4878 hash_same_v1=True frames 83+283 2.15s (v1 3.38s)
[86/211] 022YYYUCR9VJ acc 74/74 crowns [1, 0] match=False tick 5553 hash_same_v1=True frames 74+314 2.09s (v1 3.17s)
[87/211] 022YYYUCVPR9 acc 130/130 crowns [0, 1] match=True tick 6112 hash_same_v1=True frames 130+367 2.92s (v1 4.58s)
[88/211] 022YYYUU9LPG acc 56/60 crowns [0, 1] match=True tick 3799 hash_same_v1=True frames 60+219 1.62s (v1 2.42s)
[89/211] 022YYYUUQGGJ acc 64/64 crowns [1, 0] match=True tick 4796 hash_same_v1=True frames 64+272 1.79s (v1 2.69s)
[90/211] 022YYYUVGPUU acc 98/98 crowns [0, 1] match=True tick 5224 hash_same_v1=True frames 98+312 2.37s (v1 3.59s)
[91/211] 022YYYVURLCJ acc 107/107 crowns [0, 1] match=True tick 6108 hash_same_v1=True frames 107+358 2.41s (v1 4.32s)
[92/211] 02GY9GJCR9P0 acc 107/107 crowns [1, 0] match=False tick 6144 hash_same_v1=True frames 107+361 3.11s (v1 4.05s)
[93/211] 02GY9GJGYJUV acc 84/84 crowns [1, 0] match=True tick 5390 hash_same_v1=True frames 84+312 2.37s (v1 3.45s)
[94/211] 02GY9GJJLR9Q acc 52/54 crowns [0, 1] match=True tick 3759 hash_same_v1=True frames 54+218 1.66s (v1 2.22s)
[95/211] 02GY9GJQU0UR acc 119/121 crowns [0, 1] match=False tick 5691 hash_same_v1=True frames 121+345 2.59s (v1 4.58s)
[96/211] 02GY9GJRPQ89 acc 107/107 crowns [0, 1] match=True tick 6123 hash_same_v1=True frames 107+357 2.62s (v1 4.08s)
[97/211] 02GY9GJRQG2Q acc 8/8 crowns [0, 3] match=True tick 1148 hash_same_v1=True frames 8+62 0.6s (v1 0.51s)
[98/211] 02GY9GJURY8G acc 69/69 crowns [1, 0] match=True tick 4684 hash_same_v1=True frames 69+268 1.98s (v1 2.63s)
[99/211] 02GY9GJV00GV acc 100/100 crowns [1, 0] match=True tick 5059 hash_same_v1=True frames 100+302 2.32s (v1 3.87s)
[100/211] 02GY9GJV8CVG acc 119/119 crowns [0, 1] match=True tick 5502 hash_same_v1=True frames 119+334 2.55s (v1 3.64s)
[101/211] 02GY9GJVQGCQ acc 138/138 crowns [1, 0] match=False tick 6118 hash_same_v1=True frames 138+373 3.01s (v1 4.23s)
[102/211] 02GY9GJVUP00 acc 51/52 crowns [0, 1] match=True tick 3681 hash_same_v1=True frames 52+214 1.66s (v1 2.04s)
[103/211] 02GY9GR902G8 acc 71/71 crowns [1, 0] match=True tick 4536 hash_same_v1=True frames 71+265 1.8s (v1 2.81s)
[104/211] 02JY9G00V9CJ acc 48/54 crowns [1, 0] match=True tick 3985 hash_same_v1=True frames 54+227 1.58s (v1 2.18s)
[105/211] 02JY9G020C2U acc 35/35 crowns [0, 3] match=True tick 3413 hash_same_v1=True frames 35+190 1.26s (v1 1.48s)
[106/211] 02JY9G02LR0U acc 112/112 crowns [0, 1] match=True tick 6125 hash_same_v1=True frames 112+353 2.78s (v1 4.13s)
[107/211] 02JY9G02UJL2 acc 49/55 crowns [1, 0] match=True tick 3681 hash_same_v1=True frames 55+213 1.62s (v1 2.96s)
[108/211] 02JY9G082QC2 acc 105/105 crowns [0, 1] match=True tick 6121 hash_same_v1=True frames 105+361 2.54s (v1 4.59s)
[109/211] 02JY9G08C0JV acc 102/105 crowns [1, 0] match=False tick 6153 hash_same_v1=True frames 105+355 2.74s (v1 4.74s)
[110/211] 02JY9G08YCQG acc 53/59 crowns [0, 1] match=True tick 3681 hash_same_v1=True frames 59+216 1.47s (v1 2.96s)
[111/211] 02JY9G090029 acc 109/109 crowns [0, 1] match=True tick 6117 hash_same_v1=True frames 109+358 2.63s (v1 5.47s)
[112/211] 02JY9G8LJPJV acc 110/110 crowns [0, 1] match=True tick 6133 hash_same_v1=True frames 110+363 2.66s (v1 5.12s)
[113/211] 02JY9G99CGPC acc 55/55 crowns [2, 1] match=False tick 3833 hash_same_v1=True frames 55+221 1.57s (v1 3.05s)
[114/211] 02JY9G99LY0L acc 106/106 crowns [1, 0] match=True tick 6137 hash_same_v1=True frames 106+359 2.61s (v1 4.31s)
[115/211] 02JY9G99RPRU acc 114/114 crowns [0, 1] match=True tick 6111 hash_same_v1=True frames 114+366 2.65s (v1 4.26s)
[116/211] 02JY9G9PP92L acc 123/123 crowns [1, 0] match=True tick 6101 hash_same_v1=True frames 123+363 2.81s (v1 4.57s)
[117/211] 02JY9GL00Q0C acc 110/110 crowns [1, 0] match=True tick 6070 hash_same_v1=True frames 110+355 2.72s (v1 4.17s)
[118/211] 02JY9GL09YJJ acc 112/112 crowns [0, 1] match=True tick 6134 hash_same_v1=True frames 112+363 2.84s (v1 4.06s)
[119/211] 02JY9GL22CYR acc 110/110 crowns [0, 1] match=True tick 6140 hash_same_v1=True frames 110+365 2.42s (v1 3.94s)
[120/211] 02JY9GL9VP9C acc 47/47 crowns [1, 0] match=True tick 3681 hash_same_v1=True frames 47+206 1.34s (v1 2.15s)
[121/211] 02JY9GL9Y90C acc 109/109 crowns [1, 0] match=True tick 6109 hash_same_v1=True frames 109+362 2.76s (v1 4.03s)
[122/211] 02JY9GPPVPPG acc 17/17 crowns [3, 0] match=True tick 1720 hash_same_v1=True frames 17+95 0.75s (v1 0.87s)
[123/211] 02JY9GQY2VCU acc 112/112 crowns [1, 0] match=True tick 6144 hash_same_v1=True frames 112+361 2.65s (v1 4.06s)
[124/211] 02JY9GQYCPCQ acc 85/86 crowns [1, 0] match=True tick 5495 hash_same_v1=True frames 86+317 2.42s (v1 3.52s)
[125/211] 02JY9GQYLVLV acc 129/129 crowns [0, 1] match=True tick 6122 hash_same_v1=True frames 129+371 2.72s (v1 4.07s)
[126/211] 02JY9GYLJC9Y acc 124/124 crowns [1, 0] match=False tick 6108 hash_same_v1=True frames 124+371 2.72s (v1 4.42s)
[127/211] 02JY9GYQ0Q9G acc 87/87 crowns [0, 1] match=True tick 5047 hash_same_v1=True frames 87+298 2.03s (v1 3.77s)
[128/211] 02JY9GYQ89QY acc 10/10 crowns [1, 0] match=False tick 3681 hash_same_v1=True frames 10+189 1.12s (v1 0.93s)
[129/211] 02LY9LJV20Q9 acc 85/86 crowns [1, 0] match=True tick 5560 hash_same_v1=True frames 86+323 2.36s (v1 3.35s)
[130/211] 02LY9LJV8Q0C acc 103/103 crowns [0, 1] match=True tick 5465 hash_same_v1=True frames 103+324 2.33s (v1 3.67s)
[131/211] 02QY9Q8VCCYQ acc 100/100 crowns [0, 1] match=True tick 6138 hash_same_v1=True frames 100+360 2.57s (v1 3.59s)
[132/211] 02QY9Q8VGVGQ acc 129/129 crowns [1, 0] match=True tick 6106 hash_same_v1=True frames 129+370 3.2s (v1 4.54s)
[133/211] 02QY9Q900RQL acc 116/116 crowns [1, 0] match=True tick 6112 hash_same_v1=True frames 116+359 2.69s (v1 4.27s)
[134/211] 02QY9Q90JPCL acc 107/107 crowns [1, 0] match=False tick 6131 hash_same_v1=True frames 107+363 2.72s (v1 3.86s)
[135/211] 02QY9Q90QQ9V acc 112/112 crowns [0, 1] match=False tick 6123 hash_same_v1=True frames 112+366 2.57s (v1 4.2s)
[136/211] 02QY9Q90VQ02 acc 52/52 crowns [0, 1] match=False tick 4392 hash_same_v1=True frames 52+245 1.92s (v1 2.27s)
[137/211] 02QY9Q928Y8C acc 76/78 crowns [0, 1] match=True tick 4964 hash_same_v1=True frames 78+289 1.95s (v1 3.01s)
[138/211] 02QY9Q92CGV0 acc 20/20 crowns [3, 0] match=True tick 2087 hash_same_v1=True frames 20+117 0.75s (v1 1.11s)
[139/211] 02QY9Q92QPGC acc 60/60 crowns [0, 1] match=True tick 4364 hash_same_v1=True frames 60+245 1.74s (v1 2.36s)
[140/211] 02QY9Q980YV0 acc 94/94 crowns [0, 1] match=True tick 6143 hash_same_v1=True frames 94+356 2.42s (v1 3.77s)
[141/211] 02QY9Q98C0J8 acc 111/111 crowns [0, 1] match=True tick 6121 hash_same_v1=True frames 111+362 2.46s (v1 4.24s)
[142/211] 02QY9Q9L9CLL acc 123/123 crowns [1, 0] match=True tick 6117 hash_same_v1=True frames 123+367 2.95s (v1 4.32s)
[143/211] 02QY9Q9LCCQQ acc 71/71 crowns [1, 0] match=True tick 4963 hash_same_v1=True frames 71+286 2.02s (v1 2.89s)
[144/211] 02QY9Q9P0CRP acc 56/56 crowns [1, 0] match=True tick 6107 hash_same_v1=True frames 56+330 2.38s (v1 2.51s)
[145/211] 02QY9Q9PCGCP acc 41/48 crowns [1, 0] match=False tick 3744 hash_same_v1=True frames 48+214 1.59s (v1 2.06s)
[146/211] 02QY9Q9PY29C acc 80/83 crowns [0, 1] match=True tick 5337 hash_same_v1=True frames 83+313 2.1s (v1 3.07s)
[147/211] 02QY9Q9YY089 acc 92/92 crowns [0, 1] match=True tick 5692 hash_same_v1=True frames 92+324 2.43s (v1 3.54s)
[148/211] 082Y8Q0CRU92 acc 118/118 crowns [0, 1] match=True tick 6127 hash_same_v1=True frames 118+369 2.51s (v1 3.9s)
[149/211] 088Y88LLCJRY acc 142/142 crowns [0, 1] match=True tick 6135 hash_same_v1=True frames 142+374 3.05s (v1 4.63s)
[150/211] 088Y88LQYJ00 acc 20/20 crowns [3, 0] match=True tick 2917 hash_same_v1=True frames 20+157 0.85s (v1 1.01s)
[151/211] 08CPVR8P2JPV acc 136/139 crowns [0, 1] match=False tick 5981 hash_same_v1=True frames 139+370 2.95s (v1 4.6s)
[152/211] 08CPVRQ9JCLR acc 52/52 crowns [1, 2] match=True tick 6087 hash_same_v1=True frames 52+334 2.05s (v1 2.53s)
[153/211] 08CPVRQ9RQUY acc 27/27 crowns [0, 3] match=True tick 3008 hash_same_v1=True frames 27+166 1.11s (v1 1.44s)
[154/211] 08CPVRQPJLPG acc 120/120 crowns [0, 1] match=True tick 6119 hash_same_v1=True frames 120+366 2.92s (v1 4.61s)
[155/211] 08CPVRRCJY0J acc 18/18 crowns [0, 3] match=True tick 2450 hash_same_v1=True frames 18+131 0.89s (v1 0.99s)
[156/211] 08CPVRRCV922 acc 68/68 crowns [0, 1] match=True tick 5047 hash_same_v1=True frames 68+289 1.85s (v1 2.64s)
[157/211] 08CPVRRJ9C2L acc 131/131 crowns [0, 1] match=True tick 6132 hash_same_v1=True frames 131+366 2.75s (v1 4.59s)
[158/211] 08CPVRRR8PYC acc 54/54 crowns [0, 1] match=True tick 3887 hash_same_v1=True frames 54+221 1.41s (v1 2.18s)
[159/211] 08CPVRRRC0P8 acc 46/46 crowns [0, 1] match=True tick 3681 hash_same_v1=True frames 46+207 1.41s (v1 1.99s)
[160/211] 08CPVRRU8VCQ acc 66/66 crowns [0, 1] match=True tick 6092 hash_same_v1=True frames 66+341 2.25s (v1 2.89s)
[161/211] 08CPVRRUR90G acc 45/45 crowns [0, 1] match=False tick 6106 hash_same_v1=True frames 45+328 2.2s (v1 2.31s)
[162/211] 08CPVRRUYG00 acc 87/87 crowns [1, 0] match=True tick 5096 hash_same_v1=True frames 87+298 2.25s (v1 3.61s)
[163/211] 08LY80VC29RV acc 68/68 crowns [0, 1] match=True tick 4221 hash_same_v1=True frames 68+246 1.75s (v1 2.75s)
[164/211] 08PY88PC88QV acc 135/135 crowns [1, 0] match=False tick 6144 hash_same_v1=True frames 135+373 2.85s (v1 4.61s)
[165/211] 08PY88PCQ9C2 acc 70/70 crowns [1, 0] match=True tick 5282 hash_same_v1=True frames 70+305 2.07s (v1 3.03s)
[166/211] 08PY88PCV0JQ acc 92/95 crowns [1, 0] match=False tick 5781 hash_same_v1=True frames 95+336 2.54s (v1 3.7s)
[167/211] 08PY88PJYJUR acc 114/114 crowns [0, 1] match=True tick 6134 hash_same_v1=True frames 114+367 2.91s (v1 4.14s)
[168/211] 08PY88PQV2YV acc 59/60 crowns [1, 0] match=False tick 4282 hash_same_v1=True frames 60+244 1.68s (v1 2.54s)
[169/211] 08PY88PR0LJY acc 105/109 crowns [1, 0] match=True tick 5805 hash_same_v1=True frames 109+344 2.51s (v1 4.07s)
[170/211] 08PY88PRLJCQ acc 105/105 crowns [0, 1] match=True tick 6118 hash_same_v1=True frames 105+356 2.58s (v1 4.13s)
[171/211] 08PY88PRRPY2 acc 89/103 crowns [0, 1] match=False tick 6105 hash_same_v1=True frames 103+357 2.71s (v1 3.8s)
[172/211] 08PY88PUQVCU acc 104/104 crowns [1, 0] match=True tick 6130 hash_same_v1=True frames 104+358 2.59s (v1 3.92s)
[173/211] 08PY88PUY9YP acc 41/41 crowns [3, 0] match=True tick 3424 hash_same_v1=True frames 41+190 1.49s (v1 1.57s)
[174/211] 08QPVCPC2VCU acc 118/118 crowns [0, 1] match=True tick 6087 hash_same_v1=True frames 118+359 2.75s (v1 3.96s)
[175/211] 08QPVCPC9QQU acc 61/61 crowns [0, 1] match=True tick 3681 hash_same_v1=True frames 61+216 1.51s (v1 2.34s)
[176/211] 08QPVCPCG8L9 acc 66/66 crowns [0, 1] match=True tick 4875 hash_same_v1=True frames 66+274 2.0s (v1 2.72s)
[177/211] 08QPVCPCVGVJ acc 46/49 crowns [1, 0] match=False tick 3681 hash_same_v1=True frames 49+211 1.33s (v1 1.85s)
[178/211] 08QPVCPCYU2U acc 99/99 crowns [0, 1] match=True tick 5918 hash_same_v1=True frames 99+345 2.45s (v1 4.07s)
[179/211] 08QPVCPU28C0 acc 54/54 crowns [0, 1] match=False tick 3877 hash_same_v1=True frames 54+222 1.71s (v1 2.05s)
[180/211] 08QPVCPULY0V acc 129/129 crowns [1, 0] match=True tick 5959 hash_same_v1=True frames 129+359 2.7s (v1 4.55s)
[181/211] 08YY892LJCG9 acc 42/42 crowns [0, 1] match=True tick 3681 hash_same_v1=True frames 42+205 1.57s (v1 1.79s)
[182/211] 08YY892P8Q98 acc 117/117 crowns [0, 1] match=False tick 6139 hash_same_v1=True frames 117+358 2.75s (v1 4.4s)
[183/211] 08YY892V8QUU acc 63/67 crowns [0, 1] match=True tick 4599 hash_same_v1=True frames 67+269 1.83s (v1 2.55s)
[184/211] 08YY89822YRQ acc 108/108 crowns [1, 0] match=False tick 6128 hash_same_v1=True frames 108+366 2.77s (v1 4.14s)
[185/211] 08YY8988C0QC acc 29/29 crowns [3, 0] match=True tick 3120 hash_same_v1=True frames 29+169 1.04s (v1 1.41s)
[186/211] 08YY8988V9JL acc 102/102 crowns [1, 0] match=True tick 5461 hash_same_v1=True frames 102+321 2.48s (v1 3.68s)
[187/211] 08YY8989P8J2 acc 101/101 crowns [0, 1] match=True tick 6143 hash_same_v1=True frames 101+357 2.62s (v1 3.86s)
[188/211] 08YY898L28JL acc 110/110 crowns [1, 0] match=True tick 6139 hash_same_v1=True frames 110+361 2.72s (v1 4.08s)
[189/211] 08YY898L9JLC acc 41/41 crowns [2, 0] match=True tick 3681 hash_same_v1=True frames 41+205 1.54s (v1 2.01s)
[190/211] 08YY898LQL9V acc 113/114 crowns [1, 0] match=True tick 5791 hash_same_v1=True frames 114+351 2.59s (v1 4.62s)
[191/211] 08YY898LU88C acc 106/106 crowns [1, 0] match=True tick 5687 hash_same_v1=True frames 106+338 2.57s (v1 3.73s)
[192/211] 08YY898LY8G8 acc 62/62 crowns [0, 1] match=True tick 4298 hash_same_v1=True frames 62+250 1.83s (v1 2.61s)
[193/211] 08YY898PPLJ9 acc 141/141 crowns [0, 1] match=True tick 6130 hash_same_v1=True frames 141+373 2.83s (v1 5.13s)
[194/211] 08YY898Q09RY acc 99/99 crowns [0, 1] match=True tick 6112 hash_same_v1=True frames 99+350 2.45s (v1 3.5s)
[195/211] 08YY898QYRPP acc 51/53 crowns [0, 1] match=False tick 3681 hash_same_v1=True frames 53+210 1.68s (v1 2.13s)
[196/211] 08YY898YJ8LY acc 55/55 crowns [0, 1] match=True tick 3681 hash_same_v1=True frames 55+213 1.63s (v1 2.18s)
[197/211] 092PPVPCRCPC acc 122/122 crowns [1, 0] match=False tick 6095 hash_same_v1=True frames 122+364 2.78s (v1 6.27s)
[198/211] 092PPVPCU9LL acc 63/64 crowns [1, 0] match=False tick 3955 hash_same_v1=True frames 64+229 1.76s (v1 3.63s)
[199/211] 092PPVPU00LV acc 60/60 crowns [0, 1] match=True tick 3781 hash_same_v1=True frames 60+217 1.73s (v1 3.46s)
[200/211] 092PPVPUY8PG acc 87/87 crowns [0, 1] match=True tick 5264 hash_same_v1=True frames 87+306 2.18s (v1 4.17s)
[201/211] 092PPVPV8PRJ acc 63/63 crowns [1, 0] match=True tick 3946 hash_same_v1=True frames 63+231 1.72s (v1 3.18s)
[202/211] 092PPVPVRCYP acc 137/137 crowns [0, 1] match=True tick 5928 hash_same_v1=True frames 137+365 3.06s (v1 5.99s)
[203/211] 092PPVPVULCU acc 122/122 crowns [0, 1] match=True tick 6130 hash_same_v1=True frames 122+370 2.84s (v1 5.14s)
[204/211] 092PPVY0J0J8 acc 112/112 crowns [1, 0] match=False tick 6107 hash_same_v1=True frames 112+360 2.78s (v1 5.38s)
[205/211] 092PPVY0Q0CR acc 113/113 crowns [0, 1] match=True tick 6106 hash_same_v1=True frames 113+363 2.55s (v1 4.41s)
[206/211] 092PPVY29Q2V acc 95/95 crowns [0, 1] match=True tick 5799 hash_same_v1=True frames 95+342 2.32s (v1 3.61s)
[207/211] 092PPVY2CGG8 acc 65/65 crowns [1, 0] match=True tick 3698 hash_same_v1=True frames 65+219 1.71s (v1 2.57s)
[208/211] 092PPVY2RCUL acc 48/48 crowns [1, 0] match=False tick 4137 hash_same_v1=True frames 48+235 1.44s (v1 2.1s)
[209/211] 092PPVY8298U acc 77/77 crowns [0, 1] match=True tick 5357 hash_same_v1=True frames 77+301 2.39s (v1 3.24s)
[210/211] 092PPVY899LL acc 81/81 crowns [0, 1] match=True tick 4833 hash_same_v1=True frames 81+283 2.28s (v1 3.06s)
[211/211] 092PPVY8PV90 acc 49/49 crowns [1, 0] match=True tick 3781 hash_same_v1=True frames 49+213 1.46s (v1 2.23s)
{
 "tags": 211,
 "ok": 211,
 "failed": 0,
 "failed_by_error": {},
 "hash_same_as_v1": 211,
 "accepted_same_as_v1": 211,
 "hash_differs": [],
 "accepted": 17757,
 "plays_driven": 17901,
 "crowns_match": 164,
 "play_frames": 17901,
 "drift_frames": 62767,
 "seconds_per_match": {
  "median": 2.34,
  "min": 0.6,
  "max": 3.2,
  "mean": 2.19
 },
 "v1_seconds_per_match_median": 3.54,
 "seconds_total": 462.3,
 "batch_wall_seconds": 452.6
}
