=== start 2026-09-02 00:47:20 C:\Users\benpe\ClashBot\research\sandbox_tools\replay_batch.py --port 37031 --determinism-every 10
batch: 268 tags, 0 already done, port 37031
[1/268] 000YLP22V2QU FAILED ValueError: card has no native evolution form: 26000043
[2/268] 000YLY0JCPGL acc 121/121 rej {} crowns [1, 0] exp [0, 1] match=False term=native_tiebreak_hp_drain tick 6085 (last play 5925) 4.38s
[3/268] 000YLY0JLPRC FAILED ValueError: card has no native evolution form: 26000043
[4/268] 000YLY0JVQ0R FAILED ValueError: card has no native evolution form: 26000043
[5/268] 000YLY0PYYQY acc 32/33 rej {'native_rejected': 1} crowns [0, 3] exp [0, 3] match=True term=native_logic_clock_stopped tick 2929 (last play 2854) 1.52s
[6/268] 000YLY2UCC8C acc 37/37 rej {} crowns [3, 0] exp [3, 0] match=True term=native_logic_clock_stopped tick 3462 (last play 3336) 1.71s
[7/268] 000YLY2ULYLR acc 109/109 rej {} crowns [0, 1] exp [0, 1] match=True term=native_tiebreak_hp_drain tick 6137 (last play 5977) 4.08s
[8/268] 000YLY2UVGRL acc 54/54 rej {} crowns [0, 1] exp [0, 1] match=True term=native_logic_clock_stopped tick 3681 (last play 3561) 2.1s
[9/268] 000YLY2V9Q0V FAILED ValueError: card has no native evolution form: 26000043
[10/268] 000YLY2VQ92P acc 52/52 rej {} crowns [0, 1] exp [1, 0] match=False term=native_tiebreak_hp_drain tick 6134 (last play 3575) 2.56s
[11/268] 000YLY2VY9UR FAILED ValueError: card has no native evolution form: 26000043
[12/268] 002YLLLP2YRR acc 71/71 rej {} crowns [1, 0] exp [1, 0] match=True term=native_logic_clock_stopped tick 4122 (last play 4034) 2.86s
[13/268] 002YLLLP9JUR acc 90/92 rej {'native_rejected': 2} crowns [0, 1] exp [0, 1] match=True term=native_logic_clock_stopped tick 5307 (last play 5612) 3.42s
[14/268] 00GYPPUUGUYR FAILED ValueError: card has no native evolution form: 26000043
[15/268] 00GYPYP0PCLR acc 112/112 rej {} crowns [0, 1] exp [0, 1] match=True term=native_tiebreak_hp_drain tick 6119 (last play 5944) 4.25s
[16/268] 00GYPYPRGQLP FAILED ValueError: card has no native evolution form: 26000043
[17/268] 00GYPYPRQCY8 acc 64/67 rej {'native_rejected': 3} crowns [1, 0] exp [0, 1] match=False term=native_logic_clock_stopped tick 4654 (last play 5921) 2.47s
[18/268] 00GYPYPYUQQY acc 78/81 rej {'native_rejected': 2, 'card_not_in_hand': 1} crowns [2, 1] exp [3, 2] match=False term=native_logic_clock_stopped tick 4803 (last play 5705) 3.39s
[19/268] 00JYPQQ8UCVL acc 98/98 rej {} crowns [0, 1] exp [0, 1] match=True term=native_tiebreak_hp_drain tick 6124 (last play 5955) 3.34s
[20/268] 00JYPQQ9V8UY acc 101/101 rej {} crowns [1, 0] exp [1, 0] match=True term=native_tiebreak_hp_drain tick 6116 (last play 5888) 3.55s
[21/268] 00JYPQYYV0JV acc 91/92 rej {'native_rejected': 1} crowns [0, 1] exp [0, 1] match=True term=native_logic_clock_stopped tick 5235 (last play 5471) 3.54s det=SAME
[22/268] 00LYPLCUGYJ2 acc 129/129 rej {} crowns [0, 1] exp [0, 1] match=True term=native_tiebreak_hp_drain tick 6116 (last play 5971) 4.67s
[23/268] 00LYPLCV08L9 acc 106/106 rej {} crowns [0, 1] exp [0, 1] match=True term=native_tiebreak_hp_drain tick 6138 (last play 5873) 4.66s
[24/268] 00LYPLCV92L0 acc 72/75 rej {'native_rejected': 2, 'card_not_in_hand': 1} crowns [0, 1] exp [0, 1] match=True term=native_logic_clock_stopped tick 5156 (last play 5972) 4.28s
[25/268] 00LYPLCVPJR9 acc 54/56 rej {'card_not_in_hand': 2} crowns [1, 0] exp [0, 1] match=False term=native_logic_clock_stopped tick 3693 (last play 3571) 2.71s
[26/268] 00LYPLCVQRVY acc 125/125 rej {} crowns [0, 1] exp [1, 0] match=False term=native_tiebreak_hp_drain tick 6127 (last play 5942) 5.38s
[27/268] 00LYPLCVRCCV acc 95/95 rej {} crowns [0, 1] exp [0, 1] match=True term=native_logic_clock_stopped tick 4822 (last play 4883) 4.32s
[28/268] 00LYPLJLC80L acc 93/93 rej {} crowns [0, 1] exp [0, 1] match=True term=native_logic_clock_stopped tick 5275 (last play 5153) 3.92s
[29/268] 00LYPLJLQ80J acc 113/113 rej {} crowns [1, 0] exp [0, 1] match=False term=native_tiebreak_hp_drain tick 6149 (last play 5955) 4.96s
[30/268] 00LYPLJLRJ00 acc 53/54 rej {'native_rejected': 1} crowns [1, 0] exp [1, 0] match=True term=native_logic_clock_stopped tick 3681 (last play 5938) 2.77s
[31/268] 00LYPLJLYQCR acc 38/47 rej {'native_rejected': 1, 'card_not_in_hand': 8} crowns [0, 1] exp [0, 1] match=True term=native_logic_clock_stopped tick 3681 (last play 5973) 2.04s det=SAME
[32/268] 00LYPLR0C8GJ acc 137/137 rej {} crowns [1, 0] exp [0, 1] match=False term=native_tiebreak_hp_drain tick 6136 (last play 5956) 4.87s
[33/268] 00LYPLR200VU acc 108/108 rej {} crowns [1, 0] exp [0, 1] match=False term=native_tiebreak_hp_drain tick 6132 (last play 5931) 4.19s
[34/268] 00LYPLR222YQ acc 15/15 rej {} crowns [3, 0] exp [3, 0] match=True term=native_logic_clock_stopped tick 2304 (last play 1953) 0.96s
[35/268] 00LYPLU8C8JP acc 26/26 rej {} crowns [0, 3] exp [0, 3] match=True term=native_logic_clock_stopped tick 2897 (last play 2591) 1.49s
[36/268] 00LYPLU8GP0J FAILED ValueError: card has no native evolution form: 26000043
[37/268] 00LYPLU8VV0C acc 114/114 rej {} crowns [1, 0] exp [0, 1] match=False term=native_tiebreak_hp_drain tick 6130 (last play 5962) 4.5s
[38/268] 00LYPLU8YQVQ acc 79/79 rej {} crowns [1, 0] exp [1, 0] match=True term=native_logic_clock_stopped tick 4993 (last play 4571) 3.25s
[39/268] 00LYPLU98YJ2 FAILED ValueError: card has no native evolution form: 26000043
[40/268] 00LYPQ28JL8Q acc 137/137 rej {} crowns [0, 1] exp [0, 1] match=True term=native_logic_clock_stopped tick 6028 (last play 5944) 5.06s
[41/268] 00LYPQ28PU22 acc 52/54 rej {'native_rejected': 2} crowns [1, 0] exp [1, 0] match=True term=native_logic_clock_stopped tick 3696 (last play 5091) 2.34s det=SAME
[42/268] 00LYPQ2909YG acc 72/72 rej {} crowns [1, 0] exp [1, 0] match=True term=native_logic_clock_stopped tick 4365 (last play 3991) 2.66s
[43/268] 00LYPQ8LGYP2 acc 112/112 rej {} crowns [1, 0] exp [0, 1] match=False term=native_tiebreak_hp_drain tick 6129 (last play 5928) 3.87s
[44/268] 00UYPL92ULUL acc 125/125 rej {} crowns [0, 1] exp [0, 1] match=True term=native_tiebreak_hp_drain tick 6143 (last play 5972) 4.35s
[45/268] 00UYPL98LP9R FAILED ValueError: card has no native evolution form: 26000043
[46/268] 00UYPL99P28R acc 130/133 rej {'native_rejected': 2, 'card_not_in_hand': 1} crowns [1, 0] exp [0, 1] match=False term=native_logic_clock_stopped tick 5879 (last play 5931) 4.64s
[47/268] 00UYPL99PV2P acc 14/19 rej {'card_not_in_hand': 5} crowns [3, 0] exp [3, 0] match=True term=native_logic_clock_stopped tick 2171 (last play 1633) 0.97s
[48/268] 00UYPL99UQCG acc 124/124 rej {} crowns [0, 1] exp [0, 1] match=True term=native_tiebreak_hp_drain tick 6108 (last play 5888) 4.47s
[49/268] 00UYPL9P0VQL acc 79/80 rej {'native_rejected': 1} crowns [0, 1] exp [0, 1] match=True term=native_logic_clock_stopped tick 4688 (last play 5872) 3.03s
[50/268] 00UYPLL0LQCY FAILED ValueError: card has no native evolution form: 26000043
[51/268] 00UYPLL0RLRQ acc 94/94 rej {} crowns [0, 1] exp [0, 1] match=True term=native_tiebreak_hp_drain tick 6108 (last play 5801) 3.49s det=SAME
[52/268] 00UYPLLCLCJQ acc 106/106 rej {} crowns [1, 0] exp [1, 0] match=True term=native_logic_clock_stopped tick 5882 (last play 5735) 4.06s
[53/268] 00UYPLLCUJGL FAILED ValueError: card has no native evolution form: 26000043
[54/268] 00UYPLLGUP02 acc 112/112 rej {} crowns [0, 1] exp [0, 1] match=True term=native_tiebreak_hp_drain tick 6127 (last play 5946) 4.18s
[55/268] 00UYPLLGYCQ2 acc 85/85 rej {} crowns [1, 0] exp [1, 0] match=True term=native_logic_clock_stopped tick 5187 (last play 5101) 3.32s
[56/268] 00UYPLLR2JVJ acc 108/109 rej {'native_rejected': 1} crowns [1, 0] exp [0, 1] match=False term=native_logic_clock_stopped tick 5839 (last play 5961) 4.11s
[57/268] 00UYPLLU0C0L acc 112/112 rej {} crowns [1, 0] exp [1, 0] match=True term=native_tiebreak_hp_drain tick 6131 (last play 5952) 4.35s
[58/268] 00UYPLLU8LYV acc 85/85 rej {} crowns [0, 1] exp [0, 1] match=True term=native_logic_clock_stopped tick 5414 (last play 5318) 3.1s
[59/268] 00UYPLLU9J2C FAILED ValueError: card has no native evolution form: 26000043
[60/268] 00UYPLLURY2U acc 43/46 rej {'native_rejected': 2, 'card_not_in_hand': 1} crowns [0, 1] exp [0, 1] match=True term=native_logic_clock_stopped tick 3681 (last play 5861) 1.98s
[61/268] 00VYPLPJGYLY acc 102/106 rej {'native_rejected': 3, 'card_not_in_hand': 1} crowns [0, 1] exp [0, 1] match=True term=native_logic_clock_stopped tick 5631 (last play 5952) 4.18s det=SAME
[62/268] 00VYPLPJLC88 acc 102/102 rej {} crowns [1, 0] exp [1, 0] match=True term=native_tiebreak_hp_drain tick 6116 (last play 5962) 3.65s
[63/268] 00VYPLPJRYRY acc 64/65 rej {'native_rejected': 1} crowns [0, 1] exp [0, 1] match=True term=native_logic_clock_stopped tick 3768 (last play 3735) 2.61s
[64/268] 020YPYL202RG FAILED ValueError: card has no native evolution form: 26000043
[65/268] 020YPYL2LVU9 acc 88/88 rej {} crowns [0, 1] exp [1, 0] match=False term=native_logic_clock_stopped tick 5548 (last play 5281) 3.47s
[66/268] 020YPYL80RJY acc 90/90 rej {} crowns [1, 0] exp [1, 0] match=True term=native_logic_clock_stopped tick 5827 (last play 5617) 3.47s
[67/268] 020YPYL89Y8Y acc 107/107 rej {} crowns [0, 1] exp [0, 1] match=True term=native_tiebreak_hp_drain tick 6126 (last play 5961) 3.95s
[68/268] 020YPYL8GJLR FAILED ValueError: card has no native evolution form: 26000043
[69/268] 020YPYL90Q82 FAILED ValueError: card has no native evolution form: 26000043
[70/268] 020YPYL9CYUL acc 89/89 rej {} crowns [1, 0] exp [1, 0] match=True term=native_logic_clock_stopped tick 5455 (last play 5257) 3.16s
[71/268] 020YPYL9R08C acc 22/22 rej {} crowns [1, 0] exp [3, 0] match=False term=native_logic_clock_stopped tick 3681 (last play 2068) 1.22s det=SAME
[72/268] 020YPYL9VC0C acc 76/76 rej {} crowns [1, 0] exp [1, 0] match=True term=native_logic_clock_stopped tick 4572 (last play 5352) 2.71s
[73/268] 020YPYLLQUV0 acc 58/58 rej {} crowns [0, 1] exp [0, 1] match=True term=native_logic_clock_stopped tick 4355 (last play 4211) 2.53s
[74/268] 020YPYLP8YR0 acc 104/104 rej {} crowns [0, 1] exp [0, 1] match=True term=native_tiebreak_hp_drain tick 6113 (last play 5821) 3.85s
[75/268] 020YPYLPLJJU FAILED ValueError: card has no native evolution form: 26000043
[76/268] 020YPYLPPCPQ acc 88/88 rej {} crowns [0, 1] exp [0, 1] match=True term=native_logic_clock_stopped tick 4829 (last play 4565) 3.21s
[77/268] 020YPYLY29LP acc 96/99 rej {'native_rejected': 2, 'card_not_in_hand': 1} crowns [0, 1] exp [0, 1] match=True term=native_logic_clock_stopped tick 5575 (last play 5956) 4.0s
[78/268] 020YPYP8J9PV acc 130/130 rej {} crowns [0, 1] exp [0, 1] match=True term=native_tiebreak_hp_drain tick 6090 (last play 5965) 4.94s
[79/268] 020YPYQ0RRY0 acc 43/43 rej {} crowns [3, 0] exp [3, 0] match=True term=native_logic_clock_stopped tick 3607 (last play 3481) 2.04s
[80/268] 020YPYQ22GY2 acc 82/82 rej {} crowns [1, 0] exp [1, 0] match=True term=native_logic_clock_stopped tick 5516 (last play 5392) 3.57s
[81/268] 020YPYQ2V0RJ FAILED ValueError: card has no native evolution form: 26000043
[82/268] 020YPYYJJYP0 FAILED ValueError: card has no native evolution form: 26000043
[83/268] 020YPYYQ8CC0 FAILED ValueError: card has no native evolution form: 26000043
[84/268] 020YPYYQG22L acc 5/5 rej {} crowns [1, 0] exp [3, 0] match=False term=native_logic_clock_stopped tick 3681 (last play 747) 0.84s
[85/268] 020YPYYQJ888 FAILED ValueError: card has no native evolution form: 26000043
[86/268] 020YPYYQQ8V8 acc 61/61 rej {} crowns [1, 0] exp [1, 0] match=True term=native_logic_clock_stopped tick 4594 (last play 4503) 2.8s
[87/268] 020YPYYR8Q0P acc 76/76 rej {} crowns [1, 0] exp [0, 1] match=False term=native_logic_clock_stopped tick 4953 (last play 4522) 2.99s
[88/268] 020YPYYVJR0V acc 55/55 rej {} crowns [3, 0] exp [1, 0] match=False term=native_logic_clock_stopped tick 3625 (last play 3437) 2.47s
[89/268] 022YYL8J08J9 FAILED ValueError: card has no native evolution form: 26000043
[90/268] 022YYL8L9LQY FAILED ValueError: card has no native evolution form: 26000043
[91/268] 022YYL8LCQ88 FAILED ValueError: card has no native evolution form: 26000043
[92/268] 022YYL8Q08L2 FAILED ValueError: card has no native evolution form: 26000043
[93/268] 022YYL8R2GG0 acc 39/42 rej {'native_rejected': 2, 'card_not_in_hand': 1} crowns [3, 1] exp [3, 1] match=True term=native_logic_clock_stopped tick 3392 (last play 3441) 1.86s
[94/268] 022YYL8Y8UP8 FAILED ValueError: card has no native evolution form: 26000043
[95/268] 022YYL8YCYC8 acc 118/118 rej {} crowns [0, 1] exp [0, 1] match=True term=native_tiebreak_hp_drain tick 6135 (last play 5937) 4.22s
[96/268] 022YYLLYQYQJ FAILED ValueError: card has no native evolution form: 26000043
[97/268] 022YYLUUPYYV acc 110/110 rej {} crowns [0, 1] exp [0, 1] match=True term=native_tiebreak_hp_drain tick 6130 (last play 5975) 4.12s
[98/268] 022YYLV8JPQU FAILED ValueError: card has no native evolution form: 26000043
[99/268] 022YYLV98PVR acc 45/52 rej {'card_not_in_hand': 5, 'native_rejected': 2} crowns [3, 0] exp [0, 1] match=False term=native_logic_clock_stopped tick 3586 (last play 5958) 2.33s
[100/268] 022YYLV9QLQJ acc 63/63 rej {} crowns [1, 0] exp [1, 0] match=True term=native_tiebreak_hp_drain tick 6124 (last play 4011) 3.02s
[101/268] 022YYLV9V90G acc 113/113 rej {} crowns [0, 1] exp [0, 1] match=True term=native_tiebreak_hp_drain tick 6126 (last play 5929) 4.3s det=SAME
[102/268] 022YYLV9YVJL acc 118/119 rej {'native_rejected': 1} crowns [1, 0] exp [0, 1] match=False term=native_logic_clock_stopped tick 6010 (last play 5932) 4.3s
[103/268] 022YYQ0RPYY2 acc 104/104 rej {} crowns [1, 0] exp [1, 0] match=True term=native_tiebreak_hp_drain tick 6129 (last play 5831) 3.81s
[104/268] 022YYQ20UGU0 FAILED ValueError: card has no native evolution form: 26000043
[105/268] 022YYQ22298V acc 46/46 rej {} crowns [1, 0] exp [1, 0] match=True term=native_logic_clock_stopped tick 3681 (last play 3571) 1.72s
[106/268] 022YYQ2G0LPV acc 57/59 rej {'native_rejected': 1, 'card_not_in_hand': 1} crowns [0, 1] exp [0, 1] match=True term=native_logic_clock_stopped tick 4332 (last play 5486) 2.34s
[107/268] 022YYQ2QCRGV FAILED ValueError: card has no native evolution form: 26000043
[108/268] 022YYQ2QJRPV acc 43/43 rej {} crowns [0, 1] exp [0, 1] match=True term=native_logic_clock_stopped tick 3681 (last play 3531) 2.08s
[109/268] 022YYQ92909Q acc 104/104 rej {} crowns [1, 0] exp [1, 0] match=True term=native_tiebreak_hp_drain tick 6128 (last play 5935) 3.93s
[110/268] 022YYQL2QLUV acc 61/61 rej {} crowns [0, 1] exp [0, 1] match=True term=native_logic_clock_stopped tick 3681 (last play 3546) 2.36s
[111/268] 022YYQL828PQ acc 66/69 rej {'native_rejected': 3} crowns [0, 1] exp [0, 1] match=True term=native_logic_clock_stopped tick 4307 (last play 4697) 3.03s det=SAME
[112/268] 022YYQYV2C2J acc 70/70 rej {} crowns [1, 0] exp [1, 0] match=True term=native_logic_clock_stopped tick 4697 (last play 4074) 3.08s
[113/268] 022YYQYV9Y2R acc 125/125 rej {} crowns [1, 0] exp [1, 0] match=True term=native_logic_clock_stopped tick 5975 (last play 5843) 4.62s
[114/268] 022YYYUC8VUJ acc 123/123 rej {} crowns [0, 1] exp [0, 1] match=True term=native_tiebreak_hp_drain tick 6121 (last play 5944) 4.69s
[115/268] 022YYYUCQR2V acc 83/83 rej {} crowns [1, 0] exp [1, 0] match=True term=native_logic_clock_stopped tick 4878 (last play 4751) 3.38s
[116/268] 022YYYUCR9VJ acc 74/74 rej {} crowns [1, 0] exp [0, 1] match=False term=native_logic_clock_stopped tick 5553 (last play 5006) 3.17s
[117/268] 022YYYUCVPR9 acc 130/130 rej {} crowns [0, 1] exp [0, 1] match=True term=native_tiebreak_hp_drain tick 6112 (last play 5936) 4.58s
[118/268] 022YYYUCYV2U FAILED ValueError: card has no native evolution form: 26000043
[119/268] 022YYYUU9LPG acc 56/60 rej {'native_rejected': 4} crowns [0, 1] exp [0, 1] match=True term=native_logic_clock_stopped tick 3799 (last play 5961) 2.42s
[120/268] 022YYYUUQGGJ acc 64/64 rej {} crowns [1, 0] exp [1, 0] match=True term=native_logic_clock_stopped tick 4796 (last play 5606) 2.69s
[121/268] 022YYYUVGPUU acc 98/98 rej {} crowns [0, 1] exp [0, 1] match=True term=native_logic_clock_stopped tick 5224 (last play 5139) 3.59s det=SAME
[122/268] 022YYYVURLCJ acc 107/107 rej {} crowns [0, 1] exp [0, 1] match=True term=native_tiebreak_hp_drain tick 6108 (last play 5956) 4.32s
[123/268] 02GY9GJCR9P0 acc 107/107 rej {} crowns [1, 0] exp [0, 1] match=False term=native_tiebreak_hp_drain tick 6144 (last play 5921) 4.05s
[124/268] 02GY9GJGYJUV acc 84/84 rej {} crowns [1, 0] exp [1, 0] match=True term=native_logic_clock_stopped tick 5390 (last play 5198) 3.45s
[125/268] 02GY9GJJ8L0R FAILED ValueError: card has no native evolution form: 26000043
[126/268] 02GY9GJJLR9Q acc 52/54 rej {'native_rejected': 2} crowns [0, 1] exp [0, 1] match=True term=native_logic_clock_stopped tick 3759 (last play 3844) 2.22s
[127/268] 02GY9GJQU0UR acc 119/121 rej {'native_rejected': 2} crowns [0, 1] exp [1, 0] match=False term=native_logic_clock_stopped tick 5691 (last play 5943) 4.58s
[128/268] 02GY9GJRPQ89 acc 107/107 rej {} crowns [0, 1] exp [0, 1] match=True term=native_tiebreak_hp_drain tick 6123 (last play 5922) 4.08s
[129/268] 02GY9GJRQG2Q acc 8/8 rej {} crowns [0, 3] exp [0, 3] match=True term=native_logic_clock_stopped tick 1148 (last play 688) 0.51s
[130/268] 02GY9GJU90YQ FAILED ValueError: card has no native evolution form: 26000043
[131/268] 02GY9GJURY8G acc 69/69 rej {} crowns [1, 0] exp [1, 0] match=True term=native_logic_clock_stopped tick 4684 (last play 4535) 2.63s det=SAME
[132/268] 02GY9GJV00GV acc 100/100 rej {} crowns [1, 0] exp [1, 0] match=True term=native_logic_clock_stopped tick 5059 (last play 4973) 3.87s
[133/268] 02GY9GJV8CVG acc 119/119 rej {} crowns [0, 1] exp [0, 1] match=True term=native_logic_clock_stopped tick 5502 (last play 5395) 3.64s
[134/268] 02GY9GJVQGCQ acc 138/138 rej {} crowns [1, 0] exp [0, 1] match=False term=native_tiebreak_hp_drain tick 6118 (last play 5963) 4.23s
[135/268] 02GY9GJVUP00 acc 51/52 rej {'native_rejected': 1} crowns [0, 1] exp [0, 1] match=True term=native_logic_clock_stopped tick 3681 (last play 5954) 2.04s
[136/268] 02GY9GR902G8 acc 71/71 rej {} crowns [1, 0] exp [1, 0] match=True term=native_logic_clock_stopped tick 4536 (last play 4415) 2.81s
[137/268] 02GY9GR99CC0 FAILED ValueError: card has no native evolution form: 26000043
[138/268] 02JY9G00V9CJ acc 48/54 rej {'native_rejected': 3, 'card_not_in_hand': 3} crowns [1, 0] exp [1, 0] match=True term=native_logic_clock_stopped tick 3985 (last play 5879) 2.18s
[139/268] 02JY9G020C2U acc 35/35 rej {} crowns [0, 3] exp [0, 3] match=True term=native_logic_clock_stopped tick 3413 (last play 3184) 1.48s
[140/268] 02JY9G02LR0U acc 112/112 rej {} crowns [0, 1] exp [0, 1] match=True term=native_tiebreak_hp_drain tick 6125 (last play 5961) 4.13s
[141/268] 02JY9G02UJL2 acc 49/55 rej {'native_rejected': 3, 'card_not_in_hand': 3} crowns [1, 0] exp [1, 0] match=True term=native_logic_clock_stopped tick 3681 (last play 5973) 2.96s det=SAME
[142/268] 02JY9G082QC2 acc 105/105 rej {} crowns [0, 1] exp [0, 1] match=True term=native_tiebreak_hp_drain tick 6121 (last play 5937) 4.59s
[143/268] 02JY9G088VPU FAILED ValueError: card has no native evolution form: 26000043
[144/268] 02JY9G08C0JV acc 102/105 rej {'card_not_in_hand': 3} crowns [1, 0] exp [0, 1] match=False term=native_tiebreak_hp_drain tick 6153 (last play 5959) 4.74s
[145/268] 02JY9G08YCQG acc 53/59 rej {'card_not_in_hand': 4, 'native_rejected': 2} crowns [0, 1] exp [0, 1] match=True term=native_logic_clock_stopped tick 3681 (last play 5952) 2.96s
[146/268] 02JY9G090029 acc 109/109 rej {} crowns [0, 1] exp [0, 1] match=True term=native_tiebreak_hp_drain tick 6117 (last play 5935) 5.47s
[147/268] 02JY9G0PR8GL FAILED ValueError: card has no native evolution form: 26000043
[148/268] 02JY9G8LC2RY FAILED ValueError: card has no native evolution form: 26000043
[149/268] 02JY9G8LJPJV acc 110/110 rej {} crowns [0, 1] exp [0, 1] match=True term=native_tiebreak_hp_drain tick 6133 (last play 5973) 5.12s
[150/268] 02JY9G99CGPC acc 55/55 rej {} crowns [2, 1] exp [1, 2] match=False term=native_logic_clock_stopped tick 3833 (last play 4134) 3.05s
[151/268] 02JY9G99LY0L acc 106/106 rej {} crowns [1, 0] exp [1, 0] match=True term=native_tiebreak_hp_drain tick 6137 (last play 5941) 4.31s det=SAME
[152/268] 02JY9G99RPRU acc 114/114 rej {} crowns [0, 1] exp [0, 1] match=True term=native_tiebreak_hp_drain tick 6111 (last play 5969) 4.26s
[153/268] 02JY9G9PP92L acc 123/123 rej {} crowns [1, 0] exp [1, 0] match=True term=native_tiebreak_hp_drain tick 6101 (last play 5933) 4.57s
[154/268] 02JY9GL00Q0C acc 110/110 rej {} crowns [1, 0] exp [1, 0] match=True term=native_logic_clock_stopped tick 6070 (last play 5893) 4.17s
[155/268] 02JY9GL09YJJ acc 112/112 rej {} crowns [0, 1] exp [0, 1] match=True term=native_tiebreak_hp_drain tick 6134 (last play 5974) 4.06s
[156/268] 02JY9GL22CYR acc 110/110 rej {} crowns [0, 1] exp [0, 1] match=True term=native_tiebreak_hp_drain tick 6140 (last play 5954) 3.94s
[157/268] 02JY9GL8U8PC FAILED ValueError: card has no native evolution form: 26000043
[158/268] 02JY9GL9VP9C acc 47/47 rej {} crowns [1, 0] exp [1, 0] match=True term=native_logic_clock_stopped tick 3681 (last play 3396) 2.15s
[159/268] 02JY9GL9Y90C acc 109/109 rej {} crowns [1, 0] exp [1, 0] match=True term=native_tiebreak_hp_drain tick 6109 (last play 5751) 4.03s
[160/268] 02JY9GLR2L0P FAILED ValueError: card has no native evolution form: 26000043
[161/268] 02JY9GPPVPPG acc 17/17 rej {} crowns [3, 0] exp [3, 0] match=True term=native_logic_clock_stopped tick 1720 (last play 1482) 0.87s det=SAME
[162/268] 02JY9GQY2VCU acc 112/112 rej {} crowns [1, 0] exp [1, 0] match=True term=native_tiebreak_hp_drain tick 6144 (last play 5921) 4.06s
[163/268] 02JY9GQYCPCQ acc 85/86 rej {'native_rejected': 1} crowns [1, 0] exp [1, 0] match=True term=native_logic_clock_stopped tick 5495 (last play 5441) 3.52s
[164/268] 02JY9GQYLVLV acc 129/129 rej {} crowns [0, 1] exp [0, 1] match=True term=native_tiebreak_hp_drain tick 6122 (last play 5956) 4.07s
[165/268] 02JY9GQYURPC FAILED ValueError: card has no native evolution form: 26000043
[166/268] 02JY9GYGR9GG FAILED ValueError: card has no native evolution form: 26000043
[167/268] 02JY9GYLJC9Y acc 124/124 rej {} crowns [1, 0] exp [0, 1] match=False term=native_tiebreak_hp_drain tick 6108 (last play 5931) 4.42s
[168/268] 02JY9GYQ0Q9G acc 87/87 rej {} crowns [0, 1] exp [0, 1] match=True term=native_logic_clock_stopped tick 5047 (last play 4771) 3.77s
[169/268] 02JY9GYQ89QY acc 10/10 rej {} crowns [1, 0] exp [3, 0] match=False term=native_logic_clock_stopped tick 3681 (last play 1037) 0.93s
[170/268] 02LY9LJV20Q9 acc 85/86 rej {'native_rejected': 1} crowns [1, 0] exp [1, 0] match=True term=native_logic_clock_stopped tick 5560 (last play 5637) 3.35s
[171/268] 02LY9LJV8Q0C acc 103/103 rej {} crowns [0, 1] exp [0, 1] match=True term=native_logic_clock_stopped tick 5465 (last play 5321) 3.67s det=SAME
[172/268] 02QY9Q8VCCYQ acc 100/100 rej {} crowns [0, 1] exp [0, 1] match=True term=native_tiebreak_hp_drain tick 6138 (last play 5922) 3.59s
[173/268] 02QY9Q8VGVGQ acc 129/129 rej {} crowns [1, 0] exp [1, 0] match=True term=native_tiebreak_hp_drain tick 6106 (last play 5923) 4.54s
[174/268] 02QY9Q900RQL acc 116/116 rej {} crowns [1, 0] exp [1, 0] match=True term=native_tiebreak_hp_drain tick 6112 (last play 5968) 4.27s
[175/268] 02QY9Q902V8Y FAILED ValueError: card has no native evolution form: 26000043
[176/268] 02QY9Q90CQRR FAILED ValueError: card has no native evolution form: 26000043
[177/268] 02QY9Q90JPCL acc 107/107 rej {} crowns [1, 0] exp [0, 1] match=False term=native_tiebreak_hp_drain tick 6131 (last play 5956) 3.86s
[178/268] 02QY9Q90QQ9V acc 112/112 rej {} crowns [0, 1] exp [1, 0] match=False term=native_tiebreak_hp_drain tick 6123 (last play 5958) 4.2s
[179/268] 02QY9Q90VQ02 acc 52/52 rej {} crowns [0, 1] exp [1, 0] match=False term=native_logic_clock_stopped tick 4392 (last play 3981) 2.27s
[180/268] 02QY9Q928Y8C acc 76/78 rej {'native_rejected': 2} crowns [0, 1] exp [0, 1] match=True term=native_logic_clock_stopped tick 4964 (last play 5922) 3.01s
[181/268] 02QY9Q92CGV0 acc 20/20 rej {} crowns [3, 0] exp [3, 0] match=True term=native_logic_clock_stopped tick 2087 (last play 1858) 1.11s det=SAME
[182/268] 02QY9Q92QPGC acc 60/60 rej {} crowns [0, 1] exp [0, 1] match=True term=native_logic_clock_stopped tick 4364 (last play 4234) 2.36s
[183/268] 02QY9Q980YV0 acc 94/94 rej {} crowns [0, 1] exp [0, 1] match=True term=native_tiebreak_hp_drain tick 6143 (last play 5965) 3.77s
[184/268] 02QY9Q98C0J8 acc 111/111 rej {} crowns [0, 1] exp [0, 1] match=True term=native_tiebreak_hp_drain tick 6121 (last play 5954) 4.24s
[185/268] 02QY9Q9L9CLL acc 123/123 rej {} crowns [1, 0] exp [1, 0] match=True term=native_tiebreak_hp_drain tick 6117 (last play 5931) 4.32s
[186/268] 02QY9Q9LCCQQ acc 71/71 rej {} crowns [1, 0] exp [1, 0] match=True term=native_logic_clock_stopped tick 4963 (last play 4858) 2.89s
[187/268] 02QY9Q9P0CRP acc 56/56 rej {} crowns [1, 0] exp [1, 0] match=True term=native_tiebreak_hp_drain tick 6107 (last play 3631) 2.51s
[188/268] 02QY9Q9P8LRL FAILED ValueError: card has no native evolution form: 26000043
[189/268] 02QY9Q9PCGCP acc 41/48 rej {'card_not_in_hand': 6, 'native_rejected': 1} crowns [1, 0] exp [1, 2] match=False term=native_logic_clock_stopped tick 3744 (last play 5938) 2.06s
[190/268] 02QY9Q9PY29C acc 80/83 rej {'native_rejected': 3} crowns [0, 1] exp [0, 1] match=True term=native_logic_clock_stopped tick 5337 (last play 5944) 3.07s
[191/268] 02QY9Q9Y8RPP FAILED ValueError: card has no native evolution form: 26000043
[192/268] 02QY9Q9YY089 acc 92/92 rej {} crowns [0, 1] exp [0, 1] match=True term=native_logic_clock_stopped tick 5692 (last play 5594) 3.54s
[193/268] 082Y8Q0CRU92 acc 118/118 rej {} crowns [0, 1] exp [0, 1] match=True term=native_tiebreak_hp_drain tick 6127 (last play 5961) 3.9s
[194/268] 088Y88LLCJRY acc 142/142 rej {} crowns [0, 1] exp [0, 1] match=True term=native_tiebreak_hp_drain tick 6135 (last play 5939) 4.63s
[195/268] 088Y88LQYJ00 acc 20/20 rej {} crowns [3, 0] exp [3, 0] match=True term=native_logic_clock_stopped tick 2917 (last play 2717) 1.01s
[196/268] 08CPVR8P2JPV acc 136/139 rej {'native_rejected': 2, 'card_not_in_hand': 1} crowns [0, 1] exp [1, 0] match=False term=native_logic_clock_stopped tick 5981 (last play 5951) 4.6s
[197/268] 08CPVRQ9JCLR acc 52/52 rej {} crowns [1, 2] exp [1, 2] match=True term=native_tiebreak_hp_drain tick 6087 (last play 3528) 2.53s
[198/268] 08CPVRQ9RQUY acc 27/27 rej {} crowns [0, 3] exp [0, 3] match=True term=native_logic_clock_stopped tick 3008 (last play 2843) 1.44s
[199/268] 08CPVRQPJLPG acc 120/120 rej {} crowns [0, 1] exp [0, 1] match=True term=native_tiebreak_hp_drain tick 6119 (last play 5936) 4.61s
[200/268] 08CPVRRCJY0J acc 18/18 rej {} crowns [0, 3] exp [0, 3] match=True term=native_logic_clock_stopped tick 2450 (last play 2241) 0.99s
[201/268] 08CPVRRCV922 acc 68/68 rej {} crowns [0, 1] exp [0, 1] match=True term=native_logic_clock_stopped tick 5047 (last play 4838) 2.64s det=SAME
[202/268] 08CPVRRJ9C2L acc 131/131 rej {} crowns [0, 1] exp [0, 1] match=True term=native_tiebreak_hp_drain tick 6132 (last play 5952) 4.59s
[203/268] 08CPVRRR8PYC acc 54/54 rej {} crowns [0, 1] exp [0, 1] match=True term=native_logic_clock_stopped tick 3887 (last play 3763) 2.18s
[204/268] 08CPVRRRC0P8 acc 46/46 rej {} crowns [0, 1] exp [0, 1] match=True term=native_logic_clock_stopped tick 3681 (last play 3566) 1.99s
[205/268] 08CPVRRRJ2UR FAILED ValueError: card has no native evolution form: 26000043
[206/268] 08CPVRRU8VCQ acc 66/66 rej {} crowns [0, 1] exp [0, 1] match=True term=native_tiebreak_hp_drain tick 6092 (last play 4163) 2.89s
[207/268] 08CPVRRUR90G acc 45/45 rej {} crowns [0, 1] exp [1, 0] match=False term=native_tiebreak_hp_drain tick 6106 (last play 3513) 2.31s
[208/268] 08CPVRRUYG00 acc 87/87 rej {} crowns [1, 0] exp [1, 0] match=True term=native_logic_clock_stopped tick 5096 (last play 4977) 3.61s
[209/268] 08LY80VC29RV acc 68/68 rej {} crowns [0, 1] exp [0, 1] match=True term=native_logic_clock_stopped tick 4221 (last play 4337) 2.75s
[210/268] 08LY80VJUCLG FAILED ValueError: card has no native evolution form: 26000043
[211/268] 08PY88PC88QV acc 135/135 rej {} crowns [1, 0] exp [0, 1] match=False term=native_tiebreak_hp_drain tick 6144 (last play 5928) 4.61s det=SAME
[212/268] 08PY88PCQ9C2 acc 70/70 rej {} crowns [1, 0] exp [1, 0] match=True term=native_logic_clock_stopped tick 5282 (last play 5093) 3.03s
[213/268] 08PY88PCV0JQ acc 92/95 rej {'native_rejected': 2, 'card_not_in_hand': 1} crowns [1, 0] exp [0, 1] match=False term=native_logic_clock_stopped tick 5781 (last play 5952) 3.7s
[214/268] 08PY88PJYJUR acc 114/114 rej {} crowns [0, 1] exp [0, 1] match=True term=native_tiebreak_hp_drain tick 6134 (last play 5973) 4.14s
[215/268] 08PY88PQV2YV acc 59/60 rej {'native_rejected': 1} crowns [1, 0] exp [0, 1] match=False term=native_logic_clock_stopped tick 4282 (last play 5921) 2.54s
[216/268] 08PY88PR0LJY acc 105/109 rej {'native_rejected': 4} crowns [1, 0] exp [1, 0] match=True term=native_logic_clock_stopped tick 5805 (last play 5764) 4.07s
[217/268] 08PY88PRLJCQ acc 105/105 rej {} crowns [0, 1] exp [0, 1] match=True term=native_tiebreak_hp_drain tick 6118 (last play 5901) 4.13s
[218/268] 08PY88PRRPY2 acc 89/103 rej {'card_not_in_hand': 13, 'native_rejected': 1} crowns [0, 1] exp [1, 0] match=False term=native_tiebreak_hp_drain tick 6105 (last play 5863) 3.8s
[219/268] 08PY88PUQVCU acc 104/104 rej {} crowns [1, 0] exp [1, 0] match=True term=native_tiebreak_hp_drain tick 6130 (last play 5973) 3.92s
[220/268] 08PY88PUY9YP acc 41/41 rej {} crowns [3, 0] exp [3, 0] match=True term=native_logic_clock_stopped tick 3424 (last play 3214) 1.57s
[221/268] 08QPVCPC2VCU acc 118/118 rej {} crowns [0, 1] exp [0, 1] match=True term=native_tiebreak_hp_drain tick 6087 (last play 5837) 3.96s det=SAME
[222/268] 08QPVCPC9QQU acc 61/61 rej {} crowns [0, 1] exp [0, 1] match=True term=native_logic_clock_stopped tick 3681 (last play 3538) 2.34s
[223/268] 08QPVCPCG8L9 acc 66/66 rej {} crowns [0, 1] exp [0, 1] match=True term=native_logic_clock_stopped tick 4875 (last play 4767) 2.72s
[224/268] 08QPVCPCVGVJ acc 46/49 rej {'native_rejected': 2, 'card_not_in_hand': 1} crowns [1, 0] exp [0, 1] match=False term=native_logic_clock_stopped tick 3681 (last play 3756) 1.85s
[225/268] 08QPVCPCYU2U acc 99/99 rej {} crowns [0, 1] exp [0, 1] match=True term=native_logic_clock_stopped tick 5918 (last play 5759) 4.07s
[226/268] 08QPVCPL0VU2 FAILED ValueError: card has no native evolution form: 26000043
[227/268] 08QPVCPL9Q98 FAILED ValueError: card has no native evolution form: 26000043
[228/268] 08QPVCPU28C0 acc 54/54 rej {} crowns [0, 1] exp [1, 0] match=False term=native_logic_clock_stopped tick 3877 (last play 3761) 2.05s
[229/268] 08QPVCPU8GC9 FAILED ValueError: card has no native evolution form: 26000043
[230/268] 08QPVCPULY0V acc 129/129 rej {} crowns [1, 0] exp [1, 0] match=True term=native_logic_clock_stopped tick 5959 (last play 5848) 4.55s
[231/268] 08YY892LJCG9 acc 42/42 rej {} crowns [0, 1] exp [0, 1] match=True term=native_logic_clock_stopped tick 3681 (last play 3523) 1.79s det=SAME
[232/268] 08YY892P8Q98 acc 117/117 rej {} crowns [0, 1] exp [1, 0] match=False term=native_tiebreak_hp_drain tick 6139 (last play 5961) 4.4s
[233/268] 08YY892V08QC FAILED ValueError: card has no native evolution form: 26000043
[234/268] 08YY892V8QUU acc 63/67 rej {'native_rejected': 4} crowns [0, 1] exp [0, 1] match=True term=native_logic_clock_stopped tick 4599 (last play 4873) 2.55s
[235/268] 08YY89822YRQ acc 108/108 rej {} crowns [1, 0] exp [0, 1] match=False term=native_tiebreak_hp_drain tick 6128 (last play 5979) 4.14s
[236/268] 08YY8982CR02 FAILED ValueError: card has no native evolution form: 26000043
[237/268] 08YY8982YCCJ FAILED ValueError: card has no native evolution form: 26000043
[238/268] 08YY89889JCJ FAILED ValueError: card has no native evolution form: 26000043
[239/268] 08YY8988C0QC acc 29/29 rej {} crowns [3, 0] exp [3, 0] match=True term=native_logic_clock_stopped tick 3120 (last play 2945) 1.41s
[240/268] 08YY8988V9JL acc 102/102 rej {} crowns [1, 0] exp [1, 0] match=True term=native_logic_clock_stopped tick 5461 (last play 5331) 3.68s
[241/268] 08YY8989LRLG FAILED ValueError: card has no native evolution form: 26000043
[242/268] 08YY8989P8J2 acc 101/101 rej {} crowns [0, 1] exp [0, 1] match=True term=native_tiebreak_hp_drain tick 6143 (last play 5938) 3.86s
[243/268] 08YY898L28JL acc 110/110 rej {} crowns [1, 0] exp [1, 0] match=True term=native_tiebreak_hp_drain tick 6139 (last play 5945) 4.08s
[244/268] 08YY898L9JLC acc 41/41 rej {} crowns [2, 0] exp [2, 0] match=True term=native_logic_clock_stopped tick 3681 (last play 3471) 2.01s
[245/268] 08YY898LQL9V acc 113/114 rej {'native_rejected': 1} crowns [1, 0] exp [1, 0] match=True term=native_logic_clock_stopped tick 5791 (last play 5761) 4.62s
[246/268] 08YY898LU88C acc 106/106 rej {} crowns [1, 0] exp [1, 0] match=True term=native_logic_clock_stopped tick 5687 (last play 5494) 3.73s
[247/268] 08YY898LY8G8 acc 62/62 rej {} crowns [0, 1] exp [0, 1] match=True term=native_logic_clock_stopped tick 4298 (last play 4075) 2.61s
[248/268] 08YY898PPLJ9 acc 141/141 rej {} crowns [0, 1] exp [0, 1] match=True term=native_tiebreak_hp_drain tick 6130 (last play 5955) 5.13s
[249/268] 08YY898Q09RY acc 99/99 rej {} crowns [0, 1] exp [0, 1] match=True term=native_tiebreak_hp_drain tick 6112 (last play 5944) 3.5s
[250/268] 08YY898QYRPP acc 51/53 rej {'native_rejected': 2} crowns [0, 1] exp [1, 0] match=False term=native_logic_clock_stopped tick 3681 (last play 4006) 2.13s
[251/268] 08YY898YJ8LY acc 55/55 rej {} crowns [0, 1] exp [0, 1] match=True term=native_logic_clock_stopped tick 3681 (last play 5973) 2.18s det=SAME
[252/268] 092PPVPCRCPC acc 122/122 rej {} crowns [1, 0] exp [0, 1] match=False term=native_tiebreak_hp_drain tick 6095 (last play 5948) 6.27s
[253/268] 092PPVPCU9LL acc 63/64 rej {'native_rejected': 1} crowns [1, 0] exp [0, 1] match=False term=native_logic_clock_stopped tick 3955 (last play 5194) 3.63s
[254/268] 092PPVPU00LV acc 60/60 rej {} crowns [0, 1] exp [0, 1] match=True term=native_logic_clock_stopped tick 3781 (last play 3501) 3.46s
[255/268] 092PPVPUY8PG acc 87/87 rej {} crowns [0, 1] exp [0, 1] match=True term=native_logic_clock_stopped tick 5264 (last play 5157) 4.17s
[256/268] 092PPVPV0RJR FAILED ValueError: card has no native evolution form: 26000043
[257/268] 092PPVPV8PRJ acc 63/63 rej {} crowns [1, 0] exp [1, 0] match=True term=native_logic_clock_stopped tick 3946 (last play 3703) 3.18s
[258/268] 092PPVPVRCYP acc 137/137 rej {} crowns [0, 1] exp [0, 1] match=True term=native_logic_clock_stopped tick 5928 (last play 5824) 5.99s
[259/268] 092PPVPVULCU acc 122/122 rej {} crowns [0, 1] exp [0, 1] match=True term=native_tiebreak_hp_drain tick 6130 (last play 5967) 5.14s
[260/268] 092PPVY08LUC FAILED ValueError: card has no native evolution form: 26000043
[261/268] 092PPVY0J0J8 acc 112/112 rej {} crowns [1, 0] exp [0, 1] match=False term=native_tiebreak_hp_drain tick 6107 (last play 5961) 5.38s det=SAME
[262/268] 092PPVY0Q0CR acc 113/113 rej {} crowns [0, 1] exp [0, 1] match=True term=native_tiebreak_hp_drain tick 6106 (last play 5961) 4.41s
[263/268] 092PPVY29Q2V acc 95/95 rej {} crowns [0, 1] exp [0, 1] match=True term=native_logic_clock_stopped tick 5799 (last play 5636) 3.61s
[264/268] 092PPVY2CGG8 acc 65/65 rej {} crowns [1, 0] exp [1, 0] match=True term=native_logic_clock_stopped tick 3698 (last play 3581) 2.57s
[265/268] 092PPVY2RCUL acc 48/48 rej {} crowns [1, 0] exp [0, 1] match=False term=native_logic_clock_stopped tick 4137 (last play 3588) 2.1s
[266/268] 092PPVY8298U acc 77/77 rej {} crowns [0, 1] exp [0, 1] match=True term=native_logic_clock_stopped tick 5357 (last play 5231) 3.24s
[267/268] 092PPVY899LL acc 81/81 rej {} crowns [0, 1] exp [0, 1] match=True term=native_logic_clock_stopped tick 4833 (last play 4761) 3.06s
[268/268] 092PPVY8PV90 acc 49/49 rej {} crowns [1, 0] exp [1, 0] match=True term=native_logic_clock_stopped tick 3781 (last play 3427) 2.23s
{
 "tags": 268,
 "converted": 211,
 "failed": 57,
 "failed_by_error": {
  "ValueError": 57
 },
 "plays_driven": 17901,
 "accepted": 17757,
 "accept_rate": 0.992,
 "rejected_by_reason": {
  "native_rejected": 81,
  "card_not_in_hand": 63
 },
 "invalid_placement": 0,
 "matches_with_rejections": 46,
 "elixir_delays_plays": 0,
 "elixir_delays_max_ticks": 0,
 "ability_plays_skipped": 428,
 "position_based_all": false,
 "terminated": 211,
 "termination_reasons": {
  "native_tiebreak_hp_drain": 81,
  "native_logic_clock_stopped": 130
 },
 "crowns_match": 164,
 "crowns_match_rate": 0.7773,
 "outcomes": {
  "side0_win": 100,
  "side1_win": 111
 },
 "clean": 135,
 "terminal_vs_last_play": {
  "median": 160,
  "negative": 41
 },
 "determinism": {
  "checked": 21,
  "same": 21
 },
 "seconds_total": 716.4,
 "seconds_per_match_median": 3.54,
 "batch_wall_seconds": 782.0
}
exit=0
=== end 2026-09-02 01:00:23
