### icebow/20260804_173304  (region [739, 38, 669, 1182])
- events 176, plays 30 (no click event 0), card identified 25, detector frames 479, detections 1936
- cards: {'x_bow': 4, 'the_log': 3, 'skeletons': 5, 'tornado': 4, 'rocket': 4, 'ice_wizard': 4, 'tesla': 1}
- unclamped strict    : n=23 found=18 R=0.78 | |x| +0.30/+0.85 |y| +0.82/+1.21 | sy -0.36/+0.61 (above 0.72) sx +0.05/+0.43 | winmed sy -0.62/+0.67 | dt +0.33/+1.07 | team m/e/u 6/0/12 | conf +0.84/+0.95 | miss: nearest +10.02/+12.09 none=3
- unclamped strict_any: n=23 found=19 R=0.83 | |x| +0.30/+0.84 |y| +0.88/+1.18 | sy -0.42/+0.62 (above 0.74) sx +0.11/+0.41 | winmed sy -0.83/+0.54 | dt +0.31/+0.65 | team m/e/u 5/7/7 | conf +0.86/+0.96 | miss: nearest +3.90/+3.90 none=3
- unclamped deck      : n=23 found=21 R=0.91 | |x| +0.37/+2.12 |y| +0.63/+1.78 | sy -0.17/+0.64 (above 0.62) sx -0.05/+0.37 | winmed sy -0.41/+0.61 | dt +0.29/+0.48 | team m/e/u 10/0/11 | conf +0.82/+0.93 | miss: nearest +8.10/+11.71 none=0
- unclamped anynew    : n=23 found=23 R=1.00 | |x| +0.34/+1.58 |y| +0.88/+1.86 | sy -0.42/+0.63 (above 0.74) sx +0.00/+0.53 | winmed sy -0.44/+0.65 | dt +0.29/+0.37 | team m/e/u 5/10/8 | conf +0.86/+0.95 | miss: nearest -- none=0
- clamped   strict    : n=2 found=0 R=0.00 | |x| -- |y| -- | sy -- (above None) sx -- | winmed sy -- | dt -- | team m/e/u 0/0/0 | conf -- | miss: nearest +17.63/+23.23 none=0
- clamped   strict_any: n=2 found=0 R=0.00 | |x| -- |y| -- | sy -- (above None) sx -- | winmed sy -- | dt -- | team m/e/u 0/0/0 | conf -- | miss: nearest +17.63/+23.23 none=0
- clamped   deck      : n=2 found=0 R=0.00 | |x| -- |y| -- | sy -- (above None) sx -- | winmed sy -- | dt -- | team m/e/u 0/0/0 | conf -- | miss: nearest +17.63/+23.23 none=0
- clamped   anynew    : n=2 found=0 R=0.00 | |x| -- |y| -- | sy -- (above None) sx -- | winmed sy -- | dt -- | team m/e/u 0/0/0 | conf -- | miss: nearest +12.33/+13.90 none=0
- troop     strict    : n=8 found=6 R=0.75 | |x| +0.29/+1.09 |y| +0.89/+1.03 | sy -0.89/-0.24 (above 1.0) sx +0.22/+0.61 | winmed sy -0.91/-0.22 | dt +0.37/+0.45 | team m/e/u 0/0/6 | conf +0.84/+0.87 | miss: nearest +7.44/+7.44 none=1
- troop     anynew    : n=8 found=8 R=1.00 | |x| +0.46/+1.84 |y| +0.96/+1.93 | sy -0.96/+0.07 (above 0.88) sx -0.38/+0.26 | winmed sy -0.92/+0.20 | dt +0.29/+0.34 | team m/e/u 1/3/4 | conf +0.83/+0.86 | miss: nearest -- none=0
- building  strict    : n=5 found=5 R=1.00 | |x| +0.28/+0.72 |y| +0.09/+1.33 | sy -0.06/+0.06 (above 0.6) sx -0.05/+0.39 | winmed sy -1.21/-0.23 | dt +0.29/+0.33 | team m/e/u 3/0/2 | conf +0.81/+0.90 | miss: nearest -- none=0
- building  anynew    : n=5 found=5 R=1.00 | |x| +0.28/+0.72 |y| +0.09/+1.33 | sy -0.06/+0.06 (above 0.6) sx -0.05/+0.39 | winmed sy -1.21/-0.23 | dt +0.29/+0.33 | team m/e/u 3/0/2 | conf +0.81/+0.90 | miss: nearest -- none=0
- spell     strict    : n=10 found=7 R=0.70 | |x| +0.31/+0.38 |y| +0.81/+1.30 | sy -0.03/+0.88 (above 0.57) sx +0.00/+0.35 | winmed sy -0.03/+0.90 | dt +0.51/+1.28 | team m/e/u 3/0/4 | conf +0.93/+0.98 | miss: nearest +12.61/+12.61 none=2
- spell     anynew    : n=10 found=10 R=1.00 | |x| +0.35/+1.62 |y| +0.85/+1.90 | sy -0.42/+0.78 (above 0.7) sx +0.31/+0.68 | winmed sy -0.18/+0.71 | dt +0.30/+1.21 | team m/e/u 1/7/2 | conf +0.91/+0.98 | miss: nearest -- none=0
- detector: n=1936 conf p10/p50/p90 0.552/0.862/0.922 (min 0.351, frac<0.5 0.071); team m/e/u 0.298/0.477/0.226; troop: n=1212 unk=0.148 conf p10/50/90 0.5046806275844574/0.8474076390266418/0.9256859481334686; building: n=583 unk=0.372 conf p10/50/90 0.7639773607254028/0.8773587942123413/0.9079368829727172; spell: n=141 unk=0.291 conf p10/50/90 0.5043867826461792/0.8188000321388245/0.9798279404640198
### icebow/20260804_192006  (region [734, 20, 657, 1196])
- events 118, plays 16 (no click event 0), card identified 16, detector frames 256, detections 1265
- cards: {'knight': 3, 'x_bow': 2, 'the_log': 1, 'rocket': 2, 'tornado': 1, 'skeletons': 2, 'tesla': 2, 'ice_wizard': 2, 'knight_evo': 1}
- unclamped strict    : n=14 found=13 R=0.93 | |x| +0.30/+0.63 |y| +0.62/+1.79 | sy +0.30/+1.79 (above 0.46) sx +0.19/+0.63 | winmed sy +0.42/+1.35 | dt +0.32/+0.41 | team m/e/u 4/0/9 | conf +0.88/+0.93 | miss: nearest -- none=1
- unclamped strict_any: n=14 found=14 R=1.00 | |x| +0.31/+0.59 |y| +0.49/+1.33 | sy +0.29/+1.33 (above 0.43) sx +0.03/+0.55 | winmed sy +0.37/+1.33 | dt +0.29/+0.32 | team m/e/u 2/6/6 | conf +0.89/+0.96 | miss: nearest -- none=0
- unclamped deck      : n=14 found=14 R=1.00 | |x| +0.33/+1.11 |y| +0.56/+1.71 | sy -0.05/+1.16 (above 0.57) sx +0.00/+0.82 | winmed sy +0.80/+1.79 | dt +0.31/+0.46 | team m/e/u 4/0/10 | conf +0.86/+0.93 | miss: nearest -- none=0
- unclamped anynew    : n=14 found=14 R=1.00 | |x| +0.31/+0.59 |y| +0.49/+1.33 | sy +0.29/+1.33 (above 0.43) sx +0.03/+0.55 | winmed sy +0.38/+1.33 | dt +0.29/+0.32 | team m/e/u 2/6/6 | conf +0.89/+0.96 | miss: nearest -- none=0
- clamped   strict    : n=2 found=2 R=1.00 | |x| +0.32/+0.52 |y| +1.40/+1.93 | sy -1.40/-0.87 (above 1.0) sx -0.32/-0.12 | winmed sy -1.62/-0.96 | dt +0.86/+1.30 | team m/e/u 0/0/2 | conf +0.81/+0.82 | miss: nearest -- none=0
- clamped   strict_any: n=2 found=2 R=1.00 | |x| +0.33/+0.52 |y| +1.50/+2.11 | sy -1.50/-0.89 (above 1.0) sx -0.25/+0.01 | winmed sy -1.52/-0.94 | dt +0.82/+1.22 | team m/e/u 0/1/1 | conf +0.58/+0.76 | miss: nearest -- none=0
- clamped   deck      : n=2 found=2 R=1.00 | |x| +0.43/+0.55 |y| +0.83/+0.91 | sy -0.83/-0.76 (above 1.0) sx -0.43/-0.32 | winmed sy -0.91/-0.82 | dt +0.32/+0.33 | team m/e/u 0/0/2 | conf +0.82/+0.83 | miss: nearest -- none=0
- clamped   anynew    : n=2 found=2 R=1.00 | |x| +0.43/+0.55 |y| +0.83/+0.91 | sy -0.83/-0.76 (above 1.0) sx -0.43/-0.32 | winmed sy -0.91/-0.82 | dt +0.32/+0.33 | team m/e/u 0/0/2 | conf +0.82/+0.83 | miss: nearest -- none=0
- troop     strict    : n=6 found=6 R=1.00 | |x| +0.38/+0.80 |y| +1.06/+2.17 | sy +0.87/+2.17 (above 0.33) sx +0.33/+0.80 | winmed sy +0.80/+1.84 | dt +0.31/+0.39 | team m/e/u 3/0/3 | conf +0.87/+0.91 | miss: nearest -- none=0
- troop     anynew    : n=6 found=6 R=1.00 | |x| +0.36/+0.56 |y| +1.00/+1.82 | sy +0.82/+1.82 (above 0.33) sx +0.22/+0.51 | winmed sy +0.80/+1.81 | dt +0.28/+0.31 | team m/e/u 1/3/2 | conf +0.87/+0.91 | miss: nearest -- none=0
- building  strict    : n=4 found=4 R=1.00 | |x| +0.28/+0.53 |y| +0.53/+1.17 | sy +0.53/+1.17 (above 0.25) sx +0.19/+0.52 | winmed sy +0.85/+1.25 | dt +0.30/+0.37 | team m/e/u 1/0/3 | conf +0.87/+0.90 | miss: nearest -- none=0
- building  anynew    : n=4 found=4 R=1.00 | |x| +0.28/+0.53 |y| +0.53/+1.20 | sy +0.53/+1.20 (above 0.25) sx +0.19/+0.52 | winmed sy +0.85/+1.25 | dt +0.30/+0.32 | team m/e/u 1/1/2 | conf +0.87/+0.90 | miss: nearest -- none=0
- spell     strict    : n=4 found=3 R=0.75 | |x| +0.15/+0.45 |y| +0.10/+0.52 | sy -0.10/-0.03 (above 1.0) sx -0.15/-0.13 | winmed sy -0.14/-0.08 | dt +0.32/+0.45 | team m/e/u 0/0/3 | conf +0.93/+0.97 | miss: nearest -- none=1
- spell     anynew    : n=4 found=4 R=1.00 | |x| +0.32/+0.52 |y| +0.19/+0.44 | sy -0.05/+0.19 (above 0.75) sx -0.32/-0.09 | winmed sy -0.12/+0.21 | dt +0.31/+0.32 | team m/e/u 0/2/2 | conf +0.94/+0.98 | miss: nearest -- none=0
- detector: n=1265 conf p10/p50/p90 0.618/0.865/0.914 (min 0.352, frac<0.5 0.052); team m/e/u 0.335/0.335/0.330; troop: n=786 unk=0.332 conf p10/50/90 0.5282140374183655/0.8336082696914673/0.89946249127388; building: n=400 unk=0.312 conf p10/50/90 0.855279415845871/0.8911482989788055/0.9158316135406495; spell: n=79 unk=0.392 conf p10/50/90 0.8036291003227234/0.9089093804359436/0.9620341300964356
### icebow/20260815_222309  (region [734, 18, 657, 1198])
- events 892, plays 177 (no click event 0), card identified 169, detector frames 2785, detections 11823
- cards: {'tesla': 14, 'ice_wizard': 26, 'x_bow': 20, 'tornado': 16, 'skeletons': 25, 'the_log': 26, 'rocket': 13, 'knight_evo': 10, 'tesla_evo': 4, 'knight': 15}
- unclamped strict    : n=148 found=130 R=0.88 | |x| +0.29/+0.79 |y| +0.68/+1.79 | sy -0.27/+1.76 (above 0.64) sx -0.04/+0.47 | winmed sy -0.31/+1.70 | dt +0.32/+0.89 | team m/e/u 35/0/95 | conf +0.83/+0.91 | miss: nearest +5.01/+13.15 none=13
- unclamped strict_any: n=148 found=141 R=0.95 | |x| +0.29/+0.85 |y| +0.64/+1.76 | sy -0.26/+1.46 (above 0.64) sx -0.03/+0.47 | winmed sy -0.33/+1.67 | dt +0.30/+0.67 | team m/e/u 27/41/73 | conf +0.83/+0.91 | miss: nearest +6.57/+7.82 none=5
- unclamped deck      : n=148 found=139 R=0.94 | |x| +0.32/+1.03 |y| +0.75/+1.94 | sy -0.11/+1.94 (above 0.58) sx -0.08/+0.47 | winmed sy -0.18/+1.92 | dt +0.32/+0.66 | team m/e/u 42/0/97 | conf +0.84/+0.91 | miss: nearest +5.75/+10.53 none=2
- unclamped anynew    : n=148 found=146 R=0.99 | |x| +0.33/+1.12 |y| +0.71/+1.85 | sy -0.20/+1.56 (above 0.6) sx -0.04/+0.47 | winmed sy -0.31/+1.20 | dt +0.30/+0.48 | team m/e/u 27/46/73 | conf +0.83/+0.90 | miss: nearest +3.43/+3.43 none=1
- clamped   strict    : n=21 found=3 R=0.14 | |x| +0.30/+0.31 |y| +0.84/+0.89 | sy -0.84/-0.78 (above 1.0) sx -0.11/+0.21 | winmed sy -0.82/-0.65 | dt +0.41/+0.47 | team m/e/u 1/0/2 | conf +0.48/+0.66 | miss: nearest +11.18/+16.55 none=7
- clamped   strict_any: n=21 found=3 R=0.14 | |x| +0.30/+0.31 |y| +0.84/+0.89 | sy -0.84/-0.78 (above 1.0) sx -0.11/+0.21 | winmed sy -0.76/-0.64 | dt +0.41/+0.47 | team m/e/u 1/0/2 | conf +0.48/+0.66 | miss: nearest +12.57/+16.38 none=6
- clamped   deck      : n=21 found=4 R=0.19 | |x| +0.30/+0.70 |y| +0.87/+0.92 | sy -0.87/-0.78 (above 1.0) sx +0.09/+0.69 | winmed sy -0.84/-0.67 | dt +0.40/+0.46 | team m/e/u 1/0/3 | conf +0.60/+0.80 | miss: nearest +10.76/+13.74 none=1
- clamped   anynew    : n=21 found=4 R=0.19 | |x| +0.20/+0.69 |y| +0.88/+0.93 | sy -0.88/-0.78 (above 1.0) sx +0.11/+0.69 | winmed sy -0.78/-0.64 | dt +0.37/+0.40 | team m/e/u 0/1/3 | conf +0.55/+0.80 | miss: nearest +10.93/+16.46 none=1
- troop     strict    : n=65 found=61 R=0.94 | |x| +0.28/+0.62 |y| +0.93/+1.52 | sy -0.64/+1.12 (above 0.75) sx -0.09/+0.35 | winmed sy -0.65/+1.10 | dt +0.32/+0.78 | team m/e/u 19/0/42 | conf +0.80/+0.87 | miss: nearest +3.59/+4.72 none=1
- troop     anynew    : n=65 found=63 R=0.97 | |x| +0.29/+1.10 |y| +0.94/+1.52 | sy -0.62/+1.20 (above 0.71) sx -0.08/+0.37 | winmed sy -0.64/+1.10 | dt +0.31/+0.82 | team m/e/u 13/17/33 | conf +0.79/+0.87 | miss: nearest +3.43/+3.43 none=1
- building  strict    : n=33 found=32 R=0.97 | |x| +0.34/+0.87 |y| +0.93/+2.27 | sy -0.01/+2.27 (above 0.5) sx +0.09/+0.69 | winmed sy +0.04/+2.40 | dt +0.31/+0.42 | team m/e/u 6/0/26 | conf +0.88/+0.91 | miss: nearest -- none=1
- building  anynew    : n=33 found=33 R=1.00 | |x| +0.34/+0.99 |y| +0.92/+2.26 | sy +0.01/+2.26 (above 0.48) sx +0.07/+0.79 | winmed sy +0.01/+2.36 | dt +0.29/+0.33 | team m/e/u 5/6/22 | conf +0.88/+0.91 | miss: nearest -- none=0
- spell     strict    : n=50 found=37 R=0.74 | |x| +0.27/+0.73 |y| +0.32/+1.47 | sy -0.05/+1.47 (above 0.57) sx -0.06/+0.47 | winmed sy -0.05/+1.45 | dt +0.36/+1.18 | team m/e/u 10/0/27 | conf +0.74/+0.94 | miss: nearest +12.32/+15.66 none=11
- spell     anynew    : n=50 found=50 R=1.00 | |x| +0.36/+1.17 |y| +0.35/+1.58 | sy -0.04/+1.26 (above 0.54) sx -0.09/+0.54 | winmed sy -0.10/+1.09 | dt +0.30/+0.58 | team m/e/u 9/23/18 | conf +0.83/+0.93 | miss: nearest -- none=0
- detector: n=11823 conf p10/p50/p90 0.470/0.830/0.909 (min 0.350, frac<0.5 0.125); team m/e/u 0.371/0.389/0.239; troop: n=8520 unk=0.228 conf p10/50/90 0.4436554223299026/0.7989550530910492/0.8961999714374542; building: n=2316 unk=0.25 conf p10/50/90 0.8230260014533997/0.8843837380409241/0.9126432240009308; spell: n=987 unk=0.312 conf p10/50/90 0.4660868108272553/0.8539795875549316/0.9318283081054688
### hogeq/20260817_194419  (region [734, 18, 657, 1198])
- events 348, plays 53 (no click event 0), card identified 52, detector frames 833, detections 2312
- cards: {'skeletons': 9, 'hog_rider': 5, 'tesla': 7, 'ice_spirit': 8, 'firecracker': 5, 'mighty_miner': 7, 'the_log': 4, 'firecracker_evo': 3, 'earthquake': 3, 'tesla_evo': 1}
- unclamped strict    : n=47 found=26 R=0.55 | |x| +0.28/+0.81 |y| +0.82/+1.77 | sy -0.34/+1.77 (above 0.65) sx -0.01/+0.65 | winmed sy -0.30/+1.79 | dt +0.31/+0.47 | team m/e/u 0/0/26 | conf +0.82/+0.90 | miss: nearest -- none=21
- unclamped strict_any: n=47 found=27 R=0.57 | |x| +0.27/+0.76 |y| +0.76/+1.69 | sy -0.43/+1.43 (above 0.7) sx -0.03/+0.63 | winmed sy -0.36/+1.43 | dt +0.28/+0.62 | team m/e/u 0/7/20 | conf +0.82/+0.89 | miss: nearest -- none=20
- unclamped deck      : n=47 found=33 R=0.70 | |x| +0.27/+0.85 |y| +0.83/+1.77 | sy -0.52/+1.77 (above 0.67) sx +0.02/+0.71 | winmed sy -0.36/+1.72 | dt +0.32/+0.71 | team m/e/u 0/0/33 | conf +0.81/+0.89 | miss: nearest +5.43/+6.90 none=3
- unclamped anynew    : n=47 found=41 R=0.87 | |x| +0.32/+0.98 |y| +0.98/+2.10 | sy -0.14/+2.10 (above 0.56) sx -0.08/+0.56 | winmed sy -0.12/+1.74 | dt +0.30/+0.99 | team m/e/u 2/13/26 | conf +0.80/+0.89 | miss: nearest +4.06/+4.93 none=0
- clamped   strict    : n=5 found=0 R=0.00 | |x| -- |y| -- | sy -- (above None) sx -- | winmed sy -- | dt -- | team m/e/u 0/0/0 | conf -- | miss: nearest +14.87/+14.87 none=4
- clamped   strict_any: n=5 found=0 R=0.00 | |x| -- |y| -- | sy -- (above None) sx -- | winmed sy -- | dt -- | team m/e/u 0/0/0 | conf -- | miss: nearest +18.23/+20.98 none=3
- clamped   deck      : n=5 found=0 R=0.00 | |x| -- |y| -- | sy -- (above None) sx -- | winmed sy -- | dt -- | team m/e/u 0/0/0 | conf -- | miss: nearest +13.20/+15.40 none=0
- clamped   anynew    : n=5 found=0 R=0.00 | |x| -- |y| -- | sy -- (above None) sx -- | winmed sy -- | dt -- | team m/e/u 0/0/0 | conf -- | miss: nearest +13.20/+13.43 none=0
- troop     strict    : n=34 found=17 R=0.50 | |x| +0.32/+0.53 |y| +1.03/+1.63 | sy -0.72/+1.21 (above 0.76) sx -0.04/+0.41 | winmed sy -0.70/+1.15 | dt +0.32/+0.66 | team m/e/u 0/0/17 | conf +0.76/+0.89 | miss: nearest -- none=17
- troop     anynew    : n=34 found=29 R=0.85 | |x| +0.32/+1.34 |y| +1.03/+1.75 | sy -0.62/+1.75 (above 0.66) sx -0.08/+0.40 | winmed sy -0.57/+1.68 | dt +0.31/+1.01 | team m/e/u 2/8/19 | conf +0.72/+0.89 | miss: nearest +4.54/+4.99 none=0
- building  strict    : n=6 found=5 R=0.83 | |x| +0.24/+0.83 |y| +0.26/+1.00 | sy +0.04/+0.87 (above 0.4) sx +0.06/+0.83 | winmed sy +0.15/+0.85 | dt +0.29/+0.31 | team m/e/u 0/0/5 | conf +0.88/+0.90 | miss: nearest -- none=1
- building  anynew    : n=6 found=5 R=0.83 | |x| +0.24/+0.83 |y| +0.26/+1.00 | sy +0.04/+0.87 (above 0.4) sx +0.06/+0.83 | winmed sy +0.15/+0.85 | dt +0.29/+0.31 | team m/e/u 0/0/5 | conf +0.88/+0.90 | miss: nearest +3.32/+3.32 none=0
- spell     strict    : n=7 found=4 R=0.57 | |x| +0.29/+1.05 |y| +1.01/+2.53 | sy +0.84/+2.53 (above 0.5) sx -0.04/+0.98 | winmed sy +0.87/+2.59 | dt +0.30/+0.46 | team m/e/u 0/0/4 | conf +0.65/+0.88 | miss: nearest -- none=3
- spell     anynew    : n=7 found=7 R=1.00 | |x| +0.38/+0.79 |y| +1.49/+2.81 | sy +1.49/+2.81 (above 0.29) sx -0.21/+0.48 | winmed sy +0.22/+2.45 | dt +0.27/+1.14 | team m/e/u 0/5/2 | conf +0.81/+0.92 | miss: nearest -- none=0
- detector: n=2312 conf p10/p50/p90 0.417/0.782/0.919 (min 0.350, frac<0.5 0.196); team m/e/u 0.186/0.518/0.296; troop: n=1333 unk=0.303 conf p10/50/90 0.3962330162525177/0.6813632845878601/0.9012563943862915; building: n=718 unk=0.316 conf p10/50/90 0.5281600177288055/0.880092203617096/0.9255026519298554; spell: n=261 unk=0.203 conf p10/50/90 0.4284437894821167/0.7960182428359985/0.9227665662765503
### POOLED
- plays 276, card identified 262; cards {'x_bow': 26, 'the_log': 34, 'skeletons': 41, 'tornado': 21, 'rocket': 19, 'ice_wizard': 32, 'tesla': 24, 'knight': 18, 'knight_evo': 11, 'tesla_evo': 5, 'hog_rider': 5, 'ice_spirit': 8, 'firecracker': 5, 'mighty_miner': 7, 'firecracker_evo': 3, 'earthquake': 3}
- all                      strict    : n=262 found=192 R=0.73 | |x| +0.29/+0.82 |y| +0.74/+1.78 | sy -0.27/+1.75 (above 0.65) sx -0.03/+0.47 | winmed sy -0.34/+1.38 | dt +0.32/+0.89 | team m/e/u 46/0/146 | conf +0.83/+0.91 | miss: nearest +10.72/+16.55 none=49
- all                      strict_any: n=262 found=206 R=0.79 | |x| +0.29/+0.79 |y| +0.71/+1.69 | sy -0.28/+1.33 (above 0.65) sx -0.03/+0.47 | winmed sy -0.33/+1.32 | dt +0.30/+0.67 | team m/e/u 35/62/109 | conf +0.84/+0.91 | miss: nearest +11.18/+18.58 none=37
- all                      deck      : n=262 found=213 R=0.81 | |x| +0.32/+1.14 |y| +0.75/+1.89 | sy -0.21/+1.79 (above 0.61) sx -0.05/+0.55 | winmed sy -0.26/+1.78 | dt +0.32/+0.63 | team m/e/u 57/0/156 | conf +0.84/+0.91 | miss: nearest +8.30/+13.78 none=6
- all                      anynew    : n=262 found=230 R=0.88 | |x| +0.33/+1.14 |y| +0.76/+1.87 | sy -0.21/+1.51 (above 0.61) sx -0.05/+0.53 | winmed sy -0.30/+1.26 | dt +0.30/+0.58 | team m/e/u 36/76/118 | conf +0.83/+0.91 | miss: nearest +10.29/+15.50 none=2
- unclamped                strict    : n=232 found=187 R=0.81 | |x| +0.29/+0.83 |y| +0.72/+1.78 | sy -0.25/+1.76 (above 0.64) sx -0.03/+0.48 | winmed sy -0.31/+1.51 | dt +0.32/+0.87 | team m/e/u 45/0/142 | conf +0.84/+0.91 | miss: nearest +7.44/+14.17 none=38
- unclamped                strict_any: n=232 found=201 R=0.87 | |x| +0.29/+0.79 |y| +0.69/+1.67 | sy -0.26/+1.37 (above 0.64) sx -0.03/+0.47 | winmed sy -0.33/+1.37 | dt +0.30/+0.67 | team m/e/u 34/61/106 | conf +0.84/+0.91 | miss: nearest +5.01/+7.51 none=28
- unclamped                deck      : n=232 found=207 R=0.89 | |x| +0.32/+1.15 |y| +0.73/+1.91 | sy -0.17/+1.83 (above 0.59) sx -0.04/+0.54 | winmed sy -0.24/+1.82 | dt +0.32/+0.64 | team m/e/u 56/0/151 | conf +0.84/+0.91 | miss: nearest +5.54/+8.92 none=5
- unclamped                anynew    : n=232 found=224 R=0.97 | |x| +0.33/+1.15 |y| +0.75/+1.87 | sy -0.19/+1.61 (above 0.6) sx -0.05/+0.51 | winmed sy -0.26/+1.26 | dt +0.30/+0.61 | team m/e/u 36/75/113 | conf +0.83/+0.91 | miss: nearest +3.58/+4.86 none=1
- clamped                  strict    : n=30 found=5 R=0.17 | |x| +0.30/+0.47 |y| +0.84/+1.60 | sy -0.84/-0.75 (above 1.0) sx -0.11/+0.15 | winmed sy -0.82/-0.68 | dt +0.41/+1.04 | team m/e/u 1/0/4 | conf +0.71/+0.81 | miss: nearest +12.58/+17.46 none=11
- clamped                  strict_any: n=30 found=5 R=0.17 | |x| +0.30/+0.47 |y| +0.84/+1.71 | sy -0.84/-0.75 (above 1.0) sx -0.11/+0.21 | winmed sy -0.79/-0.67 | dt +0.41/+0.99 | team m/e/u 1/1/3 | conf +0.48/+0.76 | miss: nearest +14.38/+19.74 none=9
- clamped                  deck      : n=30 found=6 R=0.20 | |x| +0.30/+0.72 |y| +0.87/+0.93 | sy -0.87/-0.75 (above 1.0) sx -0.20/+0.58 | winmed sy -0.84/-0.70 | dt +0.37/+0.45 | team m/e/u 1/0/5 | conf +0.76/+0.84 | miss: nearest +10.99/+14.70 none=1
- clamped                  anynew    : n=30 found=6 R=0.20 | |x| +0.29/+0.72 |y| +0.88/+0.93 | sy -0.88/-0.75 (above 1.0) sx -0.09/+0.58 | winmed sy -0.82/-0.66 | dt +0.34/+0.40 | team m/e/u 0/1/5 | conf +0.76/+0.84 | miss: nearest +11.14/+15.59 none=1
- troop                    strict    : n=113 found=90 R=0.80 | |x| +0.28/+0.85 |y| +0.93/+1.56 | sy -0.64/+1.29 (above 0.74) sx -0.04/+0.39 | winmed sy -0.65/+1.20 | dt +0.32/+0.68 | team m/e/u 22/0/68 | conf +0.81/+0.89 | miss: nearest +4.30/+6.71 none=19
- troop                    strict_any: n=113 found=92 R=0.81 | |x| +0.28/+0.82 |y| +0.93/+1.51 | sy -0.63/+1.20 (above 0.74) sx -0.05/+0.39 | winmed sy -0.62/+1.20 | dt +0.30/+0.59 | team m/e/u 16/28/48 | conf +0.81/+0.89 | miss: nearest +4.45/+4.90 none=19
- troop                    deck      : n=113 found=100 R=0.88 | |x| +0.28/+0.98 |y| +0.92/+1.76 | sy -0.55/+1.49 (above 0.68) sx -0.08/+0.39 | winmed sy -0.50/+1.23 | dt +0.32/+0.66 | team m/e/u 25/0/75 | conf +0.81/+0.89 | miss: nearest +5.16/+6.90 none=2
- troop                    anynew    : n=113 found=106 R=0.94 | |x| +0.30/+1.23 |y| +0.96/+1.80 | sy -0.60/+1.30 (above 0.69) sx -0.08/+0.39 | winmed sy -0.60/+1.19 | dt +0.30/+0.80 | team m/e/u 17/31/58 | conf +0.80/+0.88 | miss: nearest +4.06/+4.93 none=1
- building                 strict    : n=48 found=46 R=0.96 | |x| +0.32/+0.85 |y| +0.73/+2.14 | sy +0.01/+2.14 (above 0.48) sx +0.09/+0.72 | winmed sy -0.05/+2.27 | dt +0.30/+0.39 | team m/e/u 10/0/36 | conf +0.88/+0.91 | miss: nearest -- none=2
- building                 strict_any: n=48 found=47 R=0.98 | |x| +0.33/+0.84 |y| +0.71/+2.13 | sy +0.01/+2.13 (above 0.49) sx +0.11/+0.72 | winmed sy -0.11/+2.25 | dt +0.29/+0.33 | team m/e/u 9/7/31 | conf +0.88/+0.91 | miss: nearest -- none=1
- building                 deck      : n=48 found=47 R=0.98 | |x| +0.33/+0.94 |y| +0.64/+2.13 | sy -0.03/+2.13 (above 0.51) sx +0.06/+0.72 | winmed sy -0.11/+2.08 | dt +0.29/+0.36 | team m/e/u 9/0/38 | conf +0.88/+0.90 | miss: nearest -- none=1
- building                 anynew    : n=48 found=47 R=0.98 | |x| +0.33/+0.88 |y| +0.67/+2.13 | sy +0.01/+2.13 (above 0.47) sx +0.07/+0.79 | winmed sy -0.11/+2.24 | dt +0.29/+0.33 | team m/e/u 9/7/31 | conf +0.88/+0.91 | miss: nearest +3.32/+3.32 none=0
- spell                    strict    : n=71 found=51 R=0.72 | |x| +0.27/+0.69 |y| +0.35/+1.78 | sy -0.05/+1.77 (above 0.59) sx -0.07/+0.43 | winmed sy -0.07/+1.80 | dt +0.34/+1.19 | team m/e/u 13/0/38 | conf +0.79/+0.94 | miss: nearest +12.61/+15.72 none=17
- spell                    strict_any: n=71 found=62 R=0.87 | |x| +0.28/+0.69 |y| +0.35/+1.67 | sy -0.10/+0.96 (above 0.61) sx -0.04/+0.52 | winmed sy -0.13/+1.01 | dt +0.31/+1.10 | team m/e/u 9/26/27 | conf +0.83/+0.97 | miss: nearest +8.14/+8.14 none=8
- spell                    deck      : n=71 found=60 R=0.85 | |x| +0.36/+1.58 |y| +0.43/+2.16 | sy -0.02/+1.94 (above 0.52) sx -0.11/+0.74 | winmed sy -0.01/+2.02 | dt +0.32/+1.09 | team m/e/u 22/0/38 | conf +0.84/+0.94 | miss: nearest +6.45/+12.80 none=2
- spell                    anynew    : n=71 found=71 R=1.00 | |x| +0.37/+1.17 |y| +0.36/+1.79 | sy -0.04/+1.49 (above 0.55) sx -0.07/+0.57 | winmed sy -0.09/+1.10 | dt +0.31/+0.64 | team m/e/u 10/37/24 | conf +0.84/+0.95 | miss: nearest -- none=0
- depth_back(y>=0.8)       strict    : n=28 found=21 R=0.75 | |x| +0.29/+0.53 |y| +0.29/+0.94 | sy -0.29/+0.13 (above 0.86) sx -0.22/+0.33 | winmed sy -0.26/+0.13 | dt +0.32/+0.86 | team m/e/u 5/0/16 | conf +0.81/+0.85 | miss: nearest +5.01/+5.01 none=6
- depth_back(y>=0.8)       strict_any: n=28 found=23 R=0.82 | |x| +0.32/+0.66 |y| +0.29/+0.92 | sy -0.26/+0.19 (above 0.78) sx -0.22/+0.34 | winmed sy -0.26/+0.19 | dt +0.31/+1.05 | team m/e/u 2/6/15 | conf +0.81/+0.88 | miss: nearest +5.01/+5.01 none=4
- depth_back(y>=0.8)       deck      : n=28 found=22 R=0.79 | |x| +0.32/+0.93 |y| +0.32/+0.94 | sy -0.28/+0.20 (above 0.82) sx -0.22/+0.34 | winmed sy -0.26/+0.20 | dt +0.32/+0.79 | team m/e/u 6/0/16 | conf +0.81/+0.89 | miss: nearest +5.33/+6.21 none=2
- depth_back(y>=0.8)       anynew    : n=28 found=26 R=0.93 | |x| +0.33/+1.10 |y| +0.29/+1.07 | sy -0.26/+0.25 (above 0.73) sx -0.21/+0.36 | winmed sy -0.23/+0.23 | dt +0.31/+1.21 | team m/e/u 5/7/14 | conf +0.81/+0.89 | miss: nearest +4.61/+4.61 none=1
- depth_mid(0.6-0.8)       strict    : n=99 found=89 R=0.90 | |x| +0.25/+0.78 |y| +0.64/+1.38 | sy -0.55/+0.31 (above 0.78) sx +0.03/+0.49 | winmed sy -0.59/+0.66 | dt +0.31/+0.41 | team m/e/u 20/0/69 | conf +0.84/+0.90 | miss: nearest +7.44/+7.44 none=9
- depth_mid(0.6-0.8)       strict_any: n=99 found=90 R=0.91 | |x| +0.25/+0.78 |y| +0.66/+1.37 | sy -0.56/+0.31 (above 0.77) sx +0.04/+0.48 | winmed sy -0.59/+0.54 | dt +0.29/+0.36 | team m/e/u 19/10/61 | conf +0.84/+0.90 | miss: nearest +3.90/+3.90 none=8
- depth_mid(0.6-0.8)       deck      : n=99 found=96 R=0.97 | |x| +0.28/+0.82 |y| +0.64/+1.38 | sy -0.56/+0.30 (above 0.78) sx -0.03/+0.47 | winmed sy -0.59/+0.48 | dt +0.30/+0.38 | team m/e/u 21/0/75 | conf +0.84/+0.89 | miss: nearest +4.82/+6.50 none=0
- depth_mid(0.6-0.8)       anynew    : n=99 found=98 R=0.99 | |x| +0.29/+0.90 |y| +0.70/+1.46 | sy -0.60/+0.33 (above 0.78) sx -0.02/+0.50 | winmed sy -0.59/+0.67 | dt +0.29/+0.39 | team m/e/u 16/14/68 | conf +0.83/+0.90 | miss: nearest +3.58/+3.58 none=0
- depth_front(0.5-0.6)     strict    : n=39 found=33 R=0.85 | |x| +0.32/+1.16 |y| +0.64/+1.53 | sy -0.14/+1.23 (above 0.61) sx +0.15/+0.39 | winmed sy -0.30/+1.09 | dt +0.35/+0.86 | team m/e/u 7/0/26 | conf +0.84/+0.90 | miss: nearest +3.25/+3.25 none=5
- depth_front(0.5-0.6)     strict_any: n=39 found=34 R=0.87 | |x| +0.33/+1.22 |y| +0.62/+1.53 | sy -0.13/+1.21 (above 0.59) sx +0.17/+0.45 | winmed sy -0.22/+0.95 | dt +0.29/+0.45 | team m/e/u 6/14/14 | conf +0.83/+0.89 | miss: nearest -- none=5
- depth_front(0.5-0.6)     deck      : n=39 found=36 R=0.92 | |x| +0.34/+1.25 |y| +0.68/+1.72 | sy -0.00/+1.72 (above 0.5) sx +0.23/+0.58 | winmed sy -0.09/+1.55 | dt +0.32/+0.53 | team m/e/u 11/0/25 | conf +0.85/+0.90 | miss: nearest +4.50/+5.50 none=1
- depth_front(0.5-0.6)     anynew    : n=39 found=38 R=0.97 | |x| +0.34/+1.45 |y| +0.62/+1.70 | sy -0.03/+1.51 (above 0.53) sx +0.17/+0.46 | winmed sy -0.17/+1.05 | dt +0.29/+0.41 | team m/e/u 7/16/15 | conf +0.84/+0.90 | miss: nearest +3.43/+3.43 none=0
- enemy_half(y<0.5)        strict    : n=66 found=44 R=0.67 | |x| +0.29/+0.60 |y| +1.32/+2.59 | sy +1.16/+2.59 (above 0.27) sx -0.10/+0.60 | winmed sy +1.09/+2.58 | dt +0.35/+1.20 | team m/e/u 13/0/31 | conf +0.86/+0.93 | miss: nearest +10.37/+15.33 none=18
- enemy_half(y<0.5)        strict_any: n=66 found=54 R=0.82 | |x| +0.25/+0.52 |y| +1.10/+2.44 | sy +0.72/+2.40 (above 0.41) sx -0.07/+0.51 | winmed sy +0.75/+2.41 | dt +0.31/+1.14 | team m/e/u 7/31/16 | conf +0.86/+0.97 | miss: nearest +8.14/+8.14 none=11
- enemy_half(y<0.5)        deck      : n=66 found=53 R=0.80 | |x| +0.36/+1.30 |y| +1.31/+2.70 | sy +1.20/+2.70 (above 0.23) sx -0.14/+0.62 | winmed sy +1.22/+2.68 | dt +0.35/+1.16 | team m/e/u 18/0/35 | conf +0.85/+0.93 | miss: nearest +6.14/+12.61 none=2
- enemy_half(y<0.5)        anynew    : n=66 found=62 R=0.94 | |x| +0.34/+0.79 |y| +1.16/+2.72 | sy +0.99/+2.54 (above 0.31) sx -0.09/+0.56 | winmed sy +0.90/+2.45 | dt +0.31/+0.84 | team m/e/u 8/38/16 | conf +0.85/+0.95 | miss: nearest +3.93/+5.03 none=0
- pre_same_within_1.5      strict    : n=0
- pre_same_within_1.5      strict_any: n=0
- pre_same_within_1.5      deck      : n=0
- pre_same_within_1.5      anynew    : n=0
- all_plays_incl_unidentified anynew    : n=243 found=235 R=0.97 | |x| +0.33/+1.15 |y| +0.75/+1.86 | sy -0.23/+1.48 (above 0.61) sx -0.05/+0.49 | winmed sy -0.32/+1.25 | dt +0.30/+0.57 | team m/e/u 38/76/121 | conf +0.84/+0.91 | miss: nearest +3.58/+4.86 none=1
- per card (unclamped):
  - earthquake: strict n=3 found=0 R=0.00 | |x| -- |y| -- | sy -- (above None) sx -- | winmed sy -- | dt -- | team m/e/u 0/0/0 | conf -- | miss: nearest -- none=3
                anynew n=3 found=3 R=1.00 | |x| +0.44/+0.71 |y| +1.49/+2.49 | sy +1.49/+2.49 (above 0.0) sx -0.44/-0.13 | winmed sy +0.22/+1.78 | dt +0.98/+1.30 | team m/e/u 0/3/0 | conf +0.58/+0.87 | miss: nearest -- none=0
  - firecracker: strict n=5 found=1 R=0.20 | |x| +0.09/+0.09 |y| +1.45/+1.45 | sy -1.45/-1.45 (above 1.0) sx -0.09/-0.09 | winmed sy -1.45/-1.45 | dt +1.04/+1.04 | team m/e/u 0/0/1 | conf +0.36/+0.36 | miss: nearest -- none=4
                 anynew n=5 found=4 R=0.80 | |x| +0.17/+1.64 |y| +1.34/+1.43 | sy -1.34/-0.42 (above 1.0) sx -0.07/+0.16 | winmed sy -1.36/-1.17 | dt +0.47/+1.17 | team m/e/u 1/0/3 | conf +0.66/+0.82 | miss: nearest +3.58/+3.58 none=0
  - firecracker_evo: strict n=3 found=0 R=0.00 | |x| -- |y| -- | sy -- (above None) sx -- | winmed sy -- | dt -- | team m/e/u 0/0/0 | conf -- | miss: nearest -- none=3
                     anynew n=3 found=1 R=0.33 | |x| +0.23/+0.23 |y| +0.62/+0.62 | sy -0.62/-0.62 (above 1.0) sx -0.23/-0.23 | winmed sy -0.61/-0.61 | dt +0.99/+0.99 | team m/e/u 0/0/1 | conf +0.42/+0.42 | miss: nearest +4.58/+4.61 none=0
  - hog_rider: strict n=3 found=0 R=0.00 | |x| -- |y| -- | sy -- (above None) sx -- | winmed sy -- | dt -- | team m/e/u 0/0/0 | conf -- | miss: nearest -- none=3
               anynew n=3 found=2 R=0.67 | |x| +1.06/+1.68 |y| +1.24/+1.40 | sy +1.24/+1.40 (above 0.0) sx -0.77/+0.07 | winmed sy +0.97/+1.15 | dt +0.50/+0.66 | team m/e/u 1/1/0 | conf +0.66/+0.71 | miss: nearest +5.24/+5.24 none=0
  - ice_spirit: strict n=8 found=7 R=0.88 | |x| +0.33/+0.46 |y| +0.69/+1.68 | sy -0.52/+1.07 (above 0.71) sx -0.08/+0.34 | winmed sy -0.54/+1.01 | dt +0.27/+0.77 | team m/e/u 0/0/7 | conf +0.76/+0.85 | miss: nearest -- none=1
                anynew n=8 found=7 R=0.88 | |x| +0.33/+0.48 |y| +0.69/+1.79 | sy -0.52/+1.18 (above 0.71) sx -0.08/+0.34 | winmed sy -0.57/+1.12 | dt +0.27/+0.34 | team m/e/u 0/0/7 | conf +0.76/+0.85 | miss: nearest +3.15/+3.15 none=0
  - ice_wizard: strict n=25 found=22 R=0.88 | |x| +0.26/+0.39 |y| +0.85/+1.41 | sy -0.63/-0.10 (above 0.91) sx -0.04/+0.38 | winmed sy -0.64/+0.98 | dt +0.30/+0.42 | team m/e/u 3/0/19 | conf +0.83/+0.85 | miss: nearest +7.44/+7.44 none=2
                anynew n=25 found=24 R=0.96 | |x| +0.27/+0.53 |y| +0.85/+1.49 | sy -0.63/+0.52 (above 0.83) sx -0.19/+0.32 | winmed sy -0.65/+0.74 | dt +0.29/+0.33 | team m/e/u 3/4/17 | conf +0.82/+0.84 | miss: nearest -- none=1
  - knight: strict n=14 found=14 R=1.00 | |x| +0.30/+0.45 |y| +0.93/+2.23 | sy -0.17/+1.57 (above 0.5) sx -0.01/+0.45 | winmed sy -0.17/+1.00 | dt +0.35/+1.11 | team m/e/u 7/0/7 | conf +0.67/+0.89 | miss: nearest -- none=0
            anynew n=14 found=14 R=1.00 | |x| +0.33/+0.66 |y| +1.02/+2.29 | sy -0.17/+1.71 (above 0.5) sx +0.31/+0.66 | winmed sy -0.50/+1.05 | dt +0.31/+1.17 | team m/e/u 5/2/7 | conf +0.71/+0.89 | miss: nearest -- none=0
  - knight_evo: strict n=11 found=10 R=0.91 | |x| +0.42/+1.21 |y| +0.87/+1.23 | sy -0.40/+1.08 (above 0.6) sx -0.42/+0.16 | winmed sy -0.36/+1.20 | dt +0.33/+0.98 | team m/e/u 8/0/2 | conf +0.60/+0.84 | miss: nearest +3.25/+3.25 none=0
                anynew n=11 found=10 R=0.91 | |x| +0.43/+1.27 |y| +0.87/+1.25 | sy +0.18/+1.08 (above 0.5) sx -0.43/+0.16 | winmed sy -0.43/+1.19 | dt +0.32/+0.36 | team m/e/u 5/4/1 | conf +0.60/+0.83 | miss: nearest +3.43/+3.43 none=0
  - mighty_miner: strict n=6 found=0 R=0.00 | |x| -- |y| -- | sy -- (above None) sx -- | winmed sy -- | dt -- | team m/e/u 0/0/0 | conf -- | miss: nearest -- none=6
                  anynew n=6 found=6 R=1.00 | |x| +0.55/+1.70 |y| +0.92/+2.17 | sy +0.65/+2.17 (above 0.33) sx -0.38/+0.17 | winmed sy +0.61/+2.13 | dt +0.52/+1.17 | team m/e/u 0/3/3 | conf +0.54/+0.85 | miss: nearest -- none=0
  - rocket: strict n=18 found=10 R=0.56 | |x| +0.16/+0.36 |y| +0.42/+0.94 | sy -0.42/+0.04 (above 0.8) sx -0.14/+0.03 | winmed sy -0.38/+0.04 | dt +0.32/+1.11 | team m/e/u 0/0/10 | conf +0.94/+0.98 | miss: nearest +12.61/+15.72 none=5
            anynew n=18 found=18 R=1.00 | |x| +0.26/+0.45 |y| +0.61/+1.58 | sy -0.38/+0.77 (above 0.78) sx -0.08/+0.44 | winmed sy -0.29/+0.73 | dt +0.31/+0.50 | team m/e/u 0/12/6 | conf +0.90/+0.98 | miss: nearest -- none=0
  - skeletons: strict n=38 found=36 R=0.95 | |x| +0.27/+1.08 |y| +0.98/+1.64 | sy -0.65/+1.42 (above 0.78) sx +0.01/+0.42 | winmed sy -0.79/+1.32 | dt +0.34/+0.48 | team m/e/u 4/0/32 | conf +0.84/+0.89 | miss: nearest +4.30/+4.86 none=0
               anynew n=38 found=38 R=1.00 | |x| +0.30/+1.23 |y| +1.04/+1.69 | sy -0.78/+1.40 (above 0.76) sx -0.02/+0.41 | winmed sy -0.73/+1.22 | dt +0.30/+0.42 | team m/e/u 2/17/19 | conf +0.81/+0.89 | miss: nearest -- none=0
  - tesla: strict n=23 found=22 R=0.96 | |x| +0.42/+0.88 |y| +0.47/+1.47 | sy +0.01/+1.29 (above 0.5) sx +0.21/+0.86 | winmed sy -0.18/+0.92 | dt +0.29/+0.34 | team m/e/u 0/0/22 | conf +0.88/+0.90 | miss: nearest -- none=1
           anynew n=23 found=22 R=0.96 | |x| +0.42/+0.88 |y| +0.53/+1.48 | sy +0.01/+1.29 (above 0.5) sx +0.21/+0.86 | winmed sy -0.18/+0.92 | dt +0.29/+0.33 | team m/e/u 0/2/20 | conf +0.88/+0.90 | miss: nearest +3.32/+3.32 none=0
  - tesla_evo: strict n=3 found=3 R=1.00 | |x| +0.32/+0.63 |y| +0.88/+0.93 | sy -0.88/-0.06 (above 0.67) sx -0.04/+0.56 | winmed sy -0.76/-0.75 | dt +0.33/+0.41 | team m/e/u 0/0/3 | conf +0.46/+0.66 | miss: nearest -- none=0
               anynew n=3 found=3 R=1.00 | |x| +0.24/+0.32 |y| +0.60/+0.66 | sy +0.15/+0.57 (above 0.33) sx -0.24/-0.08 | winmed sy -0.70/-0.60 | dt +0.27/+0.32 | team m/e/u 0/2/1 | conf +0.52/+0.74 | miss: nearest -- none=0
  - the_log: strict n=30 found=28 R=0.93 | |x| +0.26/+0.97 |y| +0.42/+2.02 | sy -0.04/+2.02 (above 0.54) sx +0.05/+0.60 | winmed sy -0.01/+1.93 | dt +0.32/+1.06 | team m/e/u 6/0/22 | conf +0.77/+0.92 | miss: nearest -- none=2
             anynew n=30 found=30 R=1.00 | |x| +0.49/+1.22 |y| +0.37/+2.00 | sy -0.04/+1.80 (above 0.53) sx -0.12/+0.78 | winmed sy -0.11/+1.77 | dt +0.29/+0.49 | team m/e/u 6/7/17 | conf +0.82/+0.91 | miss: nearest -- none=0
  - tornado: strict n=20 found=13 R=0.65 | |x| +0.32/+0.51 |y| +0.32/+0.94 | sy -0.03/+0.88 (above 0.54) sx -0.06/+0.41 | winmed sy -0.03/+0.92 | dt +0.63/+1.26 | team m/e/u 7/0/6 | conf +0.68/+0.93 | miss: nearest -- none=7
             anynew n=20 found=20 R=1.00 | |x| +0.38/+0.80 |y| +0.34/+1.23 | sy +0.17/+0.78 (above 0.45) sx -0.02/+0.63 | winmed sy +0.22/+1.04 | dt +0.30/+0.88 | team m/e/u 4/15/1 | conf +0.85/+0.93 | miss: nearest -- none=0
  - x_bow: strict n=22 found=21 R=0.95 | |x| +0.20/+0.49 |y| +0.92/+2.52 | sy +0.01/+2.52 (above 0.43) sx +0.07/+0.49 | winmed sy +0.75/+2.45 | dt +0.31/+0.39 | team m/e/u 10/0/11 | conf +0.88/+0.91 | miss: nearest -- none=1
           anynew n=22 found=22 R=1.00 | |x| +0.20/+0.56 |y| +1.00/+2.49 | sy +0.01/+2.49 (above 0.45) sx +0.09/+0.56 | winmed sy +0.69/+2.44 | dt +0.29/+0.33 | team m/e/u 9/3/10 | conf +0.88/+0.91 | miss: nearest -- none=0
- strict miss but anynew hit, named as: {'rocket -> rocket (enemy)': 4, 'tornado -> tornado (enemy)': 4, 'rocket -> the_log (enemy)': 2, 'firecracker -> skeletons (unknown)': 2, 'mighty_miner -> tesla (unknown)': 2, 'mighty_miner -> knight (enemy)': 2, 'tornado -> knight (enemy)': 1, 'ice_wizard -> tesla (unknown)': 1, 'ice_wizard -> knight (unknown)': 1, 'the_log -> balloon (enemy)': 1, 'skeletons -> balloon (unknown)': 1, 'rocket -> elite_barbarians (enemy)': 1, 'the_log -> the_log (enemy)': 1, 'tornado -> knight (mine)': 1, 'rocket -> tesla (enemy)': 1, 'tornado -> barbarians (enemy)': 1, 'skeletons -> knight (unknown)': 1, 'x_bow -> skeletons (unknown)': 1, 'knight -> knight (enemy)': 1, 'hog_rider -> mega_knight (mine)': 1, 'firecracker -> three_musketeers (mine)': 1, 'mighty_miner -> phoenix (enemy)': 1, 'hog_rider -> knight (enemy)': 1, 'firecracker -> tesla (unknown)': 1, 'mighty_miner -> skeletons (unknown)': 1, 'earthquake -> ronin (enemy)': 1, 'earthquake -> skeleton_king (enemy)': 1, 'earthquake -> tornado (enemy)': 1}
- detector pooled: n=17336 conf p10/p50/p90 0.471/0.835/0.912 (min 0.350, frac<0.5 0.123); team m/e/u 0.336/0.412/0.252; troop: n=11851 unk=0.235 conf p10/50/90 0.44/0.80/0.90; building: n=4017 unk=0.286 conf p10/50/90 0.78/0.88/0.91; spell: n=1468 unk=0.295 conf p10/50/90 0.47/0.85/0.94
