C:\Users\benpe\ClashBot\pipeline\model_v3.py:92: UserWarning: enable_nested_tensor is True, but self.use_nested_tensor is False because encoder_layer.norm_first was True
  self.encoder = nn.TransformerEncoder(enc, layers)
C:\Users\benpe\ClashBot\pipeline\model_v3.py:92: UserWarning: enable_nested_tensor is True, but self.use_nested_tensor is False because encoder_layer.norm_first was True
  self.encoder = nn.TransformerEncoder(enc, layers)
Traceback (most recent call last):
  File "C:\Users\benpe\ClashBot\scratchpad\gauntlet\L72\improvement_loop\hand_retention_integration\check_model.py", line 129, in <module>
    if __name__=='__main__':main()
                            ~~~~^^
  File "C:\Users\benpe\ClashBot\scratchpad\gauntlet\L72\improvement_loop\hand_retention_integration\check_model.py", line 93, in main
    live,info=p.row(f);audit=copy.deepcopy(p._public_audit_snapshot)
              ~~~~~^^^
  File "C:\Users\benpe\ClashBot\pipeline\live_hand.py", line 27, in row
    b,info=super().row(frame)
           ~~~~~~~~~~~^^^^^^^
  File "C:\Users\benpe\ClashBot\pipeline\live_gen_v2.py", line 34, in row
    b, info = super().row(frame)
              ~~~~~~~~~~~^^^^^^^
  File "C:\Users\benpe\ClashBot\pipeline\live_gen.py", line 159, in row
    for key, value in self.public.features(int(frame['game_tick']), self.gid,
                      ~~~~~~~~~~~~~~~~~~~~^^^^^^^^^^^^^^^^^^^^^^^^^^^^^^^^^^^
            objects_override=frame.get('extrapolated_public_objects')).items():
            ^^^^^^^^^^^^^^^^^^^^^^^^^^^^^^^^^^^^^^^^^^^^^^^^^^^^^^^^^^
  File "C:\Users\benpe\ClashBot\pipeline\public_observation.py", line 200, in features
    return dict(opp_past=opponent_past(self.plays, int(tick), self.side, gid),
                         ~~~~~~~~~~~~~^^^^^^^^^^^^^^^^^^^^^^^^^^^^^^^^^^^^^^^
  File "C:\Users\benpe\ClashBot\pipeline\dataset_gen.py", line 124, in opponent_past
    x, y = _engine_xy(float(e["x"]), float(e["y"]), side == 1)
                            ~^^^^^
KeyError: 'x'
