[{"seed": 0, "start": [6000, 6000], "last_tick": 6000, "game_over": true}, {"seed": 1, "start": [6000, 6000], "last_tick": 6000, "game_over": true}, {"seed": 2, "start": [6000, 6000], "last_tick": 6000, "game_over": true}]
side 0: per-200-tick bins (tick, top deltas milli/tick, n):
   (0, [(18, 510), (17, 84), (-2982, 3)], 597)
   (200, [(18, 510), (17, 84), (-1982, 3)], 597)
   (400, [(18, 513), (17, 81), (-5982, 3)], 597)
   (600, [(18, 510), (17, 84), (-2982, 3)], 597)
   (800, [(18, 513), (17, 81), (-3982, 3)], 597)
   (1000, [(18, 510), (17, 84), (-2982, 3)], 597)
   (1200, [(18, 513), (17, 81), (-1982, 3)], 597)
   (1400, [(18, 510), (17, 84), (-5982, 3)], 597)
   (1600, [(18, 510), (17, 84), (-2982, 3)], 597)
   (1800, [(18, 513), (17, 81), (-3982, 3)], 597)
   (2000, [(18, 510), (17, 84), (-2982, 3)], 597)
   (2200, [(18, 513), (17, 81), (-1982, 3)], 597)
   (2400, [(36, 423), (35, 165), (-5964, 3)], 594)
   (2600, [(36, 420), (35, 168), (-3964, 3)], 594)
   (2800, [(36, 423), (35, 165), (-1964, 3)], 594)
   (3000, [(36, 423), (35, 165), (-2964, 3)], 594)
   (3200, [(36, 423), (35, 165), (-2964, 3)], 594)
   (3400, [(36, 423), (35, 165), (-5964, 3)], 594)
   (3600, [(36, 423), (35, 165), (-3964, 3)], 594)
   (3800, [(36, 423), (35, 165), (-1964, 3)], 594)
   (4000, [(36, 420), (35, 168), (-2964, 3)], 594)
   (4200, [(36, 423), (35, 165), (-2964, 3)], 594)
   (4400, [(36, 426), (35, 168), (-5964, 3)], 597)
   (4600, [(36, 420), (35, 162), (-2964, 6)], 591)
   (4800, [(54, 336), (53, 252), (-1947, 3)], 594)
   (5000, [(54, 333), (53, 243), (-2946, 3)], 588)
   (5200, [(54, 333), (53, 249), (-5946, 3)], 591)
   (5400, [(54, 333), (53, 249), (-2947, 3)], 591)
   (5600, [(54, 336), (53, 252), (-2946, 3)], 594)
   (5800, [(54, 336), (53, 246), (-2947, 3)], 591)
   window [2300,2500) deltas: [(2300, 18), (2301, 18), (2302, 18)] ... [(2497, 36), (2498, 35), (2499, 36)]; means lo-half -2.33 hi-half -24.89
   window [4700,4900) deltas: [(4700, 35), (4701, 36), (4702, 36)] ... [(4897, 54), (4898, 54), (4899, 53)]; means lo-half 5.41 hi-half -28.06
   window [5900,6100) deltas: [(5901, 54), (5902, 53), (5903, 54)] ... [(5997, 54), (5998, 53), (5999, 54)]; means lo-half 53.58 hi-half 0.00
   window [7100,7300) deltas: [] ... []; means lo-half 0.00 hi-half 0.00
side 1: per-200-tick bins (tick, top deltas milli/tick, n):
   (0, [(18, 510), (17, 84), (-2982, 3)], 597)
   (200, [(18, 510), (17, 84), (-1982, 3)], 597)
   (400, [(18, 513), (17, 81), (-5982, 3)], 597)
   (600, [(18, 510), (17, 84), (-2982, 3)], 597)
   (800, [(18, 513), (17, 81), (-3982, 3)], 597)
   (1000, [(18, 510), (17, 84), (-2982, 3)], 597)
   (1200, [(18, 513), (17, 81), (-1982, 3)], 597)
   (1400, [(18, 510), (17, 84), (-5982, 3)], 597)
   (1600, [(18, 510), (17, 84), (-2982, 3)], 597)
   (1800, [(18, 513), (17, 81), (-3982, 3)], 597)
   (2000, [(18, 510), (17, 84), (-2982, 3)], 597)
   (2200, [(18, 513), (17, 81), (-1982, 3)], 597)
   (2400, [(36, 423), (35, 165), (-5964, 3)], 594)
   (2600, [(36, 420), (35, 168), (-3964, 3)], 594)
   (2800, [(36, 423), (35, 165), (-1964, 3)], 594)
   (3000, [(36, 423), (35, 165), (-2964, 3)], 594)
   (3200, [(36, 423), (35, 165), (-2964, 3)], 594)
   (3400, [(36, 423), (35, 165), (-5964, 3)], 594)
   (3600, [(36, 423), (35, 165), (-3964, 3)], 594)
   (3800, [(36, 423), (35, 165), (-1964, 3)], 594)
   (4000, [(36, 420), (35, 168), (-2964, 3)], 594)
   (4200, [(36, 423), (35, 165), (-2964, 3)], 594)
   (4400, [(36, 426), (35, 168), (-5964, 3)], 597)
   (4600, [(36, 420), (35, 162), (-2964, 6)], 591)
   (4800, [(54, 336), (53, 252), (-1947, 3)], 594)
   (5000, [(54, 333), (53, 243), (-2946, 3)], 588)
   (5200, [(54, 333), (53, 249), (-5946, 3)], 591)
   (5400, [(54, 333), (53, 249), (-2947, 3)], 591)
   (5600, [(54, 336), (53, 252), (-2946, 3)], 594)
   (5800, [(54, 336), (53, 246), (-2947, 3)], 591)
   window [2300,2500) deltas: [(2300, 18), (2301, 18), (2302, 18)] ... [(2497, 36), (2498, 35), (2499, 36)]; means lo-half -2.33 hi-half -24.89
   window [4700,4900) deltas: [(4700, 35), (4701, 36), (4702, 36)] ... [(4897, 54), (4898, 54), (4899, 53)]; means lo-half 5.41 hi-half -28.06
   window [5900,6100) deltas: [(5901, 54), (5902, 53), (5903, 54)] ... [(5997, 54), (5998, 53), (5999, 54)]; means lo-half 53.58 hi-half 0.00
   window [7100,7300) deltas: [] ... []; means lo-half 0.00 hi-half 0.00
