[     0s] val icebow rows 38317
[   141s] rows loaded
C:\Users\benpe\ClashBot\pipeline\model_v3.py:92: UserWarning: enable_nested_tensor is True, but self.use_nested_tensor is False because encoder_layer.norm_first was True
  self.encoder = nn.TransformerEncoder(enc, layers)
[   164s] fwd 0 / 38317
[   503s] fwd 5120 / 38317
[   825s] fwd 10240 / 38317
[  1218s] fwd 15360 / 38317
[  1618s] fwd 20480 / 38317
[  2263s] fwd 25600 / 38317
[  2834s] fwd 30720 / 38317
[  3445s] fwd 35840 / 38317
[  3670s] forward done
== all
  rows                                                           38317
  pro_play_rate                                                  [0.3115, 0.307, 0.316]
  r1e_mean_P(play)                                               [0.3485, 0.3415, 0.3563]
  r1e_sampled_play_rate(T.5,tau.27)                              [0.465, 0.4558, 0.4738]
  r1e_greedy_play_rate(tau.35)                                   [0.4177, 0.4072, 0.426]
  r1e_greedy_play_rate(tau.27)                                   [0.468, 0.4588, 0.4775]
  base_mean_P(play)                                              [0.3171, 0.3102, 0.3239]
  base_sampled_play_rate(T.5,tau.27)                             [0.4511, 0.4404, 0.4604]
  base_greedy_play_rate(tau.35)                                  [0.3857, 0.3748, 0.3963]
  base_greedy_play_rate(tau.27)                                  [0.4533, 0.4426, 0.4639]
  dP(play) mean r1e-base                                         [0.0314, 0.0292, 0.0336]
  |dP(play)| mean                                                [0.0664, 0.0653, 0.0676]
  |dP(play)| p50/p90/p99                                         [0.0452, 0.1584, 0.2924]
  share |dP(play)|>0.02/0.05/0.10                                [0.7058, 0.4729, 0.2427]
  sampled |dP_b| mean                                            [0.0691, 0.0674, 0.0707]
  sampled dP_b mean r1e-base                                     [0.0139, 0.0113, 0.0163]
  greedy gate flip rate tau.35                                   [0.0669, 0.064, 0.0701]
  greedy gate flips tau.35: r1e plays/base waits, r1e waits/base plays [1897, 668]
  card TV T=1 mean (affordable)                                  [0.0767, 0.0755, 0.0779]
  card TV T=0.5 mean                                             [0.082, 0.0802, 0.0837]
  share card TV(T=1)>0.05/0.10/0.20                              [0.6064, 0.2989, 0.0391]
  card argmax flip rate (affordable rows)                        [0.082, 0.0782, 0.086]
  card argmax flip rate (both greedy-play)                       [0.0967, 0.0911, 0.1026]
  5-way sampled TV mean (T.5,tau.27)                             [0.1009, 0.099, 0.1028]
  share 5-way sampled TV>0.02/0.05/0.10                          [0.6768, 0.5374, 0.3773]
  5-way greedy action flip rate tau.35                           [0.1025, 0.099, 0.106]
  5-way greedy action flip rate tau.27                           [0.1073, 0.1037, 0.1112]
  greedy flip rate tau.35 among rows with sampled TV>0.05        [0.1887, 0.1827, 0.1946]
  greedy flip rate tau.35 among rows with sampled TV>0.1         [0.2549, 0.2478, 0.2624]
  cell TV T=1 (pro card)                                         [0.0879, 0.087, 0.0886]
  cell TV T=0.5 (pro card)                                       [0.1141, 0.1124, 0.1158]
  cell argmax flip (pro card)                                    [0.2251, 0.2175, 0.2335]
  cell argmax flip (both greedy-play same card)                  [0.2287, 0.2208, 0.2363]
  rows both greedy-play same card                                12745
  full greedy action flip (gate|card|cell) tau.35                [0.1786, 0.1736, 0.1835]
  rocket: rows affordable                                        17975
  r1e P(rocket|play) T=1                                         [0.0504, 0.047, 0.0541]
  r1e P(rocket|play) T=0.5                                       [0.0279, 0.0247, 0.0316]
  r1e greedy rocket plays per 1000 rows                          [6.8899, 5.5864, 8.3427]
  r1e sampled rocket plays per 1000 rows                         [9.83, 8.6398, 11.1379]
  base P(rocket|play) T=1                                        [0.0719, 0.0674, 0.0766]
  base P(rocket|play) T=0.5                                      [0.0462, 0.0417, 0.051]
  base greedy rocket plays per 1000 rows                         [12.0051, 10.0328, 14.1407]
  base sampled rocket plays per 1000 rows                        [16.2368, 14.3248, 18.0719]
  rocket greedy choice flips (rows rocket affordable & both play) 235
== 1x
  rows                                                           18621
  pro_play_rate                                                  [0.2054, 0.202, 0.2084]
  r1e_mean_P(play)                                               [0.2379, 0.2326, 0.2437]
  r1e_sampled_play_rate(T.5,tau.27)                              [0.328, 0.3199, 0.3363]
  r1e_greedy_play_rate(tau.35)                                   [0.2791, 0.2704, 0.2874]
  r1e_greedy_play_rate(tau.27)                                   [0.3251, 0.3162, 0.3346]
  base_mean_P(play)                                              [0.2075, 0.2029, 0.2121]
  base_sampled_play_rate(T.5,tau.27)                             [0.2975, 0.2899, 0.3048]
  base_greedy_play_rate(tau.35)                                  [0.2312, 0.2233, 0.2393]
  base_greedy_play_rate(tau.27)                                  [0.2882, 0.2793, 0.2971]
  dP(play) mean r1e-base                                         [0.0304, 0.0285, 0.0326]
  |dP(play)| mean                                                [0.0577, 0.0563, 0.0592]
  |dP(play)| p50/p90/p99                                         [0.0306, 0.1534, 0.2911]
  share |dP(play)|>0.02/0.05/0.10                                [0.6019, 0.3837, 0.2115]
  sampled |dP_b| mean                                            [0.0674, 0.0648, 0.07]
  sampled dP_b mean r1e-base                                     [0.0304, 0.0273, 0.0338]
  greedy gate flip rate tau.35                                   [0.067, 0.0626, 0.0718]
  greedy gate flips tau.35: r1e plays/base waits, r1e waits/base plays [1070, 177]
  card TV T=1 mean (affordable)                                  [0.0738, 0.0719, 0.0757]
  card TV T=0.5 mean                                             [0.076, 0.0732, 0.0789]
  share card TV(T=1)>0.05/0.10/0.20                              [0.5657, 0.2747, 0.043]
  card argmax flip rate (affordable rows)                        [0.0766, 0.0711, 0.0817]
  card argmax flip rate (both greedy-play)                       [0.0884, 0.0793, 0.0985]
  5-way sampled TV mean (T.5,tau.27)                             [0.0849, 0.0824, 0.0879]
  share 5-way sampled TV>0.02/0.05/0.10                          [0.5496, 0.4239, 0.304]
  5-way greedy action flip rate tau.35                           [0.0866, 0.0816, 0.0916]
  5-way greedy action flip rate tau.27                           [0.0896, 0.0847, 0.0949]
  greedy flip rate tau.35 among rows with sampled TV>0.05        [0.2021, 0.1922, 0.2117]
  greedy flip rate tau.35 among rows with sampled TV>0.1         [0.2703, 0.2572, 0.2836]
  cell TV T=1 (pro card)                                         [0.0844, 0.083, 0.0858]
  cell TV T=0.5 (pro card)                                       [0.1031, 0.1003, 0.1059]
  cell argmax flip (pro card)                                    [0.2609, 0.2484, 0.2733]
  cell argmax flip (both greedy-play same card)                  [0.2562, 0.2413, 0.2715]
  rows both greedy-play same card                                3763
  full greedy action flip (gate|card|cell) tau.35                [0.1383, 0.132, 0.1443]
  rocket: rows affordable                                        10779
  r1e P(rocket|play) T=1                                         [0.0251, 0.0227, 0.0278]
  r1e P(rocket|play) T=0.5                                       [0.012, 0.0097, 0.0144]
  r1e greedy rocket plays per 1000 rows                          [2.9, 2.0035, 3.9104]
  r1e sampled rocket plays per 1000 rows                         [3.9989, 3.1947, 4.8829]
  base P(rocket|play) T=1                                        [0.034, 0.0311, 0.037]
  base P(rocket|play) T=0.5                                      [0.0164, 0.0137, 0.0194]
  base greedy rocket plays per 1000 rows                         [3.3833, 2.4943, 4.4367]
  base sampled rocket plays per 1000 rows                        [5.2003, 4.2952, 6.1924]
  rocket greedy choice flips (rows rocket affordable & both play) 25
== 2x
  rows                                                           9173
  pro_play_rate                                                  [0.3728, 0.3676, 0.3778]
  r1e_mean_P(play)                                               [0.4059, 0.3954, 0.4167]
  r1e_sampled_play_rate(T.5,tau.27)                              [0.5394, 0.5258, 0.5536]
  r1e_greedy_play_rate(tau.35)                                   [0.4895, 0.4739, 0.5046]
  r1e_greedy_play_rate(tau.27)                                   [0.5458, 0.5306, 0.5622]
  base_mean_P(play)                                              [0.3801, 0.3703, 0.3896]
  base_sampled_play_rate(T.5,tau.27)                             [0.5431, 0.5298, 0.5553]
  base_greedy_play_rate(tau.35)                                  [0.4682, 0.4533, 0.484]
  base_greedy_play_rate(tau.27)                                  [0.5493, 0.5335, 0.5648]
  dP(play) mean r1e-base                                         [0.0259, 0.0224, 0.0291]
  |dP(play)| mean                                                [0.071, 0.0691, 0.0728]
  |dP(play)| p50/p90/p99                                         [0.0537, 0.1574, 0.2884]
  share |dP(play)|>0.02/0.05/0.10                                [0.7833, 0.5253, 0.2501]
  sampled |dP_b| mean                                            [0.0717, 0.0694, 0.074]
  sampled dP_b mean r1e-base                                     [-0.0037, -0.0078, 0.0004]
  greedy gate flip rate tau.35                                   [0.0668, 0.062, 0.0717]
  greedy gate flips tau.35: r1e plays/base waits, r1e waits/base plays [404, 209]
  card TV T=1 mean (affordable)                                  [0.0775, 0.0758, 0.0793]
  card TV T=0.5 mean                                             [0.0814, 0.0788, 0.084]
  share card TV(T=1)>0.05/0.10/0.20                              [0.6386, 0.3066, 0.0309]
  card argmax flip rate (affordable rows)                        [0.0752, 0.0694, 0.0816]
  card argmax flip rate (both greedy-play)                       [0.0847, 0.0754, 0.0942]
  5-way sampled TV mean (T.5,tau.27)                             [0.1084, 0.1057, 0.1112]
  share 5-way sampled TV>0.02/0.05/0.10                          [0.7717, 0.6078, 0.4162]
  5-way greedy action flip rate tau.35                           [0.1045, 0.0983, 0.1112]
  5-way greedy action flip rate tau.27                           [0.1108, 0.1041, 0.1179]
  greedy flip rate tau.35 among rows with sampled TV>0.05        [0.17, 0.1608, 0.1797]
  greedy flip rate tau.35 among rows with sampled TV>0.1         [0.2318, 0.2183, 0.246]
  cell TV T=1 (pro card)                                         [0.0889, 0.0877, 0.0902]
  cell TV T=0.5 (pro card)                                       [0.1157, 0.1131, 0.1184]
  cell argmax flip (pro card)                                    [0.2091, 0.1964, 0.2219]
  cell argmax flip (both greedy-play same card)                  [0.2251, 0.2103, 0.2408]
  rows both greedy-play same card                                3740
  full greedy action flip (gate|card|cell) tau.35                [0.1963, 0.1872, 0.2054]
  rocket: rows affordable                                        3653
  r1e P(rocket|play) T=1                                         [0.0616, 0.0564, 0.0677]
  r1e P(rocket|play) T=0.5                                       [0.0298, 0.0249, 0.0353]
  r1e greedy rocket plays per 1000 rows                          [5.1237, 3.4087, 7.0915]
  r1e sampled rocket plays per 1000 rows                         [8.5472, 7.0179, 10.2883]
  base P(rocket|play) T=1                                        [0.0924, 0.0861, 0.0998]
  base P(rocket|play) T=0.5                                      [0.0531, 0.0461, 0.0608]
  base greedy rocket plays per 1000 rows                         [9.8114, 7.1065, 12.7501]
  base sampled rocket plays per 1000 rows                        [15.5829, 13.2942, 18.2547]
  rocket greedy choice flips (rows rocket affordable & both play) 52
== OT
  rows                                                           10523
  pro_play_rate                                                  [0.4456, 0.4403, 0.4504]
  r1e_mean_P(play)                                               [0.4942, 0.4815, 0.5073]
  r1e_sampled_play_rate(T.5,tau.27)                              [0.6427, 0.6283, 0.6572]
  r1e_greedy_play_rate(tau.35)                                   [0.6004, 0.5833, 0.6171]
  r1e_greedy_play_rate(tau.27)                                   [0.6529, 0.6373, 0.6685]
  base_mean_P(play)                                              [0.4562, 0.4442, 0.4674]
  base_sampled_play_rate(T.5,tau.27)                             [0.6428, 0.6285, 0.6563]
  base_greedy_play_rate(tau.35)                                  [0.587, 0.5694, 0.6039]
  base_greedy_play_rate(tau.27)                                  [0.6616, 0.644, 0.6798]
  dP(play) mean r1e-base                                         [0.038, 0.0339, 0.0417]
  |dP(play)| mean                                                [0.0779, 0.0756, 0.0801]
  |dP(play)| p50/p90/p99                                         [0.0615, 0.1656, 0.3079]
  share |dP(play)|>0.02/0.05/0.10                                [0.8222, 0.5851, 0.2915]
  sampled |dP_b| mean                                            [0.0698, 0.0674, 0.0722]
  sampled dP_b mean r1e-base                                     [-0.0001, -0.0042, 0.004]
  greedy gate flip rate tau.35                                   [0.067, 0.0622, 0.0719]
  greedy gate flips tau.35: r1e plays/base waits, r1e waits/base plays [423, 282]
  card TV T=1 mean (affordable)                                  [0.081, 0.0792, 0.083]
  card TV T=0.5 mean                                             [0.093, 0.09, 0.0961]
  share card TV(T=1)>0.05/0.10/0.20                              [0.6504, 0.3349, 0.0394]
  card argmax flip rate (affordable rows)                        [0.0975, 0.0906, 0.105]
  card argmax flip rate (both greedy-play)                       [0.1108, 0.1017, 0.1206]
  5-way sampled TV mean (T.5,tau.27)                             [0.1226, 0.1194, 0.1259]
  share 5-way sampled TV>0.02/0.05/0.10                          [0.8191, 0.6768, 0.4731]
  5-way greedy action flip rate tau.35                           [0.1291, 0.1213, 0.1363]
  5-way greedy action flip rate tau.27                           [0.1355, 0.1279, 0.1432]
  greedy flip rate tau.35 among rows with sampled TV>0.05        [0.1884, 0.1782, 0.1987]
  greedy flip rate tau.35 among rows with sampled TV>0.1         [0.2551, 0.2431, 0.2673]
  cell TV T=1 (pro card)                                         [0.0898, 0.0887, 0.0909]
  cell TV T=0.5 (pro card)                                       [0.1218, 0.1193, 0.1241]
  cell argmax flip (pro card)                                    [0.2075, 0.194, 0.221]
  cell argmax flip (both greedy-play same card)                  [0.2116, 0.198, 0.2254]
  rows both greedy-play same card                                5242
  full greedy action flip (gate|card|cell) tau.35                [0.2344, 0.2248, 0.2437]
  rocket: rows affordable                                        3543
  r1e P(rocket|play) T=1                                         [0.116, 0.1058, 0.1265]
  r1e P(rocket|play) T=0.5                                       [0.0747, 0.063, 0.0871]
  r1e greedy rocket plays per 1000 rows                          [15.4899, 12.1137, 19.8234]
  r1e sampled rocket plays per 1000 rows                         [21.2665, 18.1273, 25.14]
  base P(rocket|play) T=1                                        [0.1661, 0.1532, 0.1787]
  base P(rocket|play) T=0.5                                      [0.1295, 0.1151, 0.1475]
  base greedy rocket plays per 1000 rows                         [29.1742, 23.8203, 35.1417]
  base sampled rocket plays per 1000 rows                        [36.3363, 31.6374, 41.4271]
  rocket greedy choice flips (rows rocket affordable & both play) 158
[  3673s] saved C:\Users\benpe\ClashBot\scratchpad\gauntlet\L73\rl_diag\q3_results.json
