Rocket plays with a decision board: 398; cell blocked by the rule: 22
   ('20261005_074842', 4502, [5.5, 8.5], None)
   ('20261005_103238', 6146, [12.5, 8.5], None)
   ('20261007_112725', 2837, [13.5, 7.5], None)
   ('20261007_201246', 2254, [4.5, 5.5], None)
   ('20261007_214012', 6182, [12.5, 8.5], None)
   ('20261008_003019', 1954, [13.5, 5.5], None)
   ('20261008_005019', 2750, [13.5, 7.5], None)
   ('20261008_005338', 3456, [13.5, 5.5], None)
   ('20261008_012304', 3428, [4.5, 5.5], None)
   ('20261008_030914', 2173, [4.5, 5.5], None)
   ('20261008_045649', 4155, [13.5, 7.5], None)
   ('20261008_050511', 3490, [4.5, 5.5], None)
   ('20261008_082953', 2855, [13.5, 5.5], None)
   ('20261008_104820', 3257, [4.0, 8.0], None)
   ('20261008_124644', 6154, [4.5, 7.5], None)
   ('20261008_132358', 4801, [14.0, 8.0], None)
   ('20261008_134526', 3404, [12.5, 6.5], None)
   ('20261008_135127', 3499, [4.5, 5.5], None)
   ('20261008_185400', 4264, [3.5, 8.5], None)
   ('20261008_232056', 2567, [14.0, 7.5], None)
   ('20261008_232056', 4643, [13.5, 6.0], None)
   ('20261008_232056', 5812, [8.5, 2.0], None)
