react_sb_live2             s1   idle 12/48 = 0.25 [0.15, 0.39]  median plays 18
react_sb_live2             gen  idle  0/48 = 0.00 [0.00, 0.07]  median plays 35
react_sb_live2_al          s1   idle  0/48 = 0.00 [0.00, 0.07]  median plays 23
react_sb_live2_al          gen  idle  0/48 = 0.00 [0.00, 0.07]  median plays 33
react_sb_live2_filt        s1   idle 12/48 = 0.25 [0.15, 0.39]  median plays 19
react_sb_live2_filt        gen  idle  0/48 = 0.00 [0.00, 0.07]  median plays 39
react_sb_live2_rocket      s1   idle 12/48 = 0.25 [0.15, 0.39]  median plays 18
react_sb_live2_rocket      gen  idle  0/48 = 0.00 [0.00, 0.07]  median plays 35
react_sc_live2             s1   idle 13/48 = 0.27 [0.17, 0.41]  median plays 17
react_sc_live2             gen  idle  0/48 = 0.00 [0.00, 0.07]  median plays 36
react_sc_live2_al          s1   idle  0/48 = 0.00 [0.00, 0.07]  median plays 25
react_sc_live2_al          gen  idle  0/48 = 0.00 [0.00, 0.07]  median plays 37
react_sc_live2_filt        s1   idle 13/48 = 0.27 [0.17, 0.41]  median plays 20
react_sc_live2_filt        gen  idle  0/48 = 0.00 [0.00, 0.07]  median plays 35
react_sc_live2_rocket      s1   idle 13/48 = 0.27 [0.17, 0.41]  median plays 18
react_sc_live2_rocket      gen  idle  0/48 = 0.00 [0.00, 0.07]  median plays 36
reactlad_sb_live2          s1   idle 12/48 = 0.25 [0.15, 0.39]  median plays 18
reactlad_sb_live2          gen  idle  0/48 = 0.00 [0.00, 0.07]  median plays 39
reactlad_sb_live2_al       s1   idle  0/48 = 0.00 [0.00, 0.07]  median plays 23
reactlad_sb_live2_al       gen  idle  0/48 = 0.00 [0.00, 0.07]  median plays 51
reactlad_sb_live2_filt     s1   idle 12/48 = 0.25 [0.15, 0.39]  median plays 19
reactlad_sb_live2_filt     gen  idle  0/48 = 0.00 [0.00, 0.07]  median plays 47
reactlad_sb_live2_rocket   s1   idle 12/48 = 0.25 [0.15, 0.39]  median plays 18
reactlad_sb_live2_rocket   gen  idle  0/48 = 0.00 [0.00, 0.07]  median plays 36
reactlad_sc_live2          s1   idle 13/48 = 0.27 [0.17, 0.41]  median plays 17
reactlad_sc_live2          gen  idle  1/48 = 0.02 [0.00, 0.11]  median plays 32
reactlad_sc_live2_al       s1   idle  0/48 = 0.00 [0.00, 0.07]  median plays 25
reactlad_sc_live2_al       gen  idle  0/48 = 0.00 [0.00, 0.07]  median plays 39
reactlad_sc_live2_filt     s1   idle 13/48 = 0.27 [0.17, 0.41]  median plays 20
reactlad_sc_live2_filt     gen  idle  1/48 = 0.02 [0.00, 0.11]  median plays 39
reactlad_sc_live2_rocket   s1   idle 13/48 = 0.27 [0.17, 0.41]  median plays 18
reactlad_sc_live2_rocket   gen  idle  1/48 = 0.02 [0.00, 0.11]  median plays 30

pooled over react/reactlad x sb/sc:
_al      gen  0/192 = 0.00 [0.00, 0.02]
_al      s1   0/192 = 0.00 [0.00, 0.02]
_base    gen  1/192 = 0.01 [0.00, 0.03]
_base    s1   50/192 = 0.26 [0.20, 0.33]
_filt    gen  1/192 = 0.01 [0.00, 0.03]
_filt    s1   50/192 = 0.26 [0.20, 0.33]
_rocket  gen  1/192 = 0.01 [0.00, 0.03]
_rocket  s1   50/192 = 0.26 [0.20, 0.33]
