live_play_20261005_071253.jsonl side 1 fires 5
   tick 4319 model_t 217.25 target {'lane': 'R', 'hp': 1, 'damage': 497, 'level': 15} | logged: Rocket play=False p=0.228
live_play_20261005_071827.jsonl side 1 fires 1
   tick 6157 model_t 309.15 target {'lane': 'R', 'hp': 180, 'damage': 497, 'level': 15} | logged: Rocket play=True p=0.614
live_play_20261005_080041.jsonl side 1 fires 3
   tick 5107 model_t 256.65 target {'lane': 'R', 'hp': 478, 'damage': 497, 'level': 15} | logged: Tesla play=True p=0.358
live_play_20261005_081858.jsonl side 1 fires 7
   tick 3574 model_t 180.00 target {'lane': 'L', 'hp': 468, 'damage': 497, 'level': 15} | logged: Xbow play=False p=0.123
live_play_20261005_082252.jsonl side 0 fires 11
   tick 4682 model_t 235.40 target {'lane': 'R', 'hp': 486, 'damage': 497, 'level': 15} | logged: Xbow play=False p=0.287
live_play_20261005_092103.jsonl side 1 fires 6
   tick 3574 model_t 180.00 target {'lane': 'R', 'hp': 343, 'damage': 497, 'level': 15} | logged: Tesla play=True p=0.427
live_play_20261005_103238.jsonl side 1 fires 2
   tick 5838 model_t 293.20 target {'lane': 'R', 'hp': 28, 'damage': 497, 'level': 15} | logged: Tesla play=False p=0.326
live_play_20261005_105847.jsonl side 1 fires 3
   tick 4201 model_t 211.35 target {'lane': 'R', 'hp': 114, 'damage': 497, 'level': 15} | logged: Tesla play=False p=0.272
live_play_20261005_113013.jsonl side 1 fires 1
   tick 4389 model_t 220.75 target {'lane': 'R', 'hp': 483, 'damage': 497, 'level': 15} | logged: IceWizard play=True p=0.877
live_play_20261005_113735.jsonl side 0 fires 1
   tick 6215 model_t 312.05 target {'lane': 'R', 'hp': 394, 'damage': 497, 'level': 15} | logged: Rocket play=False p=0.322
live_play_20261005_122809.jsonl side 1 fires 4
   tick 6102 model_t 306.40 target {'lane': 'R', 'hp': 283, 'damage': 497, 'level': 15} | logged: Xbow play=False p=0.275
live_play_20261005_132429.jsonl side 1 fires 2
   tick 5249 model_t 263.75 target {'lane': 'L', 'hp': 448, 'damage': 497, 'level': 15} | logged: Tesla play=False p=0.230
live_play_20261006_121407.jsonl side 1 fires 9
   tick 3732 model_t 187.90 target {'lane': 'R', 'hp': 320, 'damage': 342, 'level': 11} | logged: Xbow play=False p=0.235
live_play_20261006_130342.jsonl side 0 fires 4
   tick 4757 model_t 239.15 target {'lane': 'R', 'hp': 235, 'damage': 497, 'level': 15} | logged: Xbow play=False p=0.172
live_play_20261006_131142.jsonl side 1 fires 3
   tick 4889 model_t 245.75 target {'lane': 'R', 'hp': 108, 'damage': 497, 'level': 15} | logged: Xbow play=False p=0.259
live_play_20261006_142102.jsonl side 1 fires 1
   tick 3663 model_t 184.45 target {'lane': 'R', 'hp': 225, 'damage': 497, 'level': 15} | logged: Tesla play=True p=0.456
live_play_20261006_165046.jsonl side 1 fires 16
   tick 4267 model_t 214.65 target {'lane': 'L', 'hp': 453, 'damage': 497, 'level': 15} | logged: Xbow play=False p=0.198
live_play_20261006_171031.jsonl side 1 fires 13
   tick 3598 model_t 181.20 target {'lane': 'L', 'hp': 27, 'damage': 497, 'level': 15} | logged: Knight play=False p=0.026
live_play_20261006_171805.jsonl side 1 fires 1
   tick 4866 model_t 244.60 target {'lane': 'R', 'hp': 32, 'damage': 497, 'level': 15} | logged: Tesla play=False p=0.217
live_play_20261006_195411.jsonl side 1 fires 4
   tick 3757 model_t 189.15 target {'lane': 'R', 'hp': 7, 'damage': 497, 'level': 15} | logged: Knight play=False p=0.280
live_play_20261006_203401.jsonl side 1 fires 3
   tick 4263 model_t 214.45 target {'lane': 'R', 'hp': 471, 'damage': 497, 'level': 15} | logged: Tesla play=False p=0.255
live_play_20261006_205835.jsonl side 0 fires 6
   tick 4079 model_t 205.25 target {'lane': 'R', 'hp': 109, 'damage': 497, 'level': 15} | logged: Tesla play=False p=0.247
live_play_20261006_211401.jsonl side 0 fires 2
   tick 4351 model_t 218.85 target {'lane': 'L', 'hp': 243, 'damage': 497, 'level': 15} | logged: Xbow play=False p=0.310
live_play_20261007_121139.jsonl side 0 fires 1
   tick 5598 model_t 281.20 target {'lane': 'R', 'hp': 110, 'damage': 342, 'level': 11} | logged: Rocket play=True p=0.680
live_play_20261007_184711.jsonl side 0 fires 2
   tick 6200 model_t 311.30 target {'lane': 'R', 'hp': 264, 'damage': 497, 'level': 15} | logged: Rocket play=False p=0.215
live_play_20261007_185231.jsonl side 1 fires 7
   tick 3748 model_t 188.70 target {'lane': 'L', 'hp': 155, 'damage': 497, 'level': 15} | logged: Skeletons play=False p=0.137
live_play_20261007_185632.jsonl side 1 fires 2
   tick 5555 model_t 279.05 target {'lane': 'R', 'hp': 243, 'damage': 497, 'level': 15} | logged: Skeletons play=False p=0.281
live_play_20261007_194026.jsonl side 1 fires 12
   tick 4512 model_t 226.90 target {'lane': 'L', 'hp': 433, 'damage': 497, 'level': 15} | logged: Xbow play=False p=0.039
live_play_20261007_211825.jsonl side 0 fires 1
   tick 5127 model_t 257.65 target {'lane': 'L', 'hp': 161, 'damage': 497, 'level': 15} | logged: Tesla play=True p=0.733
live_play_20261007_221758.jsonl side 1 fires 5
   tick 3598 model_t 181.20 target {'lane': 'L', 'hp': 374, 'damage': 497, 'level': 15} | logged: Skeletons play=False p=0.298
live_play_20261007_223000.jsonl side 0 fires 1
   tick 3959 model_t 199.25 target {'lane': 'R', 'hp': 406, 'damage': 497, 'level': 15} | logged: Rocket play=True p=0.522
live_play_20261008_003700.jsonl side 1 fires 2
   tick 6149 model_t 308.75 target {'lane': 'L', 'hp': 98, 'damage': 497, 'level': 15} | logged: IceWizard play=False p=0.320
live_play_20261008_005958.jsonl side 1 fires 21
   tick 3581 model_t 180.35 target {'lane': 'L', 'hp': 221, 'damage': 497, 'level': 15} | logged: Skeletons play=False p=0.183
live_play_20261008_015121.jsonl side 1 fires 27
   tick 3895 model_t 196.05 target {'lane': 'L', 'hp': 124, 'damage': 497, 'level': 15} | logged: Log play=False p=0.076
live_play_20261008_032136.jsonl side 1 fires 1
   tick 3675 model_t 185.05 target {'lane': 'L', 'hp': 250, 'damage': 497, 'level': 15} | logged: Log play=False p=0.236
live_play_20261008_032447.jsonl side 0 fires 2
   tick 6193 model_t 310.95 target {'lane': 'L', 'hp': 309, 'damage': 497, 'level': 15} | logged: Rocket play=False p=0.308
live_play_20261008_044029.jsonl side 1 fires 2
   tick 3641 model_t 183.35 target {'lane': 'R', 'hp': 257, 'damage': 497, 'level': 15} | logged: Knight play=False p=0.520
live_play_20261008_050135.jsonl side 1 fires 4
   tick 3578 model_t 180.20 target {'lane': 'R', 'hp': 108, 'damage': 497, 'level': 15} | logged: Xbow play=False p=0.483
live_play_20261008_051147.jsonl side 1 fires 3
   tick 5095 model_t 256.05 target {'lane': 'L', 'hp': 450, 'damage': 497, 'level': 15} | logged: Rocket play=False p=0.265
live_play_20261008_052647.jsonl side 1 fires 8
   tick 5015 model_t 252.05 target {'lane': 'L', 'hp': 344, 'damage': 497, 'level': 15} | logged: IceWizard play=False p=0.460
live_play_20261008_064904.jsonl side 1 fires 16
   tick 5298 model_t 266.20 target {'lane': 'L', 'hp': 272, 'damage': 497, 'level': 15} | logged: IceWizard play=False p=0.446
live_play_20261008_065416.jsonl side 1 fires 15
   tick 4827 model_t 242.65 target {'lane': 'R', 'hp': 436, 'damage': 497, 'level': 15} | logged: Xbow play=False p=0.344
live_play_20261008_070456.jsonl side 0 fires 5
   tick 3576 model_t 180.10 target {'lane': 'R', 'hp': 72, 'damage': 497, 'level': 15} | logged: Rocket play=False p=0.373
live_play_20261008_070820.jsonl side 1 fires 4
   tick 3618 model_t 182.20 target {'lane': 'L', 'hp': 453, 'damage': 497, 'level': 15} | logged: Skeletons play=False p=0.478
live_play_20261008_071136.jsonl side 1 fires 2
   tick 3579 model_t 180.25 target {'lane': 'R', 'hp': 351, 'damage': 497, 'level': 15} | logged: Knight play=False p=0.490
live_play_20261008_072007.jsonl side 1 fires 22
   tick 3721 model_t 187.35 target {'lane': 'R', 'hp': 475, 'damage': 497, 'level': 15} | logged: Knight play=False p=0.354
live_play_20261008_080911.jsonl side 0 fires 4
   tick 3694 model_t 186.00 target {'lane': 'L', 'hp': 453, 'damage': 497, 'level': 15} | logged: Rocket play=False p=0.342
live_play_20261008_083933.jsonl side 0 fires 3
   tick 4922 model_t 247.40 target {'lane': 'L', 'hp': 188, 'damage': 497, 'level': 15} | logged: Tesla play=False p=0.460
live_play_20261008_092112.jsonl side 1 fires 7
   tick 4700 model_t 236.30 target {'lane': 'R', 'hp': 234, 'damage': 497, 'level': 15} | logged: Tesla play=False p=0.447
live_play_20261008_112455.jsonl side 1 fires 6
   tick 3948 model_t 198.70 target {'lane': 'R', 'hp': 210, 'damage': 497, 'level': 15} | logged: Rocket play=False p=0.157
live_play_20261008_124644.jsonl side 1 fires 4
   tick 6104 model_t 306.50 target {'lane': 'L', 'hp': 184, 'damage': 342, 'level': 11} | logged: Rocket play=False p=0.194
live_play_20261008_125939.jsonl side 1 fires 4
   tick 4038 model_t 203.20 target {'lane': 'R', 'hp': 221, 'damage': 497, 'level': 15} | logged: IceWizard play=False p=0.459
live_play_20261008_131352.jsonl side 1 fires 19
   tick 3851 model_t 193.85 target {'lane': 'L', 'hp': 453, 'damage': 497, 'level': 15} | logged: Tesla play=False p=0.301
live_play_20261008_132358.jsonl side 1 fires 3
   tick 4725 model_t 237.55 target {'lane': 'R', 'hp': 426, 'damage': 497, 'level': 15} | logged: Rocket play=False p=0.500
{'matches': 498, 'fired_matches': 54, 'fires': 323, 'reg_fires': np.int64(0)}
