/home/clashbot-gauntlet/lethal/repo/pipeline/model_v3.py:92: UserWarning: enable_nested_tensor is True, but self.use_nested_tensor is False because encoder_layer.norm_first was True
  self.encoder = nn.TransformerEncoder(enc, layers)
side 1; grid lattice; rocket radius 2.000 tiles; princess collision radius 1.000; decisions 391
deck {7: ('Log', 0), 6: ('Skeletons', 0), 4: ('Xbow', 0), 1: ('IceWizard', 2), 0: ('Knight', 1), 5: ('Rocket', 0), 3: ('Tornado', 0), 2: ('Tesla', 1)}
VALIDATION n=355: |dp| median 0.00809 p90 0.07298 max 0.27638; |dp|<1e-3 0.296 <1e-2 0.518; top card agrees 344/355; xy agrees (wait rows + Rocket rows, same card) 275/295
disagreements (tick, logged p, replay p, logged card, replay card): 173
   (619, 0.1728, 0.1381, 'Knight', 'Knight')
   (629, 0.1902, 0.1532, 'Knight', 'Knight')
   (1588, 0.0996, 0.0804, 'Log', 'Log')
   (1598, 0.0696, 0.0547, 'Log', 'Log')
   (2108, 0.0877, 0.0436, 'Knight', 'Knight')
   (2118, 0.1158, 0.056, 'Knight', 'Knight')
   (2128, 0.1919, 0.1005, 'Knight', 'Knight')
   (2138, 0.1597, 0.087, 'Knight', 'Knight')
   (2188, 0.1516, 0.0687, 'Knight', 'Knight')
   (2198, 0.1361, 0.0622, 'Knight', 'Knight')
   (2208, 0.0388, 0.0173, 'Knight', 'Knight')
   (2218, 0.0375, 0.017, 'Knight', 'Knight')
   (2228, 0.0373, 0.0169, 'Knight', 'Knight')
   (2239, 0.0378, 0.0172, 'Knight', 'Knight')
   (2250, 0.0397, 0.0183, 'Knight', 'Knight')
   (2260, 0.0388, 0.0179, 'Knight', 'Knight')
   (2270, 0.0395, 0.0181, 'Knight', 'Knight')
   (2280, 0.044, 0.0198, 'Knight', 'Knight')
   (2290, 0.0417, 0.0188, 'Knight', 'Knight')
   (2300, 0.0422, 0.0155, 'Knight', 'Knight')
   (2311, 0.0492, 0.018, 'Knight', 'Knight')
   (2322, 0.0746, 0.0644, 'Knight', 'Knight')
   (2352, 0.1423, 0.128, 'Knight', 'Knight')
   (2362, 0.2197, 0.2023, 'Knight', 'Knight')
   (2373, 0.3651, 0.3494, 'Knight', 'Knight')
window 3840-4304 max |dp| 0.06820, card agree 35/39

Q1 per decision 3840..4304 (variants base / cr = +CellRefine / full = +TowerRefine = live)
tick 3840 logged p 0.302 tau 0.55 play False Tornado xy [0.8055555555555556, 0.453125] el 5.75
    base {"p": 0.2824, "card": {"Tornado": 0.5009, "Rocket": 0.0, "Xbow": 0.0, "Tesla": 0.4991}, "top": "Tornado", "rk_mass": {"L": 0.2032, "L_hit": 0.4275, "R": 0.1727, "R_hit": 0.404}, "rk_argmax": [12.5, 8.5, "R_tower"], "rk_area": [4.0, 8.0, "L_tower", 0.3948], "rk_area_at_tower": {"L": 0.3948, "R": 0.3805}}
    cr {"p": 0.2824, "card": {"Tornado": 0.5009, "Rocket": 0.0, "Xbow": 0.0, "Tesla": 0.4991}, "top": "Tornado", "rk_mass": {"L": 0.1594, "L_hit": 0.3704, "R": 0.2075, "R_hit": 0.5193}, "rk_argmax": [12.5, 8.5, "R_tower"], "rk_area": [14.0, 8.0, "R_tower", 0.5008], "rk_area_at_tower": {"L": 0.3542, "R": 0.5008}}
    full {"p": 0.2824, "card": {"Tornado": 0.4314, "Rocket": 0.0, "Xbow": 0.0, "Tesla": 0.5686}, "top": "Tesla", "rk_mass": {"L": 0.2773, "L_hit": 0.4602, "R": 0.2265, "R_hit": 0.5066}, "rk_argmax": [12.5, 8.5, "R_tower"], "rk_area": [14.0, 7.5, "R_tower", 0.4983], "rk_area_at_tower": {"L": 0.4511, "R": 0.4983}}
tick 3851 logged p 0.301 tau 0.55 play False Tesla xy [0.6666666666666666, 0.5625] el 6.14
    base {"p": 0.291, "card": {"Tornado": 0.324, "Rocket": 0.0264, "Xbow": 0.2071, "Tesla": 0.4425}, "top": "Tesla", "rk_mass": {"L": 0.2119, "L_hit": 0.4391, "R": 0.1736, "R_hit": 0.4028}, "rk_argmax": [12.5, 8.5, "R_tower"], "rk_area": [4.0, 8.0, "L_tower", 0.4037], "rk_area_at_tower": {"L": 0.4037, "R": 0.3771}}
    cr {"p": 0.291, "card": {"Tornado": 0.324, "Rocket": 0.0264, "Xbow": 0.2071, "Tesla": 0.4425}, "top": "Tesla", "rk_mass": {"L": 0.1646, "L_hit": 0.384, "R": 0.211, "R_hit": 0.5156}, "rk_argmax": [12.5, 8.5, "R_tower"], "rk_area": [14.0, 8.0, "R_tower", 0.4957], "rk_area_at_tower": {"L": 0.3659, "R": 0.4957}}
    full {"p": 0.291, "card": {"Tornado": 0.3068, "Rocket": 0.0383, "Xbow": 0.0487, "Tesla": 0.6061}, "top": "Tesla", "rk_mass": {"L": 0.2853, "L_hit": 0.4822, "R": 0.2217, "R_hit": 0.4854}, "rk_argmax": [12.5, 8.5, "R_tower"], "rk_area": [14.0, 7.5, "R_tower", 0.4772], "rk_area_at_tower": {"L": 0.4729, "R": 0.4772}}
tick 3862 logged p 0.284 tau 0.55 play False Tesla xy [0.6666666666666666, 0.5625] el 6.54
    base {"p": 0.2801, "card": {"Tornado": 0.2367, "Rocket": 0.0454, "Xbow": 0.3423, "Tesla": 0.3756}, "top": "Tesla", "rk_mass": {"L": 0.2281, "L_hit": 0.4593, "R": 0.1762, "R_hit": 0.3939}, "rk_argmax": [12.5, 8.5, "R_tower"], "rk_area": [4.0, 7.5, "L_tower", 0.4207], "rk_area_at_tower": {"L": 0.4207, "R": 0.3654}}
    cr {"p": 0.2801, "card": {"Tornado": 0.2367, "Rocket": 0.0454, "Xbow": 0.3423, "Tesla": 0.3756}, "top": "Tesla", "rk_mass": {"L": 0.1778, "L_hit": 0.4049, "R": 0.211, "R_hit": 0.5008}, "rk_argmax": [12.5, 8.5, "R_tower"], "rk_area": [14.0, 8.0, "R_tower", 0.4787], "rk_area_at_tower": {"L": 0.3842, "R": 0.4787}}
    full {"p": 0.2801, "card": {"Tornado": 0.2157, "Rocket": 0.0849, "Xbow": 0.1373, "Tesla": 0.5622}, "top": "Tesla", "rk_mass": {"L": 0.3057, "L_hit": 0.518, "R": 0.2103, "R_hit": 0.4465}, "rk_argmax": [12.5, 8.5, "R_tower"], "rk_area": [4.0, 7.5, "L_tower", 0.508], "rk_area_at_tower": {"L": 0.508, "R": 0.4385}}
tick 3872 logged p 0.304 tau 0.55 play False Tesla xy [0.6666666666666666, 0.5625] el 6.89
    base {"p": 0.3045, "card": {"Tornado": 0.2432, "Rocket": 0.0566, "Xbow": 0.4049, "Tesla": 0.2953}, "top": "Xbow", "rk_mass": {"L": 0.2358, "L_hit": 0.4691, "R": 0.1632, "R_hit": 0.3585}, "rk_argmax": [5.5, 8.5, "L_tower"], "rk_area": [4.0, 7.5, "L_tower", 0.429], "rk_area_at_tower": {"L": 0.429, "R": 0.3313}}
    cr {"p": 0.3045, "card": {"Tornado": 0.2432, "Rocket": 0.0566, "Xbow": 0.4049, "Tesla": 0.2953}, "top": "Xbow", "rk_mass": {"L": 0.186, "L_hit": 0.4307, "R": 0.1913, "R_hit": 0.4559}, "rk_argmax": [12.5, 8.5, "R_tower"], "rk_area": [14.0, 8.0, "R_tower", 0.4351], "rk_area_at_tower": {"L": 0.408, "R": 0.4351}}
    full {"p": 0.3045, "card": {"Tornado": 0.2068, "Rocket": 0.1043, "Xbow": 0.2239, "Tesla": 0.465}, "top": "Tesla", "rk_mass": {"L": 0.3236, "L_hit": 0.5533, "R": 0.1887, "R_hit": 0.3981}, "rk_argmax": [5.5, 8.5, "L_tower"], "rk_area": [4.0, 7.5, "L_tower", 0.5422], "rk_area_at_tower": {"L": 0.5422, "R": 0.3907}}
tick 3880 logged p 0.684 tau 0.55 play True Tesla xy [0.5, 0.65625] el 7.18
    base {"p": 0.6717, "card": {"Tornado": 0.0572, "Rocket": 0.0264, "Xbow": 0.0209, "Tesla": 0.8956}, "top": "Tesla", "rk_mass": {"L": 0.092, "L_hit": 0.1597, "R": 0.1299, "R_hit": 0.2585}, "rk_argmax": [14.5, 19.5, "R_off"], "rk_area": [14.5, 19.5, "R_off", 0.3877], "rk_area_at_tower": {"L": 0.1524, "R": 0.2474}}
    cr {"p": 0.6717, "card": {"Tornado": 0.0572, "Rocket": 0.0264, "Xbow": 0.0209, "Tesla": 0.8956}, "top": "Tesla", "rk_mass": {"L": 0.0829, "L_hit": 0.163, "R": 0.2257, "R_hit": 0.4979}, "rk_argmax": [13.5, 8.5, "R_tower"], "rk_area": [14.0, 7.5, "R_tower", 0.4811], "rk_area_at_tower": {"L": 0.1586, "R": 0.4811}}
    full {"p": 0.6717, "card": {"Tornado": 0.0495, "Rocket": 0.1396, "Xbow": 0.0173, "Tesla": 0.7936}, "top": "Tesla", "rk_mass": {"L": 0.1912, "L_hit": 0.2854, "R": 0.3437, "R_hit": 0.6684}, "rk_argmax": [13.5, 8.5, "R_tower"], "rk_area": [14.0, 7.5, "R_tower", 0.6615], "rk_area_at_tower": {"L": 0.2823, "R": 0.6615}}
tick 3908 logged p 0.489 tau 0.55 play False Knight xy [0.6388888888888888, 0.671875] el 4.18
    base {"p": 0.4755, "card": {"Tornado": 0.1125, "Rocket": 0.0, "Xbow": 0.0, "Knight": 0.8875}, "top": "Knight", "rk_mass": {"L": 0.0924, "L_hit": 0.1638, "R": 0.1, "R_hit": 0.2093}, "rk_argmax": [13.5, 19.5, "R_off"], "rk_area": [13.5, 20.0, "R_off", 0.3259], "rk_area_at_tower": {"L": 0.1574, "R": 0.2018}}
    cr {"p": 0.4755, "card": {"Tornado": 0.1125, "Rocket": 0.0, "Xbow": 0.0, "Knight": 0.8875}, "top": "Knight", "rk_mass": {"L": 0.0965, "L_hit": 0.185, "R": 0.1684, "R_hit": 0.4369}, "rk_argmax": [12.5, 8.5, "R_tower"], "rk_area": [14.0, 8.0, "R_tower", 0.429], "rk_area_at_tower": {"L": 0.1802, "R": 0.429}}
    full {"p": 0.4755, "card": {"Tornado": 0.1393, "Rocket": 0.0, "Xbow": 0.0, "Knight": 0.8607}, "top": "Knight", "rk_mass": {"L": 0.2027, "L_hit": 0.2842, "R": 0.2888, "R_hit": 0.6649}, "rk_argmax": [12.5, 8.5, "R_tower"], "rk_area": [14.0, 7.5, "R_tower", 0.6608], "rk_area_at_tower": {"L": 0.2807, "R": 0.6608}}
tick 3918 logged p 0.254 tau 0.55 play False Knight xy [0.6388888888888888, 0.640625] el 4.54
    base {"p": 0.2332, "card": {"Tornado": 0.3754, "Rocket": 0.0, "Xbow": 0.0, "Knight": 0.6246}, "top": "Knight", "rk_mass": {"L": 0.2078, "L_hit": 0.426, "R": 0.1636, "R_hit": 0.3488}, "rk_argmax": [5.5, 8.5, "L_tower"], "rk_area": [4.0, 7.5, "L_tower", 0.405], "rk_area_at_tower": {"L": 0.405, "R": 0.3312}}
    cr {"p": 0.2332, "card": {"Tornado": 0.3754, "Rocket": 0.0, "Xbow": 0.0, "Knight": 0.6246}, "top": "Knight", "rk_mass": {"L": 0.162, "L_hit": 0.3917, "R": 0.1716, "R_hit": 0.4439}, "rk_argmax": [12.5, 8.5, "R_tower"], "rk_area": [13.5, 8.0, "R_tower", 0.4369], "rk_area_at_tower": {"L": 0.382, "R": 0.4369}}
    full {"p": 0.2332, "card": {"Tornado": 0.4487, "Rocket": 0.0, "Xbow": 0.0, "Knight": 0.5513}, "top": "Knight", "rk_mass": {"L": 0.2428, "L_hit": 0.4145, "R": 0.2422, "R_hit": 0.554}, "rk_argmax": [12.5, 8.5, "R_tower"], "rk_area": [14.0, 7.5, "R_tower", 0.5495], "rk_area_at_tower": {"L": 0.4065, "R": 0.5495}}
tick 3928 logged p 0.291 tau 0.55 play False Knight xy [0.6388888888888888, 0.671875] el 4.89
    base {"p": 0.2644, "card": {"Tornado": 0.4514, "Rocket": 0.0, "Xbow": 0.0, "Knight": 0.5486}, "top": "Knight", "rk_mass": {"L": 0.2533, "L_hit": 0.4958, "R": 0.1842, "R_hit": 0.3749}, "rk_argmax": [5.5, 8.5, "L_tower"], "rk_area": [4.0, 7.5, "L_tower", 0.4707], "rk_area_at_tower": {"L": 0.4707, "R": 0.3535}}
    cr {"p": 0.2644, "card": {"Tornado": 0.4514, "Rocket": 0.0, "Xbow": 0.0, "Knight": 0.5486}, "top": "Knight", "rk_mass": {"L": 0.1907, "L_hit": 0.4373, "R": 0.1765, "R_hit": 0.4442}, "rk_argmax": [12.5, 8.5, "R_tower"], "rk_area": [13.5, 7.5, "R_tower", 0.4334], "rk_area_at_tower": {"L": 0.4227, "R": 0.4334}}
    full {"p": 0.2644, "card": {"Tornado": 0.4948, "Rocket": 0.0, "Xbow": 0.0, "Knight": 0.5052}, "top": "Knight", "rk_mass": {"L": 0.2854, "L_hit": 0.468, "R": 0.2232, "R_hit": 0.5093}, "rk_argmax": [12.5, 8.5, "R_tower"], "rk_area": [14.0, 7.5, "R_tower", 0.5042], "rk_area_at_tower": {"L": 0.4585, "R": 0.5042}}
tick 3938 logged p 0.276 tau 0.55 play False Knight xy [0.6388888888888888, 0.640625] el 5.25
    base {"p": 0.2485, "card": {"Tornado": 0.2981, "Rocket": 0.0, "Xbow": 0.0, "Knight": 0.7019}, "top": "Knight", "rk_mass": {"L": 0.23, "L_hit": 0.4556, "R": 0.1849, "R_hit": 0.3849}, "rk_argmax": [5.5, 8.5, "L_tower"], "rk_area": [4.0, 7.5, "L_tower", 0.4327], "rk_area_at_tower": {"L": 0.4327, "R": 0.3658}}
    cr {"p": 0.2485, "card": {"Tornado": 0.2981, "Rocket": 0.0, "Xbow": 0.0, "Knight": 0.7019}, "top": "Knight", "rk_mass": {"L": 0.1562, "L_hit": 0.3673, "R": 0.2227, "R_hit": 0.5297}, "rk_argmax": [12.5, 8.5, "R_tower"], "rk_area": [13.5, 8.0, "R_tower", 0.5207], "rk_area_at_tower": {"L": 0.3581, "R": 0.5207}}
    full {"p": 0.2485, "card": {"Tornado": 0.3248, "Rocket": 0.0, "Xbow": 0.0, "Knight": 0.6752}, "top": "Knight", "rk_mass": {"L": 0.2232, "L_hit": 0.3839, "R": 0.2828, "R_hit": 0.5989}, "rk_argmax": [12.5, 8.5, "R_tower"], "rk_area": [14.0, 7.5, "R_tower", 0.5947], "rk_area_at_tower": {"L": 0.3768, "R": 0.5947}}
tick 3948 logged p 0.281 tau 0.55 play False Knight xy [0.6388888888888888, 0.640625] el 5.61
    base {"p": 0.2525, "card": {"Tornado": 0.3456, "Rocket": 0.0, "Xbow": 0.0, "Knight": 0.6544}, "top": "Knight", "rk_mass": {"L": 0.2415, "L_hit": 0.4781, "R": 0.1843, "R_hit": 0.3777}, "rk_argmax": [5.5, 8.5, "L_tower"], "rk_area": [4.0, 7.5, "L_tower", 0.4541], "rk_area_at_tower": {"L": 0.4541, "R": 0.3583}}
    cr {"p": 0.2525, "card": {"Tornado": 0.3456, "Rocket": 0.0, "Xbow": 0.0, "Knight": 0.6544}, "top": "Knight", "rk_mass": {"L": 0.1745, "L_hit": 0.4133, "R": 0.1833, "R_hit": 0.4845}, "rk_argmax": [12.5, 8.5, "R_tower"], "rk_area": [13.5, 8.0, "R_tower", 0.4772], "rk_area_at_tower": {"L": 0.4029, "R": 0.4772}}
    full {"p": 0.2525, "card": {"Tornado": 0.354, "Rocket": 0.0, "Xbow": 0.0, "Knight": 0.646}, "top": "Knight", "rk_mass": {"L": 0.2543, "L_hit": 0.44, "R": 0.2304, "R_hit": 0.5432}, "rk_argmax": [12.5, 8.5, "R_tower"], "rk_area": [14.0, 7.5, "R_tower", 0.5393], "rk_area_at_tower": {"L": 0.4326, "R": 0.5393}}
tick 3958 logged p 0.241 tau 0.55 play False Knight xy [0.6388888888888888, 0.671875] el 5.96
    base {"p": 0.2131, "card": {"Tornado": 0.3987, "Rocket": 0.0, "Xbow": 0.0, "Knight": 0.6013}, "top": "Knight", "rk_mass": {"L": 0.2668, "L_hit": 0.5169, "R": 0.1942, "R_hit": 0.3922}, "rk_argmax": [5.5, 8.5, "L_tower"], "rk_area": [4.0, 7.5, "L_tower", 0.4905], "rk_area_at_tower": {"L": 0.4905, "R": 0.3711}}
    cr {"p": 0.2131, "card": {"Tornado": 0.3987, "Rocket": 0.0, "Xbow": 0.0, "Knight": 0.6013}, "top": "Knight", "rk_mass": {"L": 0.183, "L_hit": 0.4242, "R": 0.1573, "R_hit": 0.5}, "rk_argmax": [12.5, 8.5, "R_tower"], "rk_area": [13.5, 8.0, "R_tower", 0.4922], "rk_area_at_tower": {"L": 0.4111, "R": 0.4922}}
    full {"p": 0.2131, "card": {"Tornado": 0.3801, "Rocket": 0.0, "Xbow": 0.0, "Knight": 0.6199}, "top": "Knight", "rk_mass": {"L": 0.2701, "L_hit": 0.4597, "R": 0.1812, "R_hit": 0.5259}, "rk_argmax": [12.5, 8.5, "R_tower"], "rk_area": [14.0, 7.5, "R_tower", 0.5221], "rk_area_at_tower": {"L": 0.4519, "R": 0.5221}}
tick 3968 logged p 0.181 tau 0.55 play False Knight xy [0.4166666666666667, 0.671875] el 6.32
    base {"p": 0.1556, "card": {"Tornado": 0.3479, "Rocket": 0.0834, "Xbow": 0.1874, "Knight": 0.3814}, "top": "Knight", "rk_mass": {"L": 0.2643, "L_hit": 0.5107, "R": 0.2074, "R_hit": 0.4047}, "rk_argmax": [5.5, 8.5, "L_tower"], "rk_area": [4.0, 7.5, "L_tower", 0.4895], "rk_area_at_tower": {"L": 0.4895, "R": 0.3853}}
    cr {"p": 0.1556, "card": {"Tornado": 0.3479, "Rocket": 0.0834, "Xbow": 0.1874, "Knight": 0.3814}, "top": "Knight", "rk_mass": {"L": 0.1917, "L_hit": 0.4499, "R": 0.2232, "R_hit": 0.4923}, "rk_argmax": [5.5, 8.5, "L_tower"], "rk_area": [13.5, 7.5, "R_tower", 0.4789], "rk_area_at_tower": {"L": 0.4366, "R": 0.4789}}
    full {"p": 0.1556, "card": {"Tornado": 0.3402, "Rocket": 0.1356, "Xbow": 0.0114, "Knight": 0.5128}, "top": "Knight", "rk_mass": {"L": 0.2858, "L_hit": 0.5002, "R": 0.2443, "R_hit": 0.4798}, "rk_argmax": [5.5, 8.5, "L_tower"], "rk_area": [4.0, 7.5, "L_tower", 0.4929], "rk_area_at_tower": {"L": 0.4929, "R": 0.4758}}
tick 3978 logged p 0.194 tau 0.55 play False Knight xy [0.4166666666666667, 0.640625] el 6.68
    base {"p": 0.1674, "card": {"Tornado": 0.2825, "Rocket": 0.1247, "Xbow": 0.2777, "Knight": 0.315}, "top": "Knight", "rk_mass": {"L": 0.2844, "L_hit": 0.524, "R": 0.2161, "R_hit": 0.4146}, "rk_argmax": [5.5, 8.5, "L_tower"], "rk_area": [4.0, 7.5, "L_tower", 0.5003], "rk_area_at_tower": {"L": 0.5003, "R": 0.3939}}
    cr {"p": 0.1674, "card": {"Tornado": 0.2825, "Rocket": 0.1247, "Xbow": 0.2777, "Knight": 0.315}, "top": "Knight", "rk_mass": {"L": 0.2132, "L_hit": 0.4554, "R": 0.2076, "R_hit": 0.4966}, "rk_argmax": [12.5, 8.5, "R_tower"], "rk_area": [13.5, 7.5, "R_tower", 0.4843], "rk_area_at_tower": {"L": 0.4412, "R": 0.4843}}
    full {"p": 0.1674, "card": {"Tornado": 0.2611, "Rocket": 0.2932, "Xbow": 0.0326, "Knight": 0.4131}, "top": "Knight", "rk_mass": {"L": 0.3236, "L_hit": 0.5274, "R": 0.2102, "R_hit": 0.4568}, "rk_argmax": [12.5, 8.5, "R_tower"], "rk_area": [4.0, 7.5, "L_tower", 0.5204], "rk_area_at_tower": {"L": 0.5204, "R": 0.453}}
tick 3988 logged p 0.263 tau 0.55 play False Rocket xy [0.2222222222222222, 0.234375] el 7.04
    base {"p": 0.2323, "card": {"Tornado": 0.2457, "Rocket": 0.1494, "Xbow": 0.3031, "Knight": 0.3019}, "top": "Xbow", "rk_mass": {"L": 0.2864, "L_hit": 0.5329, "R": 0.2107, "R_hit": 0.4065}, "rk_argmax": [5.5, 8.5, "L_tower"], "rk_area": [4.0, 7.5, "L_tower", 0.5047], "rk_area_at_tower": {"L": 0.5047, "R": 0.3848}}
    cr {"p": 0.2323, "card": {"Tornado": 0.2457, "Rocket": 0.1494, "Xbow": 0.3031, "Knight": 0.3019}, "top": "Xbow", "rk_mass": {"L": 0.2035, "L_hit": 0.4481, "R": 0.1821, "R_hit": 0.5058}, "rk_argmax": [12.5, 8.5, "R_tower"], "rk_area": [13.5, 7.5, "R_tower", 0.494], "rk_area_at_tower": {"L": 0.4329, "R": 0.494}}
    full {"p": 0.2323, "card": {"Tornado": 0.2132, "Rocket": 0.386, "Xbow": 0.0506, "Knight": 0.3503}, "top": "Rocket", "rk_mass": {"L": 0.3079, "L_hit": 0.5182, "R": 0.1867, "R_hit": 0.4703}, "rk_argmax": [12.5, 8.5, "R_tower"], "rk_area": [4.0, 7.5, "L_tower", 0.511], "rk_area_at_tower": {"L": 0.511, "R": 0.4666}}
tick 3998 logged p 0.281 tau 0.55 play False Rocket xy [0.2222222222222222, 0.234375] el 7.39
    base {"p": 0.247, "card": {"Tornado": 0.1875, "Rocket": 0.1769, "Xbow": 0.3829, "Knight": 0.2527}, "top": "Xbow", "rk_mass": {"L": 0.2875, "L_hit": 0.5338, "R": 0.2108, "R_hit": 0.4085}, "rk_argmax": [5.5, 8.5, "L_tower"], "rk_area": [4.0, 7.5, "L_tower", 0.5054], "rk_area_at_tower": {"L": 0.5054, "R": 0.3868}}
    cr {"p": 0.247, "card": {"Tornado": 0.1875, "Rocket": 0.1769, "Xbow": 0.3829, "Knight": 0.2527}, "top": "Xbow", "rk_mass": {"L": 0.2046, "L_hit": 0.4495, "R": 0.1841, "R_hit": 0.507}, "rk_argmax": [12.5, 8.5, "R_tower"], "rk_area": [13.5, 7.5, "R_tower", 0.4949], "rk_area_at_tower": {"L": 0.4341, "R": 0.4949}}
    full {"p": 0.247, "card": {"Tornado": 0.1502, "Rocket": 0.4736, "Xbow": 0.0916, "Knight": 0.2846}, "top": "Rocket", "rk_mass": {"L": 0.3144, "L_hit": 0.5346, "R": 0.1821, "R_hit": 0.4542}, "rk_argmax": [12.5, 8.5, "R_tower"], "rk_area": [4.0, 7.5, "L_tower", 0.5275], "rk_area_at_tower": {"L": 0.5275, "R": 0.4505}}
tick 4008 logged p 0.319 tau 0.55 play False Rocket xy [0.2222222222222222, 0.234375] el 7.75
    base {"p": 0.2815, "card": {"Tornado": 0.1553, "Rocket": 0.1896, "Xbow": 0.4294, "Knight": 0.2258}, "top": "Xbow", "rk_mass": {"L": 0.2921, "L_hit": 0.5348, "R": 0.2134, "R_hit": 0.4107}, "rk_argmax": [5.5, 8.5, "L_tower"], "rk_area": [4.0, 7.5, "L_tower", 0.5048], "rk_area_at_tower": {"L": 0.5048, "R": 0.3881}}
    cr {"p": 0.2815, "card": {"Tornado": 0.1553, "Rocket": 0.1896, "Xbow": 0.4294, "Knight": 0.2258}, "top": "Xbow", "rk_mass": {"L": 0.2131, "L_hit": 0.453, "R": 0.193, "R_hit": 0.5071}, "rk_argmax": [12.5, 8.5, "R_tower"], "rk_area": [13.5, 7.5, "R_tower", 0.4937], "rk_area_at_tower": {"L": 0.4365, "R": 0.4937}}
    full {"p": 0.2815, "card": {"Tornado": 0.1207, "Rocket": 0.4912, "Xbow": 0.1365, "Knight": 0.2516}, "top": "Rocket", "rk_mass": {"L": 0.3299, "L_hit": 0.5516, "R": 0.184, "R_hit": 0.4374}, "rk_argmax": [12.5, 8.5, "R_tower"], "rk_area": [4.0, 7.5, "L_tower", 0.5443], "rk_area_at_tower": {"L": 0.5443, "R": 0.4335}}
tick 4018 logged p 0.377 tau 0.55 play False Rocket xy [0.2222222222222222, 0.234375] el 8.11
    base {"p": 0.3308, "card": {"Tornado": 0.1293, "Rocket": 0.1962, "Xbow": 0.4637, "Knight": 0.2108}, "top": "Xbow", "rk_mass": {"L": 0.2905, "L_hit": 0.5343, "R": 0.2121, "R_hit": 0.411}, "rk_argmax": [5.5, 8.5, "L_tower"], "rk_area": [4.0, 7.5, "L_tower", 0.5037], "rk_area_at_tower": {"L": 0.5037, "R": 0.3881}}
    cr {"p": 0.3308, "card": {"Tornado": 0.1293, "Rocket": 0.1962, "Xbow": 0.4637, "Knight": 0.2108}, "top": "Xbow", "rk_mass": {"L": 0.2127, "L_hit": 0.4535, "R": 0.1932, "R_hit": 0.5066}, "rk_argmax": [12.5, 8.5, "R_tower"], "rk_area": [13.5, 7.5, "R_tower", 0.493], "rk_area_at_tower": {"L": 0.4366, "R": 0.493}}
    full {"p": 0.3308, "card": {"Tornado": 0.1059, "Rocket": 0.4585, "Xbow": 0.1874, "Knight": 0.2482}, "top": "Rocket", "rk_mass": {"L": 0.3327, "L_hit": 0.5628, "R": 0.18, "R_hit": 0.4262}, "rk_argmax": [12.5, 8.5, "R_tower"], "rk_area": [4.0, 7.5, "L_tower", 0.5555], "rk_area_at_tower": {"L": 0.5555, "R": 0.4222}}
tick 4028 logged p 0.313 tau 0.55 play False Rocket xy [0.2222222222222222, 0.234375] el 8.46
    base {"p": 0.2645, "card": {"Tornado": 0.0227, "Rocket": 0.2405, "Xbow": 0.5751, "Knight": 0.1617}, "top": "Xbow", "rk_mass": {"L": 0.2649, "L_hit": 0.5511, "R": 0.1784, "R_hit": 0.378}, "rk_argmax": [5.5, 8.5, "L_tower"], "rk_area": [4.0, 7.5, "L_tower", 0.5034], "rk_area_at_tower": {"L": 0.5034, "R": 0.3417}}
    cr {"p": 0.2645, "card": {"Tornado": 0.0227, "Rocket": 0.2405, "Xbow": 0.5751, "Knight": 0.1617}, "top": "Xbow", "rk_mass": {"L": 0.2107, "L_hit": 0.5091, "R": 0.1905, "R_hit": 0.4426}, "rk_argmax": [4.5, 8.5, "L_tower"], "rk_area": [4.0, 8.0, "L_tower", 0.4805], "rk_area_at_tower": {"L": 0.4805, "R": 0.4146}}
    full {"p": 0.2645, "card": {"Tornado": 0.014, "Rocket": 0.4326, "Xbow": 0.3671, "Knight": 0.1862}, "top": "Rocket", "rk_mass": {"L": 0.3311, "L_hit": 0.66, "R": 0.1524, "R_hit": 0.3204}, "rk_argmax": [5.5, 8.5, "L_tower"], "rk_area": [4.0, 7.5, "L_tower", 0.6486], "rk_area_at_tower": {"L": 0.6486, "R": 0.3122}}
tick 4038 logged p 0.436 tau 0.55 play False Xbow xy [0.1388888888888889, 0.609375] el 8.82
    base {"p": 0.3777, "card": {"Tornado": 0.0199, "Rocket": 0.2339, "Xbow": 0.5597, "Knight": 0.1865}, "top": "Xbow", "rk_mass": {"L": 0.2603, "L_hit": 0.5487, "R": 0.1768, "R_hit": 0.3787}, "rk_argmax": [5.5, 8.5, "L_tower"], "rk_area": [4.0, 7.5, "L_tower", 0.4993], "rk_area_at_tower": {"L": 0.4993, "R": 0.3409}}
    cr {"p": 0.3777, "card": {"Tornado": 0.0199, "Rocket": 0.2339, "Xbow": 0.5597, "Knight": 0.1865}, "top": "Xbow", "rk_mass": {"L": 0.2082, "L_hit": 0.5073, "R": 0.1892, "R_hit": 0.4428}, "rk_argmax": [4.5, 8.5, "L_tower"], "rk_area": [4.0, 8.0, "L_tower", 0.4776], "rk_area_at_tower": {"L": 0.4776, "R": 0.4135}}
    full {"p": 0.3777, "card": {"Tornado": 0.0133, "Rocket": 0.353, "Xbow": 0.4014, "Knight": 0.2323}, "top": "Xbow", "rk_mass": {"L": 0.3259, "L_hit": 0.6621, "R": 0.1502, "R_hit": 0.3181}, "rk_argmax": [5.5, 8.5, "L_tower"], "rk_area": [4.0, 7.5, "L_tower", 0.6506], "rk_area_at_tower": {"L": 0.6506, "R": 0.3092}}
tick 4040 logged p 0.817 tau 0.55 play True Knight xy [0.5277777777777778, 0.734375] el 8.89
    base {"p": 0.789, "card": {"Tornado": 0.025, "Rocket": 0.1192, "Xbow": 0.0631, "Knight": 0.7928}, "top": "Knight", "rk_mass": {"L": 0.1074, "L_hit": 0.1986, "R": 0.1889, "R_hit": 0.3992}, "rk_argmax": [12.5, 8.5, "R_tower"], "rk_area": [14.0, 8.0, "R_tower", 0.3717], "rk_area_at_tower": {"L": 0.1837, "R": 0.3717}}
    cr {"p": 0.789, "card": {"Tornado": 0.025, "Rocket": 0.1192, "Xbow": 0.0631, "Knight": 0.7928}, "top": "Knight", "rk_mass": {"L": 0.1003, "L_hit": 0.2007, "R": 0.2332, "R_hit": 0.5221}, "rk_argmax": [13.5, 8.5, "R_tower"], "rk_area": [14.0, 8.0, "R_tower", 0.4946], "rk_area_at_tower": {"L": 0.1899, "R": 0.4946}}
    full {"p": 0.789, "card": {"Tornado": 0.0129, "Rocket": 0.2295, "Xbow": 0.0856, "Knight": 0.6719}, "top": "Knight", "rk_mass": {"L": 0.2129, "L_hit": 0.3459, "R": 0.2986, "R_hit": 0.6087}, "rk_argmax": [13.5, 8.5, "R_tower"], "rk_area": [14.0, 7.5, "R_tower", 0.5947], "rk_area_at_tower": {"L": 0.3411, "R": 0.5947}}
tick 4068 logged p 0.725 tau 0.55 play True IceWizard xy [0.5277777777777778, 0.703125] el 6.89
    base {"p": 0.7302, "card": {"Tornado": 0.0083, "Rocket": 0.0323, "Xbow": 0.0038, "IceWizard": 0.9556}, "top": "IceWizard", "rk_mass": {"L": 0.065, "L_hit": 0.1121, "R": 0.0832, "R_hit": 0.1706}, "rk_argmax": [13.5, 19.5, "R_off"], "rk_area": [14.0, 19.5, "R_off", 0.5194], "rk_area_at_tower": {"L": 0.1054, "R": 0.1617}}
    cr {"p": 0.7302, "card": {"Tornado": 0.0083, "Rocket": 0.0323, "Xbow": 0.0038, "IceWizard": 0.9556}, "top": "IceWizard", "rk_mass": {"L": 0.0699, "L_hit": 0.127, "R": 0.1326, "R_hit": 0.3063}, "rk_argmax": [13.5, 19.5, "R_off"], "rk_area": [14.5, 19.5, "R_off", 0.4511], "rk_area_at_tower": {"L": 0.1222, "R": 0.2963}}
    full {"p": 0.7302, "card": {"Tornado": 0.0045, "Rocket": 0.0691, "Xbow": 0.0023, "IceWizard": 0.9241}, "top": "IceWizard", "rk_mass": {"L": 0.2276, "L_hit": 0.3237, "R": 0.2845, "R_hit": 0.5863}, "rk_argmax": [12.5, 8.5, "R_tower"], "rk_area": [14.0, 7.5, "R_tower", 0.5775], "rk_area_at_tower": {"L": 0.3202, "R": 0.5775}}
tick 4096 logged p 0.677 tau 0.55 play True Log xy [0.6944444444444444, 0.671875] el 4.89
    base {"p": 0.6766, "card": {"Tornado": 0.0699, "Rocket": 0.0, "Xbow": 0.0, "Log": 0.9301}, "top": "Log", "rk_mass": {"L": 0.0871, "L_hit": 0.1636, "R": 0.104, "R_hit": 0.2402}, "rk_argmax": [14.5, 16.5, "R_off"], "rk_area": [13.5, 18.0, "R_off", 0.4334], "rk_area_at_tower": {"L": 0.1574, "R": 0.2327}}
    cr {"p": 0.6766, "card": {"Tornado": 0.0699, "Rocket": 0.0, "Xbow": 0.0, "Log": 0.9301}, "top": "Log", "rk_mass": {"L": 0.1189, "L_hit": 0.2233, "R": 0.1964, "R_hit": 0.4447}, "rk_argmax": [13.5, 8.5, "R_tower"], "rk_area": [14.0, 8.0, "R_tower", 0.4369], "rk_area_at_tower": {"L": 0.2186, "R": 0.4369}}
    full {"p": 0.6766, "card": {"Tornado": 0.1005, "Rocket": 0.0, "Xbow": 0.0, "Log": 0.8995}, "top": "Log", "rk_mass": {"L": 0.2351, "L_hit": 0.3219, "R": 0.3087, "R_hit": 0.6065}, "rk_argmax": [13.5, 7.5, "R_tower"], "rk_area": [14.0, 7.5, "R_tower", 0.602], "rk_area_at_tower": {"L": 0.319, "R": 0.602}}
tick 4126 logged p 0.813 tau 0.55 play True Skeletons xy [0.9166666666666666, 0.546875] el 3.96
    base {"p": 0.8233, "card": {"Tornado": 0.0577, "Rocket": 0.0, "Xbow": 0.0, "Skeletons": 0.9423}, "top": "Skeletons", "rk_mass": {"L": 0.1413, "L_hit": 0.2563, "R": 0.1546, "R_hit": 0.358}, "rk_argmax": [12.5, 8.5, "R_tower"], "rk_area": [14.0, 8.0, "R_tower", 0.3476], "rk_area_at_tower": {"L": 0.2446, "R": 0.3476}}
    cr {"p": 0.8233, "card": {"Tornado": 0.0577, "Rocket": 0.0, "Xbow": 0.0, "Skeletons": 0.9423}, "top": "Skeletons", "rk_mass": {"L": 0.1475, "L_hit": 0.2766, "R": 0.2005, "R_hit": 0.4908}, "rk_argmax": [12.5, 8.5, "R_tower"], "rk_area": [14.0, 8.0, "R_tower", 0.4881], "rk_area_at_tower": {"L": 0.2687, "R": 0.4881}}
    full {"p": 0.8233, "card": {"Tornado": 0.1142, "Rocket": 0.0, "Xbow": 0.0, "Skeletons": 0.8858}, "top": "Skeletons", "rk_mass": {"L": 0.268, "L_hit": 0.3623, "R": 0.2859, "R_hit": 0.6057}, "rk_argmax": [12.5, 8.5, "R_tower"], "rk_area": [14.0, 7.5, "R_tower", 0.6007], "rk_area_at_tower": {"L": 0.3585, "R": 0.6007}}
tick 4154 logged p 0.266 tau 0.55 play False Tornado xy [0.6944444444444444, 0.578125] el 3.96
    base {"p": 0.2669, "card": {"Tornado": 1.0, "Rocket": 0.0, "Xbow": 0.0, "Tesla": 0.0}, "top": "Tornado", "rk_mass": {"L": 0.206, "L_hit": 0.3871, "R": 0.2519, "R_hit": 0.553}, "rk_argmax": [12.5, 8.5, "R_tower"], "rk_area": [14.0, 7.5, "R_tower", 0.5315], "rk_area_at_tower": {"L": 0.3751, "R": 0.5315}}
    cr {"p": 0.2669, "card": {"Tornado": 1.0, "Rocket": 0.0, "Xbow": 0.0, "Tesla": 0.0}, "top": "Tornado", "rk_mass": {"L": 0.1669, "L_hit": 0.3352, "R": 0.2503, "R_hit": 0.6237}, "rk_argmax": [12.5, 8.5, "R_tower"], "rk_area": [14.0, 8.0, "R_tower", 0.6128], "rk_area_at_tower": {"L": 0.3295, "R": 0.6128}}
    full {"p": 0.2669, "card": {"Tornado": 1.0, "Rocket": 0.0, "Xbow": 0.0, "Tesla": 0.0}, "top": "Tornado", "rk_mass": {"L": 0.252, "L_hit": 0.3633, "R": 0.2794, "R_hit": 0.6287}, "rk_argmax": [12.5, 8.5, "R_tower"], "rk_area": [14.0, 7.5, "R_tower", 0.6244], "rk_area_at_tower": {"L": 0.3597, "R": 0.6244}}
tick 4164 logged p 0.182 tau 0.55 play False Tornado xy [0.75, 0.515625] el 4.32
    base {"p": 0.1719, "card": {"Tornado": 0.5638, "Rocket": 0.0, "Xbow": 0.0, "Tesla": 0.4362}, "top": "Tornado", "rk_mass": {"L": 0.2112, "L_hit": 0.392, "R": 0.2453, "R_hit": 0.5453}, "rk_argmax": [12.5, 8.5, "R_tower"], "rk_area": [14.0, 7.5, "R_tower", 0.5204], "rk_area_at_tower": {"L": 0.3763, "R": 0.5204}}
    cr {"p": 0.1719, "card": {"Tornado": 0.5638, "Rocket": 0.0, "Xbow": 0.0, "Tesla": 0.4362}, "top": "Tornado", "rk_mass": {"L": 0.1626, "L_hit": 0.3197, "R": 0.2439, "R_hit": 0.6373}, "rk_argmax": [12.5, 8.5, "R_tower"], "rk_area": [14.0, 8.0, "R_tower", 0.6228], "rk_area_at_tower": {"L": 0.3115, "R": 0.6228}}
    full {"p": 0.1719, "card": {"Tornado": 0.9581, "Rocket": 0.0, "Xbow": 0.0, "Tesla": 0.0419}, "top": "Tornado", "rk_mass": {"L": 0.2611, "L_hit": 0.3778, "R": 0.2545, "R_hit": 0.6126}, "rk_argmax": [12.5, 8.5, "R_tower"], "rk_area": [14.0, 7.5, "R_tower", 0.6076], "rk_area_at_tower": {"L": 0.3735, "R": 0.6076}}
tick 4174 logged p 0.209 tau 0.55 play False Tornado xy [0.75, 0.515625] el 4.68
    base {"p": 0.1937, "card": {"Tornado": 0.3582, "Rocket": 0.0, "Xbow": 0.0, "Tesla": 0.6418}, "top": "Tesla", "rk_mass": {"L": 0.2188, "L_hit": 0.4015, "R": 0.2349, "R_hit": 0.5311}, "rk_argmax": [12.5, 8.5, "R_tower"], "rk_area": [14.0, 7.5, "R_tower", 0.5067], "rk_area_at_tower": {"L": 0.3841, "R": 0.5067}}
    cr {"p": 0.1937, "card": {"Tornado": 0.3582, "Rocket": 0.0, "Xbow": 0.0, "Tesla": 0.6418}, "top": "Tesla", "rk_mass": {"L": 0.1664, "L_hit": 0.3151, "R": 0.2404, "R_hit": 0.6388}, "rk_argmax": [12.5, 8.5, "R_tower"], "rk_area": [14.0, 8.0, "R_tower", 0.6244], "rk_area_at_tower": {"L": 0.3054, "R": 0.6244}}
    full {"p": 0.1937, "card": {"Tornado": 0.7309, "Rocket": 0.0, "Xbow": 0.0, "Tesla": 0.2691}, "top": "Tornado", "rk_mass": {"L": 0.2741, "L_hit": 0.3848, "R": 0.2477, "R_hit": 0.6059}, "rk_argmax": [12.5, 8.5, "R_tower"], "rk_area": [14.0, 7.5, "R_tower", 0.6007], "rk_area_at_tower": {"L": 0.3801, "R": 0.6007}}
tick 4184 logged p 0.146 tau 0.55 play False Tornado xy [0.8055555555555556, 0.484375] el 3.03
    base {"p": 0.1452, "card": {"Tornado": 1.0, "Rocket": 0.0, "Xbow": 0.0, "Tesla": 0.0}, "top": "Tornado", "rk_mass": {"L": 0.2367, "L_hit": 0.4181, "R": 0.235, "R_hit": 0.531}, "rk_argmax": [12.5, 8.5, "R_tower"], "rk_area": [14.0, 7.5, "R_tower", 0.5073], "rk_area_at_tower": {"L": 0.3999, "R": 0.5073}}
    cr {"p": 0.1452, "card": {"Tornado": 1.0, "Rocket": 0.0, "Xbow": 0.0, "Tesla": 0.0}, "top": "Tornado", "rk_mass": {"L": 0.1806, "L_hit": 0.326, "R": 0.2496, "R_hit": 0.6383}, "rk_argmax": [12.5, 8.5, "R_tower"], "rk_area": [14.0, 8.0, "R_tower", 0.6239], "rk_area_at_tower": {"L": 0.3162, "R": 0.6239}}
    full {"p": 0.1452, "card": {"Tornado": 1.0, "Rocket": 0.0, "Xbow": 0.0, "Tesla": 0.0}, "top": "Tornado", "rk_mass": {"L": 0.3022, "L_hit": 0.4103, "R": 0.2496, "R_hit": 0.5812}, "rk_argmax": [12.5, 8.5, "R_tower"], "rk_area": [14.0, 7.5, "R_tower", 0.5768], "rk_area_at_tower": {"L": 0.4046, "R": 0.5768}}
tick 4194 logged p 0.148 tau 0.55 play False Tornado xy [0.8055555555555556, 0.484375] el 3.39
    base {"p": 0.1474, "card": {"Tornado": 1.0, "Rocket": 0.0, "Xbow": 0.0, "Tesla": 0.0}, "top": "Tornado", "rk_mass": {"L": 0.2151, "L_hit": 0.3927, "R": 0.2294, "R_hit": 0.547}, "rk_argmax": [12.5, 8.5, "R_tower"], "rk_area": [14.0, 7.5, "R_tower", 0.5213], "rk_area_at_tower": {"L": 0.3733, "R": 0.5213}}
    cr {"p": 0.1474, "card": {"Tornado": 1.0, "Rocket": 0.0, "Xbow": 0.0, "Tesla": 0.0}, "top": "Tornado", "rk_mass": {"L": 0.1564, "L_hit": 0.2959, "R": 0.2341, "R_hit": 0.6634}, "rk_argmax": [12.5, 8.5, "R_tower"], "rk_area": [14.0, 8.0, "R_tower", 0.6483], "rk_area_at_tower": {"L": 0.2863, "R": 0.6483}}
    full {"p": 0.1474, "card": {"Tornado": 1.0, "Rocket": 0.0, "Xbow": 0.0, "Tesla": 0.0}, "top": "Tornado", "rk_mass": {"L": 0.2759, "L_hit": 0.389, "R": 0.2272, "R_hit": 0.6002}, "rk_argmax": [12.5, 8.5, "R_tower"], "rk_area": [14.0, 7.5, "R_tower", 0.5952], "rk_area_at_tower": {"L": 0.3828, "R": 0.5952}}
tick 4204 logged p 0.167 tau 0.55 play False Tornado xy [0.8055555555555556, 0.484375] el 3.75
    base {"p": 0.1636, "card": {"Tornado": 1.0, "Rocket": 0.0, "Xbow": 0.0, "Tesla": 0.0}, "top": "Tornado", "rk_mass": {"L": 0.2078, "L_hit": 0.3885, "R": 0.2219, "R_hit": 0.5468}, "rk_argmax": [12.5, 8.5, "R_tower"], "rk_area": [14.0, 8.0, "R_tower", 0.5209], "rk_area_at_tower": {"L": 0.3682, "R": 0.5209}}
    cr {"p": 0.1636, "card": {"Tornado": 1.0, "Rocket": 0.0, "Xbow": 0.0, "Tesla": 0.0}, "top": "Tornado", "rk_mass": {"L": 0.1503, "L_hit": 0.2934, "R": 0.2264, "R_hit": 0.6633}, "rk_argmax": [12.5, 8.5, "R_tower"], "rk_area": [14.0, 8.0, "R_tower", 0.6483], "rk_area_at_tower": {"L": 0.2835, "R": 0.6483}}
    full {"p": 0.1636, "card": {"Tornado": 1.0, "Rocket": 0.0, "Xbow": 0.0, "Tesla": 0.0}, "top": "Tornado", "rk_mass": {"L": 0.2679, "L_hit": 0.3879, "R": 0.2194, "R_hit": 0.6009}, "rk_argmax": [12.5, 8.5, "R_tower"], "rk_area": [14.0, 7.5, "R_tower", 0.5955], "rk_area_at_tower": {"L": 0.3816, "R": 0.5955}}
tick 4214 logged p 0.183 tau 0.55 play False Tornado xy [0.8055555555555556, 0.484375] el 4.10
    base {"p": 0.1763, "card": {"Tornado": 0.3647, "Rocket": 0.0, "Xbow": 0.0, "Tesla": 0.6353}, "top": "Tesla", "rk_mass": {"L": 0.2141, "L_hit": 0.3968, "R": 0.2146, "R_hit": 0.5354}, "rk_argmax": [12.5, 8.5, "R_tower"], "rk_area": [14.0, 8.0, "R_tower", 0.5096], "rk_area_at_tower": {"L": 0.3746, "R": 0.5096}}
    cr {"p": 0.1763, "card": {"Tornado": 0.3647, "Rocket": 0.0, "Xbow": 0.0, "Tesla": 0.6353}, "top": "Tesla", "rk_mass": {"L": 0.1548, "L_hit": 0.3014, "R": 0.2172, "R_hit": 0.6545}, "rk_argmax": [12.5, 8.5, "R_tower"], "rk_area": [14.0, 8.0, "R_tower", 0.6395], "rk_area_at_tower": {"L": 0.2906, "R": 0.6395}}
    full {"p": 0.1763, "card": {"Tornado": 0.615, "Rocket": 0.0, "Xbow": 0.0, "Tesla": 0.385}, "top": "Tornado", "rk_mass": {"L": 0.2736, "L_hit": 0.3993, "R": 0.2096, "R_hit": 0.5894}, "rk_argmax": [12.5, 8.5, "R_tower"], "rk_area": [14.0, 7.5, "R_tower", 0.584], "rk_area_at_tower": {"L": 0.3928, "R": 0.584}}
tick 4224 logged p 0.312 tau 0.55 play False Tornado xy [0.8055555555555556, 0.484375] el 4.46
    base {"p": 0.2612, "card": {"Tornado": 0.3253, "Rocket": 0.0, "Xbow": 0.0, "Tesla": 0.6747}, "top": "Tesla", "rk_mass": {"L": 0.2066, "L_hit": 0.3762, "R": 0.222, "R_hit": 0.5473}, "rk_argmax": [12.5, 8.5, "R_tower"], "rk_area": [14.0, 8.0, "R_tower", 0.5212], "rk_area_at_tower": {"L": 0.3541, "R": 0.5212}}
    cr {"p": 0.2612, "card": {"Tornado": 0.3253, "Rocket": 0.0, "Xbow": 0.0, "Tesla": 0.6747}, "top": "Tesla", "rk_mass": {"L": 0.1513, "L_hit": 0.2893, "R": 0.2305, "R_hit": 0.6606}, "rk_argmax": [12.5, 8.5, "R_tower"], "rk_area": [14.0, 8.0, "R_tower", 0.6452], "rk_area_at_tower": {"L": 0.2787, "R": 0.6452}}
    full {"p": 0.2612, "card": {"Tornado": 0.5561, "Rocket": 0.0, "Xbow": 0.0, "Tesla": 0.4439}, "top": "Tornado", "rk_mass": {"L": 0.256, "L_hit": 0.3645, "R": 0.2349, "R_hit": 0.6237}, "rk_argmax": [12.5, 8.5, "R_tower"], "rk_area": [14.0, 7.5, "R_tower", 0.6172], "rk_area_at_tower": {"L": 0.3587, "R": 0.6172}}
tick 4234 logged p 0.244 tau 0.55 play False Tornado xy [0.8055555555555556, 0.578125] el 4.82
    base {"p": 0.2017, "card": {"Tornado": 0.2726, "Rocket": 0.0, "Xbow": 0.0, "Tesla": 0.7274}, "top": "Tesla", "rk_mass": {"L": 0.2079, "L_hit": 0.4044, "R": 0.201, "R_hit": 0.5193}, "rk_argmax": [12.5, 8.5, "R_tower"], "rk_area": [14.0, 8.0, "R_tower", 0.4945], "rk_area_at_tower": {"L": 0.3804, "R": 0.4945}}
    cr {"p": 0.2017, "card": {"Tornado": 0.2726, "Rocket": 0.0, "Xbow": 0.0, "Tesla": 0.7274}, "top": "Tesla", "rk_mass": {"L": 0.1525, "L_hit": 0.315, "R": 0.2062, "R_hit": 0.6356}, "rk_argmax": [12.5, 8.5, "R_tower"], "rk_area": [14.0, 8.0, "R_tower", 0.6213], "rk_area_at_tower": {"L": 0.3034, "R": 0.6213}}
    full {"p": 0.2017, "card": {"Tornado": 0.3597, "Rocket": 0.0, "Xbow": 0.0, "Tesla": 0.6403}, "top": "Tesla", "rk_mass": {"L": 0.265, "L_hit": 0.3983, "R": 0.2085, "R_hit": 0.5875}, "rk_argmax": [12.5, 8.5, "R_tower"], "rk_area": [14.0, 7.5, "R_tower", 0.5814], "rk_area_at_tower": {"L": 0.3911, "R": 0.5814}}
tick 4244 logged p 0.340 tau 0.55 play False Tesla xy [0.8888888888888888, 0.5625] el 5.17
    base {"p": 0.2722, "card": {"Tornado": 0.232, "Rocket": 0.0, "Xbow": 0.0, "Tesla": 0.768}, "top": "Tesla", "rk_mass": {"L": 0.2271, "L_hit": 0.4335, "R": 0.2072, "R_hit": 0.4752}, "rk_argmax": [12.5, 8.5, "R_tower"], "rk_area": [14.0, 7.5, "R_tower", 0.4461], "rk_area_at_tower": {"L": 0.4035, "R": 0.4461}}
    cr {"p": 0.2722, "card": {"Tornado": 0.232, "Rocket": 0.0, "Xbow": 0.0, "Tesla": 0.768}, "top": "Tesla", "rk_mass": {"L": 0.1736, "L_hit": 0.3528, "R": 0.2162, "R_hit": 0.5887}, "rk_argmax": [12.5, 8.5, "R_tower"], "rk_area": [14.0, 8.0, "R_tower", 0.5697], "rk_area_at_tower": {"L": 0.3374, "R": 0.5697}}
    full {"p": 0.2722, "card": {"Tornado": 0.3005, "Rocket": 0.0, "Xbow": 0.0, "Tesla": 0.6995}, "top": "Tesla", "rk_mass": {"L": 0.2881, "L_hit": 0.4267, "R": 0.2284, "R_hit": 0.5561}, "rk_argmax": [12.5, 8.5, "R_tower"], "rk_area": [14.0, 7.5, "R_tower", 0.5493], "rk_area_at_tower": {"L": 0.4182, "R": 0.5493}}
tick 4254 logged p 0.349 tau 0.55 play False Tesla xy [0.5, 0.5625] el 5.53
    base {"p": 0.2827, "card": {"Tornado": 0.2218, "Rocket": 0.0, "Xbow": 0.0, "Tesla": 0.7782}, "top": "Tesla", "rk_mass": {"L": 0.2299, "L_hit": 0.4416, "R": 0.2019, "R_hit": 0.4696}, "rk_argmax": [12.5, 8.5, "R_tower"], "rk_area": [14.0, 7.5, "R_tower", 0.4416], "rk_area_at_tower": {"L": 0.4093, "R": 0.4416}}
    cr {"p": 0.2827, "card": {"Tornado": 0.2218, "Rocket": 0.0, "Xbow": 0.0, "Tesla": 0.7782}, "top": "Tesla", "rk_mass": {"L": 0.1826, "L_hit": 0.361, "R": 0.2236, "R_hit": 0.5809}, "rk_argmax": [12.5, 8.5, "R_tower"], "rk_area": [14.0, 8.0, "R_tower", 0.5615], "rk_area_at_tower": {"L": 0.3436, "R": 0.5615}}
    full {"p": 0.2827, "card": {"Tornado": 0.262, "Rocket": 0.0, "Xbow": 0.0, "Tesla": 0.738}, "top": "Tesla", "rk_mass": {"L": 0.3093, "L_hit": 0.4492, "R": 0.2334, "R_hit": 0.534}, "rk_argmax": [12.5, 8.5, "R_tower"], "rk_area": [14.0, 7.5, "R_tower", 0.5271], "rk_area_at_tower": {"L": 0.4399, "R": 0.5271}}
tick 4264 logged p 0.322 tau 0.55 play False Tesla xy [0.5, 0.5625] el 5.89
    base {"p": 0.2799, "card": {"Tornado": 0.1559, "Rocket": 0.0, "Xbow": 0.0, "Tesla": 0.8441}, "top": "Tesla", "rk_mass": {"L": 0.2225, "L_hit": 0.4196, "R": 0.2133, "R_hit": 0.4899}, "rk_argmax": [12.5, 8.5, "R_tower"], "rk_area": [14.0, 7.5, "R_tower", 0.4588], "rk_area_at_tower": {"L": 0.3886, "R": 0.4588}}
    cr {"p": 0.2799, "card": {"Tornado": 0.1559, "Rocket": 0.0, "Xbow": 0.0, "Tesla": 0.8441}, "top": "Tesla", "rk_mass": {"L": 0.1652, "L_hit": 0.3365, "R": 0.2199, "R_hit": 0.605}, "rk_argmax": [12.5, 8.5, "R_tower"], "rk_area": [14.0, 8.0, "R_tower", 0.5837], "rk_area_at_tower": {"L": 0.3205, "R": 0.5837}}
    full {"p": 0.2799, "card": {"Tornado": 0.1637, "Rocket": 0.0, "Xbow": 0.0, "Tesla": 0.8363}, "top": "Tesla", "rk_mass": {"L": 0.2904, "L_hit": 0.4473, "R": 0.2173, "R_hit": 0.5345}, "rk_argmax": [12.5, 8.5, "R_tower"], "rk_area": [14.0, 7.5, "R_tower", 0.5269], "rk_area_at_tower": {"L": 0.4391, "R": 0.5269}}
tick 4274 logged p 0.299 tau 0.55 play False Rocket xy [0.7777777777777778, 0.234375] el 6.25
    base {"p": 0.2626, "card": {"Tornado": 0.0531, "Rocket": 0.0759, "Xbow": 0.5034, "Tesla": 0.3676}, "top": "Xbow", "rk_mass": {"L": 0.2135, "L_hit": 0.4172, "R": 0.2035, "R_hit": 0.4896}, "rk_argmax": [12.5, 8.5, "R_tower"], "rk_area": [14.0, 8.0, "R_tower", 0.4591], "rk_area_at_tower": {"L": 0.3864, "R": 0.4591}}
    cr {"p": 0.2626, "card": {"Tornado": 0.0531, "Rocket": 0.0759, "Xbow": 0.5034, "Tesla": 0.3676}, "top": "Xbow", "rk_mass": {"L": 0.1575, "L_hit": 0.3343, "R": 0.2098, "R_hit": 0.6054}, "rk_argmax": [12.5, 8.5, "R_tower"], "rk_area": [14.0, 8.0, "R_tower", 0.5853], "rk_area_at_tower": {"L": 0.3187, "R": 0.5853}}
    full {"p": 0.2626, "card": {"Tornado": 0.0508, "Rocket": 0.3286, "Xbow": 0.2068, "Tesla": 0.4138}, "top": "Tesla", "rk_mass": {"L": 0.285, "L_hit": 0.4524, "R": 0.2088, "R_hit": 0.5284}, "rk_argmax": [12.5, 8.5, "R_tower"], "rk_area": [14.0, 7.5, "R_tower", 0.5203], "rk_area_at_tower": {"L": 0.4444, "R": 0.5203}}
tick 4284 logged p 0.400 tau 0.55 play False Rocket xy [0.7777777777777778, 0.234375] el 6.60
    base {"p": 0.3627, "card": {"Tornado": 0.0473, "Rocket": 0.0967, "Xbow": 0.5299, "Tesla": 0.3261}, "top": "Xbow", "rk_mass": {"L": 0.22, "L_hit": 0.4214, "R": 0.2073, "R_hit": 0.4875}, "rk_argmax": [12.5, 8.5, "R_tower"], "rk_area": [14.0, 7.5, "R_tower", 0.4555], "rk_area_at_tower": {"L": 0.389, "R": 0.4555}}
    cr {"p": 0.3627, "card": {"Tornado": 0.0473, "Rocket": 0.0967, "Xbow": 0.5299, "Tesla": 0.3261}, "top": "Xbow", "rk_mass": {"L": 0.1612, "L_hit": 0.3346, "R": 0.2146, "R_hit": 0.6061}, "rk_argmax": [12.5, 8.5, "R_tower"], "rk_area": [14.0, 8.0, "R_tower", 0.5836], "rk_area_at_tower": {"L": 0.3172, "R": 0.5836}}
    full {"p": 0.3627, "card": {"Tornado": 0.0421, "Rocket": 0.3742, "Xbow": 0.251, "Tesla": 0.3326}, "top": "Rocket", "rk_mass": {"L": 0.2884, "L_hit": 0.462, "R": 0.206, "R_hit": 0.5194}, "rk_argmax": [12.5, 8.5, "R_tower"], "rk_area": [14.0, 7.5, "R_tower", 0.5109], "rk_area_at_tower": {"L": 0.4542, "R": 0.5109}}
tick 4294 logged p 0.440 tau 0.55 play False Rocket xy [0.7777777777777778, 0.234375] el 6.96
    base {"p": 0.4148, "card": {"Tornado": 0.0376, "Rocket": 0.103, "Xbow": 0.5506, "Tesla": 0.3088}, "top": "Xbow", "rk_mass": {"L": 0.2172, "L_hit": 0.4194, "R": 0.2054, "R_hit": 0.4882}, "rk_argmax": [12.5, 8.5, "R_tower"], "rk_area": [14.0, 7.5, "R_tower", 0.4554], "rk_area_at_tower": {"L": 0.3863, "R": 0.4554}}
    cr {"p": 0.4148, "card": {"Tornado": 0.0376, "Rocket": 0.103, "Xbow": 0.5506, "Tesla": 0.3088}, "top": "Xbow", "rk_mass": {"L": 0.1588, "L_hit": 0.3326, "R": 0.2129, "R_hit": 0.607}, "rk_argmax": [12.5, 8.5, "R_tower"], "rk_area": [14.0, 8.0, "R_tower", 0.5839], "rk_area_at_tower": {"L": 0.3148, "R": 0.5839}}
    full {"p": 0.4148, "card": {"Tornado": 0.0317, "Rocket": 0.36, "Xbow": 0.2954, "Tesla": 0.313}, "top": "Rocket", "rk_mass": {"L": 0.2861, "L_hit": 0.4655, "R": 0.2031, "R_hit": 0.5155}, "rk_argmax": [12.5, 8.5, "R_tower"], "rk_area": [14.0, 7.5, "R_tower", 0.5064], "rk_area_at_tower": {"L": 0.4577, "R": 0.5064}}
tick 4304 logged p 0.575 tau 0.55 play True Rocket xy [0.7777777777777778, 0.234375] el 7.32
    base {"p": 0.551, "card": {"Tornado": 0.0187, "Rocket": 0.1045, "Xbow": 0.6409, "Tesla": 0.2359}, "top": "Xbow", "rk_mass": {"L": 0.1813, "L_hit": 0.3523, "R": 0.214, "R_hit": 0.5382}, "rk_argmax": [12.5, 8.5, "R_tower"], "rk_area": [14.0, 8.0, "R_tower", 0.4947], "rk_area_at_tower": {"L": 0.3196, "R": 0.4947}}
    cr {"p": 0.551, "card": {"Tornado": 0.0187, "Rocket": 0.1045, "Xbow": 0.6409, "Tesla": 0.2359}, "top": "Xbow", "rk_mass": {"L": 0.1319, "L_hit": 0.2848, "R": 0.2113, "R_hit": 0.648}, "rk_argmax": [12.5, 8.5, "R_tower"], "rk_area": [14.0, 8.0, "R_tower", 0.6196], "rk_area_at_tower": {"L": 0.2694, "R": 0.6196}}
    full {"p": 0.551, "card": {"Tornado": 0.0142, "Rocket": 0.3382, "Xbow": 0.4149, "Tesla": 0.2327}, "top": "Xbow", "rk_mass": {"L": 0.246, "L_hit": 0.4125, "R": 0.2014, "R_hit": 0.5619}, "rk_argmax": [12.5, 8.5, "R_tower"], "rk_area": [14.0, 7.5, "R_tower", 0.5497], "rk_area_at_tower": {"L": 0.4045, "R": 0.5497}}

Q2 tower-HP ablations (sc[56] = enemy L princess hp_frac, sc[57] = enemy R)
state tick 4018: sc[52:58] = [1.0, 0.8209999799728394, 0.3070000112056732, 1.0, 0.10199999809265137, 0.24699999392032623] alive [1.0, 1.0, 1.0, 1.0, 1.0, 1.0]
  orig      L 0.102 R 0.247 | base: p 0.331 P(Rk) 0.196 top Xbow massL 0.290 massR 0.212 hitL 0.534 hitR 0.411 area L_tower argmax L_tower | cr: p 0.331 P(Rk) 0.196 top Xbow massL 0.213 massR 0.193 hitL 0.454 hitR 0.507 area R_tower argmax R_tower | full: p 0.331 P(Rk) 0.459 top Rocket massL 0.333 massR 0.180 hitL 0.563 hitR 0.426 area L_tower argmax R_tower
  swap      L 0.247 R 0.102 | base: p 0.331 P(Rk) 0.197 top Xbow massL 0.291 massR 0.212 hitL 0.534 hitR 0.411 area L_tower argmax L_tower | cr: p 0.331 P(Rk) 0.197 top Xbow massL 0.213 massR 0.193 hitL 0.454 hitR 0.507 area R_tower argmax R_tower | full: p 0.331 P(Rk) 0.451 top Rocket massL 0.261 massR 0.230 hitL 0.457 hitR 0.533 area R_tower argmax R_tower
  L=.05     L 0.050 R 0.247 | base: p 0.336 P(Rk) 0.199 top Xbow massL 0.291 massR 0.212 hitL 0.534 hitR 0.410 area L_tower argmax L_tower | cr: p 0.336 P(Rk) 0.199 top Xbow massL 0.213 massR 0.193 hitL 0.454 hitR 0.506 area R_tower argmax R_tower | full: p 0.336 P(Rk) 0.471 top Rocket massL 0.348 massR 0.173 hitL 0.581 hitR 0.408 area L_tower argmax R_tower
  L=.01     L 0.010 R 0.247 | base: p 0.341 P(Rk) 0.200 top Xbow massL 0.291 massR 0.212 hitL 0.534 hitR 0.410 area L_tower argmax L_tower | cr: p 0.341 P(Rk) 0.200 top Xbow massL 0.214 massR 0.194 hitL 0.454 hitR 0.505 area R_tower argmax R_tower | full: p 0.341 P(Rk) 0.481 top Rocket massL 0.359 massR 0.168 hitL 0.594 hitR 0.395 area L_tower argmax R_tower
  L=.30     L 0.300 R 0.247 | base: p 0.310 P(Rk) 0.188 top Xbow massL 0.289 massR 0.212 hitL 0.535 hitR 0.413 area L_tower argmax L_tower | cr: p 0.310 P(Rk) 0.188 top Xbow massL 0.210 massR 0.192 hitL 0.453 hitR 0.509 area R_tower argmax R_tower | full: p 0.310 P(Rk) 0.412 top Rocket massL 0.270 massR 0.209 hitL 0.489 hitR 0.502 area R_tower argmax R_tower
  L=1.0     L 1.000 R 0.247 | base: p 0.241 P(Rk) 0.170 top Xbow massL 0.284 massR 0.211 hitL 0.534 hitR 0.423 area L_tower argmax L_tower | cr: p 0.241 P(Rk) 0.170 top Xbow massL 0.204 massR 0.190 hitL 0.448 hitR 0.520 area R_tower argmax R_tower | full: p 0.241 P(Rk) 0.272 top Xbow massL 0.001 massR 0.400 hitL 0.003 hitR 0.994 area R_tower argmax R_tower
  R=.05     L 0.102 R 0.050 | base: p 0.352 P(Rk) 0.206 top Xbow massL 0.292 massR 0.212 hitL 0.533 hitR 0.408 area L_tower argmax L_tower | cr: p 0.352 P(Rk) 0.206 top Xbow massL 0.215 massR 0.194 hitL 0.454 hitR 0.504 area R_tower argmax R_tower | full: p 0.352 P(Rk) 0.495 top Rocket massL 0.295 massR 0.219 hitL 0.491 hitR 0.497 area R_tower argmax R_tower
  both=1    L 1.000 R 1.000 | base: p 0.183 P(Rk) 0.156 top Xbow massL 0.280 massR 0.213 hitL 0.535 hitR 0.427 area L_tower argmax L_tower | cr: p 0.183 P(Rk) 0.156 top Xbow massL 0.200 massR 0.191 hitL 0.449 hitR 0.523 area R_tower argmax R_tower | full: p 0.183 P(Rk) 0.166 top Xbow massL 0.112 massR 0.105 hitL 0.265 hitR 0.641 area R_tower argmax R_tower
  both=.102 L 0.102 R 0.102 | base: p 0.346 P(Rk) 0.203 top Xbow massL 0.291 massR 0.212 hitL 0.533 hitR 0.409 area L_tower argmax L_tower | cr: p 0.346 P(Rk) 0.203 top Xbow massL 0.214 massR 0.194 hitL 0.454 hitR 0.505 area R_tower argmax R_tower | full: p 0.346 P(Rk) 0.486 top Rocket massL 0.305 massR 0.208 hitL 0.510 hitR 0.478 area L_tower argmax R_tower
  sweep L hp (full model):
    L 0.010: p 0.341 P(Rk) 0.481 massL 0.359 massR 0.168 area L_tower areaL 0.586 areaR 0.391
    L 0.030: p 0.339 P(Rk) 0.476 massL 0.354 massR 0.170 area L_tower areaL 0.580 areaR 0.397
    L 0.050: p 0.336 P(Rk) 0.471 massL 0.348 massR 0.173 area L_tower areaL 0.573 areaR 0.404
    L 0.080: p 0.333 P(Rk) 0.464 massL 0.339 massR 0.177 area L_tower areaL 0.563 areaR 0.414
    L 0.102: p 0.331 P(Rk) 0.459 massL 0.333 massR 0.180 area L_tower areaL 0.556 areaR 0.422
    L 0.150: p 0.326 P(Rk) 0.447 massL 0.318 massR 0.187 area L_tower areaL 0.539 areaR 0.439
    L 0.200: p 0.321 P(Rk) 0.434 massL 0.302 massR 0.194 area L_tower areaL 0.520 areaR 0.458
    L 0.300: p 0.310 P(Rk) 0.412 massL 0.270 massR 0.209 area R_tower areaL 0.482 areaR 0.497
    L 0.500: p 0.290 P(Rk) 0.371 massL 0.199 massR 0.245 area R_tower areaL 0.391 areaR 0.590
    L 0.750: p 0.265 P(Rk) 0.321 massL 0.089 massR 0.326 area R_tower areaL 0.188 areaR 0.796
    L 1.000: p 0.241 P(Rk) 0.272 massL 0.001 massR 0.400 area R_tower areaL 0.002 areaR 0.986
state tick 4304: sc[52:58] = [1.0, 0.8209999799728394, 0.29499998688697815, 1.0, 0.10199999809265137, 0.24699999392032623] alive [1.0, 1.0, 1.0, 1.0, 1.0, 1.0]
  orig      L 0.102 R 0.247 | base: p 0.551 P(Rk) 0.104 top Xbow massL 0.181 massR 0.214 hitL 0.352 hitR 0.538 area R_tower argmax R_tower | cr: p 0.551 P(Rk) 0.104 top Xbow massL 0.132 massR 0.211 hitL 0.285 hitR 0.648 area R_tower argmax R_tower | full: p 0.551 P(Rk) 0.338 top Xbow massL 0.246 massR 0.201 hitL 0.412 hitR 0.562 area R_tower argmax R_tower
  swap      L 0.247 R 0.102 | base: p 0.551 P(Rk) 0.105 top Xbow massL 0.181 massR 0.214 hitL 0.352 hitR 0.538 area R_tower argmax R_tower | cr: p 0.551 P(Rk) 0.105 top Xbow massL 0.132 massR 0.211 hitL 0.285 hitR 0.648 area R_tower argmax R_tower | full: p 0.551 P(Rk) 0.329 top Xbow massL 0.178 massR 0.246 hitL 0.309 hitR 0.669 area R_tower argmax R_tower
  L=.05     L 0.050 R 0.247 | base: p 0.557 P(Rk) 0.107 top Xbow massL 0.182 massR 0.214 hitL 0.352 hitR 0.536 area R_tower argmax R_tower | cr: p 0.557 P(Rk) 0.107 top Xbow massL 0.133 massR 0.211 hitL 0.285 hitR 0.646 area R_tower argmax R_tower | full: p 0.557 P(Rk) 0.354 top Xbow massL 0.262 massR 0.195 hitL 0.432 hitR 0.541 area R_tower argmax R_tower
  L=.01     L 0.010 R 0.247 | base: p 0.562 P(Rk) 0.108 top Xbow massL 0.182 massR 0.214 hitL 0.352 hitR 0.534 area R_tower argmax R_tower | cr: p 0.562 P(Rk) 0.108 top Xbow massL 0.133 massR 0.211 hitL 0.286 hitR 0.645 area R_tower argmax R_tower | full: p 0.562 P(Rk) 0.367 top Xbow massL 0.273 massR 0.190 hitL 0.447 hitR 0.525 area R_tower argmax R_tower
  L=.30     L 0.300 R 0.247 | base: p 0.531 P(Rk) 0.099 top Xbow massL 0.180 massR 0.215 hitL 0.353 hitR 0.546 area R_tower argmax R_tower | cr: p 0.531 P(Rk) 0.099 top Xbow massL 0.130 massR 0.211 hitL 0.283 hitR 0.654 area R_tower argmax R_tower | full: p 0.531 P(Rk) 0.284 top Xbow massL 0.186 massR 0.227 hitL 0.337 hitR 0.643 area R_tower argmax R_tower
  L=1.0     L 1.000 R 0.247 | base: p 0.466 P(Rk) 0.089 top Xbow massL 0.171 massR 0.215 hitL 0.350 hitR 0.571 area R_tower argmax R_tower | cr: p 0.466 P(Rk) 0.089 top Xbow massL 0.121 massR 0.207 hitL 0.276 hitR 0.673 area R_tower argmax R_tower | full: p 0.466 P(Rk) 0.159 top Xbow massL 0.001 massR 0.331 hitL 0.002 hitR 0.993 area R_tower argmax R_tower
  R=.05     L 0.102 R 0.050 | base: p 0.574 P(Rk) 0.113 top Xbow massL 0.183 massR 0.213 hitL 0.351 hitR 0.530 area R_tower argmax R_tower | cr: p 0.574 P(Rk) 0.113 top Xbow massL 0.134 massR 0.212 hitL 0.286 hitR 0.641 area R_tower argmax R_tower | full: p 0.574 P(Rk) 0.387 top Rocket massL 0.209 massR 0.237 hitL 0.344 hitR 0.630 area R_tower argmax R_tower
  both=1    L 1.000 R 1.000 | base: p 0.404 P(Rk) 0.085 top Xbow massL 0.161 massR 0.213 hitL 0.340 hitR 0.596 area R_tower argmax R_tower | cr: p 0.404 P(Rk) 0.085 top Xbow massL 0.112 massR 0.202 hitL 0.264 hitR 0.692 area R_tower argmax R_tower | full: p 0.404 P(Rk) 0.105 top Xbow massL 0.048 massR 0.085 hitL 0.127 hitR 0.821 area R_tower argmax R_tower
  both=.102 L 0.102 R 0.102 | base: p 0.568 P(Rk) 0.111 top Xbow massL 0.182 massR 0.213 hitL 0.352 hitR 0.532 area R_tower argmax R_tower | cr: p 0.568 P(Rk) 0.111 top Xbow massL 0.134 massR 0.212 hitL 0.286 hitR 0.643 area R_tower argmax R_tower | full: p 0.568 P(Rk) 0.374 top Xbow massL 0.219 massR 0.228 hitL 0.361 hitR 0.612 area R_tower argmax R_tower
  sweep L hp (full model):
    L 0.010: p 0.562 P(Rk) 0.367 massL 0.273 massR 0.190 area R_tower areaL 0.439 areaR 0.514
    L 0.030: p 0.559 P(Rk) 0.361 massL 0.268 massR 0.192 area R_tower areaL 0.431 areaR 0.521
    L 0.050: p 0.557 P(Rk) 0.354 massL 0.262 massR 0.195 area R_tower areaL 0.424 areaR 0.529
    L 0.080: p 0.553 P(Rk) 0.345 massL 0.253 massR 0.199 area R_tower areaL 0.413 areaR 0.541
    L 0.102: p 0.551 P(Rk) 0.338 massL 0.246 massR 0.201 area R_tower areaL 0.405 areaR 0.549
    L 0.150: p 0.546 P(Rk) 0.324 massL 0.232 massR 0.207 area R_tower areaL 0.387 areaR 0.569
    L 0.200: p 0.541 P(Rk) 0.310 massL 0.216 massR 0.214 area R_tower areaL 0.368 areaR 0.589
    L 0.300: p 0.531 P(Rk) 0.284 massL 0.186 massR 0.227 area R_tower areaL 0.329 areaR 0.629
    L 0.500: p 0.511 P(Rk) 0.240 massL 0.127 massR 0.253 area R_tower areaL 0.251 areaR 0.713
    L 0.750: p 0.487 P(Rk) 0.194 massL 0.050 massR 0.298 area R_tower areaL 0.110 areaR 0.858
    L 1.000: p 0.466 P(Rk) 0.159 massL 0.001 massR 0.331 area R_tower areaL 0.002 areaR 0.973
