== rows_live.npz /home/clashbot-gauntlet/ClashBot/icebow/data/bench/rl_royale/rseries_r3c/rseries_r3c_u0030_barrel2k_cellref.pt
-- split val  rows 38317  overall: pro play frac 0.311  mean p 0.305  NLL 0.4162  acc@.5 0.8023
enemy_empty E>=9 1x rows   1327 f 0.268 p 0.236 p>tau 0.231 | lam pro 0.157/s model 0.151/s | eps   586 P5 pro 0.76 [0.71,0.80] thr 0.52 [0.46,0.59] haz 0.42 [0.33,0.52] thr+haz 0.68 [0.61,0.74] | med s pro 2.3 thr 4.4 haz 5.8 thr+haz 3.1
enemy_empty E>=9 2x rows    137 f 0.657 p 0.582 p>tau 0.796 | lam pro 0.552/s model 0.505/s | eps   107 P5 pro 0.93 [0.87,0.98] thr 0.97 [0.90,1.00] haz 0.67 [0.17,1.00] thr+haz 0.97 [0.91,1.00] | med s pro 0.0 thr 0.0 haz 3.4 thr+haz 0.0
enemy_empty E>=9 OT rows     85 f 0.788 p 0.711 p>tau 0.835 | lam pro 0.820/s model 0.766/s | eps    71 P5 pro 1.00 [1.00,1.00] thr 0.90 [0.77,1.00] haz 1.00 [0.33,1.00] thr+haz 1.00 [0.84,1.00] | med s pro 0.0 thr 0.0 haz 0.8 thr+haz 0.0
enemy_empty E>=7 1x rows   2582 f 0.170 p 0.159 p>tau 0.126 | lam pro 0.093/s model 0.100/s | eps  1047 P5 pro 0.49 [0.44,0.52] thr 0.24 [0.20,0.29] haz 0.24 [0.19,0.28] thr+haz 0.39 [0.33,0.43] | med s pro 5.1 thr 6.7 haz 7.6 thr+haz 6.0
enemy_empty E>=7 2x rows    373 f 0.408 p 0.390 p>tau 0.421 | lam pro 0.264/s model 0.305/s | eps   252 P5 pro 0.96 [0.91,1.00] thr 0.98 [0.95,1.00] haz 0.47 [0.26,0.70] thr+haz 0.98 [0.95,1.00] | med s pro 1.8 thr 2.0 haz 5.3 thr+haz 2.0
enemy_empty E>=7 OT rows    283 f 0.519 p 0.477 p>tau 0.403 | lam pro 0.372/s model 0.424/s | eps   211 P5 pro 0.99 [0.96,1.00] thr 0.96 [0.87,1.00] haz 0.58 [0.41,0.75] thr+haz 0.95 [0.85,1.00] | med s pro 1.2 thr 2.0 haz 2.4 thr+haz 1.5
any         E>=9 1x rows   3693 f 0.443 p 0.415 p>tau 0.562 | lam pro 0.296/s model 0.347/s | eps  1652 P5 pro 0.90 [0.89,0.92] thr 0.89 [0.87,0.92] haz 0.61 [0.56,0.66] thr+haz 0.93 [0.91,0.94] | med s pro 1.6 thr 1.5 haz 3.9 thr+haz 1.0
any         E>=9 2x rows   1105 f 0.760 p 0.733 p>tau 0.925 | lam pro 0.749/s model 0.815/s | eps   842 P5 pro 0.99 [0.99,1.00] thr 0.99 [0.98,1.00] haz 0.88 [0.71,1.00] thr+haz 1.00 [0.99,1.00] | med s pro 0.0 thr 0.0 haz 1.1 thr+haz 0.0
any         E>=9 OT rows    941 f 0.840 p 0.814 p>tau 0.964 | lam pro 0.981/s model 1.035/s | eps   790 P5 pro 1.00 [0.99,1.00] thr 1.00 [0.99,1.00] haz 1.00 [0.79,1.00] thr+haz 1.00 [1.00,1.00] | med s pro 0.0 thr 0.0 haz 0.9 thr+haz 0.0
any         E>=7 1x rows   8555 f 0.288 p 0.286 p>tau 0.342 | lam pro 0.171/s model 0.235/s | eps  2533 P5 pro 0.55 [0.53,0.57] thr 0.50 [0.48,0.52] haz 0.32 [0.29,0.34] thr+haz 0.60 [0.58,0.62] | med s pro 4.6 thr 5.0 haz 7.1 thr+haz 4.0
any         E>=7 2x rows   3281 f 0.552 p 0.545 p>tau 0.624 | lam pro 0.410/s model 0.539/s | eps  1847 P5 pro 0.98 [0.98,0.99] thr 1.00 [0.99,1.00] haz 0.82 [0.75,0.92] thr+haz 1.00 [1.00,1.00] | med s pro 1.3 thr 1.6 haz 2.8 thr+haz 0.9
any         E>=7 OT rows   3240 f 0.662 p 0.639 p>tau 0.676 | lam pro 0.560/s model 0.701/s | eps  2145 P5 pro 0.99 [0.99,1.00] thr 1.00 [1.00,1.00] haz 0.89 [0.75,1.00] thr+haz 1.00 [1.00,1.00] | med s pro 0.0 thr 0.0 haz 2.3 thr+haz 0.0
   reliability p-bin: [0.00,0.05) n8880 f0.019  [0.05,0.10) n4432 f0.079  [0.10,0.20) n5436 f0.159  [0.20,0.30) n3854 f0.266  [0.30,0.35) n1650 f0.346  [0.35,0.45) n2802 f0.413  [0.45,0.55) n2448 f0.514  [0.55,0.70) n3492 f0.633  [0.70,0.85) n3323 f0.762  [0.85,1.00) n2000 f0.900
-- split all  rows 307035  overall: pro play frac 0.313  mean p 0.304  NLL 0.4183  acc@.5 0.8014
enemy_empty E>=9 1x rows  10015 f 0.267 p 0.234 p>tau 0.207 | lam pro 0.156/s model 0.150/s | eps  4582 P5 pro 0.72 [0.70,0.74] thr 0.46 [0.43,0.48] haz 0.43 [0.40,0.46] thr+haz 0.63 [0.61,0.66] | med s pro 2.4 thr 7.7 haz 5.9 thr+haz 3.4
enemy_empty E>=9 2x rows    799 f 0.745 p 0.614 p>tau 0.866 | lam pro 0.714/s model 0.541/s | eps   694 P5 pro 0.97 [0.94,0.98] thr 0.98 [0.96,1.00] haz 0.83 [0.59,1.00] thr+haz 0.98 [0.96,1.00] | med s pro 0.0 thr 0.0 haz 2.3 thr+haz 0.0
enemy_empty E>=9 OT rows    541 f 0.804 p 0.745 p>tau 0.917 | lam pro 0.864/s model 0.797/s | eps   474 P5 pro 0.99 [0.97,1.00] thr 0.99 [0.97,1.00] haz 0.90 [0.60,1.00] thr+haz 0.99 [0.97,1.00] | med s pro 0.0 thr 0.0 haz 1.3 thr+haz 0.0
enemy_empty E>=7 1x rows  19892 f 0.162 p 0.158 p>tau 0.113 | lam pro 0.089/s model 0.098/s | eps  8076 P5 pro 0.43 [0.42,0.45] thr 0.23 [0.22,0.25] haz 0.27 [0.25,0.28] thr+haz 0.40 [0.38,0.42] | med s pro 5.8 thr 6.7 haz 7.5 thr+haz 6.0
enemy_empty E>=7 2x rows   2673 f 0.431 p 0.379 p>tau 0.408 | lam pro 0.285/s model 0.297/s | eps  1886 P5 pro 0.98 [0.97,0.99] thr 0.99 [0.98,1.00] haz 0.76 [0.61,0.91] thr+haz 0.99 [0.98,1.00] | med s pro 1.6 thr 2.0 haz 3.3 thr+haz 1.7
enemy_empty E>=7 OT rows   1909 f 0.509 p 0.495 p>tau 0.441 | lam pro 0.361/s model 0.444/s | eps  1440 P5 pro 0.99 [0.98,1.00] thr 1.00 [0.99,1.00] haz 0.79 [0.66,0.93] thr+haz 1.00 [0.99,1.00] | med s pro 1.2 thr 1.8 haz 2.6 thr+haz 1.4
any         E>=9 1x rows  28991 f 0.452 p 0.422 p>tau 0.562 | lam pro 0.304/s model 0.359/s | eps 13179 P5 pro 0.90 [0.89,0.90] thr 0.89 [0.88,0.90] haz 0.60 [0.58,0.61] thr+haz 0.93 [0.92,0.93] | med s pro 1.6 thr 1.4 haz 4.0 thr+haz 0.7
any         E>=9 2x rows   8520 f 0.788 p 0.741 p>tau 0.950 | lam pro 0.821/s model 0.818/s | eps  6747 P5 pro 0.99 [0.99,1.00] thr 1.00 [1.00,1.00] haz 0.93 [0.89,0.96] thr+haz 1.00 [1.00,1.00] | med s pro 0.0 thr 0.0 haz 1.2 thr+haz 0.0
any         E>=9 OT rows   7705 f 0.860 p 0.823 p>tau 0.975 | lam pro 1.060/s model 1.051/s | eps  6623 P5 pro 1.00 [1.00,1.00] thr 1.00 [1.00,1.00] haz 0.97 [0.90,1.00] thr+haz 1.00 [1.00,1.00] | med s pro 0.0 thr 0.0 haz 0.9 thr+haz 0.0
any         E>=7 1x rows  67238 f 0.290 p 0.290 p>tau 0.345 | lam pro 0.172/s model 0.241/s | eps 19999 P5 pro 0.54 [0.54,0.55] thr 0.52 [0.51,0.52] haz 0.32 [0.31,0.33] thr+haz 0.61 [0.60,0.62] | med s pro 4.6 thr 4.8 haz 6.8 thr+haz 4.0
any         E>=7 2x rows  26166 f 0.559 p 0.542 p>tau 0.631 | lam pro 0.417/s model 0.534/s | eps 14853 P5 pro 0.98 [0.98,0.98] thr 1.00 [1.00,1.00] haz 0.81 [0.78,0.84] thr+haz 1.00 [1.00,1.00] | med s pro 1.4 thr 1.5 haz 3.0 thr+haz 0.9
any         E>=7 OT rows  26568 f 0.664 p 0.645 p>tau 0.681 | lam pro 0.563/s model 0.710/s | eps 17640 P5 pro 1.00 [0.99,1.00] thr 1.00 [1.00,1.00] haz 0.89 [0.86,0.93] thr+haz 1.00 [1.00,1.00] | med s pro 0.0 thr 0.0 haz 2.3 thr+haz 0.0
   reliability p-bin: [0.00,0.05) n71804 f0.019  [0.05,0.10) n35378 f0.082  [0.10,0.20) n43973 f0.166  [0.20,0.30) n30931 f0.268  [0.30,0.35) n12952 f0.348  [0.35,0.45) n22228 f0.423  [0.45,0.55) n19624 f0.515  [0.55,0.70) n27319 f0.628  [0.70,0.85) n26676 f0.776  [0.85,1.00) n16150 f0.897
