SkeletonTrooper: sig ('ground', 'ground', True, True, False) hp/dps/speed L1 (185, 73, 120)
   bandit             dist 0.98  hp/dps/speed L1 (354, 76, 90)
   berserker          dist 1.01  hp/dps/speed L1 (350, 67, 90)
   goblin_gang        dist 1.34  hp/dps/speed L1 (79, 45, 120)
   goblins            dist 1.34  hp/dps/speed L1 (79, 45, 120)
TombstoneHero_Monster_Active: sig ('ground', 'buildings', True, True, False) hp/dps/speed L1 (1650, 79, 60)
   giant              dist 0.52  hp/dps/speed L1 (1550, 66, 45)
   goblin_giant       dist 0.84  hp/dps/speed L1 (1215, 46, 60)
   golem              dist 0.96  hp/dps/speed L1 (2000, 49, 45)
   rune_giant         dist 1.08  hp/dps/speed L1 (1100, 40, 60)
DarkPrinceHero_Mount: sig ('ground', 'buildings', True, True, False) hp/dps/speed L1 (530, 44, 60)
   ram_rider          dist 0.54  hp/dps/speed L1 (690, 58, 60)
   rune_giant         dist 0.82  hp/dps/speed L1 (1100, 40, 60)
   goblinstein        dist 0.84  hp/dps/speed L1 (932, 33, 60)
   goblin_giant       dist 0.88  hp/dps/speed L1 (1215, 46, 60)
MusketeerTurret: sig ('ground', 'air&ground', False, True, True) hp/dps/speed L1 (600, 116, 0)
   goblin_hut         dist 0.58  hp/dps/speed L1 (461, 84, 0)
   tesla              dist 0.66  hp/dps/speed L1 (462, 78, 0)
   inferno_tower      dist 1.13  hp/dps/speed L1 (683, 42, 0)
   goblin_hut         dist 11.92  hp/dps/speed L1 (461, 0, 0)
GoblinHero_Flag_Building: sig ('ground', 'ground', True, True, False) hp/dps/speed L1 (1000, 0, 0)
   royal_recruits     dist 12.17  hp/dps/speed L1 (208, 40, 0)
   guards             dist 14.18  hp/dps/speed L1 (32, 46, 0)
   mighty_miner       dist 21.79  hp/dps/speed L1 (879, 42, 60)
   battle_healer      dist 22.16  hp/dps/speed L1 (750, 52, 60)
EliteArcherHero_Dummy: sig ('ground', 'ground', False, True, False) hp/dps/speed L1 (106, 0, 40)
   cannon_cart        dist 13.74  hp/dps/speed L1 (707, 92, 60)
