== spawns (hero_forms tables)
Musketeer_hero:MusketeerTurret   {'source_table': 'buildings', 'hitpoints': '600 (L11 1536)', 'damage': '58 (L11 148)', 'hit_speed_ms': 500, 'range_milli': 4000, 'attacks_air': True, 'attacks_ground': True, 'lifetime_ms': 10000}
  ability Musketeer_hero         {'kind': 'spawn_ahead', 'relative_x': 0, 'relative_y': 5, 'validate_as_building': True, 'unit': 'MusketeerTurret', 'use_deploy': True}
Balloon_hero:SkeletonTrooper     {'source_table': 'characters', 'hitpoints': '185 (L11 473)', 'damage': '80 (L11 204)', 'hit_speed_ms': 1100, 'speed': 120, 'range_milli': 800, 'attacks_ground': True}
Balloon_hero:BalloonHero         {'source_table': 'characters', 'hitpoints': '655 (L11 1676)', 'damage': '250 (L11 640)', 'hit_speed_ms': 2000, 'speed': 60, 'range_milli': 100, 'attacks_ground': True, 'target_only_buildings': True, 'flying_height': 3000, 'death_spawn': {'character': 'BalloonHero_Bomb', 'count': None, 'radius_milli': None, 'deploy_time_ms': None}}
  ability Balloon_hero           {'kind': 'throw', 'radius_milli': 6500, 'seek_delay_ms': 50, 'spawn_delay_ms': 50, 'start_offset_milli': 250, 'unit': 'SkeletonTrooper', 'unit_deploy_ms': 500, 'ramp_start_ms': 50, 'ramp_every_ms': 150, 'failsafe_start_ms': 50, 'failsafe_every_ms': 500}
EliteArcher_hero:EliteArcherHero_Dummy {'source_table': 'characters', 'hitpoints': '106 (L11 271)', 'hit_speed_ms': 1000, 'speed': 40, 'range_milli': 5500, 'attacks_ground': True}
EliteArcher_hero:EliteArcherHero {'source_table': 'characters', 'hitpoints': '207 (L11 529)', 'damage': '53 (L11 135)', 'hit_speed_ms': 1100, 'speed': 60, 'range_milli': 7000, 'attacks_air': True, 'attacks_ground': True, 'area_damage_radius_milli': 250}
  ability EliteArcher_hero       {'kind': 'decoy_warp', 'buff_ms': 100, 'buff_delay_ms': 50, 'warp_y_milli': -3500, 'warp_delay_ms': 100, 'unit': 'EliteArcherHero_Dummy', 'use_deploy': True, 'no_move': True, 'decoy_delay_ms': 0, 'decoy_life_ms': 7000, 'power_ms': 7000}
Goblins_hero:GoblinHero_Flag_Building {'source_table': 'characters', 'hitpoints': '1000 (L11 2560)', 'lifetime_ms': 99999}
Goblins_hero:Goblin_dummy        {'source_table': 'characters', 'hitpoints': '79 (L11 202)', 'damage': '49 (L11 125)', 'hit_speed_ms': 1100, 'speed': 120, 'range_milli': 500, 'attacks_ground': True}
  ability Goblins_hero           {'kind': 'flag_spawns', 'unit': 'GoblinHero_Flag_Building', 'window_ms': 5000, 'fade_ms': 1500, 'kill_ms': 450, 'card_group': ['Goblins'], 'spawns': [{'unit': 'Goblin_dummy', 'dx_milli': 1000, 'dy_milli': -500, 'delay_ms': 0}, {'unit': 'Goblin_dummy', 'dx_milli': -1000, 'dy_milli': -500, 'delay_ms': 200}]}
DarkPrince_hero:DarkPrinceHero_Mount {'source_table': 'characters', 'hitpoints': '530 (L11 1356)', 'damage': '70 (L11 179)', 'hit_speed_ms': 1600, 'speed': 60, 'range_milli': 800, 'attacks_ground': True, 'target_only_buildings': True, 'charge': {'damage_special': 140, 'charge_range_raw': 250, 'charge_speed_multiplier_percent': 200}}
DarkPrince_hero:DarkPrinceHero_Walking {'source_table': 'characters', 'hitpoints': '469 (L11 1200)', 'damage': '104 (L11 266)', 'hit_speed_ms': 1400, 'speed': 60, 'range_milli': 1200, 'attacks_ground': True, 'area_damage_radius_milli': 1100, 'shield_hitpoints': '94 (L11 240)', 'charge': {'damage_special': 208}}
  ability DarkPrince_hero        {'kind': 'dismount', 'unit': 'DarkPrinceHero_Walking', 'no_collide_ms': 1000, 'hop_y_milli': -200, 'hop_ms': 50, 'hops': 10, 'mount': 'DarkPrinceHero_Mount', 'mount_hold_ms': 1000, 'blow_ms': 500}
Tombstone_hero:TombstoneHero_Monster_Passive {'source_table': 'characters', 'hitpoints': '207 (L11 529)', 'hit_speed_ms': 31000, 'range_milli': 1200, 'lifetime_ms': 41000}
Tombstone_hero:TombstoneHero_Monster_Active {'source_table': 'characters', 'hitpoints': '1650 (L11 4224)', 'damage': '165 (L11 422)', 'hit_speed_ms': 2100, 'speed': 60, 'range_milli': 1600, 'attacks_ground': True, 'target_only_buildings': True}
  ability Tombstone_hero         {'kind': 'tomb_monster', 'unit': 'TombstoneHero_Monster_Passive', 'active': 'TombstoneHero_Monster_Active', 'check_ms': 50, 'kill_ms': 100, 'window_ms': 1500, 'fade_ms': 1000, 'hold_ms': 2000, 'card_group': ['Tombstone', 'Tombstone_hero']}
== candidate learned classes (cards)
RamRider                         {'hitpoints': '690 (L11 1766)', 'damage': '98 (L11 250)', 'hit_speed_ms': 1700, 'speed': 60, 'range_milli': 800, 'attacks_ground': True, 'target_only_buildings': True, 'charge': {'damage_special': 196, 'charge_range_raw': 250, 'charge_speed_multiplier_percent': 200}, 'spawner': {'character': 'RamRider', 'number': 1, 'interval_ms': None, 'start_time_ms': None, 'pause_time_ms': None, 'limit': None, 'radius_milli': None, 'attach': True, 'character2': None}}
HogRider                         {'hitpoints': '663 (L11 1697)', 'damage': '124 (L11 317)', 'hit_speed_ms': 1600, 'speed': 120, 'range_milli': 800, 'attacks_ground': True, 'target_only_buildings': True}
BattleRam                        {'hitpoints': '378 (L11 967)', 'damage': '112 (L11 286)', 'hit_speed_ms': 400, 'speed': 60, 'range_milli': 500, 'attacks_ground': True, 'target_only_buildings': True, 'charge': {'damage_special': 224, 'charge_range_raw': 300, 'charge_speed_multiplier_percent': 200}, 'kamikaze': True, 'death_spawn': {'character': 'Barbarian', 'count': 2, 'radius_milli': 600, 'deploy_time_ms': 1000}}
Tesla                            {'hitpoints': '462 (L11 1182)', 'damage': '86 (L11 220)', 'hit_speed_ms': 1100, 'range_milli': 5500, 'attacks_air': True, 'attacks_ground': True, 'lifetime_ms': 25000, 'hides_when_not_attacking': True}
Cannon                           {'hitpoints': '322 (L11 824)', 'damage': '79 (L11 202)', 'hit_speed_ms': 1000, 'range_milli': 5500, 'attacks_ground': True, 'lifetime_ms': 30000}
InfernoTower                     {'hitpoints': '683 (L11 1748)', 'damage': '17 (L11 43)', 'hit_speed_ms': 400, 'range_milli': 6000, 'attacks_air': True, 'attacks_ground': True, 'lifetime_ms': 30000}
BombTower                        {'hitpoints': '530 (L11 1356)', 'damage': '87 (L11 222)', 'hit_speed_ms': 1800, 'range_milli': 6000, 'attacks_ground': True, 'area_damage_radius_milli': 1500, 'lifetime_ms': 30000, 'death_spawn': {'character': 'BombTowerBomb', 'count': 1, 'radius_milli': None, 'deploy_time_ms': None}}
RageBarbarian                    {'hitpoints': '501 (L11 1282)', 'damage': '100 (L11 256)', 'hit_speed_ms': 800, 'speed': 120, 'range_milli': 700, 'attacks_ground': True}
Assassin                         {'hitpoints': '354 (L11 906)', 'damage': '76 (L11 194)', 'hit_speed_ms': 1000, 'speed': 90, 'range_milli': 750, 'attacks_ground': True}
MiniPekka                        {'hitpoints': '543 (L11 1390)', 'damage': '295 (L11 755)', 'hit_speed_ms': 1600, 'speed': 90, 'range_milli': 800, 'attacks_ground': True}
Valkyrie                         {'hitpoints': '745 (L11 1907)', 'damage': '104 (L11 266)', 'hit_speed_ms': 1500, 'speed': 60, 'range_milli': 1200, 'attacks_ground': True, 'area_damage_radius_milli': 2000}
Knight                           {'hitpoints': '690 (L11 1766)', 'damage': '79 (L11 202)', 'hit_speed_ms': 1200, 'speed': 60, 'range_milli': 1200, 'attacks_ground': True}
Pekka                            {'hitpoints': '1469 (L11 3760)', 'damage': '329 (L11 842)', 'hit_speed_ms': 1800, 'speed': 45, 'range_milli': 1200, 'attacks_ground': True}
GiantSkeleton                    {'hitpoints': '1313 (L11 3361)', 'damage': '108 (L11 276)', 'hit_speed_ms': 1300, 'speed': 60, 'range_milli': 800, 'attacks_ground': True, 'death_spawn': {'character': 'GiantSkeletonBomb', 'count': 1, 'radius_milli': None, 'deploy_time_ms': None}}
Golem                            {'hitpoints': '2000 (L11 5120)', 'damage': '122 (L11 312)', 'hit_speed_ms': 2500, 'speed': 45, 'range_milli': 750, 'attacks_air': True, 'attacks_ground': True, 'target_only_buildings': True, 'death_spawn': {'character': 'Golemite', 'count': 2, 'radius_milli': 1500, 'deploy_time_ms': None}}
MegaKnight                       {'hitpoints': '1560 (L11 3993)', 'damage': '105 (L11 268)', 'hit_speed_ms': 1700, 'speed': 60, 'range_milli': 1200, 'attacks_ground': True, 'area_damage_radius_milli': 1300}
GoblinHut                        {'hitpoints': '461 (L11 1180)', 'hit_speed_ms': 10000, 'range_milli': 6000, 'attacks_air': True, 'attacks_ground': True, 'lifetime_ms': 30000, 'death_spawn': {'character': 'SpearGoblin', 'count': 1, 'radius_milli': None, 'deploy_time_ms': None}}
Tombstone                        {'hitpoints': '207 (L11 529)', 'hit_speed_ms': 10000, 'attacks_ground': True, 'lifetime_ms': 30000, 'spawner': {'character': 'Skeleton', 'number': 2, 'interval_ms': 500, 'start_time_ms': None, 'pause_time_ms': 3500, 'limit': None, 'radius_milli': None, 'character2': None}, 'death_spawn': {'character': 'Skeleton', 'count': 4, 'radius_milli': None, 'deploy_time_ms': None}}
EliteArcher                      {'hitpoints': '207 (L11 529)', 'damage': '53 (L11 135)', 'hit_speed_ms': 1100, 'speed': 60, 'range_milli': 7000, 'attacks_air': True, 'attacks_ground': True, 'area_damage_radius_milli': 250}
Archer                           {'hitpoints': '119 (L11 304)', 'damage': '44 (L11 112)', 'hit_speed_ms': 900, 'speed': 60, 'range_milli': 5000, 'attacks_air': True, 'attacks_ground': True}
Goblins                          {'hitpoints': '79 (L11 202)', 'damage': '49 (L11 125)', 'hit_speed_ms': 1100, 'speed': 120, 'range_milli': 500, 'attacks_ground': True}
Barbarians                       {'hitpoints': '280 (L11 716)', 'damage': '75 (L11 192)', 'hit_speed_ms': 1400, 'speed': 60, 'range_milli': 700, 'attacks_ground': True}
AngryBarbarians                  {'hitpoints': '524 (L11 1341)', 'damage': '150 (L11 384)', 'hit_speed_ms': 1400, 'speed': 90, 'range_milli': 1200, 'attacks_ground': True}
IceGolemite                      {'hitpoints': '514 (L11 1315)', 'damage': '33 (L11 84)', 'hit_speed_ms': 2500, 'speed': 45, 'range_milli': 750, 'attacks_air': True, 'attacks_ground': True, 'target_only_buildings': True}
Skeletons                        {'hitpoints': '32 (L11 81)', 'damage': '32 (L11 81)', 'hit_speed_ms': 1100, 'speed': 90, 'range_milli': 500, 'attacks_ground': True}
Giant                            {'hitpoints': '1550 (L11 3968)', 'damage': '99 (L11 253)', 'hit_speed_ms': 1500, 'speed': 45, 'range_milli': 1200, 'attacks_ground': True, 'target_only_buildings': True}
Ghost                            {'hitpoints': '473 (L11 1210)', 'damage': '102 (L11 261)', 'hit_speed_ms': 1800, 'speed': 90, 'range_milli': 1200, 'attacks_ground': True, 'area_damage_radius_milli': 1000}
Fisherman                        {'hitpoints': '340 (L11 870)', 'damage': '76 (L11 194)', 'hit_speed_ms': 1300, 'speed': 60, 'range_milli': 1200, 'attacks_ground': True}
Prince                           {'hitpoints': '750 (L11 1920)', 'damage': '153 (L11 391)', 'hit_speed_ms': 1400, 'speed': 60, 'range_milli': 1600, 'attacks_ground': True, 'charge': {'damage_special': 306, 'charge_range_raw': 250, 'charge_speed_multiplier_percent': 200}}
DarkPrince                       {'hitpoints': '469 (L11 1200)', 'damage': '104 (L11 266)', 'hit_speed_ms': 1400, 'speed': 60, 'range_milli': 1200, 'attacks_ground': True, 'area_damage_radius_milli': 1100, 'shield_hitpoints': '94 (L11 240)', 'charge': {'damage_special': 208, 'charge_range_raw': 300, 'charge_speed_multiplier_percent': 200}}
