g2nxzswd734 0
ldl-YjQxWdY 0
hfOCaA7lKcQ 0
S919Ydz_85A 0
2ep6LwOCbY4 0
cUfmkF1kgeA 0
wBHhcdRFfwQ 0
zREpfHF2mIY 0
cc0pJbt6VVk 0
-s0rUEX0QIo 1
Ovycfovw2nM 1
JfTbWaQnecY 1
agWMnFScLsU 1
K-mSpIUprnY 1
FLOEGd7WMnc 1
FBuKI6RDfmQ 1
JEYodW5_dxo 1
sHJlAn-KBxI 1
wKghnj1W9J0 1
ZgTHcXxScUU 1
9dWH4QIb3Eo 1
rYlxZnPNdds 1
10mfddGfeQk 1
xKR-gUkik5w 1
v3ND5D8TEaQ 1
dgH32g5tABU 1
HcJvKCOLqXU 1
N3yTqPPAVbU 1
P2JRmrBupj0 1
8yHJzuCaa_E 1
6nNDjjCgJyo 1
YNovIqPn3R8 1
18h_Fj4C454 1
Kpm8A3-WOls 1
34EM0Kh3mro 0
XsRVrpltVbE 1
qtP24AsIrQM 1
W8TWn1fEz2g 1
A4P50VExYxY 1
auYg2b563mo 1
1MOZsX90rak 1
czmqpO6akXY 1
szK3F193mOM 1
QTnrDhz0YPY 1
WSVOcSgIHEo 1
n7mOMIhYbaU 1
ZCCBpxIwA88 1
4qUXVH2ZUjY 1
U8zytRRBME8 1
uKFEt8Z1OXY 1
eWqmxIE3lMU 1
PFJES6A6CQY 1
af8iWkYRwng 1
fmdVKB1tFm0 1
8Y0GFjhegfI 1
BTEu0dAH_Gs 1
BUBbjJZttis 1
YjkratMCXgw 1
rJcJsXOCUjI 1
x4ulo2U_C_w 1
82Iqy5bwYJ0 1
eCa4nrnBlNo 1
ftGV-ECO3dc 1
BtviysLUxKM 1
SLJxyxzHO0Q 1
DpOAp5AO_CU 1
VO3y-iwiMyI 1
nM20mRy0UJ4 1
guuua3vAzEw 1
L1HzhIgSakI 1
GEJGD6ZZ008 1
KG-3ZhxxP0g 1
ucsXMqdUiBI 1
Lj0kXAm0f4Y 124
7m912KbIVtA 1
mgiFf9xTbFs 1
H0X0QxAr7d4 1
TzK-N1FfYXo 1
kKPYHyVsCZY 1
ArkALePY_44 1
7bZQIx5c0MI 1
8aJqvuN_bZQ 1
opwVCZBSFUI 1
7MiGLZW-NlE 1
EbRZ8PQF9h8 1
mmx4U5S5PH0 1
ZJipgzOvoJQ 1
iQ7N4Avuouo 1
YnCqlS1u_Gw 1
8OdrIQzxwZE 1
5-ON-6VplAU 1
6-igQnKMfEU 1
8ZLI3JB278w 1
dUBuDXsEqLs 1
EDk61engiho 1
7ijCTFJtNp0 1
ACx0IxqSHIQ 1
dDZguXc3BT8 1
CSzGoqeZOYk 1
Lkl6GL2hEOA 124
SWEEP_DONE 10
EXIT 0
