0 12051 0.0178 0.0178 0.0178 ticks/elixir 56.18
200 8941 0.0178 0.0178 0.0678 ticks/elixir 56.18
400 10436 0.0178 0.0178 0.0678 ticks/elixir 56.18
600 11035 0.0178 0.0178 0.0678 ticks/elixir 56.18
800 11316 0.0178 0.0178 0.1178 ticks/elixir 56.18
1000 11378 0.0178 0.0178 0.101133 ticks/elixir 56.18
1200 11350 0.0178 0.0178 0.0678 ticks/elixir 56.18
1400 11237 0.0178 0.016811 0.2178 ticks/elixir 56.18
1600 11166 0.0178 0.01424 0.2678 ticks/elixir 56.18
1800 11179 0.0178 0.016182 0.101133 ticks/elixir 56.18
2000 11182 0.0178 0.014833 0.2678 ticks/elixir 56.18
2200 11069 0.0178 0.015257 0.075344 ticks/elixir 56.18
2400 10749 0.0357 0.033915 0.112623 ticks/elixir 28.01
2600 10499 0.0357 0.033717 0.107129 ticks/elixir 28.01
2800 10400 0.0357 0.02856 0.1357 ticks/elixir 28.01
3000 10459 0.0357 0.02856 0.202367 ticks/elixir 28.01
3200 10462 0.0357 0.0 0.2857 ticks/elixir 28.01
3400 10185 0.0357 0.0 0.2857 ticks/elixir 28.01
3600 8165 0.0357 0.0 0.0857 ticks/elixir 28.01
3800 6409 0.0357 0.0 0.0857 ticks/elixir 28.01
4000 6054 0.0357 0.0 0.146811 ticks/elixir 28.01
4200 5585 0.0357 0.0 0.081155 ticks/elixir 28.01
4400 5088 0.0357 0.0238 0.091256 ticks/elixir 28.01
4600 4726 0.0357 0.01785 0.0982 ticks/elixir 28.01
4800 4029 0.0537 0.0 0.0787 ticks/elixir 18.62
5000 3540 0.0537 0.04475 0.137033 ticks/elixir 18.62
5200 3097 0.0537 0.02685 0.112524 ticks/elixir 18.62
5400 2879 0.0537 0.0 0.0537 ticks/elixir 18.62
5600 2464 0.0537 0.04296 0.0537 ticks/elixir 18.62
5800 2063 0.0537 0.008055 0.0537 ticks/elixir 18.62
6000 1005 0.0 0.0 0.0537 ticks/elixir None
