{
 "A": "scratchpad\\gauntlet\\L68\\generalist\\screen_gen\\clean_v6lat_s0.jsonl",
 "B": "scratchpad\\gauntlet\\L68\\generalist\\screen_gen\\clean_v6aug_s1.jsonl",
 "A_screen": {
  "n": 174,
  "winrate": 0.9310344827586207,
  "exploit": {
   "outlived_win_share": 0.16666666666666666,
   "low_delivered_win_share": 0.018518518518518517,
   "ghost_refused_per_match": 0.4482758620689655
  },
  "plays_per_min": 10.506639883941524
 },
 "B_vs_A": {
  "n": 174,
  "winrate": 0.8620689655172413,
  "exploit": {
   "outlived_win_share": 0.24,
   "low_delivered_win_share": 0.02,
   "ghost_refused_per_match": 0.603448275862069
  },
  "plays_per_min": 11.993194608035596,
  "paired": 174,
  "paired_entries": 58,
  "delta_pp": -6.896551724137931,
  "ci_lo_pp": -13.793103448275861,
  "ci_hi_pp": -1.7241379310344827,
  "better": 0,
  "worse": 12,
  "exploit_init": {
   "outlived_win_share": 0.16666666666666666,
   "low_delivered_win_share": 0.018518518518518517,
   "ghost_refused_per_match": 0.4482758620689655
  },
  "exploit_cand": {
   "outlived_win_share": 0.24,
   "low_delivered_win_share": 0.02,
   "ghost_refused_per_match": 0.603448275862069
  }
 }
}
