C:\Users\benpe\ClashBot\pipeline\model_v3.py:92: UserWarning: enable_nested_tensor is True, but self.use_nested_tensor is False because encoder_layer.norm_first was True
  self.encoder = nn.TransformerEncoder(enc, layers)
[screen] 1 00JYPQPRYCPP k=0 win 3-0 154.4s plays 23/23 wall 10.1s
[screen] 2 00JYPQPRYCPP k=1 win 3-0 154.4s plays 23/23 wall 10.1s
[screen] 3 00JYPQPRYCPP k=2 win 3-0 154.4s plays 23/23 wall 10.1s
[screen] 4 000YLY2VQ92P k=0 win 1-0 180.0s plays 30/30 wall 12.1s
[screen] 5 000YLY2VQ92P k=1 win 1-0 180.0s plays 30/30 wall 12.1s
[screen] 6 000YLY2VQ92P k=2 win 1-0 180.0s plays 30/30 wall 12.1s
[screen] 7 00LYPLCVRCCV k=0 win 2-0 180.0s plays 26/54 wall 12.1s
[screen] 8 00LYPLCVRCCV k=1 win 2-0 180.0s plays 26/54 wall 12.1s
[screen] 9 00LYPLCVRCCV k=2 win 2-0 180.0s plays 26/54 wall 12.1s
[screen] 10 00LYPLY0GRQP k=0 win 1-0 180.0s plays 30/30 wall 12.1s
[screen] 11 00LYPLY0GRQP k=1 win 1-0 180.0s plays 30/30 wall 12.1s
[screen] 12 00LYPLY0GRQP k=2 win 1-0 180.0s plays 30/30 wall 12.1s
[screen] 13 00PYLLC9QJ0L k=0 win 1-0 180.0s plays 28/28 wall 12.1s
[screen] 14 00JYPGYLRP88 k=0 loss 1-2 273.0s plays 58/58 wall 18.7s
[screen] 15 00JYPGYLRP88 k=1 loss 1-2 273.0s plays 58/58 wall 18.7s
[screen] 16 00JYPGYLRP88 k=2 loss 1-2 273.0s plays 58/58 wall 18.7s
[screen] 17 00PYLLC9QJ0L k=1 win 1-0 180.0s plays 28/28 wall 13.3s
[screen] 18 00PYLLC9QJ0L k=2 win 1-0 180.0s plays 28/28 wall 13.3s
[screen] 19 00UYPQ9ULVP2 k=0 win 1-0 180.0s plays 32/32 wall 13.3s
[screen] 20 00UYPQ9ULVP2 k=1 win 1-0 180.0s plays 32/32 wall 13.4s
[screen] 21 00UYPQ9ULVP2 k=2 win 1-0 180.0s plays 32/32 wall 13.4s
[screen] 22 02GY9GY2U8UQ k=0 win 2-0 180.0s plays 32/32 wall 13.4s
[screen] 23 02GY9GY2U8UQ k=1 win 2-0 180.0s plays 32/32 wall 13.4s
[screen] 24 02GY9GY2U8UQ k=2 win 2-0 180.0s plays 32/32 wall 13.4s
[screen] 25 02JY9G99CGPC k=0 loss 1-2 180.0s plays 30/30 wall 13.4s
[screen] 26 02JY9G99CGPC k=1 loss 1-2 180.0s plays 30/30 wall 13.4s
[screen] 27 00VYPLPJRYRY k=0 win 2-1 213.8s plays 37/67 wall 15.9s
[screen] 28 00VYPLPJRYRY k=1 win 2-1 213.8s plays 37/67 wall 15.9s
[screen] 29 00VYPLPJRYRY k=2 win 2-1 213.8s plays 37/67 wall 15.9s
[screen] 30 02JY9G99CGPC k=2 loss 1-2 180.0s plays 30/30 wall 14.9s
[screen] 31 02JY9GQYLVLV k=0 win 1-0 180.0s plays 30/30 wall 14.9s
[screen] 32 02JY9GQYLVLV k=1 win 1-0 180.0s plays 30/30 wall 14.9s
[screen] 33 02PP9CQ0Q2U2 k=0 win 3-0 149.8s plays 22/22 wall 11.9s
[screen] 34 02PP9CQ0Q2U2 k=1 win 3-0 149.8s plays 22/22 wall 11.9s
[screen] 35 02QY9Q98C0J8 k=0 win 3-0 136.3s plays 20/20 wall 10.8s
[screen] 36 02QY9Q98C0J8 k=1 win 3-0 136.3s plays 20/20 wall 10.8s
[screen] 37 02QY9Q98C0J8 k=2 win 3-0 136.3s plays 20/20 wall 10.8s
[screen] 38 02PP9CQ0Q2U2 k=2 win 3-0 149.8s plays 22/22 wall 11.8s
[screen] 39 02JY9GQYLVLV k=2 win 1-0 180.0s plays 30/30 wall 14.2s
[screen] 40 02QY9Q9YY089 k=0 win 1-0 180.0s plays 31/31 wall 13.8s
[screen] 41 02QY9Q9YY089 k=1 win 1-0 180.0s plays 31/31 wall 13.8s
[screen] 42 02QY9Q9YY089 k=2 win 1-0 180.0s plays 31/31 wall 13.8s
[screen] 43 02RY9RVV8R29 k=0 win 1-0 180.0s plays 28/28 wall 12.3s
[screen] 44 02RY9RVV8R29 k=1 win 1-0 180.0s plays 28/28 wall 12.3s
[screen] 45 02RY9RVV8R29 k=2 win 1-0 180.0s plays 28/28 wall 12.3s
[screen] 46 02YYPCRQ2QLY k=0 win 1-0 180.0s plays 30/30 wall 12.7s
[screen] 47 02YYPCRQ2QLY k=1 win 1-0 180.0s plays 30/30 wall 12.7s
[screen] 48 02YYPCRQ2QLY k=2 win 1-0 180.0s plays 30/30 wall 12.7s
[screen] 49 02RY9GC0U9RV k=0 win 3-1 288.8s plays 53/62 wall 21.8s
[screen] 50 02RY9GC0U9RV k=1 win 3-1 288.8s plays 53/62 wall 21.8s
[screen] 51 02RY9GC0U9RV k=2 win 3-1 288.8s plays 53/62 wall 21.8s
[screen] 52 02YYPUV2GGCL k=0 win 2-1 180.0s plays 29/41 wall 12.9s
[screen] 53 02YYPUJ220L2 k=0 win 3-1 293.7s plays 56/56 wall 21.4s
[screen] 54 02YYPUJ220L2 k=1 win 3-1 293.7s plays 56/56 wall 21.4s
[screen] 55 02YYPUJ220L2 k=2 win 3-1 293.7s plays 56/56 wall 21.4s
[screen] 56 02YYPUV2GGCL k=1 win 2-1 180.0s plays 29/41 wall 13.4s
[screen] 57 02YYPUV2GGCL k=2 win 2-1 180.0s plays 29/41 wall 13.4s
[screen] 58 02YYPURYV2CL k=0 loss 1-1 300.0s plays 62/62 wall 21.9s
[screen] 59 02YYPURYV2CL k=1 loss 1-1 300.0s plays 62/62 wall 22.1s
[screen] 60 02YYPURYV2CL k=2 loss 1-1 300.0s plays 62/62 wall 22.1s
[screen] 61 080Y8QLPCVVR k=0 win 2-1 223.5s plays 41/41 wall 16.6s
[screen] 62 082Y8G9GG202 k=0 loss 1-2 180.0s plays 30/30 wall 13.2s
[screen] 63 080Y8QLPCVVR k=1 win 2-1 223.5s plays 41/41 wall 16.4s
[screen] 64 080Y8QLPCVVR k=2 win 2-1 223.5s plays 41/41 wall 16.4s
[screen] 65 080Y8QLUPRYR k=0 win 2-1 217.4s plays 40/45 wall 16.0s
[screen] 66 082Y8G9GG202 k=1 loss 1-2 180.0s plays 30/30 wall 13.1s
[screen] 67 080Y8QLUPRYR k=1 win 2-1 217.4s plays 40/45 wall 15.9s
[screen] 68 080Y8QLUPRYR k=2 win 2-1 217.4s plays 40/45 wall 15.9s
[screen] 69 082Y8G9GG202 k=2 loss 1-2 180.0s plays 30/30 wall 12.7s
[screen] 70 08CPVJP99UY9 k=0 win 1-0 180.0s plays 29/45 wall 12.7s
[screen] 71 08CPVJP99UY9 k=1 win 1-0 180.0s plays 29/45 wall 12.7s
[screen] 72 08CPVJP99UY9 k=2 win 1-0 180.0s plays 29/45 wall 12.6s
[screen] 73 08GPVRL99VUQ k=0 win 1-0 180.0s plays 28/28 wall 12.6s
[screen] 74 08GPVRL99VUQ k=1 win 1-0 180.0s plays 28/28 wall 12.6s
[screen] 75 08JPVCQ0JCG2 k=0 loss 1-3 179.3s plays 31/31 wall 12.4s
[screen] 76 08GPVRL99VUQ k=2 win 1-0 180.0s plays 28/28 wall 12.5s
[screen] 77 08JPVCQ0JCG2 k=1 loss 1-3 179.3s plays 31/31 wall 12.6s
[screen] 78 08JPVCQ0JCG2 k=2 loss 1-3 179.3s plays 31/31 wall 12.6s
[screen] 79 08PY88PJYJUR k=0 win 1-0 180.0s plays 30/30 wall 12.7s
[screen] 80 08PY88PJYJUR k=1 win 1-0 180.0s plays 30/30 wall 12.8s
[screen] 81 08PY88PJYJUR k=2 win 1-0 180.0s plays 30/30 wall 12.8s
[screen] 82 08JPVCUVCQ00 k=0 loss 1-2 257.7s plays 50/50 wall 18.6s
[screen] 83 08JPVCUVCQ00 k=1 loss 1-2 257.7s plays 50/50 wall 18.6s
[screen] 84 08JPVCUVCQ00 k=2 loss 1-2 257.7s plays 50/50 wall 18.6s
[screen] 85 08VPPUUJUP2C k=0 win 1-0 183.1s plays 31/31 wall 13.2s
[screen] 86 08VPPUUJUP2C k=1 win 1-0 183.1s plays 31/31 wall 13.2s
[screen] 87 08VPPUUJUP2C k=2 win 1-0 183.1s plays 31/31 wall 13.2s
[screen] 88 092PY0Y9YC99 k=0 win 2-0 180.0s plays 31/31 wall 13.2s
[screen] 89 092PY0Y9YC99 k=1 win 2-0 180.0s plays 31/31 wall 13.2s
[screen] 90 092PY0Y9YC99 k=2 win 2-0 180.0s plays 31/31 wall 13.1s
[screen] 91 099P9CJY9LYQ k=0 win 2-1 180.0s plays 34/49 wall 13.0s
[screen] 92 08QPVCP8C0CP k=0 win 3-1 255.4s plays 43/142 wall 18.5s
[screen] 93 08QPVCP8C0CP k=1 win 3-1 255.4s plays 43/142 wall 18.5s
[screen] 94 08QPVCP8C0CP k=2 win 3-1 255.4s plays 43/142 wall 18.3s
[screen] 95 099P9CJY9LYQ k=1 win 2-1 180.0s plays 34/49 wall 12.7s
[screen] 96 099P9CJY9LYQ k=2 win 2-1 180.0s plays 34/49 wall 12.7s
[screen] 97 099P9CL9R9J0 k=0 win 1-0 180.0s plays 29/29 wall 12.7s
[screen] 98 099P9CVPLU0V k=0 win 3-0 163.7s plays 25/40 wall 10.9s
[screen] 99 099P9CL9R9J0 k=1 win 1-0 180.0s plays 29/29 wall 12.0s
[screen] 100 099P9CL9R9J0 k=2 win 1-0 180.0s plays 29/29 wall 12.0s
[screen] 101 099P9CVPLU0V k=1 win 3-0 163.7s plays 25/40 wall 10.7s
[screen] 102 099P9CVPLU0V k=2 win 3-0 163.7s plays 25/40 wall 10.7s
[screen] 103 09G9JCQR8CRV k=0 win 1-0 180.0s plays 28/28 wall 11.8s
[screen] 104 09G9JCQR8CRV k=1 win 1-0 180.0s plays 28/28 wall 11.9s
[screen] 105 09G9JCQR8CRV k=2 win 1-0 180.0s plays 28/28 wall 11.9s
[screen] 106 09LP9U9LLR2P k=0 win 2-0 180.0s plays 30/30 wall 11.8s
[screen] 107 09LP9U9LLR2P k=1 win 2-0 180.0s plays 30/30 wall 11.9s
[screen] 108 09LP9U9LLR2P k=2 win 2-0 180.0s plays 30/30 wall 11.9s
[screen] 109 09PP9J908PYU k=0 win 1-0 180.0s plays 32/32 wall 11.9s
[screen] 110 09PP9J908PYU k=1 win 1-0 180.0s plays 32/32 wall 12.1s
[screen] 111 09PP9J908PYU k=2 win 1-0 180.0s plays 32/32 wall 12.2s
[screen] 112 09R9JCJ8LQRU k=0 win 1-0 180.0s plays 32/36 wall 12.3s
[screen] 113 09R9JCJ8LQRU k=1 win 1-0 180.0s plays 32/36 wall 12.3s
[screen] 114 09R9JCJ8LQRU k=2 win 1-0 180.0s plays 32/36 wall 12.6s
[screen] 115 09R9JCJ8UU88 k=0 win 1-0 180.0s plays 30/30 wall 12.6s
[screen] 116 09R9JCJ8UU88 k=1 win 1-0 180.0s plays 30/30 wall 12.6s
[screen] 117 09R9JCJ8UU88 k=2 win 1-0 180.0s plays 30/30 wall 12.8s
[screen] 118 18b06003f8394b0caf9d7467e2ab7cda k=0 win 2-0 180.0s plays 32/32 wall 12.8s
[screen] 119 18b06003f8394b0caf9d7467e2ab7cda k=1 win 2-0 180.0s plays 32/32 wall 13.1s
[screen] 120 18b06003f8394b0caf9d7467e2ab7cda k=2 win 2-0 180.0s plays 32/32 wall 13.4s
[screen] 121 25d003faed8c441a8e6e23ad6f07bc0f k=0 win 2-1 181.7s plays 26/26 wall 13.5s
[screen] 122 25d003faed8c441a8e6e23ad6f07bc0f k=1 win 2-1 181.7s plays 26/26 wall 13.8s
[screen] 123 25d003faed8c441a8e6e23ad6f07bc0f k=2 win 2-1 181.7s plays 26/26 wall 13.8s
[screen] 124 37beebc8bcdb4d4091482f7f54e27e6e k=0 win 1-0 180.0s plays 25/76 wall 13.8s
[screen] 125 37beebc8bcdb4d4091482f7f54e27e6e k=1 win 1-0 180.0s plays 25/76 wall 13.7s
[screen] 126 37beebc8bcdb4d4091482f7f54e27e6e k=2 win 1-0 180.0s plays 25/76 wall 13.7s
[screen] 127 333ebb5673884328a477960a9ce4a14b k=0 win 2-1 242.7s plays 48/54 wall 18.1s
[screen] 128 333ebb5673884328a477960a9ce4a14b k=1 win 2-1 242.7s plays 48/54 wall 18.1s
[screen] 129 333ebb5673884328a477960a9ce4a14b k=2 win 2-1 242.7s plays 48/54 wall 18.0s
[screen] 130 4341e84cef2446f0a6fc85a76bf5090d k=0 win 1-0 198.1s plays 35/35 wall 14.6s
[screen] 131 494f23d587744726a24dc85bfceb1834 k=0 win 1-0 180.0s plays 26/26 wall 13.3s
[screen] 132 494f23d587744726a24dc85bfceb1834 k=1 win 1-0 180.0s plays 26/26 wall 13.3s
[screen] 133 4341e84cef2446f0a6fc85a76bf5090d k=1 win 1-0 198.1s plays 35/35 wall 14.7s
[screen] 134 4341e84cef2446f0a6fc85a76bf5090d k=2 win 1-0 198.1s plays 35/35 wall 14.7s
[screen] 135 494f23d587744726a24dc85bfceb1834 k=2 win 1-0 180.0s plays 26/26 wall 13.0s
[screen] 136 5bdb5c3daeff466b9d970e6c13d70bbe k=0 win 1-0 180.0s plays 31/31 wall 12.3s
[screen] 137 5bdb5c3daeff466b9d970e6c13d70bbe k=1 win 1-0 180.0s plays 31/31 wall 12.3s
[screen] 138 5bdb5c3daeff466b9d970e6c13d70bbe k=2 win 1-0 180.0s plays 31/31 wall 12.1s
[screen] 139 709bfb31833f438084784a06cab9be26 k=0 win 1-0 180.0s plays 26/26 wall 12.0s
[screen] 140 709bfb31833f438084784a06cab9be26 k=1 win 1-0 180.0s plays 26/26 wall 11.8s
[screen] 141 709bfb31833f438084784a06cab9be26 k=2 win 1-0 180.0s plays 26/26 wall 11.9s
[screen] 142 78e59386c8254e9187ce9d5aaf3bb73e k=0 win 1-0 180.0s plays 33/33 wall 11.9s
[screen] 143 78e59386c8254e9187ce9d5aaf3bb73e k=1 win 1-0 180.0s plays 33/33 wall 11.9s
[screen] 144 78e59386c8254e9187ce9d5aaf3bb73e k=2 win 1-0 180.0s plays 33/33 wall 11.9s
[screen] 145 93367126d7144d7885c74014a865e397 k=0 win 2-1 180.0s plays 31/34 wall 13.0s
[screen] 146 93367126d7144d7885c74014a865e397 k=1 win 2-1 180.0s plays 31/34 wall 13.1s
[screen] 147 844db3de7006445c98a93e6153105872 k=0 loss 1-1 300.0s plays 65/65 wall 21.5s
[screen] 148 93367126d7144d7885c74014a865e397 k=2 win 2-1 180.0s plays 31/34 wall 13.4s
[screen] 149 a3674fb6151548f48a032f7e52f33336 k=0 win 1-0 180.0s plays 29/29 wall 13.4s
[screen] 150 a3674fb6151548f48a032f7e52f33336 k=1 win 1-0 180.0s plays 29/29 wall 13.4s
[screen] 151 905c49c70d894c469147c067d9c6b546 k=0 win 3-1 289.7s plays 59/70 wall 21.0s
[screen] 152 844db3de7006445c98a93e6153105872 k=1 loss 1-1 300.0s plays 65/65 wall 21.8s
[screen] 153 905c49c70d894c469147c067d9c6b546 k=1 win 3-1 289.7s plays 59/70 wall 21.0s
[screen] 154 905c49c70d894c469147c067d9c6b546 k=2 win 3-1 289.7s plays 59/70 wall 21.0s
[screen] 155 844db3de7006445c98a93e6153105872 k=2 loss 1-1 300.0s plays 65/65 wall 21.8s
[screen] 156 a3674fb6151548f48a032f7e52f33336 k=2 win 1-0 180.0s plays 29/29 wall 13.7s
[screen] 157 a4250541fc8a4eda93a7a733267dae71 k=0 win 1-0 180.0s plays 31/31 wall 13.7s
[screen] 158 90ebd8e1802a4b87af2c8a54cc67b1e5 k=0 loss 1-2 299.4s plays 61/61 wall 21.8s
[screen] 159 90ebd8e1802a4b87af2c8a54cc67b1e5 k=1 loss 1-2 299.4s plays 61/61 wall 22.1s
[screen] 160 90ebd8e1802a4b87af2c8a54cc67b1e5 k=2 loss 1-2 299.4s plays 61/61 wall 22.1s
[screen] 161 a4250541fc8a4eda93a7a733267dae71 k=1 win 1-0 180.0s plays 31/31 wall 12.3s
[screen] 162 a4250541fc8a4eda93a7a733267dae71 k=2 win 1-0 180.0s plays 31/31 wall 12.1s
[screen] 163 aceef0a5ff024470b4b6142ec6046200 k=0 win 2-1 180.0s plays 31/32 wall 11.7s
[screen] 164 aceef0a5ff024470b4b6142ec6046200 k=1 win 2-1 180.0s plays 31/32 wall 11.5s
[screen] 165 aceef0a5ff024470b4b6142ec6046200 k=2 win 2-1 180.0s plays 31/32 wall 11.3s
[screen] 166 c4d6628de619471c853064bf81572e1c k=0 win 2-0 180.0s plays 27/27 wall 11.3s
[screen] 167 c4d6628de619471c853064bf81572e1c k=1 win 2-0 180.0s plays 27/27 wall 11.0s
[screen] 168 c4d6628de619471c853064bf81572e1c k=2 win 2-0 180.0s plays 27/27 wall 10.9s
[screen] 169 c75cc69c5ac84026a8dee5c2c2fc1e1a k=0 win 1-0 180.0s plays 29/29 wall 10.9s
[screen] 170 c75cc69c5ac84026a8dee5c2c2fc1e1a k=1 win 1-0 180.0s plays 29/29 wall 10.9s
[screen] 171 c75cc69c5ac84026a8dee5c2c2fc1e1a k=2 win 1-0 180.0s plays 29/29 wall 10.8s
[screen] 172 da49b77a85a845acb3bb9f5d5c182e9b k=0 win 1-0 180.0s plays 30/30 wall 10.5s
[screen] 173 da49b77a85a845acb3bb9f5d5c182e9b k=1 win 1-0 180.0s plays 30/30 wall 10.5s
[screen] 174 da49b77a85a845acb3bb9f5d5c182e9b k=2 win 1-0 180.0s plays 30/30 wall 10.2s
{"DONE": {"matches": 174, "skipped_jobs": 705, "skipped_entries": 235, "wall_s": 156.4}}
