C:\Users\benpe\ClashBot\pipeline\model_v3.py:92: UserWarning: enable_nested_tensor is True, but self.use_nested_tensor is False because encoder_layer.norm_first was True
  self.encoder = nn.TransformerEncoder(enc, layers)
[screen] 1 00JYPQPRYCPP k=1 loss 1-3 103.7s plays 16/16 wall 10.8s
[screen] 2 00JYPQPRYCPP k=0 loss 1-3 107.5s plays 17/18 wall 11.1s
[screen] 3 00JYPQPRYCPP k=2 loss 1-3 113.5s plays 17/17 wall 11.7s
[screen] 4 000YLY2VQ92P k=1 loss 0-3 141.1s plays 26/26 wall 14.5s
[screen] 5 00LYPLCVRCCV k=2 win 3-0 171.0s plays 33/51 wall 17.4s
[screen] 6 00JYPGYLRP88 k=1 loss 1-3 176.8s plays 34/34 wall 18.1s
[screen] 7 00LYPLY0GRQP k=0 win 3-0 178.2s plays 35/37 wall 18.2s
[screen] 8 00LYPLY0GRQP k=2 win 3-1 178.6s plays 36/36 wall 18.3s
[screen] 9 000YLY2VQ92P k=0 loss 0-2 180.0s plays 36/36 wall 18.4s
[screen] 10 000YLY2VQ92P k=2 loss 0-2 180.0s plays 34/34 wall 18.4s
[screen] 11 00JYPGYLRP88 k=0 loss 0-1 180.0s plays 36/36 wall 18.4s
[screen] 12 00LYPLCVRCCV k=0 win 1-0 180.0s plays 34/34 wall 18.4s
[screen] 13 00LYPLCVRCCV k=1 win 1-0 180.0s plays 36/45 wall 18.4s
[screen] 14 00JYPGYLRP88 k=2 loss 1-3 229.4s plays 50/50 wall 23.1s
[screen] 15 00PYLLC9QJ0L k=0 loss 1-2 239.8s plays 54/54 wall 24.1s
[screen] 16 00LYPLY0GRQP k=1 win 2-1 263.1s plays 60/60 wall 26.2s
[screen] 17 00PYLLC9QJ0L k=1 loss 1-2 180.0s plays 36/41 wall 17.1s
[screen] 18 02JY9G99CGPC k=1 loss 2-3 127.4s plays 20/20 wall 11.7s
[screen] 19 00UYPQ9ULVP2 k=0 win 2-1 211.9s plays 44/44 wall 20.2s
[screen] 20 00UYPQ9ULVP2 k=2 loss 0-3 160.0s plays 30/30 wall 15.0s
[screen] 21 00VYPLPJRYRY k=0 loss 0-2 180.0s plays 37/37 wall 17.1s
[screen] 22 00UYPQ9ULVP2 k=1 win 2-1 216.7s plays 46/46 wall 20.8s
[screen] 23 00VYPLPJRYRY k=1 loss 0-1 180.0s plays 36/36 wall 17.1s
[screen] 24 00VYPLPJRYRY k=2 loss 0-1 180.0s plays 37/37 wall 17.1s
[screen] 25 02GY9GY2U8UQ k=0 win 1-0 180.0s plays 37/37 wall 17.1s
[screen] 26 02GY9GY2U8UQ k=2 win 1-0 180.0s plays 36/36 wall 17.1s
[screen] 27 02JY9G99CGPC k=0 loss 1-2 180.7s plays 34/34 wall 17.2s
[screen] 28 00PYLLC9QJ0L k=2 win 2-1 276.6s plays 64/66 wall 26.6s
[screen] 29 02GY9GY2U8UQ k=1 win 2-1 210.3s plays 46/46 wall 19.9s
[screen] 30 02JY9G99CGPC k=2 loss 1-3 178.2s plays 34/36 wall 17.2s
[screen] 31 02JY9GQYLVLV k=0 win 3-1 172.4s plays 34/34 wall 16.6s
[screen] 32 02JY9GQYLVLV k=1 win 2-1 180.0s plays 37/38 wall 17.2s
[screen] 33 02JY9GQYLVLV k=2 win 1-0 180.0s plays 36/36 wall 17.2s
[screen] 34 02QY9Q9YY089 k=2 loss 1-3 104.9s plays 16/16 wall 9.7s
[screen] 35 02PP9CQ0Q2U2 k=0 win 3-0 159.9s plays 29/29 wall 15.2s
[screen] 36 02PP9CQ0Q2U2 k=1 win 3-0 152.5s plays 27/27 wall 14.3s
[screen] 37 02PP9CQ0Q2U2 k=2 win 3-0 154.6s plays 27/29 wall 14.6s
[screen] 38 02RY9RVV8R29 k=2 loss 0-3 63.8s plays 10/10 wall 5.7s
[screen] 39 02RY9GC0U9RV k=1 loss 1-3 124.6s plays 19/19 wall 11.5s
[screen] 40 02QY9Q9YY089 k=0 loss 1-3 159.1s plays 30/32 wall 14.8s
[screen] 41 02QY9Q9YY089 k=1 loss 1-3 171.9s plays 33/34 wall 15.9s
[screen] 42 02QY9Q98C0J8 k=2 win 1-0 180.0s plays 36/38 wall 16.7s
[screen] 43 02RY9RVV8R29 k=0 loss 0-3 161.4s plays 30/30 wall 14.6s
[screen] 44 02RY9GC0U9RV k=0 win 2-1 208.9s plays 44/45 wall 19.3s
[screen] 45 02RY9RVV8R29 k=1 loss 1-3 160.8s plays 29/29 wall 14.6s
[screen] 46 02QY9Q98C0J8 k=0 loss 1-3 249.1s plays 57/57 wall 23.1s
[screen] 47 02RY9GC0U9RV k=2 win 3-1 227.7s plays 48/48 wall 21.0s
[screen] 48 02YYPCRQ2QLY k=0 loss 0-3 170.4s plays 34/34 wall 15.3s
[screen] 49 02YYPCRQ2QLY k=1 loss 0-1 180.0s plays 35/35 wall 16.2s
[screen] 50 02YYPCRQ2QLY k=2 loss 0-2 180.0s plays 36/36 wall 16.2s
[screen] 51 02QY9Q98C0J8 k=1 win 3-1 290.9s plays 69/73 wall 26.9s
[screen] 52 02YYPUJ220L2 k=0 win 1-0 185.2s plays 38/38 wall 16.9s
[screen] 53 02YYPUJ220L2 k=1 win 1-0 180.0s plays 36/36 wall 16.4s
[screen] 54 02YYPUJ220L2 k=2 win 1-0 180.0s plays 37/37 wall 16.2s
[screen] 55 02YYPUV2GGCL k=0 loss 1-2 185.1s plays 38/39 wall 16.6s
[screen] 56 02YYPURYV2CL k=0 loss 1-3 235.7s plays 51/51 wall 21.5s
[screen] 57 02YYPUV2GGCL k=1 win 1-0 180.0s plays 35/35 wall 16.2s
[screen] 58 080Y8QLPCVVR k=0 loss 0-1 187.8s plays 38/38 wall 17.0s
[screen] 59 02YYPURYV2CL k=1 loss 1-2 244.0s plays 53/53 wall 22.2s
[screen] 60 02YYPUV2GGCL k=2 loss 1-2 198.9s plays 40/40 wall 18.0s
[screen] 61 080Y8QLPCVVR k=1 loss 1-3 188.9s plays 38/38 wall 17.1s
[screen] 62 080Y8QLPCVVR k=2 loss 0-1 180.0s plays 34/34 wall 16.4s
[screen] 63 02YYPURYV2CL k=2 loss 1-2 270.8s plays 62/62 wall 24.7s
[screen] 64 080Y8QLUPRYR k=0 win 1-0 180.0s plays 37/37 wall 16.4s
[screen] 65 080Y8QLUPRYR k=1 loss 0-1 180.0s plays 36/36 wall 16.3s
[screen] 66 082Y8G9GG202 k=0 loss 1-3 171.7s plays 33/33 wall 15.5s
[screen] 67 080Y8QLUPRYR k=2 win 2-1 180.0s plays 37/46 wall 16.3s
[screen] 68 082Y8G9GG202 k=1 loss 1-2 180.0s plays 36/36 wall 16.3s
[screen] 69 082Y8G9GG202 k=2 loss 1-2 180.0s plays 35/35 wall 16.2s
[screen] 70 08GPVRL99VUQ k=2 loss 1-3 106.0s plays 15/15 wall 9.2s
[screen] 71 08CPVJP99UY9 k=0 win 3-1 207.6s plays 44/44 wall 18.7s
[screen] 72 08CPVJP99UY9 k=1 loss 0-1 180.0s plays 36/36 wall 16.1s
[screen] 73 08JPVCQ0JCG2 k=1 loss 1-3 116.4s plays 17/17 wall 10.2s
[screen] 74 08CPVJP99UY9 k=2 win 1-0 188.9s plays 40/41 wall 16.9s
[screen] 75 08GPVRL99VUQ k=1 loss 1-3 179.8s plays 34/34 wall 16.0s
[screen] 76 08JPVCQ0JCG2 k=0 loss 1-3 177.5s plays 35/35 wall 15.8s
[screen] 77 08JPVCQ0JCG2 k=2 loss 0-1 180.0s plays 34/34 wall 16.3s
[screen] 78 08JPVCUVCQ00 k=0 loss 1-2 180.0s plays 35/35 wall 16.4s
[screen] 79 08JPVCUVCQ00 k=1 win 1-0 180.0s plays 36/36 wall 16.5s
[screen] 80 08GPVRL99VUQ k=0 win 3-1 241.6s plays 51/51 wall 22.3s
[screen] 81 08PY88PJYJUR k=0 loss 1-2 180.0s plays 36/39 wall 16.8s
[screen] 82 08PY88PJYJUR k=1 loss 1-3 193.1s plays 40/42 wall 18.5s
[screen] 83 08QPVCP8C0CP k=0 win 1-0 180.0s plays 36/38 wall 17.3s
[screen] 84 08JPVCUVCQ00 k=2 loss 1-2 207.8s plays 44/44 wall 20.4s
[screen] 85 08QPVCP8C0CP k=1 loss 0-1 180.0s plays 35/35 wall 18.4s
[screen] 86 08PY88PJYJUR k=2 loss 1-2 206.7s plays 43/43 wall 21.0s
[screen] 87 099P9CL9R9J0 k=0 loss 1-3 67.9s plays 11/11 wall 8.9s
[screen] 88 08QPVCP8C0CP k=2 loss 0-1 180.0s plays 35/35 wall 20.1s
[screen] 89 099P9CL9R9J0 k=1 loss 1-3 67.8s plays 11/11 wall 8.8s
[screen] 90 099P9CL9R9J0 k=2 loss 1-3 67.8s plays 10/10 wall 8.7s
[screen] 91 08VPPUUJUP2C k=0 loss 1-2 224.5s plays 50/50 wall 24.8s
[screen] 92 092PY0Y9YC99 k=0 win 3-1 221.5s plays 47/51 wall 24.3s
[screen] 93 08VPPUUJUP2C k=1 loss 1-3 259.8s plays 60/61 wall 27.9s
[screen] 94 092PY0Y9YC99 k=1 win 3-1 240.5s plays 53/60 wall 26.0s
[screen] 95 099P9CJY9LYQ k=2 win 2-1 211.6s plays 46/46 wall 22.7s
[screen] 96 099P9CVPLU0V k=1 win 3-0 160.7s plays 30/30 wall 16.1s
[screen] 97 099P9CVPLU0V k=0 loss 1-2 180.0s plays 37/37 wall 18.5s
[screen] 98 092PY0Y9YC99 k=2 win 3-1 239.5s plays 53/54 wall 25.2s
[screen] 99 099P9CVPLU0V k=2 win 3-0 176.6s plays 35/35 wall 17.4s
[screen] 100 08VPPUUJUP2C k=2 loss 1-1 300.0s plays 71/71 wall 31.1s
[screen] 101 099P9CJY9LYQ k=0 loss 1-3 275.5s plays 63/65 wall 28.5s
[screen] 102 09G9JCQR8CRV k=2 win 1-0 180.0s plays 37/37 wall 16.1s
[screen] 103 09G9JCQR8CRV k=1 loss 0-1 196.4s plays 41/41 wall 17.8s
[screen] 104 09G9JCQR8CRV k=0 win 1-0 224.4s plays 48/48 wall 20.6s
[screen] 105 099P9CJY9LYQ k=1 loss 1-1 300.0s plays 71/71 wall 30.8s
[screen] 106 09LP9U9LLR2P k=0 loss 1-2 206.2s plays 43/43 wall 18.6s
[screen] 107 09PP9J908PYU k=0 win 1-0 189.9s plays 38/38 wall 17.3s
[screen] 108 09LP9U9LLR2P k=2 loss 1-2 200.1s plays 42/42 wall 18.3s
[screen] 109 09PP9J908PYU k=1 loss 0-1 180.0s plays 35/35 wall 16.5s
[screen] 110 09LP9U9LLR2P k=1 loss 1-2 256.0s plays 58/60 wall 23.3s
[screen] 111 09R9JCJ8UU88 k=0 win 1-0 180.0s plays 36/38 wall 17.0s
[screen] 112 09PP9J908PYU k=2 win 1-0 205.1s plays 44/44 wall 19.4s
[screen] 113 09R9JCJ8UU88 k=1 win 1-0 180.0s plays 36/39 wall 17.4s
[screen] 114 09R9JCJ8UU88 k=2 win 1-0 180.0s plays 35/35 wall 17.2s
[screen] 115 18b06003f8394b0caf9d7467e2ab7cda k=1 win 2-1 187.0s plays 38/53 wall 17.7s
[screen] 116 25d003faed8c441a8e6e23ad6f07bc0f k=0 win 3-0 169.6s plays 34/38 wall 15.9s
[screen] 117 25d003faed8c441a8e6e23ad6f07bc0f k=1 win 2-0 180.0s plays 35/35 wall 16.8s
[screen] 118 09R9JCJ8LQRU k=0 loss 1-1 300.0s plays 71/74 wall 28.1s
[screen] 119 09R9JCJ8LQRU k=1 loss 1-1 300.0s plays 71/71 wall 28.0s
[screen] 120 18b06003f8394b0caf9d7467e2ab7cda k=0 win 2-1 255.2s plays 59/60 wall 23.9s
[screen] 121 09R9JCJ8LQRU k=2 win 1-1 300.0s plays 70/70 wall 28.0s
[screen] 122 25d003faed8c441a8e6e23ad6f07bc0f k=2 win 1-0 180.0s plays 35/36 wall 16.2s
[screen] 123 18b06003f8394b0caf9d7467e2ab7cda k=2 win 2-1 257.4s plays 59/59 wall 23.9s
[screen] 124 37beebc8bcdb4d4091482f7f54e27e6e k=1 win 3-0 151.7s plays 27/29 wall 13.3s
[screen] 125 37beebc8bcdb4d4091482f7f54e27e6e k=2 win 3-0 147.3s plays 26/28 wall 12.7s
[screen] 126 333ebb5673884328a477960a9ce4a14b k=2 win 2-1 180.0s plays 33/33 wall 16.1s
[screen] 127 37beebc8bcdb4d4091482f7f54e27e6e k=0 win 3-0 161.7s plays 30/31 wall 14.3s
[screen] 128 333ebb5673884328a477960a9ce4a14b k=0 win 2-1 226.8s plays 49/56 wall 20.2s
[screen] 129 709bfb31833f438084784a06cab9be26 k=0 loss 0-3 84.6s plays 14/14 wall 7.5s
[screen] 130 494f23d587744726a24dc85bfceb1834 k=0 loss 0-1 180.0s plays 34/34 wall 16.3s
[screen] 131 4341e84cef2446f0a6fc85a76bf5090d k=0 win 2-1 220.0s plays 48/50 wall 19.8s
[screen] 132 333ebb5673884328a477960a9ce4a14b k=1 win 1-1 300.0s plays 70/70 wall 27.6s
[screen] 133 709bfb31833f438084784a06cab9be26 k=2 loss 1-3 121.6s plays 17/17 wall 11.4s
[screen] 134 494f23d587744726a24dc85bfceb1834 k=1 win 2-1 186.3s plays 36/36 wall 17.1s
[screen] 135 5bdb5c3daeff466b9d970e6c13d70bbe k=0 win 1-0 180.0s plays 35/35 wall 16.7s
[screen] 136 5bdb5c3daeff466b9d970e6c13d70bbe k=1 win 2-1 187.2s plays 38/38 wall 17.4s
[screen] 137 494f23d587744726a24dc85bfceb1834 k=2 win 3-1 215.2s plays 45/45 wall 19.9s
[screen] 138 4341e84cef2446f0a6fc85a76bf5090d k=1 loss 1-3 281.8s plays 65/65 wall 26.1s
[screen] 139 709bfb31833f438084784a06cab9be26 k=1 loss 1-2 193.9s plays 39/39 wall 18.1s
[screen] 140 4341e84cef2446f0a6fc85a76bf5090d k=2 win 1-1 300.0s plays 71/73 wall 27.6s
[screen] 141 5bdb5c3daeff466b9d970e6c13d70bbe k=2 win 2-1 248.6s plays 57/58 wall 23.1s
[screen] 142 844db3de7006445c98a93e6153105872 k=0 win 1-0 180.0s plays 36/36 wall 16.7s
[screen] 143 905c49c70d894c469147c067d9c6b546 k=0 win 3-0 158.2s plays 29/30 wall 14.5s
[screen] 144 78e59386c8254e9187ce9d5aaf3bb73e k=2 win 1-0 235.4s plays 54/54 wall 22.3s
[screen] 145 844db3de7006445c98a93e6153105872 k=1 loss 1-2 183.7s plays 39/41 wall 17.0s
[screen] 146 844db3de7006445c98a93e6153105872 k=2 win 1-0 180.0s plays 34/34 wall 16.5s
[screen] 147 78e59386c8254e9187ce9d5aaf3bb73e k=0 win 1-1 300.0s plays 72/72 wall 27.8s
[screen] 148 78e59386c8254e9187ce9d5aaf3bb73e k=1 win 1-1 300.0s plays 72/73 wall 27.8s
[screen] 149 905c49c70d894c469147c067d9c6b546 k=2 win 1-0 180.0s plays 35/35 wall 16.1s
[screen] 150 90ebd8e1802a4b87af2c8a54cc67b1e5 k=0 loss 0-1 180.0s plays 33/33 wall 16.0s
[screen] 151 905c49c70d894c469147c067d9c6b546 k=1 win 3-1 255.9s plays 58/62 wall 23.0s
[screen] 152 93367126d7144d7885c74014a865e397 k=2 loss 0-1 180.0s plays 36/36 wall 16.0s
[screen] 153 90ebd8e1802a4b87af2c8a54cc67b1e5 k=1 loss 1-2 242.2s plays 54/54 wall 21.7s
[screen] 154 90ebd8e1802a4b87af2c8a54cc67b1e5 k=2 loss 1-3 227.9s plays 49/49 wall 20.4s
[screen] 155 a3674fb6151548f48a032f7e52f33336 k=0 win 2-0 180.0s plays 37/41 wall 16.2s
[screen] 156 93367126d7144d7885c74014a865e397 k=0 loss 1-2 261.3s plays 60/69 wall 23.7s
[screen] 157 a3674fb6151548f48a032f7e52f33336 k=2 win 2-1 180.0s plays 37/41 wall 16.3s
[screen] 158 a4250541fc8a4eda93a7a733267dae71 k=0 win 2-0 180.0s plays 37/37 wall 16.3s
[screen] 159 a4250541fc8a4eda93a7a733267dae71 k=1 win 1-0 180.0s plays 36/36 wall 16.3s
[screen] 160 a4250541fc8a4eda93a7a733267dae71 k=2 win 1-0 193.2s plays 40/40 wall 17.7s
[screen] 161 aceef0a5ff024470b4b6142ec6046200 k=0 win 2-0 180.0s plays 35/35 wall 16.6s
[screen] 162 aceef0a5ff024470b4b6142ec6046200 k=1 win 2-0 180.0s plays 35/35 wall 16.6s
[screen] 163 aceef0a5ff024470b4b6142ec6046200 k=2 win 1-0 180.0s plays 32/32 wall 16.6s
[screen] 164 93367126d7144d7885c74014a865e397 k=1 loss 1-1 300.0s plays 73/73 wall 27.4s
[screen] 165 c4d6628de619471c853064bf81572e1c k=0 loss 0-1 180.0s plays 36/36 wall 16.5s
[screen] 166 a3674fb6151548f48a032f7e52f33336 k=1 win 2-1 258.1s plays 59/70 wall 23.3s
[screen] 167 c4d6628de619471c853064bf81572e1c k=2 loss 1-2 180.0s plays 36/40 wall 15.0s
[screen] 168 c75cc69c5ac84026a8dee5c2c2fc1e1a k=0 win 2-1 180.0s plays 35/35 wall 14.8s
[screen] 169 c75cc69c5ac84026a8dee5c2c2fc1e1a k=1 win 2-1 180.0s plays 35/35 wall 14.6s
[screen] 170 c4d6628de619471c853064bf81572e1c k=1 loss 0-1 225.1s plays 50/51 wall 17.9s
[screen] 171 da49b77a85a845acb3bb9f5d5c182e9b k=2 loss 0-1 180.0s plays 36/36 wall 12.6s
[screen] 172 da49b77a85a845acb3bb9f5d5c182e9b k=1 loss 1-2 183.0s plays 36/36 wall 12.8s
[screen] 173 c75cc69c5ac84026a8dee5c2c2fc1e1a k=2 win 2-1 228.1s plays 50/50 wall 16.8s
[screen] 174 da49b77a85a845acb3bb9f5d5c182e9b k=0 win 1-0 204.2s plays 43/43 wall 13.9s
{"DONE": {"matches": 174, "skipped_jobs": 705, "skipped_entries": 235, "wall_s": 204.3}}
