C:\Users\benpe\ClashBot\pipeline\model_v3.py:92: UserWarning: enable_nested_tensor is True, but self.use_nested_tensor is False because encoder_layer.norm_first was True
  self.encoder = nn.TransformerEncoder(enc, layers)
[screen] 1 00JYPQPRYCPP k=0 win 2-0 180.0s plays 25/39 wall 11.3s
[screen] 2 00JYPQPRYCPP k=1 win 2-0 180.0s plays 25/39 wall 11.3s
[screen] 3 00JYPQPRYCPP k=2 win 2-0 180.0s plays 25/39 wall 11.3s
[screen] 4 00LYPLCVRCCV k=0 win 1-0 180.0s plays 25/34 wall 11.6s
[screen] 5 00LYPLCVRCCV k=1 win 1-0 180.0s plays 25/34 wall 11.6s
[screen] 6 00LYPLCVRCCV k=2 win 1-0 180.0s plays 25/34 wall 11.6s
[screen] 7 00PYLLC9QJ0L k=0 win 1-0 180.0s plays 31/32 wall 11.8s
[screen] 8 000YLY2VQ92P k=0 win 1-0 180.0s plays 31/31 wall 11.9s
[screen] 9 000YLY2VQ92P k=1 win 1-0 180.0s plays 31/31 wall 11.9s
[screen] 10 000YLY2VQ92P k=2 win 1-0 180.0s plays 31/31 wall 11.9s
[screen] 11 00JYPGYLRP88 k=0 loss 0-2 180.0s plays 30/31 wall 12.0s
[screen] 12 00JYPGYLRP88 k=1 loss 0-2 180.0s plays 30/31 wall 12.0s
[screen] 13 00JYPGYLRP88 k=2 loss 0-2 180.0s plays 30/31 wall 12.0s
[screen] 14 00LYPLY0GRQP k=0 win 1-0 180.0s plays 27/30 wall 12.0s
[screen] 15 00LYPLY0GRQP k=1 win 1-0 180.0s plays 27/30 wall 12.0s
[screen] 16 00LYPLY0GRQP k=2 win 1-0 180.0s plays 27/30 wall 12.0s
[screen] 17 00PYLLC9QJ0L k=1 win 1-0 180.0s plays 31/32 wall 11.4s
[screen] 18 00PYLLC9QJ0L k=2 win 1-0 180.0s plays 31/32 wall 11.4s
[screen] 19 00UYPQ9ULVP2 k=0 win 1-0 180.0s plays 29/30 wall 11.7s
[screen] 20 00VYPLPJRYRY k=0 win 1-0 180.0s plays 30/31 wall 11.6s
[screen] 21 00UYPQ9ULVP2 k=1 win 1-0 180.0s plays 29/30 wall 11.7s
[screen] 22 00UYPQ9ULVP2 k=2 win 1-0 180.0s plays 29/30 wall 11.7s
[screen] 23 02GY9GY2U8UQ k=0 win 1-0 180.0s plays 30/33 wall 11.4s
[screen] 24 02GY9GY2U8UQ k=1 win 1-0 180.0s plays 30/33 wall 11.4s
[screen] 25 00VYPLPJRYRY k=1 win 1-0 180.0s plays 30/31 wall 11.6s
[screen] 26 02GY9GY2U8UQ k=2 win 1-0 180.0s plays 30/33 wall 11.4s
[screen] 27 00VYPLPJRYRY k=2 win 1-0 180.0s plays 30/31 wall 11.6s
[screen] 28 02JY9GQYLVLV k=0 win 2-0 180.0s plays 32/32 wall 11.4s
[screen] 29 02JY9GQYLVLV k=1 win 2-0 180.0s plays 32/32 wall 11.4s
[screen] 30 02JY9G99CGPC k=0 loss 1-2 180.0s plays 28/28 wall 11.7s
[screen] 31 02JY9G99CGPC k=1 loss 1-2 180.0s plays 28/28 wall 11.7s
[screen] 32 02JY9G99CGPC k=2 loss 1-2 180.0s plays 28/28 wall 11.7s
[screen] 33 02PP9CQ0Q2U2 k=0 win 3-0 153.9s plays 25/25 wall 9.5s
[screen] 34 02PP9CQ0Q2U2 k=1 win 3-0 153.9s plays 25/25 wall 9.5s
[screen] 35 02PP9CQ0Q2U2 k=2 win 3-0 153.9s plays 25/25 wall 9.5s
[screen] 36 02JY9GQYLVLV k=2 win 2-0 180.0s plays 32/32 wall 11.1s
[screen] 37 02RY9GC0U9RV k=0 loss 0-1 180.0s plays 27/27 wall 11.5s
[screen] 38 02RY9GC0U9RV k=1 loss 0-1 180.0s plays 27/27 wall 11.5s
[screen] 39 02RY9GC0U9RV k=2 loss 0-1 180.0s plays 27/27 wall 11.5s
[screen] 40 02RY9RVV8R29 k=0 win 2-1 219.0s plays 35/36 wall 14.0s
[screen] 41 02RY9RVV8R29 k=1 win 2-1 219.0s plays 35/36 wall 14.0s
[screen] 42 02RY9RVV8R29 k=2 win 2-1 219.0s plays 35/36 wall 14.0s
[screen] 43 02QY9Q98C0J8 k=0 win 2-1 271.0s plays 50/50 wall 16.9s
[screen] 44 02QY9Q98C0J8 k=1 win 2-1 271.0s plays 50/50 wall 16.9s
[screen] 45 02QY9Q98C0J8 k=2 win 2-1 271.0s plays 50/50 wall 16.9s
[screen] 46 02QY9Q9YY089 k=0 win 2-1 291.1s plays 57/57 wall 18.0s
[screen] 47 02QY9Q9YY089 k=1 win 2-1 291.1s plays 57/57 wall 18.0s
[screen] 48 02QY9Q9YY089 k=2 win 2-1 291.1s plays 57/57 wall 18.0s
[screen] 49 02YYPUJ220L2 k=0 win 2-1 180.0s plays 31/32 wall 11.1s
[screen] 50 02YYPCRQ2QLY k=0 win 3-1 214.2s plays 39/41 wall 13.2s
[screen] 51 02YYPCRQ2QLY k=1 win 3-1 214.2s plays 39/41 wall 13.2s
[screen] 52 02YYPCRQ2QLY k=2 win 3-1 214.2s plays 39/41 wall 13.2s
[screen] 53 02YYPUJ220L2 k=1 win 2-1 180.0s plays 31/32 wall 11.1s
[screen] 54 02YYPUJ220L2 k=2 win 2-1 180.0s plays 31/32 wall 11.1s
[screen] 55 02YYPURYV2CL k=0 win 2-1 213.1s plays 36/36 wall 13.0s
[screen] 56 02YYPUV2GGCL k=0 win 1-0 180.0s plays 28/28 wall 11.0s
[screen] 57 02YYPURYV2CL k=1 win 2-1 213.1s plays 36/36 wall 13.0s
[screen] 58 02YYPURYV2CL k=2 win 2-1 213.1s plays 36/36 wall 13.0s
[screen] 59 080Y8QLPCVVR k=0 win 1-0 180.0s plays 29/29 wall 10.9s
[screen] 60 02YYPUV2GGCL k=1 win 1-0 180.0s plays 28/28 wall 10.9s
[screen] 61 02YYPUV2GGCL k=2 win 1-0 180.0s plays 28/28 wall 10.9s
[screen] 62 080Y8QLUPRYR k=0 win 3-0 171.2s plays 29/29 wall 10.1s
[screen] 63 080Y8QLPCVVR k=1 win 1-0 180.0s plays 29/29 wall 10.7s
[screen] 64 080Y8QLPCVVR k=2 win 1-0 180.0s plays 29/29 wall 10.7s
[screen] 65 080Y8QLUPRYR k=1 win 3-0 171.2s plays 29/29 wall 10.5s
[screen] 66 080Y8QLUPRYR k=2 win 3-0 171.2s plays 29/29 wall 10.4s
[screen] 67 082Y8G9GG202 k=0 win 1-0 180.0s plays 30/30 wall 11.0s
[screen] 68 082Y8G9GG202 k=1 win 1-0 180.0s plays 30/30 wall 11.0s
[screen] 69 082Y8G9GG202 k=2 win 1-0 180.0s plays 30/30 wall 10.9s
[screen] 70 08CPVJP99UY9 k=0 win 2-1 190.4s plays 30/31 wall 11.6s
[screen] 71 08CPVJP99UY9 k=1 win 2-1 190.4s plays 30/31 wall 11.9s
[screen] 72 08CPVJP99UY9 k=2 win 2-1 190.4s plays 30/31 wall 11.9s
[screen] 73 08GPVRL99VUQ k=0 win 1-0 180.0s plays 29/29 wall 11.3s
[screen] 74 08GPVRL99VUQ k=1 win 1-0 180.0s plays 29/29 wall 11.3s
[screen] 75 08GPVRL99VUQ k=2 win 1-0 180.0s plays 29/29 wall 11.3s
[screen] 76 08JPVCUVCQ00 k=0 win 2-0 180.0s plays 29/29 wall 11.4s
[screen] 77 08JPVCUVCQ00 k=1 win 2-0 180.0s plays 29/29 wall 11.4s
[screen] 78 08JPVCUVCQ00 k=2 win 2-0 180.0s plays 29/29 wall 11.2s
[screen] 79 08PY88PJYJUR k=0 win 2-1 180.0s plays 26/26 wall 11.6s
[screen] 80 08PY88PJYJUR k=1 win 2-1 180.0s plays 26/26 wall 11.5s
[screen] 81 08PY88PJYJUR k=2 win 2-1 180.0s plays 26/26 wall 11.5s
[screen] 82 08JPVCQ0JCG2 k=0 win 1-1 300.0s plays 59/59 wall 18.1s
[screen] 83 08JPVCQ0JCG2 k=1 win 1-1 300.0s plays 59/59 wall 18.1s
[screen] 84 08JPVCQ0JCG2 k=2 win 1-1 300.0s plays 59/59 wall 18.1s
[screen] 85 08QPVCP8C0CP k=0 win 2-1 205.0s plays 32/32 wall 12.8s
[screen] 86 08QPVCP8C0CP k=1 win 2-1 205.0s plays 32/32 wall 13.0s
[screen] 87 08VPPUUJUP2C k=0 win 1-0 180.0s plays 26/27 wall 11.5s
[screen] 88 08QPVCP8C0CP k=2 win 2-1 205.0s plays 32/32 wall 12.9s
[screen] 89 08VPPUUJUP2C k=1 win 1-0 180.0s plays 26/27 wall 11.3s
[screen] 90 08VPPUUJUP2C k=2 win 1-0 180.0s plays 26/27 wall 11.3s
[screen] 91 092PY0Y9YC99 k=0 win 1-0 180.0s plays 29/29 wall 11.1s
[screen] 92 092PY0Y9YC99 k=1 win 1-0 180.0s plays 29/29 wall 11.0s
[screen] 93 092PY0Y9YC99 k=2 win 1-0 180.0s plays 29/29 wall 11.1s
[screen] 94 099P9CJY9LYQ k=0 win 3-0 155.1s plays 25/25 wall 9.3s
[screen] 95 099P9CJY9LYQ k=1 win 3-0 155.1s plays 25/25 wall 9.2s
[screen] 96 099P9CJY9LYQ k=2 win 3-0 155.1s plays 25/25 wall 9.3s
[screen] 97 099P9CL9R9J0 k=0 win 2-0 180.0s plays 29/29 wall 10.7s
[screen] 98 099P9CL9R9J0 k=1 win 2-0 180.0s plays 29/29 wall 10.8s
[screen] 99 099P9CL9R9J0 k=2 win 2-0 180.0s plays 29/29 wall 10.8s
[screen] 100 099P9CVPLU0V k=0 win 1-0 180.0s plays 28/28 wall 10.9s
[screen] 101 099P9CVPLU0V k=1 win 1-0 180.0s plays 28/28 wall 10.9s
[screen] 102 099P9CVPLU0V k=2 win 1-0 180.0s plays 28/28 wall 10.8s
[screen] 103 09G9JCQR8CRV k=0 win 1-0 180.0s plays 28/28 wall 10.8s
[screen] 104 09G9JCQR8CRV k=1 win 1-0 180.0s plays 28/28 wall 11.0s
[screen] 105 09G9JCQR8CRV k=2 win 1-0 180.0s plays 28/28 wall 11.1s
[screen] 106 09LP9U9LLR2P k=0 win 2-0 180.0s plays 28/28 wall 11.1s
[screen] 107 09LP9U9LLR2P k=1 win 2-0 180.0s plays 28/28 wall 11.1s
[screen] 108 09PP9J908PYU k=0 win 1-0 180.0s plays 31/31 wall 10.9s
[screen] 109 09LP9U9LLR2P k=2 win 2-0 180.0s plays 28/28 wall 11.2s
[screen] 110 09PP9J908PYU k=1 win 1-0 180.0s plays 31/31 wall 11.2s
[screen] 111 09PP9J908PYU k=2 win 1-0 180.0s plays 31/31 wall 11.2s
[screen] 112 09R9JCJ8UU88 k=0 win 1-0 180.0s plays 31/35 wall 11.4s
[screen] 113 09R9JCJ8UU88 k=1 win 1-0 180.0s plays 31/35 wall 11.4s
[screen] 114 09R9JCJ8LQRU k=0 win 2-1 232.1s plays 42/42 wall 14.8s
[screen] 115 09R9JCJ8UU88 k=2 win 1-0 180.0s plays 31/35 wall 11.5s
[screen] 116 18b06003f8394b0caf9d7467e2ab7cda k=0 win 1-0 180.0s plays 29/29 wall 12.0s
[screen] 117 09R9JCJ8LQRU k=1 win 2-1 232.1s plays 42/42 wall 15.2s
[screen] 118 18b06003f8394b0caf9d7467e2ab7cda k=1 win 1-0 180.0s plays 29/29 wall 12.4s
[screen] 119 09R9JCJ8LQRU k=2 win 2-1 232.1s plays 42/42 wall 15.5s
[screen] 120 25d003faed8c441a8e6e23ad6f07bc0f k=0 win 2-0 180.0s plays 28/40 wall 11.5s
[screen] 121 25d003faed8c441a8e6e23ad6f07bc0f k=1 win 2-0 180.0s plays 28/40 wall 11.5s
[screen] 122 25d003faed8c441a8e6e23ad6f07bc0f k=2 win 2-0 180.0s plays 28/40 wall 11.5s
[screen] 123 18b06003f8394b0caf9d7467e2ab7cda k=2 win 1-0 180.0s plays 29/29 wall 12.6s
[screen] 124 37beebc8bcdb4d4091482f7f54e27e6e k=0 win 3-0 164.5s plays 25/26 wall 12.6s
[screen] 125 37beebc8bcdb4d4091482f7f54e27e6e k=1 win 3-0 164.5s plays 25/26 wall 12.6s
[screen] 126 37beebc8bcdb4d4091482f7f54e27e6e k=2 win 3-0 164.5s plays 25/26 wall 12.5s
[screen] 127 333ebb5673884328a477960a9ce4a14b k=0 win 1-1 300.0s plays 56/56 wall 21.4s
[screen] 128 333ebb5673884328a477960a9ce4a14b k=1 win 1-1 300.0s plays 56/56 wall 21.4s
[screen] 129 494f23d587744726a24dc85bfceb1834 k=0 win 1-0 180.0s plays 27/27 wall 13.8s
[screen] 130 333ebb5673884328a477960a9ce4a14b k=2 win 1-1 300.0s plays 56/56 wall 21.5s
[screen] 131 494f23d587744726a24dc85bfceb1834 k=1 win 1-0 180.0s plays 27/27 wall 13.6s
[screen] 132 494f23d587744726a24dc85bfceb1834 k=2 win 1-0 180.0s plays 27/27 wall 13.6s
[screen] 133 5bdb5c3daeff466b9d970e6c13d70bbe k=0 win 2-1 180.0s plays 29/29 wall 13.4s
[screen] 134 5bdb5c3daeff466b9d970e6c13d70bbe k=1 win 2-1 180.0s plays 29/29 wall 13.4s
[screen] 135 5bdb5c3daeff466b9d970e6c13d70bbe k=2 win 2-1 180.0s plays 29/29 wall 13.4s
[screen] 136 709bfb31833f438084784a06cab9be26 k=0 win 2-0 180.0s plays 27/28 wall 13.3s
[screen] 137 4341e84cef2446f0a6fc85a76bf5090d k=0 win 2-1 242.4s plays 44/44 wall 17.7s
[screen] 138 4341e84cef2446f0a6fc85a76bf5090d k=1 win 2-1 242.4s plays 44/44 wall 17.7s
[screen] 139 4341e84cef2446f0a6fc85a76bf5090d k=2 win 2-1 242.4s plays 44/44 wall 17.5s
[screen] 140 709bfb31833f438084784a06cab9be26 k=1 win 2-0 180.0s plays 27/28 wall 12.3s
[screen] 141 709bfb31833f438084784a06cab9be26 k=2 win 2-0 180.0s plays 27/28 wall 12.3s
[screen] 142 93367126d7144d7885c74014a865e397 k=0 win 2-1 180.0s plays 31/31 wall 12.2s
[screen] 143 905c49c70d894c469147c067d9c6b546 k=0 win 3-1 198.4s plays 32/32 wall 13.7s
[screen] 144 905c49c70d894c469147c067d9c6b546 k=1 win 3-1 198.4s plays 32/32 wall 13.7s
[screen] 145 905c49c70d894c469147c067d9c6b546 k=2 win 3-1 198.4s plays 32/32 wall 13.7s
[screen] 146 93367126d7144d7885c74014a865e397 k=1 win 2-1 180.0s plays 31/31 wall 12.5s
[screen] 147 844db3de7006445c98a93e6153105872 k=0 loss 0-1 244.0s plays 46/46 wall 16.5s
[screen] 148 78e59386c8254e9187ce9d5aaf3bb73e k=0 loss 1-1 300.0s plays 56/57 wall 20.7s
[screen] 149 844db3de7006445c98a93e6153105872 k=1 loss 0-1 244.0s plays 46/46 wall 16.6s
[screen] 150 90ebd8e1802a4b87af2c8a54cc67b1e5 k=0 loss 1-3 231.3s plays 44/44 wall 15.7s
[screen] 151 90ebd8e1802a4b87af2c8a54cc67b1e5 k=1 loss 1-3 231.3s plays 44/44 wall 15.8s
[screen] 152 93367126d7144d7885c74014a865e397 k=2 win 2-1 180.0s plays 31/31 wall 12.8s
[screen] 153 844db3de7006445c98a93e6153105872 k=2 loss 0-1 244.0s plays 46/46 wall 16.6s
[screen] 154 90ebd8e1802a4b87af2c8a54cc67b1e5 k=2 loss 1-3 231.3s plays 44/44 wall 15.8s
[screen] 155 78e59386c8254e9187ce9d5aaf3bb73e k=1 loss 1-1 300.0s plays 56/57 wall 20.4s
[screen] 156 78e59386c8254e9187ce9d5aaf3bb73e k=2 loss 1-1 300.0s plays 56/57 wall 20.4s
[screen] 157 a3674fb6151548f48a032f7e52f33336 k=0 win 2-1 180.0s plays 29/29 wall 12.8s
[screen] 158 a3674fb6151548f48a032f7e52f33336 k=1 win 2-1 180.0s plays 29/29 wall 12.8s
[screen] 159 a3674fb6151548f48a032f7e52f33336 k=2 win 2-1 180.0s plays 29/29 wall 12.8s
[screen] 160 a4250541fc8a4eda93a7a733267dae71 k=0 win 1-0 180.0s plays 28/28 wall 12.8s
[screen] 161 a4250541fc8a4eda93a7a733267dae71 k=1 win 1-0 180.0s plays 28/28 wall 12.8s
[screen] 162 aceef0a5ff024470b4b6142ec6046200 k=0 win 3-0 165.6s plays 29/30 wall 11.3s
[screen] 163 a4250541fc8a4eda93a7a733267dae71 k=2 win 1-0 180.0s plays 28/28 wall 12.7s
[screen] 164 aceef0a5ff024470b4b6142ec6046200 k=1 win 3-0 165.6s plays 29/30 wall 11.2s
[screen] 165 aceef0a5ff024470b4b6142ec6046200 k=2 win 3-0 165.6s plays 29/30 wall 11.2s
[screen] 166 c4d6628de619471c853064bf81572e1c k=0 win 1-0 180.0s plays 30/30 wall 12.0s
[screen] 167 c4d6628de619471c853064bf81572e1c k=1 win 1-0 180.0s plays 30/30 wall 11.9s
[screen] 168 c4d6628de619471c853064bf81572e1c k=2 win 1-0 180.0s plays 30/30 wall 11.9s
[screen] 169 c75cc69c5ac84026a8dee5c2c2fc1e1a k=0 win 2-1 180.0s plays 28/28 wall 12.0s
[screen] 170 c75cc69c5ac84026a8dee5c2c2fc1e1a k=1 win 2-1 180.0s plays 28/28 wall 12.0s
[screen] 171 c75cc69c5ac84026a8dee5c2c2fc1e1a k=2 win 2-1 180.0s plays 28/28 wall 11.2s
[screen] 172 da49b77a85a845acb3bb9f5d5c182e9b k=0 win 2-0 180.0s plays 29/30 wall 11.1s
[screen] 173 da49b77a85a845acb3bb9f5d5c182e9b k=1 win 2-0 180.0s plays 29/30 wall 10.2s
[screen] 174 da49b77a85a845acb3bb9f5d5c182e9b k=2 win 2-0 180.0s plays 29/30 wall 6.5s
{"DONE": {"matches": 174, "skipped_jobs": 705, "skipped_entries": 235, "wall_s": 142.4}}
