C:\Users\benpe\ClashBot\pipeline\model_v3.py:92: UserWarning: enable_nested_tensor is True, but self.use_nested_tensor is False because encoder_layer.norm_first was True
  self.encoder = nn.TransformerEncoder(enc, layers)
[screen] 1 00JYPQPRYCPP k=0 win 3-0 171.2s plays 29/29 wall 10.8s
[screen] 2 00JYPQPRYCPP k=1 win 3-0 171.2s plays 29/29 wall 10.8s
[screen] 3 00JYPQPRYCPP k=2 win 3-0 171.2s plays 29/29 wall 10.8s
[screen] 4 00LYPLCVRCCV k=0 win 1-0 180.0s plays 27/35 wall 11.0s
[screen] 5 00LYPLCVRCCV k=1 win 1-0 180.0s plays 27/35 wall 11.0s
[screen] 6 00LYPLCVRCCV k=2 win 1-0 180.0s plays 27/35 wall 11.0s
[screen] 7 000YLY2VQ92P k=0 win 1-0 180.0s plays 31/32 wall 11.3s
[screen] 8 000YLY2VQ92P k=1 win 1-0 180.0s plays 31/32 wall 11.3s
[screen] 9 000YLY2VQ92P k=2 win 1-0 180.0s plays 31/32 wall 11.3s
[screen] 10 00LYPLY0GRQP k=0 win 2-0 180.0s plays 29/30 wall 11.3s
[screen] 11 00LYPLY0GRQP k=1 win 2-0 180.0s plays 29/30 wall 11.3s
[screen] 12 00LYPLY0GRQP k=2 win 2-0 180.0s plays 29/30 wall 11.3s
[screen] 13 00PYLLC9QJ0L k=0 win 1-0 180.0s plays 30/30 wall 11.3s
[screen] 14 00JYPGYLRP88 k=0 loss 0-1 180.0s plays 29/30 wall 11.4s
[screen] 15 00JYPGYLRP88 k=1 loss 0-1 180.0s plays 29/30 wall 11.4s
[screen] 16 00JYPGYLRP88 k=2 loss 0-1 180.0s plays 29/30 wall 11.4s
[screen] 17 00PYLLC9QJ0L k=1 win 1-0 180.0s plays 30/30 wall 10.6s
[screen] 18 00PYLLC9QJ0L k=2 win 1-0 180.0s plays 30/30 wall 10.6s
[screen] 19 00VYPLPJRYRY k=0 win 1-0 180.0s plays 30/32 wall 10.5s
[screen] 20 00UYPQ9ULVP2 k=0 win 2-0 180.0s plays 28/28 wall 10.8s
[screen] 21 00VYPLPJRYRY k=1 win 1-0 180.0s plays 30/32 wall 10.5s
[screen] 22 00VYPLPJRYRY k=2 win 1-0 180.0s plays 30/32 wall 10.5s
[screen] 23 00UYPQ9ULVP2 k=1 win 2-0 180.0s plays 28/28 wall 10.8s
[screen] 24 00UYPQ9ULVP2 k=2 win 2-0 180.0s plays 28/28 wall 10.8s
[screen] 25 02GY9GY2U8UQ k=0 win 2-0 180.0s plays 31/32 wall 10.6s
[screen] 26 02GY9GY2U8UQ k=1 win 2-0 180.0s plays 31/32 wall 10.6s
[screen] 27 02GY9GY2U8UQ k=2 win 2-0 180.0s plays 31/32 wall 10.6s
[screen] 28 02JY9GQYLVLV k=0 win 1-0 180.0s plays 29/29 wall 10.7s
[screen] 29 02JY9GQYLVLV k=1 win 1-0 180.0s plays 29/29 wall 10.7s
[screen] 30 02JY9G99CGPC k=0 loss 0-1 180.0s plays 26/27 wall 10.9s
[screen] 31 02JY9G99CGPC k=1 loss 0-1 180.0s plays 26/27 wall 10.9s
[screen] 32 02JY9G99CGPC k=2 loss 0-1 180.0s plays 26/27 wall 10.9s
[screen] 33 02PP9CQ0Q2U2 k=0 win 3-0 155.2s plays 25/25 wall 8.8s
[screen] 34 02PP9CQ0Q2U2 k=1 win 3-0 155.2s plays 25/25 wall 8.8s
[screen] 35 02PP9CQ0Q2U2 k=2 win 3-0 155.2s plays 25/25 wall 8.8s
[screen] 36 02JY9GQYLVLV k=2 win 1-0 180.0s plays 29/29 wall 10.5s
[screen] 37 02RY9GC0U9RV k=0 loss 0-1 180.0s plays 29/29 wall 10.4s
[screen] 38 02RY9GC0U9RV k=1 loss 0-1 180.0s plays 29/29 wall 10.4s
[screen] 39 02RY9GC0U9RV k=2 loss 0-1 180.0s plays 29/29 wall 10.4s
[screen] 40 02RY9RVV8R29 k=0 win 2-1 184.5s plays 26/26 wall 10.9s
[screen] 41 02RY9RVV8R29 k=1 win 2-1 184.5s plays 26/26 wall 10.9s
[screen] 42 02RY9RVV8R29 k=2 win 2-1 184.5s plays 26/26 wall 10.9s
[screen] 43 02QY9Q9YY089 k=0 loss 1-2 244.2s plays 45/46 wall 13.8s
[screen] 44 02QY9Q9YY089 k=1 loss 1-2 244.2s plays 45/46 wall 13.8s
[screen] 45 02QY9Q9YY089 k=2 loss 1-2 244.2s plays 45/46 wall 13.8s
[screen] 46 02QY9Q98C0J8 k=0 win 1-1 300.0s plays 58/58 wall 17.1s
[screen] 47 02QY9Q98C0J8 k=1 win 1-1 300.0s plays 58/58 wall 17.1s
[screen] 48 02QY9Q98C0J8 k=2 win 1-1 300.0s plays 58/58 wall 17.1s
[screen] 49 02YYPCRQ2QLY k=0 win 1-0 180.0s plays 29/30 wall 10.7s
[screen] 50 02YYPCRQ2QLY k=1 win 1-0 180.0s plays 29/30 wall 10.7s
[screen] 51 02YYPCRQ2QLY k=2 win 1-0 180.0s plays 29/30 wall 10.7s
[screen] 52 02YYPUJ220L2 k=0 win 1-0 180.0s plays 30/30 wall 10.4s
[screen] 53 02YYPUJ220L2 k=1 win 1-0 180.0s plays 30/30 wall 10.4s
[screen] 54 02YYPUJ220L2 k=2 win 1-0 180.0s plays 30/30 wall 10.5s
[screen] 55 02YYPUV2GGCL k=0 win 1-0 180.0s plays 27/27 wall 10.7s
[screen] 56 02YYPUV2GGCL k=1 win 1-0 180.0s plays 27/27 wall 10.7s
[screen] 57 02YYPUV2GGCL k=2 win 1-0 180.0s plays 27/27 wall 10.7s
[screen] 58 080Y8QLPCVVR k=0 win 1-0 180.0s plays 27/27 wall 10.7s
[screen] 59 080Y8QLUPRYR k=0 win 1-0 180.0s plays 30/31 wall 10.3s
[screen] 60 080Y8QLPCVVR k=1 win 1-0 180.0s plays 27/27 wall 10.5s
[screen] 61 080Y8QLPCVVR k=2 win 1-0 180.0s plays 27/27 wall 10.5s
[screen] 62 02YYPURYV2CL k=0 loss 1-1 300.0s plays 59/59 wall 17.0s
[screen] 63 02YYPURYV2CL k=1 loss 1-1 300.0s plays 59/59 wall 17.1s
[screen] 64 02YYPURYV2CL k=2 loss 1-1 300.0s plays 59/59 wall 17.1s
[screen] 65 080Y8QLUPRYR k=1 win 1-0 180.0s plays 30/31 wall 10.5s
[screen] 66 080Y8QLUPRYR k=2 win 1-0 180.0s plays 30/31 wall 10.5s
[screen] 67 082Y8G9GG202 k=0 win 1-0 180.0s plays 30/30 wall 10.5s
[screen] 68 082Y8G9GG202 k=1 win 1-0 180.0s plays 30/30 wall 10.7s
[screen] 69 082Y8G9GG202 k=2 win 1-0 180.0s plays 30/30 wall 10.7s
[screen] 70 08CPVJP99UY9 k=0 win 1-0 209.0s plays 35/36 wall 12.3s
[screen] 71 08CPVJP99UY9 k=1 win 1-0 209.0s plays 35/36 wall 12.3s
[screen] 72 08CPVJP99UY9 k=2 win 1-0 209.0s plays 35/36 wall 12.3s
[screen] 73 08GPVRL99VUQ k=0 win 2-1 233.9s plays 40/40 wall 13.9s
[screen] 74 08GPVRL99VUQ k=1 win 2-1 233.9s plays 40/40 wall 13.9s
[screen] 75 08JPVCUVCQ00 k=0 win 2-1 180.0s plays 29/29 wall 10.7s
[screen] 76 08JPVCUVCQ00 k=1 win 2-1 180.0s plays 29/29 wall 10.7s
[screen] 77 08JPVCUVCQ00 k=2 win 2-1 180.0s plays 29/29 wall 10.7s
[screen] 78 08PY88PJYJUR k=0 win 2-1 180.0s plays 25/26 wall 10.9s
[screen] 79 08PY88PJYJUR k=1 win 2-1 180.0s plays 25/26 wall 10.9s
[screen] 80 08GPVRL99VUQ k=2 win 2-1 233.9s plays 40/40 wall 13.9s
[screen] 81 08PY88PJYJUR k=2 win 2-1 180.0s plays 25/26 wall 10.8s
[screen] 82 08QPVCP8C0CP k=0 win 2-1 192.3s plays 30/31 wall 11.3s
[screen] 83 08JPVCQ0JCG2 k=0 loss 1-2 262.4s plays 46/46 wall 15.5s
[screen] 84 08JPVCQ0JCG2 k=1 loss 1-2 262.4s plays 46/46 wall 15.5s
[screen] 85 08JPVCQ0JCG2 k=2 loss 1-2 262.4s plays 46/46 wall 15.5s
[screen] 86 08QPVCP8C0CP k=1 win 2-1 192.3s plays 30/31 wall 11.3s
[screen] 87 08QPVCP8C0CP k=2 win 2-1 192.3s plays 30/31 wall 11.3s
[screen] 88 08VPPUUJUP2C k=0 win 2-0 180.0s plays 26/28 wall 10.7s
[screen] 89 08VPPUUJUP2C k=1 win 2-0 180.0s plays 26/28 wall 10.7s
[screen] 90 08VPPUUJUP2C k=2 win 2-0 180.0s plays 26/28 wall 10.7s
[screen] 91 092PY0Y9YC99 k=0 win 1-0 180.0s plays 30/31 wall 10.5s
[screen] 92 092PY0Y9YC99 k=1 win 1-0 180.0s plays 30/31 wall 10.5s
[screen] 93 092PY0Y9YC99 k=2 win 1-0 180.0s plays 30/31 wall 10.4s
[screen] 94 099P9CJY9LYQ k=0 win 1-0 180.0s plays 32/32 wall 10.3s
[screen] 95 099P9CJY9LYQ k=1 win 1-0 180.0s plays 32/32 wall 10.3s
[screen] 96 099P9CJY9LYQ k=2 win 1-0 180.0s plays 32/32 wall 10.4s
[screen] 97 099P9CL9R9J0 k=0 win 2-1 195.8s plays 31/31 wall 11.5s
[screen] 98 099P9CVPLU0V k=0 win 1-0 180.0s plays 29/29 wall 10.4s
[screen] 99 099P9CVPLU0V k=1 win 1-0 180.0s plays 29/29 wall 10.4s
[screen] 100 099P9CL9R9J0 k=1 win 2-1 195.8s plays 31/31 wall 11.4s
[screen] 101 099P9CL9R9J0 k=2 win 2-1 195.8s plays 31/31 wall 11.4s
[screen] 102 099P9CVPLU0V k=2 win 1-0 180.0s plays 29/29 wall 10.4s
[screen] 103 09G9JCQR8CRV k=0 loss 0-1 212.8s plays 38/38 wall 12.2s
[screen] 104 09G9JCQR8CRV k=1 loss 0-1 212.8s plays 38/38 wall 12.3s
[screen] 105 09LP9U9LLR2P k=0 win 2-0 180.0s plays 27/27 wall 10.6s
[screen] 106 09LP9U9LLR2P k=1 win 2-0 180.0s plays 27/27 wall 10.6s
[screen] 107 09LP9U9LLR2P k=2 win 2-0 180.0s plays 27/27 wall 10.6s
[screen] 108 09G9JCQR8CRV k=2 loss 0-1 212.8s plays 38/38 wall 12.2s
[screen] 109 09R9JCJ8LQRU k=0 win 1-0 180.0s plays 30/30 wall 10.3s
[screen] 110 09R9JCJ8LQRU k=1 win 1-0 180.0s plays 30/30 wall 10.4s
[screen] 111 09R9JCJ8LQRU k=2 win 1-0 180.0s plays 30/30 wall 10.4s
[screen] 112 09R9JCJ8UU88 k=0 win 1-0 180.0s plays 31/32 wall 10.3s
[screen] 113 09R9JCJ8UU88 k=1 win 1-0 180.0s plays 31/32 wall 10.3s
[screen] 114 09R9JCJ8UU88 k=2 win 1-0 180.0s plays 31/32 wall 10.3s
[screen] 115 09PP9J908PYU k=0 win 3-1 255.4s plays 45/47 wall 14.5s
[screen] 116 09PP9J908PYU k=1 win 3-1 255.4s plays 45/47 wall 14.5s
[screen] 117 09PP9J908PYU k=2 win 3-1 255.4s plays 45/47 wall 14.5s
[screen] 118 18b06003f8394b0caf9d7467e2ab7cda k=0 win 2-1 180.0s plays 28/28 wall 10.5s
[screen] 119 18b06003f8394b0caf9d7467e2ab7cda k=1 win 2-1 180.0s plays 28/28 wall 10.4s
[screen] 120 25d003faed8c441a8e6e23ad6f07bc0f k=0 win 2-0 180.0s plays 29/30 wall 10.4s
[screen] 121 18b06003f8394b0caf9d7467e2ab7cda k=2 win 2-1 180.0s plays 28/28 wall 10.5s
[screen] 122 25d003faed8c441a8e6e23ad6f07bc0f k=1 win 2-0 180.0s plays 29/30 wall 10.4s
[screen] 123 25d003faed8c441a8e6e23ad6f07bc0f k=2 win 2-0 180.0s plays 29/30 wall 10.4s
[screen] 124 333ebb5673884328a477960a9ce4a14b k=0 win 2-1 197.7s plays 32/33 wall 11.6s
[screen] 125 333ebb5673884328a477960a9ce4a14b k=1 win 2-1 197.7s plays 32/33 wall 11.6s
[screen] 126 37beebc8bcdb4d4091482f7f54e27e6e k=0 win 1-0 180.0s plays 27/37 wall 10.0s
[screen] 127 37beebc8bcdb4d4091482f7f54e27e6e k=1 win 1-0 180.0s plays 27/37 wall 10.0s
[screen] 128 37beebc8bcdb4d4091482f7f54e27e6e k=2 win 1-0 180.0s plays 27/37 wall 10.1s
[screen] 129 4341e84cef2446f0a6fc85a76bf5090d k=0 win 1-0 180.0s plays 28/28 wall 10.8s
[screen] 130 333ebb5673884328a477960a9ce4a14b k=2 win 2-1 197.7s plays 32/33 wall 11.8s
[screen] 131 4341e84cef2446f0a6fc85a76bf5090d k=1 win 1-0 180.0s plays 28/28 wall 10.9s
[screen] 132 4341e84cef2446f0a6fc85a76bf5090d k=2 win 1-0 180.0s plays 28/28 wall 10.9s
[screen] 133 494f23d587744726a24dc85bfceb1834 k=0 win 1-0 180.0s plays 27/27 wall 11.0s
[screen] 134 494f23d587744726a24dc85bfceb1834 k=1 win 1-0 180.0s plays 27/27 wall 11.0s
[screen] 135 494f23d587744726a24dc85bfceb1834 k=2 win 1-0 180.0s plays 27/27 wall 11.2s
[screen] 136 709bfb31833f438084784a06cab9be26 k=0 loss 1-2 191.4s plays 31/32 wall 12.0s
[screen] 137 90ebd8e1802a4b87af2c8a54cc67b1e5 k=0 loss 1-3 67.8s plays 6/6 wall 4.8s
[screen] 138 5bdb5c3daeff466b9d970e6c13d70bbe k=0 win 2-1 234.8s plays 40/41 wall 14.8s
[screen] 139 5bdb5c3daeff466b9d970e6c13d70bbe k=1 win 2-1 234.8s plays 40/41 wall 14.7s
[screen] 140 709bfb31833f438084784a06cab9be26 k=1 loss 1-2 191.4s plays 31/32 wall 12.3s
[screen] 141 5bdb5c3daeff466b9d970e6c13d70bbe k=2 win 2-1 234.8s plays 40/41 wall 14.8s
[screen] 142 78e59386c8254e9187ce9d5aaf3bb73e k=0 win 1-0 180.0s plays 28/28 wall 11.7s
[screen] 143 78e59386c8254e9187ce9d5aaf3bb73e k=1 win 1-0 180.0s plays 28/28 wall 11.7s
[screen] 144 709bfb31833f438084784a06cab9be26 k=2 loss 1-2 191.4s plays 31/32 wall 12.4s
[screen] 145 78e59386c8254e9187ce9d5aaf3bb73e k=2 win 1-0 180.0s plays 28/28 wall 11.6s
[screen] 146 844db3de7006445c98a93e6153105872 k=0 win 2-1 180.0s plays 31/31 wall 11.4s
[screen] 147 844db3de7006445c98a93e6153105872 k=1 win 2-1 180.0s plays 31/31 wall 11.4s
[screen] 148 90ebd8e1802a4b87af2c8a54cc67b1e5 k=1 loss 1-3 67.8s plays 6/6 wall 4.6s
[screen] 149 844db3de7006445c98a93e6153105872 k=2 win 2-1 180.0s plays 31/31 wall 11.4s
[screen] 150 905c49c70d894c469147c067d9c6b546 k=0 win 2-0 180.0s plays 30/30 wall 11.5s
[screen] 151 905c49c70d894c469147c067d9c6b546 k=1 win 2-0 180.0s plays 30/30 wall 11.6s
[screen] 152 905c49c70d894c469147c067d9c6b546 k=2 win 2-0 180.0s plays 30/30 wall 11.6s
[screen] 153 90ebd8e1802a4b87af2c8a54cc67b1e5 k=2 loss 1-3 67.8s plays 6/6 wall 4.6s
[screen] 154 93367126d7144d7885c74014a865e397 k=0 win 2-1 180.0s plays 28/28 wall 11.8s
[screen] 155 a3674fb6151548f48a032f7e52f33336 k=0 win 2-1 180.0s plays 31/33 wall 11.5s
[screen] 156 93367126d7144d7885c74014a865e397 k=1 win 2-1 180.0s plays 28/28 wall 11.9s
[screen] 157 93367126d7144d7885c74014a865e397 k=2 win 2-1 180.0s plays 28/28 wall 11.9s
[screen] 158 a3674fb6151548f48a032f7e52f33336 k=1 win 2-1 180.0s plays 31/33 wall 11.5s
[screen] 159 a3674fb6151548f48a032f7e52f33336 k=2 win 2-1 180.0s plays 31/33 wall 11.4s
[screen] 160 a4250541fc8a4eda93a7a733267dae71 k=0 win 1-0 180.0s plays 28/28 wall 11.8s
[screen] 161 a4250541fc8a4eda93a7a733267dae71 k=1 win 1-0 180.0s plays 28/28 wall 11.8s
[screen] 162 aceef0a5ff024470b4b6142ec6046200 k=0 win 2-1 180.0s plays 31/32 wall 11.5s
[screen] 163 aceef0a5ff024470b4b6142ec6046200 k=1 win 2-1 180.0s plays 31/32 wall 11.5s
[screen] 164 a4250541fc8a4eda93a7a733267dae71 k=2 win 1-0 180.0s plays 28/28 wall 11.8s
[screen] 165 aceef0a5ff024470b4b6142ec6046200 k=2 win 2-1 180.0s plays 31/32 wall 11.5s
[screen] 166 c4d6628de619471c853064bf81572e1c k=0 win 1-0 180.0s plays 29/29 wall 11.6s
[screen] 167 c4d6628de619471c853064bf81572e1c k=1 win 1-0 180.0s plays 29/29 wall 11.4s
[screen] 168 c4d6628de619471c853064bf81572e1c k=2 win 1-0 180.0s plays 29/29 wall 11.4s
[screen] 169 c75cc69c5ac84026a8dee5c2c2fc1e1a k=0 win 2-1 180.0s plays 28/29 wall 11.2s
[screen] 170 da49b77a85a845acb3bb9f5d5c182e9b k=0 win 1-0 180.0s plays 30/31 wall 7.8s
[screen] 171 c75cc69c5ac84026a8dee5c2c2fc1e1a k=1 win 2-1 180.0s plays 28/29 wall 8.0s
[screen] 172 da49b77a85a845acb3bb9f5d5c182e9b k=1 win 1-0 180.0s plays 30/31 wall 7.8s
[screen] 173 c75cc69c5ac84026a8dee5c2c2fc1e1a k=2 win 2-1 180.0s plays 28/29 wall 8.0s
[screen] 174 da49b77a85a845acb3bb9f5d5c182e9b k=2 win 1-0 180.0s plays 30/31 wall 7.8s
{"DONE": {"matches": 174, "skipped_jobs": 705, "skipped_entries": 235, "wall_s": 127.7}}
