C:\Users\benpe\ClashBot\pipeline\model_v3.py:92: UserWarning: enable_nested_tensor is True, but self.use_nested_tensor is False because encoder_layer.norm_first was True
  self.encoder = nn.TransformerEncoder(enc, layers)
[screen] 1 00JYPQPRYCPP k=0 win 3-2 163.0s plays 26/26 wall 17.0s
[screen] 2 00JYPQPRYCPP k=1 win 3-2 163.0s plays 26/26 wall 17.0s
[screen] 3 00JYPQPRYCPP k=2 win 3-2 163.0s plays 26/26 wall 17.0s
[screen] 4 00LYPLCVRCCV k=0 win 3-0 169.2s plays 29/29 wall 17.8s
[screen] 5 00LYPLCVRCCV k=1 win 3-0 169.2s plays 29/29 wall 17.8s
[screen] 6 00LYPLCVRCCV k=2 win 3-0 169.2s plays 29/29 wall 17.8s
[screen] 7 00JYPGYLRP88 k=0 win 1-0 180.0s plays 29/29 wall 18.9s
[screen] 8 00JYPGYLRP88 k=1 win 1-0 180.0s plays 29/29 wall 18.9s
[screen] 9 00JYPGYLRP88 k=2 win 1-0 180.0s plays 29/29 wall 18.9s
[screen] 10 00LYPLY0GRQP k=0 win 1-0 180.0s plays 31/31 wall 18.9s
[screen] 11 00LYPLY0GRQP k=1 win 1-0 180.0s plays 31/31 wall 18.9s
[screen] 12 00LYPLY0GRQP k=2 win 1-0 180.0s plays 31/31 wall 18.9s
[screen] 13 00PYLLC9QJ0L k=0 win 2-0 180.0s plays 30/30 wall 18.9s
[screen] 14 000YLY2VQ92P k=0 win 2-1 209.1s plays 39/39 wall 21.9s
[screen] 15 000YLY2VQ92P k=1 win 2-1 209.1s plays 39/39 wall 21.9s
[screen] 16 000YLY2VQ92P k=2 win 2-1 209.1s plays 39/39 wall 21.9s
[screen] 17 00PYLLC9QJ0L k=1 win 2-0 180.0s plays 30/30 wall 18.5s
[screen] 18 00PYLLC9QJ0L k=2 win 2-0 180.0s plays 30/30 wall 18.5s
[screen] 19 00VYPLPJRYRY k=0 win 1-0 180.0s plays 33/37 wall 18.4s
[screen] 20 02JY9G99CGPC k=0 loss 2-3 175.5s plays 30/30 wall 17.9s
[screen] 21 02JY9G99CGPC k=1 loss 2-3 175.5s plays 30/30 wall 17.9s
[screen] 22 00VYPLPJRYRY k=1 win 1-0 180.0s plays 33/37 wall 18.4s
[screen] 23 00VYPLPJRYRY k=2 win 1-0 180.0s plays 33/37 wall 18.4s
[screen] 24 02GY9GY2U8UQ k=0 win 2-0 180.0s plays 30/30 wall 18.4s
[screen] 25 02GY9GY2U8UQ k=1 win 2-0 180.0s plays 30/30 wall 18.4s
[screen] 26 02GY9GY2U8UQ k=2 win 2-0 180.0s plays 30/30 wall 18.4s
[screen] 27 02JY9G99CGPC k=2 loss 2-3 175.5s plays 30/30 wall 17.9s
[screen] 28 02JY9GQYLVLV k=0 win 1-0 180.0s plays 34/34 wall 18.4s
[screen] 29 02JY9GQYLVLV k=1 win 1-0 180.0s plays 34/34 wall 18.4s
[screen] 30 00UYPQ9ULVP2 k=0 win 3-1 233.1s plays 44/44 wall 23.9s
[screen] 31 00UYPQ9ULVP2 k=1 win 3-1 233.1s plays 44/44 wall 23.8s
[screen] 32 00UYPQ9ULVP2 k=2 win 3-1 233.1s plays 44/44 wall 23.8s
[screen] 33 02QY9Q98C0J8 k=0 win 3-0 130.3s plays 20/20 wall 12.0s
[screen] 34 02QY9Q98C0J8 k=1 win 3-0 130.3s plays 20/20 wall 12.0s
[screen] 35 02QY9Q98C0J8 k=2 win 3-0 130.3s plays 20/20 wall 12.0s
[screen] 36 02PP9CQ0Q2U2 k=0 win 3-0 155.6s plays 25/27 wall 14.6s
[screen] 37 02PP9CQ0Q2U2 k=1 win 3-0 155.6s plays 25/27 wall 14.6s
[screen] 38 02PP9CQ0Q2U2 k=2 win 3-0 155.6s plays 25/27 wall 14.5s
[screen] 39 02JY9GQYLVLV k=2 win 1-0 180.0s plays 34/34 wall 17.0s
[screen] 40 02QY9Q9YY089 k=0 win 1-0 180.0s plays 31/31 wall 17.1s
[screen] 41 02QY9Q9YY089 k=1 win 1-0 180.0s plays 31/31 wall 17.1s
[screen] 42 02QY9Q9YY089 k=2 win 1-0 180.0s plays 31/31 wall 17.1s
[screen] 43 02RY9GC0U9RV k=0 win 2-1 180.0s plays 31/31 wall 17.1s
[screen] 44 02RY9GC0U9RV k=1 win 2-1 180.0s plays 31/31 wall 17.0s
[screen] 45 02RY9GC0U9RV k=2 win 2-1 180.0s plays 31/31 wall 17.0s
[screen] 46 02RY9RVV8R29 k=0 win 2-1 201.5s plays 35/42 wall 18.9s
[screen] 47 02RY9RVV8R29 k=1 win 2-1 201.5s plays 35/42 wall 18.9s
[screen] 48 02RY9RVV8R29 k=2 win 2-1 201.5s plays 35/42 wall 18.9s
[screen] 49 02YYPCRQ2QLY k=0 win 2-1 180.0s plays 32/35 wall 17.1s
[screen] 50 02YYPCRQ2QLY k=1 win 2-1 180.0s plays 32/35 wall 17.1s
[screen] 51 02YYPCRQ2QLY k=2 win 2-1 180.0s plays 32/35 wall 17.1s
[screen] 52 02YYPUJ220L2 k=0 win 1-0 180.0s plays 34/34 wall 17.0s
[screen] 53 02YYPUJ220L2 k=1 win 1-0 180.0s plays 34/34 wall 17.0s
[screen] 54 02YYPUJ220L2 k=2 win 1-0 180.0s plays 34/34 wall 17.0s
[screen] 55 02YYPURYV2CL k=0 win 1-0 180.0s plays 30/30 wall 16.9s
[screen] 56 02YYPURYV2CL k=1 win 1-0 180.0s plays 30/30 wall 16.6s
[screen] 57 02YYPURYV2CL k=2 win 1-0 180.0s plays 30/30 wall 16.6s
[screen] 58 02YYPUV2GGCL k=0 win 1-0 180.0s plays 32/33 wall 16.6s
[screen] 59 02YYPUV2GGCL k=1 win 1-0 180.0s plays 32/33 wall 16.4s
[screen] 60 02YYPUV2GGCL k=2 win 1-0 180.0s plays 32/33 wall 16.4s
[screen] 61 080Y8QLPCVVR k=0 win 1-0 180.0s plays 31/31 wall 16.4s
[screen] 62 080Y8QLUPRYR k=0 win 3-0 163.0s plays 29/29 wall 14.6s
[screen] 63 080Y8QLPCVVR k=1 win 1-0 180.0s plays 31/31 wall 16.1s
[screen] 64 080Y8QLPCVVR k=2 win 1-0 180.0s plays 31/31 wall 16.1s
[screen] 65 080Y8QLUPRYR k=1 win 3-0 163.0s plays 29/29 wall 14.1s
[screen] 66 080Y8QLUPRYR k=2 win 3-0 163.0s plays 29/29 wall 14.1s
[screen] 67 082Y8G9GG202 k=0 win 1-0 180.0s plays 29/29 wall 15.5s
[screen] 68 082Y8G9GG202 k=1 win 1-0 180.0s plays 29/29 wall 15.5s
[screen] 69 082Y8G9GG202 k=2 win 1-0 180.0s plays 29/29 wall 15.5s
[screen] 70 08CPVJP99UY9 k=0 win 2-0 180.0s plays 30/30 wall 15.6s
[screen] 71 08CPVJP99UY9 k=1 win 2-0 180.0s plays 30/30 wall 15.5s
[screen] 72 08CPVJP99UY9 k=2 win 2-0 180.0s plays 30/30 wall 15.6s
[screen] 73 08JPVCUVCQ00 k=0 win 1-0 180.0s plays 32/32 wall 15.5s
[screen] 74 08GPVRL99VUQ k=0 win 3-1 239.7s plays 46/46 wall 20.8s
[screen] 75 08GPVRL99VUQ k=1 win 3-1 239.7s plays 46/46 wall 20.8s
[screen] 76 08JPVCUVCQ00 k=1 win 1-0 180.0s plays 32/32 wall 15.5s
[screen] 77 08GPVRL99VUQ k=2 win 3-1 239.7s plays 46/46 wall 20.7s
[screen] 78 08JPVCUVCQ00 k=2 win 1-0 180.0s plays 32/32 wall 15.6s
[screen] 79 08PY88PJYJUR k=0 win 2-0 180.0s plays 32/32 wall 15.6s
[screen] 80 08JPVCQ0JCG2 k=0 loss 1-3 263.7s plays 55/55 wall 22.8s
[screen] 81 08JPVCQ0JCG2 k=1 loss 1-3 263.7s plays 55/55 wall 22.8s
[screen] 82 08PY88PJYJUR k=1 win 2-0 180.0s plays 32/32 wall 15.6s
[screen] 83 08JPVCQ0JCG2 k=2 loss 1-3 263.7s plays 55/55 wall 22.8s
[screen] 84 08PY88PJYJUR k=2 win 2-0 180.0s plays 32/32 wall 15.6s
[screen] 85 08QPVCP8C0CP k=0 win 3-0 179.2s plays 32/32 wall 15.5s
[screen] 86 08QPVCP8C0CP k=1 win 3-0 179.2s plays 32/32 wall 15.4s
[screen] 87 08QPVCP8C0CP k=2 win 3-0 179.2s plays 32/32 wall 15.4s
[screen] 88 08VPPUUJUP2C k=0 win 1-0 180.0s plays 32/32 wall 15.0s
[screen] 89 08VPPUUJUP2C k=1 win 1-0 180.0s plays 32/32 wall 15.1s
[screen] 90 08VPPUUJUP2C k=2 win 1-0 180.0s plays 32/32 wall 15.1s
[screen] 91 092PY0Y9YC99 k=0 win 2-0 180.0s plays 29/29 wall 15.1s
[screen] 92 092PY0Y9YC99 k=1 win 2-0 180.0s plays 29/29 wall 15.1s
[screen] 93 092PY0Y9YC99 k=2 win 2-0 180.0s plays 29/29 wall 15.1s
[screen] 94 099P9CJY9LYQ k=0 win 3-0 175.5s plays 30/30 wall 14.7s
[screen] 95 099P9CJY9LYQ k=1 win 3-0 175.5s plays 30/30 wall 14.7s
[screen] 96 099P9CJY9LYQ k=2 win 3-0 175.5s plays 30/30 wall 14.7s
[screen] 97 099P9CL9R9J0 k=0 win 2-0 180.0s plays 29/29 wall 15.1s
[screen] 98 099P9CL9R9J0 k=1 win 2-0 180.0s plays 29/29 wall 15.1s
[screen] 99 099P9CL9R9J0 k=2 win 2-0 180.0s plays 29/29 wall 15.1s
[screen] 100 099P9CVPLU0V k=0 win 3-1 179.9s plays 30/30 wall 15.2s
[screen] 101 099P9CVPLU0V k=1 win 3-1 179.9s plays 30/30 wall 15.2s
[screen] 102 099P9CVPLU0V k=2 win 3-1 179.9s plays 30/30 wall 15.3s
[screen] 103 09G9JCQR8CRV k=0 win 2-1 180.0s plays 32/33 wall 15.4s
[screen] 104 09G9JCQR8CRV k=1 win 2-1 180.0s plays 32/33 wall 15.6s
[screen] 105 09G9JCQR8CRV k=2 win 2-1 180.0s plays 32/33 wall 15.5s
[screen] 106 09LP9U9LLR2P k=0 win 1-0 180.0s plays 31/31 wall 15.5s
[screen] 107 09LP9U9LLR2P k=1 win 1-0 180.0s plays 31/31 wall 15.5s
[screen] 108 09LP9U9LLR2P k=2 win 1-0 180.0s plays 31/31 wall 15.5s
[screen] 109 09PP9J908PYU k=0 win 2-0 180.0s plays 33/33 wall 15.5s
[screen] 110 09PP9J908PYU k=1 win 2-0 180.0s plays 33/33 wall 15.5s
[screen] 111 09PP9J908PYU k=2 win 2-0 180.0s plays 33/33 wall 15.5s
[screen] 112 09R9JCJ8LQRU k=0 win 1-0 180.0s plays 31/31 wall 15.5s
[screen] 113 09R9JCJ8LQRU k=1 win 1-0 180.0s plays 31/31 wall 15.5s
[screen] 114 09R9JCJ8LQRU k=2 win 1-0 180.0s plays 31/31 wall 15.4s
[screen] 115 09R9JCJ8UU88 k=0 win 1-0 180.0s plays 31/31 wall 15.4s
[screen] 116 09R9JCJ8UU88 k=1 win 1-0 180.0s plays 31/31 wall 15.3s
[screen] 117 09R9JCJ8UU88 k=2 win 1-0 180.0s plays 31/31 wall 15.3s
[screen] 118 18b06003f8394b0caf9d7467e2ab7cda k=0 win 1-0 180.0s plays 32/32 wall 15.2s
[screen] 119 18b06003f8394b0caf9d7467e2ab7cda k=1 win 1-0 180.0s plays 32/32 wall 15.1s
[screen] 120 18b06003f8394b0caf9d7467e2ab7cda k=2 win 1-0 180.0s plays 32/32 wall 14.9s
[screen] 121 333ebb5673884328a477960a9ce4a14b k=0 win 3-1 172.6s plays 30/30 wall 14.5s
[screen] 122 25d003faed8c441a8e6e23ad6f07bc0f k=0 win 2-0 180.0s plays 31/31 wall 15.1s
[screen] 123 25d003faed8c441a8e6e23ad6f07bc0f k=1 win 2-0 180.0s plays 31/31 wall 15.1s
[screen] 124 25d003faed8c441a8e6e23ad6f07bc0f k=2 win 2-0 180.0s plays 31/31 wall 15.1s
[screen] 125 37beebc8bcdb4d4091482f7f54e27e6e k=0 win 3-0 151.5s plays 23/23 wall 12.6s
[screen] 126 333ebb5673884328a477960a9ce4a14b k=1 win 3-1 172.6s plays 30/30 wall 14.5s
[screen] 127 37beebc8bcdb4d4091482f7f54e27e6e k=1 win 3-0 151.5s plays 23/23 wall 12.6s
[screen] 128 37beebc8bcdb4d4091482f7f54e27e6e k=2 win 3-0 151.5s plays 23/23 wall 12.7s
[screen] 129 333ebb5673884328a477960a9ce4a14b k=2 win 3-1 172.6s plays 30/30 wall 14.5s
[screen] 130 4341e84cef2446f0a6fc85a76bf5090d k=0 win 1-0 180.0s plays 31/31 wall 15.1s
[screen] 131 4341e84cef2446f0a6fc85a76bf5090d k=1 win 1-0 180.0s plays 31/31 wall 15.2s
[screen] 132 4341e84cef2446f0a6fc85a76bf5090d k=2 win 1-0 180.0s plays 31/31 wall 15.3s
[screen] 133 494f23d587744726a24dc85bfceb1834 k=0 win 1-0 180.0s plays 31/31 wall 15.3s
[screen] 134 494f23d587744726a24dc85bfceb1834 k=1 win 1-0 180.0s plays 31/31 wall 15.3s
[screen] 135 494f23d587744726a24dc85bfceb1834 k=2 win 1-0 180.0s plays 31/31 wall 15.2s
[screen] 136 5bdb5c3daeff466b9d970e6c13d70bbe k=0 win 1-0 180.0s plays 29/29 wall 15.4s
[screen] 137 5bdb5c3daeff466b9d970e6c13d70bbe k=1 win 1-0 180.0s plays 29/29 wall 15.3s
[screen] 138 5bdb5c3daeff466b9d970e6c13d70bbe k=2 win 1-0 180.0s plays 29/29 wall 15.3s
[screen] 139 78e59386c8254e9187ce9d5aaf3bb73e k=0 win 1-0 180.0s plays 33/33 wall 15.3s
[screen] 140 78e59386c8254e9187ce9d5aaf3bb73e k=1 win 1-0 180.0s plays 33/33 wall 15.3s
[screen] 141 78e59386c8254e9187ce9d5aaf3bb73e k=2 win 1-0 180.0s plays 33/33 wall 15.2s
[screen] 142 844db3de7006445c98a93e6153105872 k=0 win 1-0 180.0s plays 31/31 wall 15.2s
[screen] 143 844db3de7006445c98a93e6153105872 k=1 win 1-0 180.0s plays 31/31 wall 15.2s
[screen] 144 844db3de7006445c98a93e6153105872 k=2 win 1-0 180.0s plays 31/31 wall 15.2s
[screen] 145 905c49c70d894c469147c067d9c6b546 k=0 win 2-1 180.0s plays 32/32 wall 15.2s
[screen] 146 905c49c70d894c469147c067d9c6b546 k=1 win 2-1 180.0s plays 32/32 wall 15.2s
[screen] 147 905c49c70d894c469147c067d9c6b546 k=2 win 2-1 180.0s plays 32/32 wall 15.2s
[screen] 148 709bfb31833f438084784a06cab9be26 k=0 win 2-1 284.6s plays 60/62 wall 24.4s
[screen] 149 709bfb31833f438084784a06cab9be26 k=1 win 2-1 284.6s plays 60/62 wall 24.4s
[screen] 150 709bfb31833f438084784a06cab9be26 k=2 win 2-1 284.6s plays 60/62 wall 24.3s
[screen] 151 90ebd8e1802a4b87af2c8a54cc67b1e5 k=0 loss 1-3 218.6s plays 44/47 wall 18.5s
[screen] 152 90ebd8e1802a4b87af2c8a54cc67b1e5 k=1 loss 1-3 218.6s plays 44/47 wall 18.6s
[screen] 153 93367126d7144d7885c74014a865e397 k=0 win 1-0 180.0s plays 33/37 wall 15.3s
[screen] 154 93367126d7144d7885c74014a865e397 k=1 win 1-0 180.0s plays 33/37 wall 15.4s
[screen] 155 93367126d7144d7885c74014a865e397 k=2 win 1-0 180.0s plays 33/37 wall 15.5s
[screen] 156 a3674fb6151548f48a032f7e52f33336 k=0 win 1-0 180.0s plays 35/35 wall 15.5s
[screen] 157 a3674fb6151548f48a032f7e52f33336 k=1 win 1-0 180.0s plays 35/35 wall 15.6s
[screen] 158 90ebd8e1802a4b87af2c8a54cc67b1e5 k=2 loss 1-3 218.6s plays 44/47 wall 19.0s
[screen] 159 a3674fb6151548f48a032f7e52f33336 k=2 win 1-0 180.0s plays 35/35 wall 15.7s
[screen] 160 a4250541fc8a4eda93a7a733267dae71 k=0 win 1-0 180.0s plays 31/34 wall 15.7s
[screen] 161 a4250541fc8a4eda93a7a733267dae71 k=1 win 1-0 180.0s plays 31/34 wall 15.6s
[screen] 162 a4250541fc8a4eda93a7a733267dae71 k=2 win 1-0 180.0s plays 31/34 wall 15.6s
[screen] 163 aceef0a5ff024470b4b6142ec6046200 k=0 win 2-0 180.0s plays 33/33 wall 15.6s
[screen] 164 aceef0a5ff024470b4b6142ec6046200 k=1 win 2-0 180.0s plays 33/33 wall 15.4s
[screen] 165 aceef0a5ff024470b4b6142ec6046200 k=2 win 2-0 180.0s plays 33/33 wall 15.4s
[screen] 166 c4d6628de619471c853064bf81572e1c k=0 win 1-0 180.0s plays 32/32 wall 15.2s
[screen] 167 c75cc69c5ac84026a8dee5c2c2fc1e1a k=0 win 3-0 129.3s plays 18/18 wall 10.7s
[screen] 168 c4d6628de619471c853064bf81572e1c k=1 win 1-0 180.0s plays 32/32 wall 14.9s
[screen] 169 c75cc69c5ac84026a8dee5c2c2fc1e1a k=1 win 3-0 129.3s plays 18/18 wall 10.0s
[screen] 170 c75cc69c5ac84026a8dee5c2c2fc1e1a k=2 win 3-0 129.3s plays 18/18 wall 9.9s
[screen] 171 c4d6628de619471c853064bf81572e1c k=2 win 1-0 180.0s plays 32/32 wall 14.2s
[screen] 172 da49b77a85a845acb3bb9f5d5c182e9b k=0 win 2-1 180.0s plays 33/33 wall 12.3s
[screen] 173 da49b77a85a845acb3bb9f5d5c182e9b k=1 win 2-1 180.0s plays 33/33 wall 11.9s
[screen] 174 da49b77a85a845acb3bb9f5d5c182e9b k=2 win 2-1 180.0s plays 33/33 wall 11.8s
{"DONE": {"matches": 174, "skipped_jobs": 705, "skipped_entries": 235, "wall_s": 184.4}}
