C:\Users\benpe\ClashBot\pipeline\model_v3.py:92: UserWarning: enable_nested_tensor is True, but self.use_nested_tensor is False because encoder_layer.norm_first was True
  self.encoder = nn.TransformerEncoder(enc, layers)
[screen] 1 00JYPQPRYCPP k=0 win 3-0 166.9s plays 28/29 wall 13.7s
[screen] 2 00JYPQPRYCPP k=1 win 3-0 166.9s plays 28/29 wall 13.7s
[screen] 3 00JYPQPRYCPP k=2 win 3-0 166.9s plays 28/29 wall 13.7s
[screen] 4 00JYPGYLRP88 k=0 win 1-0 180.0s plays 34/34 wall 14.8s
[screen] 5 00JYPGYLRP88 k=1 win 1-0 180.0s plays 34/34 wall 14.8s
[screen] 6 00JYPGYLRP88 k=2 win 1-0 180.0s plays 34/34 wall 14.8s
[screen] 7 00LYPLCVRCCV k=0 win 1-0 180.0s plays 34/57 wall 14.8s
[screen] 8 00LYPLCVRCCV k=1 win 1-0 180.0s plays 34/57 wall 14.8s
[screen] 9 00LYPLCVRCCV k=2 win 1-0 180.0s plays 34/57 wall 14.8s
[screen] 10 00LYPLY0GRQP k=0 win 1-0 180.0s plays 34/34 wall 14.8s
[screen] 11 00LYPLY0GRQP k=1 win 1-0 180.0s plays 34/34 wall 14.8s
[screen] 12 00LYPLY0GRQP k=2 win 1-0 180.0s plays 34/34 wall 14.8s
[screen] 13 00PYLLC9QJ0L k=0 win 1-0 180.0s plays 32/32 wall 14.8s
[screen] 14 000YLY2VQ92P k=0 win 3-1 235.1s plays 49/49 wall 19.1s
[screen] 15 000YLY2VQ92P k=1 win 3-1 235.1s plays 49/49 wall 19.1s
[screen] 16 000YLY2VQ92P k=2 win 3-1 235.1s plays 49/49 wall 19.1s
[screen] 17 02JY9G99CGPC k=0 loss 2-3 129.8s plays 18/18 wall 10.0s
[screen] 18 02JY9G99CGPC k=1 loss 2-3 129.8s plays 18/18 wall 10.0s
[screen] 19 00PYLLC9QJ0L k=1 win 1-0 180.0s plays 32/32 wall 14.4s
[screen] 20 00PYLLC9QJ0L k=2 win 1-0 180.0s plays 32/32 wall 14.4s
[screen] 21 00UYPQ9ULVP2 k=0 win 1-0 180.0s plays 35/35 wall 14.4s
[screen] 22 00UYPQ9ULVP2 k=1 win 1-0 180.0s plays 35/35 wall 14.4s
[screen] 23 00UYPQ9ULVP2 k=2 win 1-0 180.0s plays 35/35 wall 14.4s
[screen] 24 00VYPLPJRYRY k=0 win 1-0 180.0s plays 35/35 wall 14.4s
[screen] 25 00VYPLPJRYRY k=1 win 1-0 180.0s plays 35/35 wall 14.4s
[screen] 26 00VYPLPJRYRY k=2 win 1-0 180.0s plays 35/35 wall 14.4s
[screen] 27 02GY9GY2U8UQ k=0 win 1-0 180.0s plays 35/35 wall 14.4s
[screen] 28 02GY9GY2U8UQ k=1 win 1-0 180.0s plays 35/35 wall 14.4s
[screen] 29 02GY9GY2U8UQ k=2 win 1-0 180.0s plays 35/35 wall 14.4s
[screen] 30 02JY9G99CGPC k=2 loss 2-3 129.8s plays 18/18 wall 10.6s
[screen] 31 02JY9GQYLVLV k=0 win 3-0 171.4s plays 31/43 wall 13.9s
[screen] 32 02JY9GQYLVLV k=1 win 3-0 171.4s plays 31/43 wall 13.9s
[screen] 33 02PP9CQ0Q2U2 k=0 win 3-0 159.8s plays 26/33 wall 12.7s
[screen] 34 02JY9GQYLVLV k=2 win 3-0 171.4s plays 31/43 wall 13.6s
[screen] 35 02PP9CQ0Q2U2 k=1 win 3-0 159.8s plays 26/33 wall 12.6s
[screen] 36 02PP9CQ0Q2U2 k=2 win 3-0 159.8s plays 26/33 wall 12.6s
[screen] 37 02QY9Q98C0J8 k=0 loss 2-3 179.0s plays 34/34 wall 14.2s
[screen] 38 02RY9RVV8R29 k=0 loss 2-3 168.6s plays 30/30 wall 13.4s
[screen] 39 02QY9Q98C0J8 k=1 loss 2-3 179.0s plays 34/34 wall 14.2s
[screen] 40 02QY9Q98C0J8 k=2 loss 2-3 179.0s plays 34/34 wall 14.2s
[screen] 41 02RY9GC0U9RV k=0 loss 0-1 180.0s plays 32/32 wall 14.3s
[screen] 42 02RY9GC0U9RV k=1 loss 0-1 180.0s plays 32/32 wall 14.3s
[screen] 43 02RY9GC0U9RV k=2 loss 0-1 180.0s plays 32/32 wall 14.3s
[screen] 44 02QY9Q9YY089 k=0 loss 1-2 197.3s plays 37/37 wall 15.6s
[screen] 45 02QY9Q9YY089 k=1 loss 1-2 197.3s plays 37/37 wall 15.6s
[screen] 46 02QY9Q9YY089 k=2 loss 1-2 197.3s plays 37/37 wall 15.6s
[screen] 47 02RY9RVV8R29 k=1 loss 2-3 168.6s plays 30/30 wall 13.2s
[screen] 48 02RY9RVV8R29 k=2 loss 2-3 168.6s plays 30/30 wall 13.2s
[screen] 49 02YYPCRQ2QLY k=0 win 1-0 180.0s plays 34/34 wall 13.8s
[screen] 50 02YYPCRQ2QLY k=1 win 1-0 180.0s plays 34/34 wall 13.8s
[screen] 51 02YYPCRQ2QLY k=2 win 1-0 180.0s plays 34/34 wall 13.7s
[screen] 52 02YYPUJ220L2 k=0 win 1-0 180.0s plays 35/35 wall 13.7s
[screen] 53 02YYPUJ220L2 k=1 win 1-0 180.0s plays 35/35 wall 13.7s
[screen] 54 02YYPUJ220L2 k=2 win 1-0 180.0s plays 35/35 wall 13.8s
[screen] 55 02YYPURYV2CL k=0 win 1-0 180.0s plays 34/34 wall 13.8s
[screen] 56 02YYPURYV2CL k=1 win 1-0 180.0s plays 34/34 wall 13.8s
[screen] 57 02YYPURYV2CL k=2 win 1-0 180.0s plays 34/34 wall 13.8s
[screen] 58 02YYPUV2GGCL k=0 win 1-0 180.0s plays 32/42 wall 13.8s
[screen] 59 02YYPUV2GGCL k=1 win 1-0 180.0s plays 32/42 wall 13.8s
[screen] 60 02YYPUV2GGCL k=2 win 1-0 180.0s plays 32/42 wall 13.7s
[screen] 61 080Y8QLUPRYR k=0 win 2-1 180.0s plays 33/33 wall 13.6s
[screen] 62 080Y8QLUPRYR k=1 win 2-1 180.0s plays 33/33 wall 13.4s
[screen] 63 080Y8QLUPRYR k=2 win 2-1 180.0s plays 33/33 wall 13.3s
[screen] 64 080Y8QLPCVVR k=0 loss 1-1 300.0s plays 67/67 wall 22.3s
[screen] 65 080Y8QLPCVVR k=1 loss 1-1 300.0s plays 67/67 wall 22.3s
[screen] 66 080Y8QLPCVVR k=2 loss 1-1 300.0s plays 67/67 wall 22.2s
[screen] 67 08CPVJP99UY9 k=0 win 1-0 180.0s plays 36/36 wall 12.7s
[screen] 68 08CPVJP99UY9 k=1 win 1-0 180.0s plays 36/36 wall 12.6s
[screen] 69 08CPVJP99UY9 k=2 win 1-0 180.0s plays 36/36 wall 12.6s
[screen] 70 08GPVRL99VUQ k=0 win 1-0 180.0s plays 33/33 wall 12.6s
[screen] 71 08GPVRL99VUQ k=1 win 1-0 180.0s plays 33/33 wall 12.6s
[screen] 72 08GPVRL99VUQ k=2 win 1-0 180.0s plays 33/33 wall 12.6s
[screen] 73 082Y8G9GG202 k=0 win 3-1 224.7s plays 47/47 wall 16.4s
[screen] 74 082Y8G9GG202 k=1 win 3-1 224.7s plays 47/47 wall 16.4s
[screen] 75 082Y8G9GG202 k=2 win 3-1 224.7s plays 47/47 wall 16.0s
[screen] 76 08JPVCQ0JCG2 k=0 loss 1-3 253.0s plays 56/56 wall 17.8s
[screen] 77 08JPVCQ0JCG2 k=1 loss 1-3 253.0s plays 56/56 wall 17.8s
[screen] 78 08JPVCUVCQ00 k=0 win 2-0 180.0s plays 34/34 wall 12.6s
[screen] 79 08JPVCUVCQ00 k=1 win 2-0 180.0s plays 34/34 wall 12.6s
[screen] 80 08JPVCUVCQ00 k=2 win 2-0 180.0s plays 34/34 wall 12.6s
[screen] 81 08PY88PJYJUR k=0 win 2-0 180.0s plays 35/35 wall 12.8s
[screen] 82 08PY88PJYJUR k=1 win 2-0 180.0s plays 35/35 wall 12.8s
[screen] 83 08PY88PJYJUR k=2 win 2-0 180.0s plays 35/35 wall 12.8s
[screen] 84 08QPVCP8C0CP k=0 win 2-0 180.0s plays 32/42 wall 12.8s
[screen] 85 08QPVCP8C0CP k=1 win 2-0 180.0s plays 32/42 wall 12.8s
[screen] 86 08QPVCP8C0CP k=2 win 2-0 180.0s plays 32/42 wall 12.8s
[screen] 87 08VPPUUJUP2C k=0 win 1-0 180.0s plays 31/31 wall 12.8s
[screen] 88 08JPVCQ0JCG2 k=2 loss 1-3 253.0s plays 56/56 wall 18.2s
[screen] 89 08VPPUUJUP2C k=1 win 1-0 180.0s plays 31/31 wall 12.8s
[screen] 90 08VPPUUJUP2C k=2 win 1-0 180.0s plays 31/31 wall 12.8s
[screen] 91 092PY0Y9YC99 k=0 win 1-0 180.0s plays 34/49 wall 12.8s
[screen] 92 092PY0Y9YC99 k=1 win 1-0 180.0s plays 34/49 wall 12.6s
[screen] 93 092PY0Y9YC99 k=2 win 1-0 180.0s plays 34/49 wall 12.6s
[screen] 94 099P9CJY9LYQ k=0 win 2-1 180.0s plays 35/35 wall 12.7s
[screen] 95 099P9CL9R9J0 k=0 loss 2-3 152.8s plays 26/26 wall 10.7s
[screen] 96 099P9CJY9LYQ k=1 win 2-1 180.0s plays 35/35 wall 12.8s
[screen] 97 099P9CJY9LYQ k=2 win 2-1 180.0s plays 35/35 wall 12.8s
[screen] 98 099P9CL9R9J0 k=1 loss 2-3 152.8s plays 26/26 wall 10.7s
[screen] 99 099P9CL9R9J0 k=2 loss 2-3 152.8s plays 26/26 wall 10.7s
[screen] 100 099P9CVPLU0V k=0 win 3-0 176.5s plays 34/51 wall 12.7s
[screen] 101 099P9CVPLU0V k=1 win 3-0 176.5s plays 34/51 wall 12.7s
[screen] 102 099P9CVPLU0V k=2 win 3-0 176.5s plays 34/51 wall 12.7s
[screen] 103 09G9JCQR8CRV k=0 win 1-0 180.0s plays 33/33 wall 12.9s
[screen] 104 09G9JCQR8CRV k=1 win 1-0 180.0s plays 33/33 wall 12.9s
[screen] 105 09G9JCQR8CRV k=2 win 1-0 180.0s plays 33/33 wall 12.9s
[screen] 106 09LP9U9LLR2P k=0 win 1-0 180.0s plays 32/32 wall 12.9s
[screen] 107 09LP9U9LLR2P k=1 win 1-0 180.0s plays 32/32 wall 12.9s
[screen] 108 09LP9U9LLR2P k=2 win 1-0 180.0s plays 32/32 wall 12.8s
[screen] 109 09PP9J908PYU k=0 win 2-1 180.0s plays 34/34 wall 12.9s
[screen] 110 09PP9J908PYU k=1 win 2-1 180.0s plays 34/34 wall 12.8s
[screen] 111 09PP9J908PYU k=2 win 2-1 180.0s plays 34/34 wall 12.7s
[screen] 112 09R9JCJ8LQRU k=0 win 2-1 180.0s plays 35/35 wall 12.6s
[screen] 113 09R9JCJ8LQRU k=1 win 2-1 180.0s plays 35/35 wall 12.6s
[screen] 114 09R9JCJ8LQRU k=2 win 2-1 180.0s plays 35/35 wall 12.6s
[screen] 115 09R9JCJ8UU88 k=0 win 2-0 180.0s plays 33/33 wall 12.6s
[screen] 116 09R9JCJ8UU88 k=1 win 2-0 180.0s plays 33/33 wall 12.3s
[screen] 117 09R9JCJ8UU88 k=2 win 2-0 180.0s plays 33/33 wall 12.3s
[screen] 118 18b06003f8394b0caf9d7467e2ab7cda k=0 win 3-0 179.8s plays 32/34 wall 12.3s
[screen] 119 18b06003f8394b0caf9d7467e2ab7cda k=1 win 3-0 179.8s plays 32/34 wall 12.3s
[screen] 120 18b06003f8394b0caf9d7467e2ab7cda k=2 win 3-0 179.8s plays 32/34 wall 12.3s
[screen] 121 25d003faed8c441a8e6e23ad6f07bc0f k=0 win 3-0 172.5s plays 32/36 wall 11.9s
[screen] 122 25d003faed8c441a8e6e23ad6f07bc0f k=1 win 3-0 172.5s plays 32/36 wall 11.9s
[screen] 123 25d003faed8c441a8e6e23ad6f07bc0f k=2 win 3-0 172.5s plays 32/36 wall 11.8s
[screen] 124 333ebb5673884328a477960a9ce4a14b k=0 win 2-1 199.1s plays 38/38 wall 13.7s
[screen] 125 37beebc8bcdb4d4091482f7f54e27e6e k=0 win 3-1 177.1s plays 32/33 wall 12.0s
[screen] 126 333ebb5673884328a477960a9ce4a14b k=1 win 2-1 199.1s plays 38/38 wall 13.6s
[screen] 127 37beebc8bcdb4d4091482f7f54e27e6e k=1 win 3-1 177.1s plays 32/33 wall 12.0s
[screen] 128 37beebc8bcdb4d4091482f7f54e27e6e k=2 win 3-1 177.1s plays 32/33 wall 12.0s
[screen] 129 333ebb5673884328a477960a9ce4a14b k=2 win 2-1 199.1s plays 38/38 wall 13.6s
[screen] 130 4341e84cef2446f0a6fc85a76bf5090d k=0 win 2-1 208.7s plays 44/47 wall 14.5s
[screen] 131 494f23d587744726a24dc85bfceb1834 k=0 win 1-0 180.0s plays 33/33 wall 12.3s
[screen] 132 494f23d587744726a24dc85bfceb1834 k=1 win 1-0 180.0s plays 33/33 wall 12.3s
[screen] 133 494f23d587744726a24dc85bfceb1834 k=2 win 1-0 180.0s plays 33/33 wall 12.4s
[screen] 134 4341e84cef2446f0a6fc85a76bf5090d k=1 win 2-1 208.7s plays 44/47 wall 14.6s
[screen] 135 4341e84cef2446f0a6fc85a76bf5090d k=2 win 2-1 208.7s plays 44/47 wall 14.5s
[screen] 136 5bdb5c3daeff466b9d970e6c13d70bbe k=0 win 3-1 247.1s plays 54/54 wall 17.2s
[screen] 137 5bdb5c3daeff466b9d970e6c13d70bbe k=1 win 3-1 247.1s plays 54/54 wall 17.2s
[screen] 138 5bdb5c3daeff466b9d970e6c13d70bbe k=2 win 3-1 247.1s plays 54/54 wall 17.2s
[screen] 139 709bfb31833f438084784a06cab9be26 k=0 loss 1-2 242.4s plays 49/51 wall 16.9s
[screen] 140 844db3de7006445c98a93e6153105872 k=0 win 1-0 180.0s plays 34/34 wall 12.7s
[screen] 141 844db3de7006445c98a93e6153105872 k=1 win 1-0 180.0s plays 34/34 wall 12.7s
[screen] 142 844db3de7006445c98a93e6153105872 k=2 win 1-0 180.0s plays 34/34 wall 12.7s
[screen] 143 905c49c70d894c469147c067d9c6b546 k=0 win 1-0 180.0s plays 31/31 wall 12.7s
[screen] 144 709bfb31833f438084784a06cab9be26 k=1 loss 1-2 242.4s plays 49/51 wall 17.4s
[screen] 145 905c49c70d894c469147c067d9c6b546 k=1 win 1-0 180.0s plays 31/31 wall 12.7s
[screen] 146 905c49c70d894c469147c067d9c6b546 k=2 win 1-0 180.0s plays 31/31 wall 12.7s
[screen] 147 709bfb31833f438084784a06cab9be26 k=2 loss 1-2 242.4s plays 49/51 wall 17.5s
[screen] 148 78e59386c8254e9187ce9d5aaf3bb73e k=0 win 1-1 300.0s plays 70/70 wall 22.1s
[screen] 149 78e59386c8254e9187ce9d5aaf3bb73e k=1 win 1-1 300.0s plays 70/70 wall 22.1s
[screen] 150 78e59386c8254e9187ce9d5aaf3bb73e k=2 win 1-1 300.0s plays 70/70 wall 22.1s
[screen] 151 90ebd8e1802a4b87af2c8a54cc67b1e5 k=0 loss 1-3 243.1s plays 50/50 wall 17.9s
[screen] 152 90ebd8e1802a4b87af2c8a54cc67b1e5 k=1 loss 1-3 243.1s plays 50/50 wall 18.2s
[screen] 153 90ebd8e1802a4b87af2c8a54cc67b1e5 k=2 loss 1-3 243.1s plays 50/50 wall 18.2s
[screen] 154 93367126d7144d7885c74014a865e397 k=0 loss 1-2 247.6s plays 54/54 wall 18.5s
[screen] 155 93367126d7144d7885c74014a865e397 k=1 loss 1-2 247.6s plays 54/54 wall 18.6s
[screen] 156 a3674fb6151548f48a032f7e52f33336 k=0 win 1-0 180.0s plays 32/32 wall 13.5s
[screen] 157 a3674fb6151548f48a032f7e52f33336 k=1 win 1-0 180.0s plays 32/32 wall 13.5s
[screen] 158 a3674fb6151548f48a032f7e52f33336 k=2 win 1-0 180.0s plays 32/32 wall 13.5s
[screen] 159 a4250541fc8a4eda93a7a733267dae71 k=0 win 1-0 180.0s plays 30/30 wall 13.5s
[screen] 160 a4250541fc8a4eda93a7a733267dae71 k=1 win 1-0 180.0s plays 30/30 wall 13.5s
[screen] 161 a4250541fc8a4eda93a7a733267dae71 k=2 win 1-0 180.0s plays 30/30 wall 13.5s
[screen] 162 aceef0a5ff024470b4b6142ec6046200 k=0 win 2-0 180.0s plays 33/45 wall 13.3s
[screen] 163 93367126d7144d7885c74014a865e397 k=2 loss 1-2 247.6s plays 54/54 wall 18.3s
[screen] 164 aceef0a5ff024470b4b6142ec6046200 k=1 win 2-0 180.0s plays 33/45 wall 12.3s
[screen] 165 aceef0a5ff024470b4b6142ec6046200 k=2 win 2-0 180.0s plays 33/45 wall 12.1s
[screen] 166 c4d6628de619471c853064bf81572e1c k=0 win 2-1 213.3s plays 45/45 wall 13.9s
[screen] 167 c4d6628de619471c853064bf81572e1c k=1 win 2-1 213.3s plays 45/45 wall 13.8s
[screen] 168 c4d6628de619471c853064bf81572e1c k=2 win 2-1 213.3s plays 45/45 wall 12.7s
[screen] 169 da49b77a85a845acb3bb9f5d5c182e9b k=0 loss 1-2 234.0s plays 48/48 wall 12.7s
[screen] 170 da49b77a85a845acb3bb9f5d5c182e9b k=1 loss 1-2 234.0s plays 48/48 wall 12.7s
[screen] 171 da49b77a85a845acb3bb9f5d5c182e9b k=2 loss 1-2 234.0s plays 48/48 wall 12.7s
[screen] 172 c75cc69c5ac84026a8dee5c2c2fc1e1a k=0 win 1-1 300.0s plays 68/68 wall 16.5s
[screen] 173 c75cc69c5ac84026a8dee5c2c2fc1e1a k=1 win 1-1 300.0s plays 68/68 wall 16.3s
[screen] 174 c75cc69c5ac84026a8dee5c2c2fc1e1a k=2 win 1-1 300.0s plays 68/68 wall 15.7s
{"DONE": {"matches": 174, "skipped_jobs": 705, "skipped_entries": 235, "wall_s": 162.0}}
