{
 "A": "scratchpad\\gauntlet\\L68\\generalist\\screen_gen\\oppHidden_gen_v1_s0.jsonl",
 "B": "scratchpad\\gauntlet\\L68\\generalist\\screen_gen\\oppCounter_gen_v1_s0.jsonl",
 "A_screen": {
  "n": 174,
  "winrate": 0.8793103448275862,
  "exploit": {
   "outlived_win_share": 0.2549019607843137,
   "low_delivered_win_share": 0.0,
   "ghost_refused_per_match": 0.5
  },
  "plays_per_min": 12.735266963445067
 },
 "B_vs_A": {
  "n": 174,
  "winrate": 0.9827586206896551,
  "exploit": {
   "outlived_win_share": 0.17543859649122806,
   "low_delivered_win_share": 0.03508771929824561,
   "ghost_refused_per_match": 0.22413793103448276
  },
  "plays_per_min": 10.473758432747646,
  "paired": 174,
  "paired_entries": 58,
  "delta_pp": 10.344827586206897,
  "ci_lo_pp": 1.7241379310344827,
  "ci_hi_pp": 18.96551724137931,
  "better": 21,
  "worse": 3,
  "exploit_init": {
   "outlived_win_share": 0.2549019607843137,
   "low_delivered_win_share": 0.0,
   "ghost_refused_per_match": 0.5
  },
  "exploit_cand": {
   "outlived_win_share": 0.17543859649122806,
   "low_delivered_win_share": 0.03508771929824561,
   "ghost_refused_per_match": 0.22413793103448276
  }
 }
}
