{
 "A": "scratchpad\\gauntlet\\L68\\generalist\\screen_gen\\oppCounter_gen_v1_s0.jsonl",
 "B": "scratchpad\\gauntlet\\L68\\generalist\\screen_gen\\oppCounterDelay26_gen_v1_s0.jsonl",
 "A_screen": {
  "n": 174,
  "winrate": 0.9827586206896551,
  "exploit": {
   "outlived_win_share": 0.17543859649122806,
   "low_delivered_win_share": 0.03508771929824561,
   "ghost_refused_per_match": 0.22413793103448276
  },
  "plays_per_min": 10.473758432747646
 },
 "B_vs_A": {
  "n": 174,
  "winrate": 0.8275862068965517,
  "exploit": {
   "outlived_win_share": 0.20833333333333334,
   "low_delivered_win_share": 0.0,
   "ghost_refused_per_match": 0.5
  },
  "plays_per_min": 10.554420378695,
  "paired": 174,
  "paired_entries": 58,
  "delta_pp": -15.517241379310345,
  "ci_lo_pp": -25.862068965517242,
  "ci_hi_pp": -5.172413793103448,
  "better": 3,
  "worse": 30,
  "exploit_init": {
   "outlived_win_share": 0.17543859649122806,
   "low_delivered_win_share": 0.03508771929824561,
   "ghost_refused_per_match": 0.22413793103448276
  },
  "exploit_cand": {
   "outlived_win_share": 0.20833333333333334,
   "low_delivered_win_share": 0.0,
   "ghost_refused_per_match": 0.5
  }
 }
}
