{
 "A": "scratchpad\\gauntlet\\L68\\generalist\\screen_gen\\oppCounter_gen_v1_s0.jsonl",
 "B": "scratchpad\\gauntlet\\L68\\generalist\\screen_gen\\oppCounterDelay26Ext26_gen_v1_s0.jsonl",
 "A_screen": {
  "n": 174,
  "winrate": 0.9827586206896551,
  "exploit": {
   "outlived_win_share": 0.17543859649122806,
   "low_delivered_win_share": 0.03508771929824561,
   "ghost_refused_per_match": 0.22413793103448276
  },
  "plays_per_min": 10.473758432747646
 },
 "B_vs_A": {
  "n": 174,
  "winrate": 0.8620689655172413,
  "exploit": {
   "outlived_win_share": 0.16,
   "low_delivered_win_share": 0.02,
   "ghost_refused_per_match": 0.6379310344827587
  },
  "plays_per_min": 10.67799403116246,
  "paired": 174,
  "paired_entries": 58,
  "delta_pp": -12.068965517241379,
  "ci_lo_pp": -22.413793103448278,
  "ci_hi_pp": -3.4482758620689653,
  "better": 3,
  "worse": 24,
  "exploit_init": {
   "outlived_win_share": 0.17543859649122806,
   "low_delivered_win_share": 0.03508771929824561,
   "ghost_refused_per_match": 0.22413793103448276
  },
  "exploit_cand": {
   "outlived_win_share": 0.16,
   "low_delivered_win_share": 0.02,
   "ghost_refused_per_match": 0.6379310344827587
  }
 }
}
