C:\Users\benpe\ClashBot\pipeline\model_v3.py:92: UserWarning: enable_nested_tensor is True, but self.use_nested_tensor is False because encoder_layer.norm_first was True
  self.encoder = nn.TransformerEncoder(enc, layers)
[screen] 1 00JYPQPRYCPP k=0 loss 1-3 108.9s plays 15/15 wall 8.5s
[screen] 2 00JYPQPRYCPP k=2 loss 1-3 111.2s plays 16/16 wall 8.7s
[screen] 3 00JYPQPRYCPP k=1 loss 0-3 114.2s plays 16/16 wall 8.9s
[screen] 4 000YLY2VQ92P k=2 loss 1-3 128.6s plays 19/19 wall 10.0s
[screen] 5 00LYPLCVRCCV k=0 win 3-0 138.9s plays 21/22 wall 10.6s
[screen] 6 00LYPLCVRCCV k=1 win 3-0 151.5s plays 27/32 wall 11.6s
[screen] 7 00LYPLY0GRQP k=0 win 3-0 162.6s plays 29/29 wall 12.6s
[screen] 8 00LYPLY0GRQP k=2 win 3-1 171.5s plays 32/33 wall 13.2s
[screen] 9 00JYPGYLRP88 k=0 loss 1-3 174.9s plays 34/34 wall 13.5s
[screen] 10 000YLY2VQ92P k=0 loss 1-2 180.0s plays 34/34 wall 13.9s
[screen] 11 00JYPGYLRP88 k=2 win 1-0 180.0s plays 36/36 wall 13.9s
[screen] 12 00LYPLCVRCCV k=2 win 2-0 180.0s plays 34/34 wall 13.9s
[screen] 13 000YLY2VQ92P k=1 win 1-0 212.5s plays 46/46 wall 16.3s
[screen] 14 00PYLLC9QJ0L k=0 loss 1-2 237.5s plays 51/51 wall 18.2s
[screen] 15 00JYPGYLRP88 k=1 loss 1-3 249.5s plays 56/56 wall 19.1s
[screen] 16 00LYPLY0GRQP k=1 win 2-1 271.1s plays 62/62 wall 21.0s
[screen] 17 00UYPQ9ULVP2 k=0 win 2-0 180.0s plays 34/35 wall 13.7s
[screen] 18 02JY9G99CGPC k=0 loss 1-3 125.2s plays 19/19 wall 9.7s
[screen] 19 00UYPQ9ULVP2 k=1 win 1-0 180.0s plays 34/34 wall 13.9s
[screen] 20 00UYPQ9ULVP2 k=2 win 1-0 180.0s plays 34/34 wall 14.1s
[screen] 21 02JY9G99CGPC k=1 loss 2-3 125.8s plays 19/19 wall 10.3s
[screen] 22 00PYLLC9QJ0L k=2 loss 2-3 240.0s plays 52/52 wall 19.5s
[screen] 23 00VYPLPJRYRY k=0 win 2-1 201.0s plays 43/43 wall 16.7s
[screen] 24 02GY9GY2U8UQ k=1 win 1-0 180.0s plays 35/35 wall 15.5s
[screen] 25 02GY9GY2U8UQ k=2 win 1-0 180.0s plays 36/36 wall 15.5s
[screen] 26 02JY9G99CGPC k=2 loss 1-3 132.6s plays 21/21 wall 12.3s
[screen] 27 00PYLLC9QJ0L k=1 win 3-1 284.9s plays 65/65 wall 24.4s
[screen] 28 00VYPLPJRYRY k=1 win 3-1 232.1s plays 51/51 wall 20.5s
[screen] 29 00VYPLPJRYRY k=2 win 2-1 224.7s plays 49/50 wall 20.0s
[screen] 30 02QY9Q98C0J8 k=1 loss 1-3 55.0s plays 9/9 wall 5.4s
[screen] 31 02GY9GY2U8UQ k=0 win 2-1 228.1s plays 51/51 wall 20.3s
[screen] 32 02JY9GQYLVLV k=0 win 2-1 195.1s plays 39/39 wall 17.8s
[screen] 33 02PP9CQ0Q2U2 k=1 win 3-0 161.7s plays 30/30 wall 14.7s
[screen] 34 02JY9GQYLVLV k=2 win 1-0 180.0s plays 34/34 wall 16.2s
[screen] 35 02PP9CQ0Q2U2 k=0 win 3-1 169.2s plays 30/30 wall 15.3s
[screen] 36 02PP9CQ0Q2U2 k=2 win 3-0 158.5s plays 29/29 wall 14.4s
[screen] 37 02JY9GQYLVLV k=1 win 3-2 202.3s plays 42/42 wall 18.2s
[screen] 38 02QY9Q9YY089 k=1 loss 1-2 180.0s plays 35/35 wall 15.6s
[screen] 39 02QY9Q9YY089 k=2 loss 1-3 178.1s plays 33/34 wall 15.7s
[screen] 40 02QY9Q98C0J8 k=2 loss 1-3 207.6s plays 42/42 wall 19.0s
[screen] 41 02RY9RVV8R29 k=0 loss 1-3 164.8s plays 30/30 wall 14.4s
[screen] 42 02RY9GC0U9RV k=0 win 1-0 186.0s plays 35/35 wall 16.5s
[screen] 43 02RY9RVV8R29 k=1 loss 0-1 180.0s plays 34/34 wall 16.0s
[screen] 44 02RY9GC0U9RV k=1 loss 1-2 190.4s plays 39/39 wall 16.8s
[screen] 45 02QY9Q9YY089 k=0 loss 1-2 245.1s plays 54/54 wall 22.3s
[screen] 46 02RY9GC0U9RV k=2 win 2-1 211.5s plays 44/44 wall 18.7s
[screen] 47 02QY9Q98C0J8 k=0 loss 1-1 300.0s plays 70/72 wall 28.1s
[screen] 48 02RY9RVV8R29 k=2 win 2-1 202.3s plays 41/41 wall 18.5s
[screen] 49 02YYPUJ220L2 k=0 loss 0-1 180.0s plays 37/37 wall 16.9s
[screen] 50 02YYPCRQ2QLY k=2 win 3-1 209.3s plays 43/43 wall 19.5s
[screen] 51 02YYPCRQ2QLY k=0 win 2-1 224.2s plays 48/48 wall 21.5s
[screen] 52 02YYPCRQ2QLY k=1 win 3-1 235.4s plays 50/50 wall 22.8s
[screen] 53 02YYPUJ220L2 k=1 win 3-1 232.7s plays 52/52 wall 22.7s
[screen] 54 02YYPURYV2CL k=0 loss 1-3 172.0s plays 32/33 wall 16.5s
[screen] 55 02YYPURYV2CL k=1 loss 1-2 195.8s plays 37/37 wall 18.3s
[screen] 56 02YYPUJ220L2 k=2 win 2-1 221.6s plays 48/49 wall 20.9s
[screen] 57 02YYPURYV2CL k=2 loss 1-2 195.3s plays 39/39 wall 18.0s
[screen] 58 02YYPUV2GGCL k=1 win 2-0 180.0s plays 34/34 wall 16.4s
[screen] 59 02YYPUV2GGCL k=2 win 1-0 180.0s plays 34/34 wall 16.3s
[screen] 60 02YYPUV2GGCL k=0 loss 1-2 192.3s plays 39/39 wall 17.3s
[screen] 61 080Y8QLPCVVR k=1 loss 0-1 188.2s plays 37/37 wall 16.5s
[screen] 62 080Y8QLPCVVR k=2 loss 0-1 180.0s plays 35/35 wall 15.3s
[screen] 63 080Y8QLPCVVR k=0 win 1-0 215.8s plays 46/46 wall 18.5s
[screen] 64 080Y8QLUPRYR k=0 win 2-1 180.0s plays 33/33 wall 15.3s
[screen] 65 082Y8G9GG202 k=0 loss 1-3 146.6s plays 26/26 wall 11.5s
[screen] 66 082Y8G9GG202 k=1 loss 1-3 140.2s plays 23/23 wall 10.5s
[screen] 67 08JPVCQ0JCG2 k=1 loss 0-3 66.1s plays 10/10 wall 4.7s
[screen] 68 080Y8QLUPRYR k=1 win 1-0 208.4s plays 41/41 wall 17.5s
[screen] 69 082Y8G9GG202 k=2 loss 1-3 179.5s plays 35/35 wall 13.6s
[screen] 70 080Y8QLUPRYR k=2 win 2-1 215.1s plays 44/44 wall 17.8s
[screen] 71 08CPVJP99UY9 k=0 win 1-0 214.7s plays 43/43 wall 17.3s
[screen] 72 08CPVJP99UY9 k=1 win 1-0 180.0s plays 36/36 wall 14.4s
[screen] 73 08CPVJP99UY9 k=2 win 2-0 180.0s plays 35/35 wall 14.8s
[screen] 74 08GPVRL99VUQ k=0 loss 1-2 180.0s plays 35/35 wall 14.8s
[screen] 75 08JPVCQ0JCG2 k=0 loss 1-3 185.3s plays 37/37 wall 15.8s
[screen] 76 08GPVRL99VUQ k=1 loss 1-2 209.6s plays 44/44 wall 18.0s
[screen] 77 08JPVCUVCQ00 k=0 loss 1-2 184.1s plays 35/35 wall 16.6s
[screen] 78 08JPVCUVCQ00 k=1 win 2-1 180.0s plays 35/35 wall 16.3s
[screen] 79 08GPVRL99VUQ k=2 win 2-1 247.0s plays 54/54 wall 21.2s
[screen] 80 08JPVCUVCQ00 k=2 win 1-0 180.0s plays 34/34 wall 16.3s
[screen] 81 08PY88PJYJUR k=0 win 2-1 180.0s plays 34/34 wall 16.3s
[screen] 82 08PY88PJYJUR k=1 win 2-1 180.0s plays 35/35 wall 16.3s
[screen] 83 08QPVCP8C0CP k=1 win 1-0 180.0s plays 32/32 wall 16.2s
[screen] 84 08JPVCQ0JCG2 k=2 loss 1-3 266.6s plays 61/61 wall 23.0s
[screen] 85 099P9CL9R9J0 k=0 loss 1-3 67.2s plays 10/10 wall 4.9s
[screen] 86 08PY88PJYJUR k=2 loss 1-2 228.2s plays 49/49 wall 20.1s
[screen] 87 08VPPUUJUP2C k=2 loss 1-3 193.9s plays 37/37 wall 15.9s
[screen] 88 092PY0Y9YC99 k=0 win 1-0 180.0s plays 34/34 wall 14.2s
[screen] 89 092PY0Y9YC99 k=1 win 1-0 180.0s plays 32/32 wall 13.9s
[screen] 90 08QPVCP8C0CP k=0 win 1-1 300.0s plays 71/71 wall 25.5s
[screen] 91 099P9CJY9LYQ k=1 win 1-0 180.0s plays 33/33 wall 13.6s
[screen] 92 099P9CJY9LYQ k=2 win 3-1 174.9s plays 33/33 wall 13.1s
[screen] 93 08VPPUUJUP2C k=1 loss 1-3 257.8s plays 57/57 wall 20.8s
[screen] 94 099P9CL9R9J0 k=1 loss 1-3 171.5s plays 32/32 wall 12.7s
[screen] 95 099P9CVPLU0V k=2 win 3-0 145.5s plays 24/24 wall 10.5s
[screen] 96 08QPVCP8C0CP k=2 loss 1-1 300.0s plays 71/71 wall 24.1s
[screen] 97 08VPPUUJUP2C k=0 loss 1-1 300.0s plays 70/70 wall 24.0s
[screen] 98 092PY0Y9YC99 k=2 win 3-1 230.4s plays 49/49 wall 17.2s
[screen] 99 099P9CL9R9J0 k=2 loss 1-3 175.4s plays 33/33 wall 12.8s
[screen] 100 099P9CVPLU0V k=0 win 1-0 180.0s plays 35/35 wall 13.1s
[screen] 101 099P9CVPLU0V k=1 win 2-0 180.0s plays 36/36 wall 13.0s
[screen] 102 099P9CJY9LYQ k=0 loss 1-2 279.6s plays 64/64 wall 20.9s
[screen] 103 09G9JCQR8CRV k=0 win 1-0 180.0s plays 36/36 wall 13.6s
[screen] 104 09G9JCQR8CRV k=2 loss 0-1 180.0s plays 35/35 wall 13.8s
[screen] 105 09LP9U9LLR2P k=0 loss 1-3 176.4s plays 34/34 wall 13.9s
[screen] 106 09LP9U9LLR2P k=1 win 1-0 180.0s plays 34/35 wall 14.2s
[screen] 107 09PP9J908PYU k=1 win 1-0 180.0s plays 37/37 wall 14.6s
[screen] 108 09LP9U9LLR2P k=2 loss 1-2 204.1s plays 43/43 wall 16.4s
[screen] 109 09R9JCJ8LQRU k=0 win 1-0 180.0s plays 34/34 wall 15.0s
[screen] 110 09PP9J908PYU k=2 win 2-1 180.6s plays 35/35 wall 15.1s
[screen] 111 09PP9J908PYU k=0 win 3-1 218.5s plays 46/46 wall 17.8s
[screen] 112 09G9JCQR8CRV k=1 win 2-1 287.2s plays 68/68 wall 23.0s
[screen] 113 09R9JCJ8UU88 k=0 win 2-0 180.0s plays 37/42 wall 15.1s
[screen] 114 09R9JCJ8UU88 k=1 win 1-0 180.0s plays 35/35 wall 15.2s
[screen] 115 18b06003f8394b0caf9d7467e2ab7cda k=0 win 2-0 180.0s plays 34/34 wall 15.2s
[screen] 116 18b06003f8394b0caf9d7467e2ab7cda k=1 win 3-0 157.0s plays 27/27 wall 13.0s
[screen] 117 09R9JCJ8UU88 k=2 win 2-1 209.5s plays 44/44 wall 17.5s
[screen] 118 09R9JCJ8LQRU k=1 win 2-1 266.6s plays 61/64 wall 21.8s
[screen] 119 18b06003f8394b0caf9d7467e2ab7cda k=2 win 2-1 180.0s plays 33/33 wall 14.5s
[screen] 120 09R9JCJ8LQRU k=2 loss 1-1 300.0s plays 70/70 wall 24.5s
[screen] 121 25d003faed8c441a8e6e23ad6f07bc0f k=0 win 2-0 180.0s plays 34/36 wall 14.2s
[screen] 122 25d003faed8c441a8e6e23ad6f07bc0f k=1 win 2-0 180.0s plays 36/40 wall 14.1s
[screen] 123 25d003faed8c441a8e6e23ad6f07bc0f k=2 win 1-0 180.0s plays 34/34 wall 13.8s
[screen] 124 333ebb5673884328a477960a9ce4a14b k=0 win 1-0 180.0s plays 34/34 wall 13.7s
[screen] 125 37beebc8bcdb4d4091482f7f54e27e6e k=1 win 3-1 165.0s plays 27/27 wall 12.4s
[screen] 126 37beebc8bcdb4d4091482f7f54e27e6e k=2 win 3-1 164.3s plays 27/27 wall 12.4s
[screen] 127 37beebc8bcdb4d4091482f7f54e27e6e k=0 win 3-1 178.6s plays 32/32 wall 13.5s
[screen] 128 333ebb5673884328a477960a9ce4a14b k=1 win 1-0 189.2s plays 36/36 wall 14.3s
[screen] 129 709bfb31833f438084784a06cab9be26 k=0 loss 0-3 78.8s plays 11/11 wall 5.7s
[screen] 130 709bfb31833f438084784a06cab9be26 k=1 loss 1-3 77.6s plays 10/10 wall 5.6s
[screen] 131 709bfb31833f438084784a06cab9be26 k=2 loss 1-3 71.8s plays 10/10 wall 5.0s
[screen] 132 333ebb5673884328a477960a9ce4a14b k=2 win 2-1 249.1s plays 56/56 wall 18.9s
[screen] 133 494f23d587744726a24dc85bfceb1834 k=0 win 3-1 208.9s plays 42/42 wall 15.8s
[screen] 134 494f23d587744726a24dc85bfceb1834 k=1 win 3-1 199.9s plays 40/40 wall 15.2s
[screen] 135 494f23d587744726a24dc85bfceb1834 k=2 win 2-1 196.8s plays 38/38 wall 14.9s
[screen] 136 4341e84cef2446f0a6fc85a76bf5090d k=0 win 1-1 300.0s plays 70/70 wall 23.0s
[screen] 137 4341e84cef2446f0a6fc85a76bf5090d k=1 loss 1-3 300.0s plays 70/71 wall 23.1s
[screen] 138 4341e84cef2446f0a6fc85a76bf5090d k=2 loss 1-1 300.0s plays 70/70 wall 23.1s
[screen] 139 78e59386c8254e9187ce9d5aaf3bb73e k=0 win 1-0 180.0s plays 35/35 wall 14.0s
[screen] 140 78e59386c8254e9187ce9d5aaf3bb73e k=1 loss 0-1 180.0s plays 34/34 wall 14.0s
[screen] 141 844db3de7006445c98a93e6153105872 k=0 win 1-0 180.0s plays 35/35 wall 14.5s
[screen] 142 90ebd8e1802a4b87af2c8a54cc67b1e5 k=0 loss 1-3 122.7s plays 18/18 wall 10.0s
[screen] 143 844db3de7006445c98a93e6153105872 k=1 win 1-0 180.0s plays 35/35 wall 14.6s
[screen] 144 844db3de7006445c98a93e6153105872 k=2 win 1-0 180.0s plays 36/36 wall 14.7s
[screen] 145 5bdb5c3daeff466b9d970e6c13d70bbe k=0 win 1-1 300.0s plays 71/71 wall 23.6s
[screen] 146 905c49c70d894c469147c067d9c6b546 k=0 win 2-0 180.0s plays 33/36 wall 14.5s
[screen] 147 5bdb5c3daeff466b9d970e6c13d70bbe k=1 loss 1-1 300.0s plays 70/70 wall 23.7s
[screen] 148 5bdb5c3daeff466b9d970e6c13d70bbe k=2 loss 1-1 300.0s plays 70/70 wall 23.7s
[screen] 149 905c49c70d894c469147c067d9c6b546 k=2 win 1-0 180.0s plays 32/32 wall 14.4s
[screen] 150 78e59386c8254e9187ce9d5aaf3bb73e k=2 win 1-1 300.0s plays 71/71 wall 23.8s
[screen] 151 90ebd8e1802a4b87af2c8a54cc67b1e5 k=1 loss 0-3 159.8s plays 29/29 wall 12.7s
[screen] 152 90ebd8e1802a4b87af2c8a54cc67b1e5 k=2 loss 0-1 180.0s plays 35/35 wall 14.1s
[screen] 153 905c49c70d894c469147c067d9c6b546 k=1 win 3-1 269.9s plays 59/59 wall 21.3s
[screen] 154 93367126d7144d7885c74014a865e397 k=0 win 3-1 215.6s plays 45/45 wall 16.8s
[screen] 155 93367126d7144d7885c74014a865e397 k=1 loss 1-2 220.4s plays 47/47 wall 17.2s
[screen] 156 93367126d7144d7885c74014a865e397 k=2 win 2-1 219.6s plays 47/47 wall 17.1s
[screen] 157 a3674fb6151548f48a032f7e52f33336 k=0 win 1-0 180.0s plays 34/34 wall 13.7s
[screen] 158 a3674fb6151548f48a032f7e52f33336 k=2 win 1-0 180.0s plays 34/34 wall 13.8s
[screen] 159 a4250541fc8a4eda93a7a733267dae71 k=1 win 1-0 180.0s plays 36/36 wall 13.9s
[screen] 160 a4250541fc8a4eda93a7a733267dae71 k=2 win 1-0 180.0s plays 35/35 wall 13.9s
[screen] 161 aceef0a5ff024470b4b6142ec6046200 k=1 win 3-0 172.8s plays 34/34 wall 13.4s
[screen] 162 aceef0a5ff024470b4b6142ec6046200 k=0 win 1-0 180.0s plays 33/33 wall 13.9s
[screen] 163 a4250541fc8a4eda93a7a733267dae71 k=0 loss 0-1 195.9s plays 38/38 wall 15.1s
[screen] 164 aceef0a5ff024470b4b6142ec6046200 k=2 win 2-1 180.0s plays 34/34 wall 13.7s
[screen] 165 a3674fb6151548f48a032f7e52f33336 k=1 win 2-1 277.0s plays 65/65 wall 20.6s
[screen] 166 c4d6628de619471c853064bf81572e1c k=2 win 1-0 180.0s plays 35/35 wall 12.7s
[screen] 167 c75cc69c5ac84026a8dee5c2c2fc1e1a k=0 win 1-0 180.0s plays 31/31 wall 12.7s
[screen] 168 c75cc69c5ac84026a8dee5c2c2fc1e1a k=1 win 2-0 180.0s plays 32/33 wall 12.2s
[screen] 169 c75cc69c5ac84026a8dee5c2c2fc1e1a k=2 win 2-1 180.0s plays 34/40 wall 12.1s
[screen] 170 da49b77a85a845acb3bb9f5d5c182e9b k=0 loss 1-2 180.0s plays 34/34 wall 12.0s
[screen] 171 da49b77a85a845acb3bb9f5d5c182e9b k=2 win 1-0 180.0s plays 35/35 wall 11.4s
[screen] 172 c4d6628de619471c853064bf81572e1c k=1 win 3-1 281.2s plays 65/65 wall 19.4s
[screen] 173 c4d6628de619471c853064bf81572e1c k=0 win 2-1 283.1s plays 65/65 wall 19.5s
[screen] 174 da49b77a85a845acb3bb9f5d5c182e9b k=1 loss 1-2 230.7s plays 50/50 wall 13.7s
{"DONE": {"matches": 174, "skipped_jobs": 705, "skipped_entries": 235, "wall_s": 179.2}}
