{"e1_eval": "eval", "policy": "live", "port": 38031, "tasks": 100, "already_done": 0, "grid": "lattice", "tau": 0.27}
[e1_eval] 1/100 000YLL9RURY8 k=0 win 1-0 184.1s plays 36/81 wall 11.1s
[e1_eval] 2/100 000YLLP2UC98 k=0 win 2-1 229.8s plays 56/97 wall 14.3s
[e1_eval] 3/100 000YLY2VQ92P k=0 loss 0-1 184.1s plays 35/58 wall 10.6s
[e1_eval] 4/100 000YLYJULG22 k=0 loss 0-3 131.0s plays 19/40 wall 7.7s
[e1_eval] 5/100 000YLYYCJ8VY k=0 win 1-0 184.1s plays 34/60 wall 11.5s
[e1_eval] 6/100 002YLQQ0J90P k=0 win 1-0 184.1s plays 33/75 wall 11.3s
[e1_eval] 7/100 008YLL2CQVUP k=0 win 2-1 305.2s plays 79/171 wall 19.2s
[e1_eval] 8/100 008YLQ2RJ00L k=0 win 3-0 126.5s plays 19/41 wall 7.3s
[e1_eval] 9/100 009Y20G9UY9R k=0 loss 1-3 180.0s plays 32/92 wall 10.6s
[e1_eval] 10/100 009Y2C2CJ08G k=0 loss 1-3 266.9s plays 62/124 wall 15.7s
[e1_eval] 11/100 009YLG90RURQ k=0 win 1-0 184.1s plays 33/49 wall 10.7s
[e1_eval] 12/100 009YLGLPG8JR k=0 win 2-1 296.6s plays 75/133 wall 18.2s
[e1_eval] 13/100 009YLQLLLUPY k=0 win 3-1 286.2s plays 70/128 wall 17.5s
[e1_eval] 14/100 00CYPL820VRL k=0 win 1-0 184.1s plays 34/52 wall 10.7s
[e1_eval] 15/100 00CYPLYYLPL9 k=0 loss 1-3 306.4s plays 79/162 wall 19.5s
[e1_eval] 16/100 00CYPY9GJQLV k=0 win 1-0 184.1s plays 34/56 wall 11.1s
[e1_eval] 17/100 00GYP9UGJYLQ k=0 win 1-0 184.1s plays 34/75 wall 10.8s
[e1_eval] 18/100 00GYPL2GC9CG k=0 win 2-1 251.2s plays 57/83 wall 15.6s
[e1_eval] 19/100 00GYPYUCG2GQ k=0 loss 1-3 207.1s plays 42/83 wall 12.8s
[e1_eval] 20/100 00JYPGYLRP88 k=0 loss 0-1 238.6s plays 50/90 wall 15.3s
[e1_eval] 21/100 00JYPQPRYCPP k=0 win 3-1 221.9s plays 43/97 wall 13.7s
[e1_eval] 22/100 00JYPQYV8VRQ k=0 loss 1-3 193.0s plays 37/88 wall 11.3s
[e1_eval] 23/100 00LYPLCVRCCV k=0 win 1-0 184.1s plays 34/47 wall 11.3s
[e1_eval] 24/100 00LYPLJLQ80J k=0 loss 0-3 102.4s plays 14/33 wall 6.3s
[e1_eval] 25/100 00LYPLR200VU k=0 loss 1-3 189.2s plays 36/69 wall 11.5s
[e1_eval] 26/100 00LYPLY0GRQP k=0 loss 1-3 287.9s plays 73/144 wall 17.8s
[e1_eval] 27/100 00LYPQVCRJJL k=0 loss 0-2 184.1s plays 33/73 wall 11.9s
[e1_eval] 28/100 00PYLLC9QJ0L k=0 loss 0-1 184.1s plays 33/44 wall 11.0s
[e1_eval] 29/100 00PYLLJPQ0G0 k=0 win 2-0 184.1s plays 33/84 wall 11.2s
[e1_eval] 30/100 00PYLLJPYJ0Q k=0 win 1-0 220.7s plays 46/68 wall 13.4s
[e1_eval] 31/100 00QYPG00YLQP k=0 loss 1-3 175.9s plays 33/78 wall 10.6s
[e1_eval] 32/100 00QYPG28P8QV k=0 win 2-1 205.6s plays 38/93 wall 12.8s
[e1_eval] 33/100 00QYPQLC9CQY k=0 loss 1-2 306.7s plays 76/157 wall 19.8s
[e1_eval] 34/100 00QYPQP0802Q k=0 loss 1-3 202.7s plays 40/78 wall 12.4s
[e1_eval] 35/100 00QYPQR0C02V k=0 win 3-0 127.8s plays 19/38 wall 7.1s
[e1_eval] 36/100 00UYPL92ULUL k=0 loss 1-2 210.9s plays 43/76 wall 13.2s
[e1_eval] 37/100 00UYPL9P0VQL k=0 win 1-0 184.1s plays 35/73 wall 11.2s
[e1_eval] 38/100 00UYPQ9ULVP2 k=0 loss 0-2 184.1s plays 35/85 wall 11.1s
[e1_eval] 39/100 00UYPQ9VJ2VL k=0 loss 1-2 302.8s plays 77/138 wall 17.7s
[e1_eval] 40/100 00VYPLPJGYLY k=0 win 2-1 223.2s plays 53/96 wall 14.0s
[e1_eval] 41/100 00VYPLPJRYRY k=0 win 2-1 227.2s plays 49/71 wall 13.7s
[e1_eval] 42/100 00VYPLQPYCRU k=0 win 1-0 184.1s plays 35/50 wall 10.9s
[e1_eval] 43/100 00VYPLRPJUVG k=0 loss 1-2 184.1s plays 34/82 wall 10.5s
[e1_eval] 44/100 00VYPQLPVVYU k=0 win 2-1 184.1s plays 34/73 wall 11.0s
[e1_eval] 45/100 00VYPQYLP2L9 k=0 loss 1-2 202.5s plays 39/70 wall 12.5s
[e1_eval] 46/100 00VYPQYU90CG k=0 loss 0-3 100.3s plays 14/46 wall 5.9s
[e1_eval] 47/100 00VYPQYYV8C0 k=0 win 3-1 240.1s plays 48/122 wall 14.0s
[e1_eval] 48/100 00YYPLJ2J2LQ k=0 win 3-1 249.7s plays 55/99 wall 14.4s
[e1_eval] 49/100 00YYPLR299UQ k=0 loss 1-2 216.7s plays 44/114 wall 13.3s
[e1_eval] 50/100 01852645ef994048bbdecb079c42cbe5 k=0 win 2-1 223.1s plays 46/70 wall 13.9s
[e1_eval] 51/100 020YPLR0U0RU k=0 loss 1-2 305.4s plays 77/126 wall 19.1s
[e1_eval] 52/100 020YPYL89Y8Y k=0 loss 0-1 184.1s plays 35/57 wall 11.4s
[e1_eval] 53/100 020YPYP8R2VV k=0 win 1-0 184.1s plays 33/71 wall 11.1s
[e1_eval] 54/100 022YYLV9QLQJ k=0 win 1-0 184.1s plays 35/66 wall 10.6s
[e1_eval] 55/100 022YYLV9V90G k=0 loss 0-1 184.1s plays 35/74 wall 10.7s
[e1_eval] 56/100 022YYQYV2C2J k=0 win 1-0 208.4s plays 42/75 wall 12.8s
[e1_eval] 57/100 022YYYUVGPUU k=0 win 1-0 184.1s plays 34/73 wall 10.7s
[e1_eval] 58/100 028YPV08RU2V k=0 win 1-0 184.1s plays 33/80 wall 11.8s
[e1_eval] 59/100 028YPV9P0PJ2 k=0 win 2-1 219.0s plays 46/93 wall 13.5s
[e1_eval] 60/100 029YPUPRUYQ0 k=0 win 1-0 184.1s plays 33/59 wall 10.9s
[e1_eval] 61/100 02CY8P2RJ989 k=0 win 1-0 184.1s plays 34/67 wall 11.3s
[e1_eval] 62/100 02CY8YRG9JP9 k=0 win 3-0 149.7s plays 23/50 wall 8.4s
[e1_eval] 63/100 02GY9GCC0V9Q k=0 win 3-1 181.7s plays 32/80 wall 11.6s
[e1_eval] 64/100 02GY9GJURY8G k=0 loss 1-3 194.6s plays 37/78 wall 11.7s
[e1_eval] 65/100 02GY9GJVUP00 k=0 win 2-1 306.0s plays 82/126 wall 20.9s
[e1_eval] 66/100 02GY9GY2U8UQ k=0 win 2-1 184.1s plays 36/59 wall 12.3s
[e1_eval] 67/100 02GY9QVU0G0R k=0 win 1-0 184.1s plays 34/65 wall 11.6s
[e1_eval] 68/100 02GY9R00Q82Q k=0 win 3-1 253.1s plays 56/97 wall 16.0s
[e1_eval] 69/100 02GY9R02LUU8 k=0 win 2-1 302.0s plays 79/145 wall 18.5s
[e1_eval] 70/100 02JY9G08YCQG k=0 win 1-0 184.1s plays 32/52 wall 10.7s
[e1_eval] 71/100 02JY9G99CGPC k=0 loss 1-3 129.7s plays 16/41 wall 8.1s
[e1_eval] 72/100 02JY9GL9VP9C k=0 loss 1-3 145.2s plays 22/51 wall 8.7s
[e1_eval] 73/100 02JY9GL9Y90C k=0 loss 1-3 56.8s plays 7/15 wall 3.3s
[e1_eval] 74/100 02JY9GQY2VCU k=0 loss 0-1 184.1s plays 34/55 wall 12.3s
[e1_eval] 75/100 02JY9GQYLVLV k=0 loss 1-2 223.7s plays 48/90 wall 13.9s
[e1_eval] 76/100 02JY9QJPY29U k=0 win 1-0 184.1s plays 35/65 wall 11.2s
[e1_eval] 77/100 02JY9R2JJ0GG k=0 loss 0-1 184.1s plays 35/48 wall 11.5s
[e1_eval] 78/100 02PP9CQ0Q2U2 k=0 win 3-0 159.9s plays 28/56 wall 9.9s
[e1_eval] 79/100 02PYPCUP2LRJ k=0 win 3-1 216.7s plays 46/92 wall 14.1s
[e1_eval] 80/100 02PYPULRYPQP k=0 win 1-0 184.1s plays 34/75 wall 11.8s
[e1_eval] 81/100 02PYPUP2VP0P k=0 win 2-1 216.8s plays 44/76 wall 12.9s
[e1_eval] 82/100 02QP8GGQLRYU k=0 win 3-0 166.2s plays 29/66 wall 10.0s
[e1_eval] 83/100 02QY9G0RLQUY k=0 win 2-1 187.4s plays 34/69 wall 11.7s
[e1_eval] 84/100 02QY9G22J9UJ k=0 win 2-1 184.1s plays 36/66 wall 11.5s
[e1_eval] 85/100 02QY9LVGPVQP k=0 win 2-0 184.1s plays 34/70 wall 10.9s
[e1_eval] 86/100 02QY9Q0QP2Q9 k=0 loss 0-1 184.1s plays 32/54 wall 11.1s
[e1_eval] 87/100 02QY9Q980YV0 k=0 loss 1-2 211.6s plays 44/78 wall 13.4s
[e1_eval] 88/100 02QY9Q98C0J8 k=0 win 2-1 304.3s plays 81/135 wall 19.1s
[e1_eval] 89/100 02QY9Q9P0CRP k=0 win 2-1 184.1s plays 34/71 wall 11.0s
[e1_eval] 90/100 02QY9Q9PY29C k=0 win 2-1 184.1s plays 34/85 wall 12.2s
[e1_eval] 91/100 02QY9Q9YY089 k=0 loss 1-3 178.2s plays 33/73 wall 11.6s
[e1_eval] 92/100 02QY9QV8Y908 k=0 win 3-1 186.5s plays 36/77 wall 11.5s
[e1_eval] 93/100 02RY9GC0U9RV k=0 win 2-1 204.0s plays 41/64 wall 12.0s
[e1_eval] 94/100 02RY9GR9C92G k=0 win 1-0 184.1s plays 33/52 wall 11.8s
[e1_eval] 95/100 02RY9QV8UR8P k=0 win 1-0 184.1s plays 34/69 wall 11.8s
[e1_eval] 96/100 02RY9RVV8R29 k=0 loss 1-2 184.1s plays 34/65 wall 11.7s
[e1_eval] 97/100 02UY8YV2CJLJ k=0 win 1-0 184.1s plays 33/68 wall 11.4s
[e1_eval] 98/100 02VY8LCYLY2R k=0 win 3-0 180.8s plays 34/56 wall 10.8s
[e1_eval] 99/100 02YYPCRQ2QLY k=0 win 1-0 210.0s plays 41/62 wall 13.2s
[e1_eval] 100/100 02YYPU0CV82L k=0 win 1-0 184.1s plays 34/56 wall 11.7s
{"DONE": {"new_matches": 100, "finished": "2026-09-12 19:54:34", "wall_s_mean": 12.3, "win": 63, "draw": 0, "loss": 37}}
