C:\Users\benpe\ClashBot\hogeq\tools\gate_prior.py:99: ResourceWarning: unclosed file <_io.TextIOWrapper name='C:\\Users\\benpe\\AppData\\Local\\Temp\\tmpnwsj205l.csv' mode='r' encoding='utf-8'>
  rows = list(csv.DictReader(open(src, encoding="utf-8")))
ResourceWarning: Enable tracemalloc to get the object allocation traceback
C:\Users\benpe\ClashBot\hogeq\tools\gate_prior.py:99: ResourceWarning: unclosed file <_io.TextIOWrapper name='C:\\Users\\benpe\\AppData\\Local\\Temp\\tmp7dd790jy.csv' mode='r' encoding='utf-8'>
  rows = list(csv.DictReader(open(src, encoding="utf-8")))
ResourceWarning: Enable tracemalloc to get the object allocation traceback
C:\Users\benpe\ClashBot\hogeq\tools\gate_prior.py:99: ResourceWarning: unclosed file <_io.TextIOWrapper name='C:\\Users\\benpe\\AppData\\Local\\Temp\\tmpm88hul5h.csv' mode='r' encoding='utf-8'>
  rows = list(csv.DictReader(open(src, encoding="utf-8")))
ResourceWarning: Enable tracemalloc to get the object allocation traceback
C:\Users\benpe\ClashBot\hogeq\tools\gate_prior.py:99: ResourceWarning: unclosed file <_io.TextIOWrapper name='C:\\Users\\benpe\\AppData\\Local\\Temp\\tmp3amkshwg.csv' mode='r' encoding='utf-8'>
  rows = list(csv.DictReader(open(src, encoding="utf-8")))
ResourceWarning: Enable tracemalloc to get the object allocation traceback
C:\Users\benpe\ClashBot\hogeq\tools\gate_prior.py:99: ResourceWarning: unclosed file <_io.TextIOWrapper name='C:\\Users\\benpe\\AppData\\Local\\Temp\\tmpev4cce_q.csv' mode='r' encoding='utf-8'>
  rows = list(csv.DictReader(open(src, encoding="utf-8")))
ResourceWarning: Enable tracemalloc to get the object allocation traceback
C:\Users\benpe\ClashBot\hogeq\tools\gate_prior.py:99: ResourceWarning: unclosed file <_io.TextIOWrapper name='C:\\Users\\benpe\\AppData\\Local\\Temp\\tmpua6xpfky.csv' mode='r' encoding='utf-8'>
  rows = list(csv.DictReader(open(src, encoding="utf-8")))
ResourceWarning: Enable tracemalloc to get the object allocation traceback
C:\Users\benpe\ClashBot\hogeq\tools\gate_prior.py:99: ResourceWarning: unclosed file <_io.TextIOWrapper name='C:\\Users\\benpe\\AppData\\Local\\Temp\\tmp4x245yo3.csv' mode='r' encoding='utf-8'>
  rows = list(csv.DictReader(open(src, encoding="utf-8")))
ResourceWarning: Enable tracemalloc to get the object allocation traceback
C:\Users\benpe\ClashBot\hogeq\tools\gate_prior.py:99: ResourceWarning: unclosed file <_io.TextIOWrapper name='C:\\Users\\benpe\\AppData\\Local\\Temp\\tmp5zw0f70r.csv' mode='r' encoding='utf-8'>
  rows = list(csv.DictReader(open(src, encoding="utf-8")))
ResourceWarning: Enable tracemalloc to get the object allocation traceback
C:\Users\benpe\ClashBot\hogeq\tools\gate_prior.py:99: ResourceWarning: unclosed file <_io.TextIOWrapper name='C:\\Users\\benpe\\AppData\\Local\\Temp\\tmp1nqgc2zp.csv' mode='r' encoding='utf-8'>
  rows = list(csv.DictReader(open(src, encoding="utf-8")))
ResourceWarning: Enable tracemalloc to get the object allocation traceback
C:\Users\benpe\ClashBot\hogeq\tests\test_gate_prior.py:257: UserWarning: Converting a tensor with requires_grad=True to a scalar may lead to unexpected behavior.
Consider using tensor.detach() first. (Triggered internally at C:\actions-runner\_work\pytorch\pytorch\pytorch\torch\csrc\autograd\generated\python_variable_methods.cpp:837.)
  self.assertLess(float(ce2), float(ce))
OK       C:\Users\benpe\ClashBot\icebow\config\import_pins.json  (197 pins reproduce)
OK       C:\Users\benpe\ClashBot\hogeq\config\import_pins.json  (197 pins reproduce)
STALE    C:\Users\benpe\AppData\Local\Temp\tmp9hjj6ytt\import_pins.json
  DISAGREE           archer_queen.ability_cooldown_s: generator None vs file '@@ NOT WHAT THE GENERATOR SAYS @@'

A PIN THAT ONLY EXISTS IN THE FILE IS A PIN THE NEXT GENERATOR RUN DELETES.
Fix it by expressing the value in gen_pins.py (a RULING*_PINS block), never
by editing config/import_pins.json -- that is the defect this check exists for.
[live-search] live-search: asked 25, ran 0, changed 0, waited 0 | skipped disabled 0 conf 0 bodies 0 stale 0 timeout 0 error 24 | tracks: seen=24 | errors: RuntimeError: same every time x24
----------------------------------------------------------------------
Ran 1343 tests in 300.132s

OK (skipped=64)

[R20] aimed at the enemy BACK row (gy=0) -> gy=13, cast ny=0.5625 (river 0.50, deploy line gy=13 of 24)
[R20] a Log cast at the deploy line (ny=0.5625) hit a body at ny=0.3750 (4.0 tiles past the river): 3000 -> 2734 hp
[R20] barbarian_barrel: cast ny=0.5625 -> reaches ny=0.4219 = 2.50 tiles PAST the river.

[R20] the_log: cast ny=0.5625 -> corridor reaches ny=0.2625 = 7.60 tiles PAST the river. The offensive Log survives the clamp.
[R23a] hero barrel -> barrel_barbarian at (0.528, 0.594) t=1.80 s (base: base_barrel_barbarian, same schedule)

[R23] barbarian_barrel cast (0.500, 0.450) -> Barbarian at (0.528, 0.594) = 4.60 tiles forward, at t=1.80 s
[R23]   BEFORE: the same (0.528, 0.594) / 4.60 tiles, but at t=0.45 s -- only the TIMING moved, by exactly the 1.35 s sweep
[R27] a Barbarian at 179 / 716 hp rerolls and comes back at 448 (half the 537 it was missing)
[R28] absorbed at ny=0.5938, redeployed at ny=0.6875 (3.00 tiles up), hp 358 -> 537
[R26] second roll origin ny=0.6681; the Barbarian is at ny=0.6681, the first roll ended at ny=0.5938 -- 2.38 tiles apart

[R24] Rowdy Reroll: 3.0 tiles at 3.3333 tiles/s swept in 0.90 s

[R21] card                      tiles   tiles/s  sweep s
[R21] the_log                    9.60    3.3333   2.8800
[R21] barbarian_barrel           4.50    3.3333   1.3500
[R21] barbarian_barrel_hero      4.50    3.3333   1.3500
[R21] giant_snowball_evo         4.00    5.0000   0.8000

[R21] spell verdict for a Log: due 3.63 s after the cast; the roll takes 2.88 s (was due at 0.75 s, i.e. with the edge 1.17 of 9.6 tiles along)
[R21] the_log leading edge (3.333 tiles/s), body at D tiles hit at t:
[R21]      0.5 tiles -> 0.15 s (D / 3.333 = 0.15)
[R21]      2.0 tiles -> 0.60 s (D / 3.333 = 0.60)
[R21]      4.0 tiles -> 1.25 s (D / 3.333 = 1.20)
[R21]      8.0 tiles -> 2.40 s (D / 3.333 = 2.40)
[R21]      9.5 tiles -> 2.85 s (D / 3.333 = 2.85)

[R21] the_log: whole corridor at t=0  ->  swept over 2.85 s (9.6 tiles / 3.333 tiles per second = 2.88 s)
[R21] the_log              sweep 2.90 s (published 2.88)
[R21] barbarian_barrel     sweep 1.40 s (published 1.35)
[R21] giant_snowball_evo   sweep 0.80 s (published 0.80)

[R21] a body 8 tiles ahead that steps 4 tiles sideways at 1.5 s (edge is 5.0 of 9.6 tiles along): 0 damage, was 266
[R21] a body outside the lane that steps IN at 1.5 s: 266 damage, was 0

[R18] Royal Delivery aimed at the enemy BACK row (gy=0) clamps to gy=13: 13 grid rows / tiles moved. Deploy line is gy=13 of 24.
