{"base": "C:\\Users\\benpe\\ClashBot\\icebow\\data\\bench\\rl_royale\\rseries_r3c\\rseries_r3c_u0030_barrel2k.pt", "out": "C:\\Users\\benpe\\ClashBot\\icebow\\data\\bench\\rl_royale\\rseries_r3c\\rseries_r3c_u0030_barrel2k_cellref.pt", "train_play_rows": 911987, "val_rows": 20000, "steps": 7124, "params": 117248, "val0": {"step": 0, "cell_nll": 3.0765150142669677, "cell_half_top1": 0.21665, "cell_tile_top1": 0.2166, "card_top1": 0.613, "n_play": 20000}}
{"step": 200, "of": 7124, "cell_loss_ema": 3.0293, "rows_per_s": 926, "min": 0.9}
{"step": 400, "of": 7124, "cell_loss_ema": 3.0374, "rows_per_s": 810, "min": 2.1}
{"step": 600, "of": 7124, "cell_loss_ema": 3.0145, "rows_per_s": 770, "min": 3.3}
{"step": 800, "of": 7124, "cell_loss_ema": 3.0003, "rows_per_s": 791, "min": 4.3}
{"step": 1000, "of": 7124, "cell_loss_ema": 3.0225, "rows_per_s": 838, "min": 5.1}
{"val": {"step": 1000, "cell_nll": 3.057108895111084, "cell_half_top1": 0.22795, "cell_tile_top1": 0.22795, "card_top1": 0.613, "n_play": 20000}}
{"saved": "C:\\Users\\benpe\\ClashBot\\icebow\\data\\bench\\rl_royale\\rseries_r3c\\rseries_r3c_u0030_barrel2k_cellref.pt", "step": 1000, "cell_nll": 3.057108895111084}
{"step": 1200, "of": 7124, "cell_loss_ema": 3.0007, "rows_per_s": 849, "min": 6.0}
{"step": 1400, "of": 7124, "cell_loss_ema": 2.9909, "rows_per_s": 869, "min": 6.9}
{"step": 1600, "of": 7124, "cell_loss_ema": 2.971, "rows_per_s": 873, "min": 7.8}
{"step": 1800, "of": 7124, "cell_loss_ema": 2.9764, "rows_per_s": 893, "min": 8.6}
{"step": 2000, "of": 7124, "cell_loss_ema": 2.9562, "rows_per_s": 916, "min": 9.3}
{"val": {"step": 2000, "cell_nll": 3.0256060218811034, "cell_half_top1": 0.2317, "cell_tile_top1": 0.23195, "card_top1": 0.613, "n_play": 20000}}
{"saved": "C:\\Users\\benpe\\ClashBot\\icebow\\data\\bench\\rl_royale\\rseries_r3c\\rseries_r3c_u0030_barrel2k_cellref.pt", "step": 2000, "cell_nll": 3.0256060218811034}
{"step": 2200, "of": 7124, "cell_loss_ema": 2.9663, "rows_per_s": 912, "min": 10.3}
{"step": 2400, "of": 7124, "cell_loss_ema": 2.9811, "rows_per_s": 931, "min": 11.0}
{"step": 2600, "of": 7124, "cell_loss_ema": 2.9747, "rows_per_s": 942, "min": 11.8}
{"step": 2800, "of": 7124, "cell_loss_ema": 2.973, "rows_per_s": 950, "min": 12.6}
{"step": 3000, "of": 7124, "cell_loss_ema": 2.9575, "rows_per_s": 963, "min": 13.3}
{"val": {"step": 3000, "cell_nll": 3.0184287551879883, "cell_half_top1": 0.23325, "cell_tile_top1": 0.2334, "card_top1": 0.613, "n_play": 20000}}
{"saved": "C:\\Users\\benpe\\ClashBot\\icebow\\data\\bench\\rl_royale\\rseries_r3c\\rseries_r3c_u0030_barrel2k_cellref.pt", "step": 3000, "cell_nll": 3.0184287551879883}
{"step": 3200, "of": 7124, "cell_loss_ema": 2.9754, "rows_per_s": 964, "min": 14.2}
{"step": 3400, "of": 7124, "cell_loss_ema": 2.9684, "rows_per_s": 983, "min": 14.8}
{"step": 3600, "of": 7124, "cell_loss_ema": 2.9649, "rows_per_s": 989, "min": 15.5}
{"step": 3800, "of": 7124, "cell_loss_ema": 2.9639, "rows_per_s": 995, "min": 16.3}
{"step": 4000, "of": 7124, "cell_loss_ema": 2.9474, "rows_per_s": 1004, "min": 17.0}
{"val": {"step": 4000, "cell_nll": 3.008970907974243, "cell_half_top1": 0.2361, "cell_tile_top1": 0.23615, "card_top1": 0.613, "n_play": 20000}}
{"saved": "C:\\Users\\benpe\\ClashBot\\icebow\\data\\bench\\rl_royale\\rseries_r3c\\rseries_r3c_u0030_barrel2k_cellref.pt", "step": 4000, "cell_nll": 3.008970907974243}
{"step": 4200, "of": 7124, "cell_loss_ema": 2.9578, "rows_per_s": 999, "min": 17.9}
{"step": 4400, "of": 7124, "cell_loss_ema": 2.9337, "rows_per_s": 1004, "min": 18.7}
{"step": 4600, "of": 7124, "cell_loss_ema": 2.9614, "rows_per_s": 1009, "min": 19.5}
{"step": 4800, "of": 7124, "cell_loss_ema": 2.9538, "rows_per_s": 1013, "min": 20.2}
{"step": 5000, "of": 7124, "cell_loss_ema": 2.9438, "rows_per_s": 1018, "min": 21.0}
{"val": {"step": 5000, "cell_nll": 3.003774878692627, "cell_half_top1": 0.23615, "cell_tile_top1": 0.23645, "card_top1": 0.613, "n_play": 20000}}
{"saved": "C:\\Users\\benpe\\ClashBot\\icebow\\data\\bench\\rl_royale\\rseries_r3c\\rseries_r3c_u0030_barrel2k_cellref.pt", "step": 5000, "cell_nll": 3.003774878692627}
{"step": 5200, "of": 7124, "cell_loss_ema": 2.946, "rows_per_s": 1014, "min": 21.9}
{"step": 5400, "of": 7124, "cell_loss_ema": 2.956, "rows_per_s": 1019, "min": 22.6}
{"step": 5600, "of": 7124, "cell_loss_ema": 2.9451, "rows_per_s": 1027, "min": 23.3}
{"step": 5800, "of": 7124, "cell_loss_ema": 2.9599, "rows_per_s": 1026, "min": 24.1}
{"step": 6000, "of": 7124, "cell_loss_ema": 2.953, "rows_per_s": 1022, "min": 25.0}
{"val": {"step": 6000, "cell_nll": 3.001144595336914, "cell_half_top1": 0.23655, "cell_tile_top1": 0.2367, "card_top1": 0.613, "n_play": 20000}}
{"saved": "C:\\Users\\benpe\\ClashBot\\icebow\\data\\bench\\rl_royale\\rseries_r3c\\rseries_r3c_u0030_barrel2k_cellref.pt", "step": 6000, "cell_nll": 3.001144595336914}
{"step": 6200, "of": 7124, "cell_loss_ema": 2.9266, "rows_per_s": 1011, "min": 26.2}
{"step": 6400, "of": 7124, "cell_loss_ema": 2.9312, "rows_per_s": 1015, "min": 26.9}
{"step": 6600, "of": 7124, "cell_loss_ema": 2.9431, "rows_per_s": 1020, "min": 27.6}
{"step": 6800, "of": 7124, "cell_loss_ema": 2.9447, "rows_per_s": 1026, "min": 28.3}
{"step": 7000, "of": 7124, "cell_loss_ema": 2.9323, "rows_per_s": 1032, "min": 28.9}
{"val": {"step": 7000, "cell_nll": 3.000934866333008, "cell_half_top1": 0.2375, "cell_tile_top1": 0.2376, "card_top1": 0.613, "n_play": 20000}}
{"saved": "C:\\Users\\benpe\\ClashBot\\icebow\\data\\bench\\rl_royale\\rseries_r3c\\rseries_r3c_u0030_barrel2k_cellref.pt", "step": 7000, "cell_nll": 3.000934866333008}
{"val": {"step": 7124, "cell_nll": 3.000933996963501, "cell_half_top1": 0.23745, "cell_tile_top1": 0.23755, "card_top1": 0.613, "n_play": 20000}}
{"saved": "C:\\Users\\benpe\\ClashBot\\icebow\\data\\bench\\rl_royale\\rseries_r3c\\rseries_r3c_u0030_barrel2k_cellref.pt", "step": 7124, "cell_nll": 3.000933996963501}
{"done": true, "best_val_cell_nll": 3.000933996963501, "base_val_cell_nll": 3.0765150142669677, "minutes": 29.7}
