C:\Users\benpe\ClashBot\pipeline\model_v3.py:66: UserWarning: enable_nested_tensor is True, but self.use_nested_tensor is False because encoder_layer.norm_first was True
  self.encoder = nn.TransformerEncoder(enc, layers)
C:\Users\benpe\ClashBot\pipeline\train_s1.py:205: UserWarning: Converting a tensor with requires_grad=True to a scalar may lead to unexpected behavior.
Consider using tensor.detach() first. (Triggered internally at C:\actions-runner\_work\pytorch\pytorch\pytorch\torch\csrc\autograd\generated\python_variable_methods.cpp:837.)
  tot += float(loss); nb += 1
{"cell_half_top1": 0.0919, "cell_tile_top1": 0.1009, "card_top1": 0.4905, "joint_top1": 0.0466, "cell_nll": 5.4909, "gate_acc": 0.7241, "gate_bal_acc": 0.5, "wait_top1": 0.3002, "value_acc": 0.7194, "emb_cosine": 0.8889, "n_play": 3796, "n": 13761, "epoch": 1, "train_loss": 9.9899, "seconds": 70}
{"cell_half_top1": 0.1175, "cell_tile_top1": 0.1388, "card_top1": 0.5024, "joint_top1": 0.0677, "cell_nll": 4.7538, "gate_acc": 0.7276, "gate_bal_acc": 0.514, "wait_top1": 0.4267, "value_acc": 0.72, "emb_cosine": 0.517, "n_play": 3796, "n": 13761, "epoch": 2, "train_loss": 7.8692, "seconds": 139}
{"cell_half_top1": 0.1133, "cell_tile_top1": 0.133, "card_top1": 0.5416, "joint_top1": 0.0622, "cell_nll": 4.4044, "gate_acc": 0.7399, "gate_bal_acc": 0.5821, "wait_top1": 0.4359, "value_acc": 0.7205, "emb_cosine": 0.4261, "n_play": 3796, "n": 13761, "epoch": 3, "train_loss": 7.0886, "seconds": 209}
{"cell_half_top1": 0.1394, "cell_tile_top1": 0.1549, "card_top1": 0.5527, "joint_top1": 0.083, "cell_nll": 4.1508, "gate_acc": 0.7476, "gate_bal_acc": 0.5845, "wait_top1": 0.4481, "value_acc": 0.6977, "emb_cosine": 0.3744, "n_play": 3796, "n": 13761, "epoch": 4, "train_loss": 6.6631, "seconds": 278}
{"cell_half_top1": 0.1388, "cell_tile_top1": 0.1544, "card_top1": 0.5622, "joint_top1": 0.0788, "cell_nll": 4.0304, "gate_acc": 0.7507, "gate_bal_acc": 0.5765, "wait_top1": 0.4479, "value_acc": 0.7059, "emb_cosine": 0.3484, "n_play": 3796, "n": 13761, "epoch": 5, "train_loss": 6.4159, "seconds": 346}
{"cell_half_top1": 0.1401, "cell_tile_top1": 0.1586, "card_top1": 0.5759, "joint_top1": 0.0859, "cell_nll": 4.019, "gate_acc": 0.7569, "gate_bal_acc": 0.6714, "wait_top1": 0.4591, "value_acc": 0.7047, "emb_cosine": 0.3208, "n_play": 3796, "n": 13761, "epoch": 6, "train_loss": 6.2388, "seconds": 414}
{"cell_half_top1": 0.1515, "cell_tile_top1": 0.162, "card_top1": 0.5664, "joint_top1": 0.0919, "cell_nll": 3.9438, "gate_acc": 0.7659, "gate_bal_acc": 0.6498, "wait_top1": 0.4508, "value_acc": 0.6953, "emb_cosine": 0.2763, "n_play": 3796, "n": 13761, "epoch": 7, "train_loss": 6.1002, "seconds": 482}
{"cell_half_top1": 0.1496, "cell_tile_top1": 0.1633, "card_top1": 0.5751, "joint_top1": 0.093, "cell_nll": 3.9473, "gate_acc": 0.7584, "gate_bal_acc": 0.7036, "wait_top1": 0.4722, "value_acc": 0.7081, "emb_cosine": 0.2645, "n_play": 3796, "n": 13761, "epoch": 8, "train_loss": 5.9824, "seconds": 551}
{"cell_half_top1": 0.1533, "cell_tile_top1": 0.1649, "card_top1": 0.5803, "joint_top1": 0.0917, "cell_nll": 3.9026, "gate_acc": 0.7736, "gate_bal_acc": 0.6574, "wait_top1": 0.4844, "value_acc": 0.7021, "emb_cosine": 0.238, "n_play": 3796, "n": 13761, "epoch": 9, "train_loss": 5.8855, "seconds": 619}
{"cell_half_top1": 0.147, "cell_tile_top1": 0.1673, "card_top1": 0.5893, "joint_top1": 0.0946, "cell_nll": 3.8873, "gate_acc": 0.7739, "gate_bal_acc": 0.6958, "wait_top1": 0.4756, "value_acc": 0.6853, "emb_cosine": 0.2365, "n_play": 3796, "n": 13761, "epoch": 10, "train_loss": 5.7929, "seconds": 687}
{"cell_half_top1": 0.1481, "cell_tile_top1": 0.1675, "card_top1": 0.5793, "joint_top1": 0.0896, "cell_nll": 3.8669, "gate_acc": 0.7706, "gate_bal_acc": 0.7066, "wait_top1": 0.4829, "value_acc": 0.7042, "emb_cosine": 0.1864, "n_play": 3796, "n": 13761, "epoch": 11, "train_loss": 5.6983, "seconds": 756}
{"cell_half_top1": 0.1538, "cell_tile_top1": 0.1773, "card_top1": 0.5951, "joint_top1": 0.1038, "cell_nll": 3.8879, "gate_acc": 0.7845, "gate_bal_acc": 0.6847, "wait_top1": 0.4849, "value_acc": 0.7015, "emb_cosine": 0.2129, "n_play": 3796, "n": 13761, "epoch": 12, "train_loss": 5.6253, "seconds": 824}
{"cell_half_top1": 0.1594, "cell_tile_top1": 0.1776, "card_top1": 0.5906, "joint_top1": 0.0977, "cell_nll": 3.8655, "gate_acc": 0.7845, "gate_bal_acc": 0.677, "wait_top1": 0.4826, "value_acc": 0.6989, "emb_cosine": 0.2101, "n_play": 3796, "n": 13761, "epoch": 13, "train_loss": 5.5552, "seconds": 893}
{"cell_half_top1": 0.1581, "cell_tile_top1": 0.1739, "card_top1": 0.5869, "joint_top1": 0.098, "cell_nll": 3.8538, "gate_acc": 0.7874, "gate_bal_acc": 0.6923, "wait_top1": 0.4772, "value_acc": 0.7037, "emb_cosine": 0.1812, "n_play": 3796, "n": 13761, "epoch": 14, "train_loss": 5.4911, "seconds": 961}
{"cell_half_top1": 0.1589, "cell_tile_top1": 0.1718, "card_top1": 0.5901, "joint_top1": 0.0962, "cell_nll": 3.869, "gate_acc": 0.7867, "gate_bal_acc": 0.7076, "wait_top1": 0.4755, "value_acc": 0.6997, "emb_cosine": 0.1815, "n_play": 3796, "n": 13761, "epoch": 15, "train_loss": 5.4259, "seconds": 1031}
{"cell_half_top1": 0.1575, "cell_tile_top1": 0.1747, "card_top1": 0.5835, "joint_top1": 0.0993, "cell_nll": 3.8616, "gate_acc": 0.7877, "gate_bal_acc": 0.7086, "wait_top1": 0.476, "value_acc": 0.6948, "emb_cosine": 0.1852, "n_play": 3796, "n": 13761, "epoch": 16, "train_loss": 5.4032, "seconds": 1100}
{"cell_half_top1": 0.1636, "cell_tile_top1": 0.1807, "card_top1": 0.5925, "joint_top1": 0.1004, "cell_nll": 3.8609, "gate_acc": 0.7884, "gate_bal_acc": 0.7062, "wait_top1": 0.4782, "value_acc": 0.6999, "emb_cosine": 0.1838, "n_play": 3796, "n": 13761, "epoch": 17, "train_loss": 5.3635, "seconds": 1170}
{"cell_half_top1": 0.1652, "cell_tile_top1": 0.1799, "card_top1": 0.593, "joint_top1": 0.0991, "cell_nll": 3.8644, "gate_acc": 0.7873, "gate_bal_acc": 0.7043, "wait_top1": 0.4777, "value_acc": 0.7021, "emb_cosine": 0.1774, "n_play": 3796, "n": 13761, "epoch": 18, "train_loss": 5.3371, "seconds": 1239}
{"cell_half_top1": 0.1652, "cell_tile_top1": 0.1807, "card_top1": 0.5909, "joint_top1": 0.1009, "cell_nll": 3.862, "gate_acc": 0.788, "gate_bal_acc": 0.705, "wait_top1": 0.4766, "value_acc": 0.6958, "emb_cosine": 0.1787, "n_play": 3796, "n": 13761, "epoch": 19, "train_loss": 5.3239, "seconds": 1308}
{"cell_half_top1": 0.1649, "cell_tile_top1": 0.182, "card_top1": 0.5911, "joint_top1": 0.1017, "cell_nll": 3.8617, "gate_acc": 0.7882, "gate_bal_acc": 0.7051, "wait_top1": 0.476, "value_acc": 0.6957, "emb_cosine": 0.1783, "n_play": 3796, "n": 13761, "epoch": 20, "train_loss": 5.3164, "seconds": 1377}
{"FINAL": "icebow_s2", "val_cell_tile": 0.18203371970495258, "val_cell_half": 0.16491043203371972, "train_cell_tile": 0.23705574598592818, "card": 0.5911485774499473, "joint": 0.10168598524762908, "emb_cos": 0.17833270132541656, "epoch": 20}
