C:\Users\benpe\ClashBot\pipeline\model_v3.py:66: UserWarning: enable_nested_tensor is True, but self.use_nested_tensor is False because encoder_layer.norm_first was True
  self.encoder = nn.TransformerEncoder(enc, layers)
C:\Users\benpe\ClashBot\pipeline\train_s1.py:205: UserWarning: Converting a tensor with requires_grad=True to a scalar may lead to unexpected behavior.
Consider using tensor.detach() first. (Triggered internally at C:\actions-runner\_work\pytorch\pytorch\pytorch\torch\csrc\autograd\generated\python_variable_methods.cpp:837.)
  tot += float(loss); nb += 1
{"cell_half_top1": 0.1227, "cell_tile_top1": 0.1249, "card_top1": 0.4364, "joint_top1": 0.0358, "cell_nll": 5.954, "gate_acc": 0.7026, "gate_bal_acc": 0.5009, "wait_top1": 0.2009, "value_acc": 0.5772, "emb_cosine": 0.9576, "n_play": 1817, "n": 6133, "epoch": 1, "train_loss": 10.7619, "seconds": 30}
{"cell_half_top1": 0.1359, "cell_tile_top1": 0.1486, "card_top1": 0.4783, "joint_top1": 0.0583, "cell_nll": 4.8334, "gate_acc": 0.7052, "gate_bal_acc": 0.5227, "wait_top1": 0.2688, "value_acc": 0.5788, "emb_cosine": 0.8399, "n_play": 1817, "n": 6133, "epoch": 2, "train_loss": 8.6253, "seconds": 60}
{"cell_half_top1": 0.1486, "cell_tile_top1": 0.1602, "card_top1": 0.5008, "joint_top1": 0.0715, "cell_nll": 4.6602, "gate_acc": 0.7063, "gate_bal_acc": 0.5164, "wait_top1": 0.3765, "value_acc": 0.5576, "emb_cosine": 0.635, "n_play": 1817, "n": 6133, "epoch": 3, "train_loss": 7.8482, "seconds": 89}
{"cell_half_top1": 0.18, "cell_tile_top1": 0.1849, "card_top1": 0.5195, "joint_top1": 0.0947, "cell_nll": 4.3713, "gate_acc": 0.7063, "gate_bal_acc": 0.5128, "wait_top1": 0.3906, "value_acc": 0.5408, "emb_cosine": 0.5014, "n_play": 1817, "n": 6133, "epoch": 4, "train_loss": 7.4533, "seconds": 118}
{"cell_half_top1": 0.18, "cell_tile_top1": 0.1844, "card_top1": 0.5195, "joint_top1": 0.098, "cell_nll": 4.289, "gate_acc": 0.7148, "gate_bal_acc": 0.5673, "wait_top1": 0.399, "value_acc": 0.5456, "emb_cosine": 0.4205, "n_play": 1817, "n": 6133, "epoch": 5, "train_loss": 7.1312, "seconds": 148}
{"cell_half_top1": 0.1745, "cell_tile_top1": 0.1855, "card_top1": 0.5371, "joint_top1": 0.0958, "cell_nll": 4.1732, "gate_acc": 0.7166, "gate_bal_acc": 0.552, "wait_top1": 0.4041, "value_acc": 0.5568, "emb_cosine": 0.3757, "n_play": 1817, "n": 6133, "epoch": 6, "train_loss": 6.8676, "seconds": 177}
{"cell_half_top1": 0.186, "cell_tile_top1": 0.1992, "card_top1": 0.5399, "joint_top1": 0.109, "cell_nll": 4.0479, "gate_acc": 0.7189, "gate_bal_acc": 0.585, "wait_top1": 0.3909, "value_acc": 0.5622, "emb_cosine": 0.3287, "n_play": 1817, "n": 6133, "epoch": 7, "train_loss": 6.6958, "seconds": 207}
{"cell_half_top1": 0.1899, "cell_tile_top1": 0.1926, "card_top1": 0.5493, "joint_top1": 0.1024, "cell_nll": 3.9891, "gate_acc": 0.7222, "gate_bal_acc": 0.5623, "wait_top1": 0.4069, "value_acc": 0.5673, "emb_cosine": 0.303, "n_play": 1817, "n": 6133, "epoch": 8, "train_loss": 6.5237, "seconds": 236}
{"cell_half_top1": 0.1943, "cell_tile_top1": 0.1893, "card_top1": 0.5421, "joint_top1": 0.1035, "cell_nll": 3.9571, "gate_acc": 0.7288, "gate_bal_acc": 0.5969, "wait_top1": 0.3967, "value_acc": 0.5749, "emb_cosine": 0.277, "n_play": 1817, "n": 6133, "epoch": 9, "train_loss": 6.379, "seconds": 265}
{"cell_half_top1": 0.1893, "cell_tile_top1": 0.2003, "card_top1": 0.5371, "joint_top1": 0.1073, "cell_nll": 3.9271, "gate_acc": 0.728, "gate_bal_acc": 0.5813, "wait_top1": 0.3981, "value_acc": 0.5681, "emb_cosine": 0.2563, "n_play": 1817, "n": 6133, "epoch": 10, "train_loss": 6.265, "seconds": 294}
{"cell_half_top1": 0.1772, "cell_tile_top1": 0.2058, "card_top1": 0.5449, "joint_top1": 0.1128, "cell_nll": 3.9458, "gate_acc": 0.7306, "gate_bal_acc": 0.6147, "wait_top1": 0.4157, "value_acc": 0.5718, "emb_cosine": 0.2536, "n_play": 1817, "n": 6133, "epoch": 11, "train_loss": 6.1661, "seconds": 324}
{"cell_half_top1": 0.1794, "cell_tile_top1": 0.2042, "card_top1": 0.5526, "joint_top1": 0.1145, "cell_nll": 3.9283, "gate_acc": 0.7337, "gate_bal_acc": 0.5935, "wait_top1": 0.4143, "value_acc": 0.5596, "emb_cosine": 0.2341, "n_play": 1817, "n": 6133, "epoch": 12, "train_loss": 6.0967, "seconds": 353}
{"cell_half_top1": 0.1783, "cell_tile_top1": 0.2075, "card_top1": 0.5471, "joint_top1": 0.1205, "cell_nll": 3.9112, "gate_acc": 0.7357, "gate_bal_acc": 0.5968, "wait_top1": 0.4133, "value_acc": 0.5661, "emb_cosine": 0.2312, "n_play": 1817, "n": 6133, "epoch": 13, "train_loss": 6.0138, "seconds": 383}
{"cell_half_top1": 0.1866, "cell_tile_top1": 0.208, "card_top1": 0.5559, "joint_top1": 0.1205, "cell_nll": 3.9099, "gate_acc": 0.7347, "gate_bal_acc": 0.6095, "wait_top1": 0.4115, "value_acc": 0.5632, "emb_cosine": 0.2057, "n_play": 1817, "n": 6133, "epoch": 14, "train_loss": 5.942, "seconds": 412}
{"cell_half_top1": 0.1855, "cell_tile_top1": 0.2047, "card_top1": 0.5592, "joint_top1": 0.1227, "cell_nll": 3.9042, "gate_acc": 0.737, "gate_bal_acc": 0.6052, "wait_top1": 0.4161, "value_acc": 0.5633, "emb_cosine": 0.2155, "n_play": 1817, "n": 6133, "epoch": 15, "train_loss": 5.8734, "seconds": 442}
{"cell_half_top1": 0.1915, "cell_tile_top1": 0.2091, "card_top1": 0.557, "joint_top1": 0.1238, "cell_nll": 3.8929, "gate_acc": 0.7375, "gate_bal_acc": 0.6275, "wait_top1": 0.4224, "value_acc": 0.5593, "emb_cosine": 0.2025, "n_play": 1817, "n": 6133, "epoch": 16, "train_loss": 5.833, "seconds": 471}
{"cell_half_top1": 0.1877, "cell_tile_top1": 0.2102, "card_top1": 0.5548, "joint_top1": 0.1277, "cell_nll": 3.8952, "gate_acc": 0.7372, "gate_bal_acc": 0.6178, "wait_top1": 0.4147, "value_acc": 0.5614, "emb_cosine": 0.1941, "n_play": 1817, "n": 6133, "epoch": 17, "train_loss": 5.7948, "seconds": 501}
{"cell_half_top1": 0.1904, "cell_tile_top1": 0.2108, "card_top1": 0.5564, "joint_top1": 0.1277, "cell_nll": 3.8965, "gate_acc": 0.7376, "gate_bal_acc": 0.6207, "wait_top1": 0.4171, "value_acc": 0.5596, "emb_cosine": 0.1922, "n_play": 1817, "n": 6133, "epoch": 18, "train_loss": 5.7976, "seconds": 530}
{"cell_half_top1": 0.1888, "cell_tile_top1": 0.2064, "card_top1": 0.5553, "joint_top1": 0.1249, "cell_nll": 3.8975, "gate_acc": 0.7381, "gate_bal_acc": 0.6243, "wait_top1": 0.4175, "value_acc": 0.5598, "emb_cosine": 0.1912, "n_play": 1817, "n": 6133, "epoch": 19, "train_loss": 5.7885, "seconds": 560}
{"cell_half_top1": 0.1893, "cell_tile_top1": 0.2058, "card_top1": 0.5548, "joint_top1": 0.1249, "cell_nll": 3.8975, "gate_acc": 0.7375, "gate_bal_acc": 0.6245, "wait_top1": 0.4177, "value_acc": 0.5593, "emb_cosine": 0.191, "n_play": 1817, "n": 6133, "epoch": 20, "train_loss": 5.7651, "seconds": 589}
{"FINAL": "hogeq_s2", "val_cell_tile": 0.2107870115575124, "val_cell_half": 0.19042377545404512, "train_cell_tile": 0.2547814207650273, "card": 0.5564116675839296, "joint": 0.12768299394606494, "emb_cos": 0.1922127902507782, "epoch": 18}
