C:\Users\benpe\ClashBot\pipeline\model_v3.py:66: UserWarning: enable_nested_tensor is True, but self.use_nested_tensor is False because encoder_layer.norm_first was True
  self.encoder = nn.TransformerEncoder(enc, layers)
C:\Users\benpe\ClashBot\pipeline\train_s1.py:205: UserWarning: Converting a tensor with requires_grad=True to a scalar may lead to unexpected behavior.
Consider using tensor.detach() first. (Triggered internally at C:\actions-runner\_work\pytorch\pytorch\pytorch\torch\csrc\autograd\generated\python_variable_methods.cpp:837.)
  tot += float(loss); nb += 1
{"cell_half_top1": 0.0898, "cell_tile_top1": 0.0927, "card_top1": 0.4979, "joint_top1": 0.0406, "cell_nll": 5.5273, "gate_acc": 0.7251, "gate_bal_acc": 0.5032, "wait_top1": 0.2738, "value_acc": 0.7201, "emb_cosine": 0.8823, "n_play": 3796, "n": 13761, "epoch": 1, "train_loss": 10.0062, "seconds": 68}
{"cell_half_top1": 0.1167, "cell_tile_top1": 0.1354, "card_top1": 0.5134, "joint_top1": 0.0711, "cell_nll": 4.6926, "gate_acc": 0.7332, "gate_bal_acc": 0.5416, "wait_top1": 0.4196, "value_acc": 0.7243, "emb_cosine": 0.568, "n_play": 3796, "n": 13761, "epoch": 2, "train_loss": 7.8258, "seconds": 136}
{"cell_half_top1": 0.1167, "cell_tile_top1": 0.1417, "card_top1": 0.5374, "joint_top1": 0.0753, "cell_nll": 4.34, "gate_acc": 0.738, "gate_bal_acc": 0.5555, "wait_top1": 0.4437, "value_acc": 0.7191, "emb_cosine": 0.4572, "n_play": 3796, "n": 13761, "epoch": 3, "train_loss": 7.0655, "seconds": 205}
{"cell_half_top1": 0.1351, "cell_tile_top1": 0.1454, "card_top1": 0.5479, "joint_top1": 0.074, "cell_nll": 4.1121, "gate_acc": 0.7422, "gate_bal_acc": 0.6202, "wait_top1": 0.4388, "value_acc": 0.712, "emb_cosine": 0.3813, "n_play": 3796, "n": 13761, "epoch": 4, "train_loss": 6.6506, "seconds": 273}
{"cell_half_top1": 0.1312, "cell_tile_top1": 0.1433, "card_top1": 0.5595, "joint_top1": 0.0711, "cell_nll": 4.0595, "gate_acc": 0.7467, "gate_bal_acc": 0.5763, "wait_top1": 0.4445, "value_acc": 0.7144, "emb_cosine": 0.3776, "n_play": 3796, "n": 13761, "epoch": 5, "train_loss": 6.4168, "seconds": 341}
{"cell_half_top1": 0.138, "cell_tile_top1": 0.167, "card_top1": 0.5764, "joint_top1": 0.0906, "cell_nll": 3.9765, "gate_acc": 0.7536, "gate_bal_acc": 0.6178, "wait_top1": 0.4708, "value_acc": 0.6679, "emb_cosine": 0.3123, "n_play": 3796, "n": 13761, "epoch": 6, "train_loss": 6.2575, "seconds": 409}
{"cell_half_top1": 0.1425, "cell_tile_top1": 0.1665, "card_top1": 0.584, "joint_top1": 0.094, "cell_nll": 3.9316, "gate_acc": 0.7532, "gate_bal_acc": 0.5953, "wait_top1": 0.48, "value_acc": 0.7183, "emb_cosine": 0.3019, "n_play": 3796, "n": 13761, "epoch": 7, "train_loss": 6.1192, "seconds": 476}
{"cell_half_top1": 0.1407, "cell_tile_top1": 0.1639, "card_top1": 0.5909, "joint_top1": 0.0922, "cell_nll": 3.9053, "gate_acc": 0.7612, "gate_bal_acc": 0.6742, "wait_top1": 0.4738, "value_acc": 0.7183, "emb_cosine": 0.2624, "n_play": 3796, "n": 13761, "epoch": 8, "train_loss": 6.0043, "seconds": 544}
{"cell_half_top1": 0.1509, "cell_tile_top1": 0.1728, "card_top1": 0.5761, "joint_top1": 0.1038, "cell_nll": 3.8945, "gate_acc": 0.7627, "gate_bal_acc": 0.6212, "wait_top1": 0.4531, "value_acc": 0.7133, "emb_cosine": 0.2645, "n_play": 3796, "n": 13761, "epoch": 9, "train_loss": 5.8956, "seconds": 611}
{"cell_half_top1": 0.1581, "cell_tile_top1": 0.1733, "card_top1": 0.5919, "joint_top1": 0.1017, "cell_nll": 3.8271, "gate_acc": 0.7734, "gate_bal_acc": 0.6684, "wait_top1": 0.4725, "value_acc": 0.7086, "emb_cosine": 0.2172, "n_play": 3796, "n": 13761, "epoch": 10, "train_loss": 5.8047, "seconds": 679}
{"cell_half_top1": 0.1581, "cell_tile_top1": 0.1789, "card_top1": 0.5993, "joint_top1": 0.1048, "cell_nll": 3.8332, "gate_acc": 0.7757, "gate_bal_acc": 0.6913, "wait_top1": 0.4806, "value_acc": 0.6999, "emb_cosine": 0.2397, "n_play": 3796, "n": 13761, "epoch": 11, "train_loss": 5.723, "seconds": 747}
{"cell_half_top1": 0.1589, "cell_tile_top1": 0.1783, "card_top1": 0.5998, "joint_top1": 0.1035, "cell_nll": 3.8209, "gate_acc": 0.7762, "gate_bal_acc": 0.6617, "wait_top1": 0.4781, "value_acc": 0.7082, "emb_cosine": 0.206, "n_play": 3796, "n": 13761, "epoch": 12, "train_loss": 5.6477, "seconds": 815}
{"cell_half_top1": 0.1507, "cell_tile_top1": 0.1747, "card_top1": 0.6017, "joint_top1": 0.1038, "cell_nll": 3.8486, "gate_acc": 0.7801, "gate_bal_acc": 0.6854, "wait_top1": 0.4757, "value_acc": 0.7023, "emb_cosine": 0.2095, "n_play": 3796, "n": 13761, "epoch": 13, "train_loss": 5.5719, "seconds": 883}
{"cell_half_top1": 0.1615, "cell_tile_top1": 0.1834, "card_top1": 0.5951, "joint_top1": 0.1075, "cell_nll": 3.8187, "gate_acc": 0.7797, "gate_bal_acc": 0.6708, "wait_top1": 0.4733, "value_acc": 0.7068, "emb_cosine": 0.2052, "n_play": 3796, "n": 13761, "epoch": 14, "train_loss": 5.5116, "seconds": 951}
{"cell_half_top1": 0.1544, "cell_tile_top1": 0.1797, "card_top1": 0.5964, "joint_top1": 0.1035, "cell_nll": 3.8183, "gate_acc": 0.7813, "gate_bal_acc": 0.6886, "wait_top1": 0.4752, "value_acc": 0.6941, "emb_cosine": 0.1883, "n_play": 3796, "n": 13761, "epoch": 15, "train_loss": 5.4608, "seconds": 1020}
{"cell_half_top1": 0.1586, "cell_tile_top1": 0.1831, "card_top1": 0.5988, "joint_top1": 0.1064, "cell_nll": 3.8151, "gate_acc": 0.7835, "gate_bal_acc": 0.695, "wait_top1": 0.473, "value_acc": 0.7022, "emb_cosine": 0.1856, "n_play": 3796, "n": 13761, "epoch": 16, "train_loss": 5.4056, "seconds": 1087}
{"cell_half_top1": 0.1594, "cell_tile_top1": 0.1826, "card_top1": 0.6001, "joint_top1": 0.1064, "cell_nll": 3.8139, "gate_acc": 0.7842, "gate_bal_acc": 0.6972, "wait_top1": 0.4742, "value_acc": 0.704, "emb_cosine": 0.184, "n_play": 3796, "n": 13761, "epoch": 17, "train_loss": 5.3863, "seconds": 1155}
{"cell_half_top1": 0.1612, "cell_tile_top1": 0.1834, "card_top1": 0.6017, "joint_top1": 0.1072, "cell_nll": 3.8153, "gate_acc": 0.7829, "gate_bal_acc": 0.694, "wait_top1": 0.474, "value_acc": 0.7044, "emb_cosine": 0.1801, "n_play": 3796, "n": 13761, "epoch": 18, "train_loss": 5.3618, "seconds": 1223}
{"cell_half_top1": 0.1607, "cell_tile_top1": 0.1815, "card_top1": 0.6027, "joint_top1": 0.1067, "cell_nll": 3.8145, "gate_acc": 0.7837, "gate_bal_acc": 0.6937, "wait_top1": 0.4753, "value_acc": 0.7032, "emb_cosine": 0.1828, "n_play": 3796, "n": 13761, "epoch": 19, "train_loss": 5.3498, "seconds": 1292}
{"cell_half_top1": 0.1612, "cell_tile_top1": 0.1807, "card_top1": 0.6006, "joint_top1": 0.1054, "cell_nll": 3.8149, "gate_acc": 0.7839, "gate_bal_acc": 0.6947, "wait_top1": 0.4736, "value_acc": 0.704, "emb_cosine": 0.1824, "n_play": 3796, "n": 13761, "epoch": 20, "train_loss": 5.3319, "seconds": 1360}
{"FINAL": "icebow_s1", "val_cell_tile": 0.1833508956796628, "val_cell_half": 0.16148577449947313, "train_cell_tile": 0.22361489554950045, "card": 0.595100105374078, "joint": 0.10748155953635406, "emb_cos": 0.20517924427986145, "epoch": 14}
