C:\Users\benpe\ClashBot\pipeline\model_v3.py:66: UserWarning: enable_nested_tensor is True, but self.use_nested_tensor is False because encoder_layer.norm_first was True
  self.encoder = nn.TransformerEncoder(enc, layers)
C:\Users\benpe\ClashBot\pipeline\train_s1.py:205: UserWarning: Converting a tensor with requires_grad=True to a scalar may lead to unexpected behavior.
Consider using tensor.detach() first. (Triggered internally at C:\actions-runner\_work\pytorch\pytorch\pytorch\torch\csrc\autograd\generated\python_variable_methods.cpp:837.)
  tot += float(loss); nb += 1
{"cell_half_top1": 0.0903, "cell_tile_top1": 0.1046, "card_top1": 0.4144, "joint_top1": 0.0336, "cell_nll": 5.9735, "gate_acc": 0.7037, "gate_bal_acc": 0.5, "wait_top1": 0.2141, "value_acc": 0.5772, "emb_cosine": 0.9708, "n_play": 1817, "n": 6133, "epoch": 1, "train_loss": 10.7392, "seconds": 30}
{"cell_half_top1": 0.1321, "cell_tile_top1": 0.1563, "card_top1": 0.4662, "joint_top1": 0.0556, "cell_nll": 4.8475, "gate_acc": 0.7042, "gate_bal_acc": 0.5011, "wait_top1": 0.2949, "value_acc": 0.5792, "emb_cosine": 0.8893, "n_play": 1817, "n": 6133, "epoch": 2, "train_loss": 8.612, "seconds": 59}
{"cell_half_top1": 0.1613, "cell_tile_top1": 0.1745, "card_top1": 0.481, "joint_top1": 0.0793, "cell_nll": 4.6284, "gate_acc": 0.7015, "gate_bal_acc": 0.5698, "wait_top1": 0.335, "value_acc": 0.5462, "emb_cosine": 0.669, "n_play": 1817, "n": 6133, "epoch": 3, "train_loss": 7.9035, "seconds": 88}
{"cell_half_top1": 0.1613, "cell_tile_top1": 0.1607, "card_top1": 0.5069, "joint_top1": 0.0815, "cell_nll": 4.4587, "gate_acc": 0.7085, "gate_bal_acc": 0.539, "wait_top1": 0.3786, "value_acc": 0.5606, "emb_cosine": 0.5448, "n_play": 1817, "n": 6133, "epoch": 4, "train_loss": 7.4909, "seconds": 116}
{"cell_half_top1": 0.1596, "cell_tile_top1": 0.169, "card_top1": 0.5096, "joint_top1": 0.0908, "cell_nll": 4.296, "gate_acc": 0.7156, "gate_bal_acc": 0.5472, "wait_top1": 0.3967, "value_acc": 0.579, "emb_cosine": 0.4649, "n_play": 1817, "n": 6133, "epoch": 5, "train_loss": 7.1363, "seconds": 145}
{"cell_half_top1": 0.1585, "cell_tile_top1": 0.1728, "card_top1": 0.5272, "joint_top1": 0.0974, "cell_nll": 4.1782, "gate_acc": 0.7182, "gate_bal_acc": 0.5524, "wait_top1": 0.4038, "value_acc": 0.5586, "emb_cosine": 0.3955, "n_play": 1817, "n": 6133, "epoch": 6, "train_loss": 6.887, "seconds": 174}
{"cell_half_top1": 0.1662, "cell_tile_top1": 0.1712, "card_top1": 0.5382, "joint_top1": 0.093, "cell_nll": 4.1141, "gate_acc": 0.7223, "gate_bal_acc": 0.5855, "wait_top1": 0.424, "value_acc": 0.5783, "emb_cosine": 0.3909, "n_play": 1817, "n": 6133, "epoch": 7, "train_loss": 6.6975, "seconds": 203}
{"cell_half_top1": 0.1629, "cell_tile_top1": 0.1888, "card_top1": 0.5438, "joint_top1": 0.1035, "cell_nll": 4.0464, "gate_acc": 0.7257, "gate_bal_acc": 0.5956, "wait_top1": 0.4335, "value_acc": 0.5469, "emb_cosine": 0.3202, "n_play": 1817, "n": 6133, "epoch": 8, "train_loss": 6.5444, "seconds": 232}
{"cell_half_top1": 0.1717, "cell_tile_top1": 0.191, "card_top1": 0.5553, "joint_top1": 0.1172, "cell_nll": 4.0083, "gate_acc": 0.7277, "gate_bal_acc": 0.6192, "wait_top1": 0.434, "value_acc": 0.5609, "emb_cosine": 0.2706, "n_play": 1817, "n": 6133, "epoch": 9, "train_loss": 6.4024, "seconds": 260}
{"cell_half_top1": 0.1827, "cell_tile_top1": 0.2009, "card_top1": 0.557, "joint_top1": 0.1194, "cell_nll": 4.0013, "gate_acc": 0.7253, "gate_bal_acc": 0.6295, "wait_top1": 0.4242, "value_acc": 0.5555, "emb_cosine": 0.2748, "n_play": 1817, "n": 6133, "epoch": 10, "train_loss": 6.2901, "seconds": 289}
{"cell_half_top1": 0.1899, "cell_tile_top1": 0.2025, "card_top1": 0.5526, "joint_top1": 0.12, "cell_nll": 3.9603, "gate_acc": 0.731, "gate_bal_acc": 0.6008, "wait_top1": 0.4307, "value_acc": 0.5689, "emb_cosine": 0.2452, "n_play": 1817, "n": 6133, "epoch": 11, "train_loss": 6.1805, "seconds": 318}
{"cell_half_top1": 0.1871, "cell_tile_top1": 0.2119, "card_top1": 0.5564, "joint_top1": 0.1277, "cell_nll": 3.9388, "gate_acc": 0.7298, "gate_bal_acc": 0.6231, "wait_top1": 0.4333, "value_acc": 0.5619, "emb_cosine": 0.2228, "n_play": 1817, "n": 6133, "epoch": 12, "train_loss": 6.074, "seconds": 347}
{"cell_half_top1": 0.1827, "cell_tile_top1": 0.2003, "card_top1": 0.5553, "joint_top1": 0.1238, "cell_nll": 3.9273, "gate_acc": 0.7288, "gate_bal_acc": 0.6192, "wait_top1": 0.4421, "value_acc": 0.548, "emb_cosine": 0.2255, "n_play": 1817, "n": 6133, "epoch": 13, "train_loss": 6.0238, "seconds": 375}
{"cell_half_top1": 0.1959, "cell_tile_top1": 0.2014, "card_top1": 0.5608, "joint_top1": 0.1255, "cell_nll": 3.9206, "gate_acc": 0.7301, "gate_bal_acc": 0.6411, "wait_top1": 0.4358, "value_acc": 0.5377, "emb_cosine": 0.2101, "n_play": 1817, "n": 6133, "epoch": 14, "train_loss": 5.931, "seconds": 404}
{"cell_half_top1": 0.1959, "cell_tile_top1": 0.2091, "card_top1": 0.5432, "joint_top1": 0.1271, "cell_nll": 3.9125, "gate_acc": 0.7334, "gate_bal_acc": 0.6258, "wait_top1": 0.43, "value_acc": 0.5466, "emb_cosine": 0.218, "n_play": 1817, "n": 6133, "epoch": 15, "train_loss": 5.8788, "seconds": 433}
{"cell_half_top1": 0.1954, "cell_tile_top1": 0.2086, "card_top1": 0.5504, "joint_top1": 0.126, "cell_nll": 3.9148, "gate_acc": 0.7344, "gate_bal_acc": 0.6132, "wait_top1": 0.4235, "value_acc": 0.5412, "emb_cosine": 0.2106, "n_play": 1817, "n": 6133, "epoch": 16, "train_loss": 5.8399, "seconds": 462}
{"cell_half_top1": 0.1987, "cell_tile_top1": 0.2075, "card_top1": 0.5388, "joint_top1": 0.1288, "cell_nll": 3.9014, "gate_acc": 0.7315, "gate_bal_acc": 0.632, "wait_top1": 0.4203, "value_acc": 0.5588, "emb_cosine": 0.1886, "n_play": 1817, "n": 6133, "epoch": 17, "train_loss": 5.8146, "seconds": 490}
{"cell_half_top1": 0.1992, "cell_tile_top1": 0.2108, "card_top1": 0.5498, "joint_top1": 0.1315, "cell_nll": 3.8959, "gate_acc": 0.7331, "gate_bal_acc": 0.6233, "wait_top1": 0.4217, "value_acc": 0.5462, "emb_cosine": 0.1906, "n_play": 1817, "n": 6133, "epoch": 18, "train_loss": 5.7944, "seconds": 519}
{"cell_half_top1": 0.202, "cell_tile_top1": 0.2124, "card_top1": 0.5465, "joint_top1": 0.1332, "cell_nll": 3.8991, "gate_acc": 0.7346, "gate_bal_acc": 0.6275, "wait_top1": 0.4245, "value_acc": 0.547, "emb_cosine": 0.1943, "n_play": 1817, "n": 6133, "epoch": 19, "train_loss": 5.7786, "seconds": 548}
{"cell_half_top1": 0.2003, "cell_tile_top1": 0.213, "card_top1": 0.5465, "joint_top1": 0.1332, "cell_nll": 3.899, "gate_acc": 0.7341, "gate_bal_acc": 0.6273, "wait_top1": 0.4242, "value_acc": 0.5488, "emb_cosine": 0.1937, "n_play": 1817, "n": 6133, "epoch": 20, "train_loss": 5.7721, "seconds": 577}
{"FINAL": "hogeq_s0", "val_cell_tile": 0.21298844248761695, "val_cell_half": 0.2003302146395157, "train_cell_tile": 0.2601214574898785, "card": 0.546505228398459, "joint": 0.13318657127132635, "emb_cos": 0.19371014833450317, "epoch": 20}
