C:\Users\benpe\ClashBot\pipeline\model_v3.py:66: UserWarning: enable_nested_tensor is True, but self.use_nested_tensor is False because encoder_layer.norm_first was True
  self.encoder = nn.TransformerEncoder(enc, layers)
C:\Users\benpe\ClashBot\pipeline\train_s1.py:205: UserWarning: Converting a tensor with requires_grad=True to a scalar may lead to unexpected behavior.
Consider using tensor.detach() first. (Triggered internally at C:\actions-runner\_work\pytorch\pytorch\pytorch\torch\csrc\autograd\generated\python_variable_methods.cpp:837.)
  tot += float(loss); nb += 1
{"cell_half_top1": 0.1079, "cell_tile_top1": 0.1189, "card_top1": 0.4326, "joint_top1": 0.0369, "cell_nll": 5.9574, "gate_acc": 0.7032, "gate_bal_acc": 0.5003, "wait_top1": 0.1946, "value_acc": 0.5676, "emb_cosine": 0.9569, "n_play": 1817, "n": 6133, "epoch": 1, "train_loss": 10.7557, "seconds": 30}
{"cell_half_top1": 0.1222, "cell_tile_top1": 0.1304, "card_top1": 0.4645, "joint_top1": 0.0605, "cell_nll": 4.8134, "gate_acc": 0.7052, "gate_bal_acc": 0.509, "wait_top1": 0.2727, "value_acc": 0.57, "emb_cosine": 0.8541, "n_play": 1817, "n": 6133, "epoch": 2, "train_loss": 8.6763, "seconds": 59}
{"cell_half_top1": 0.1646, "cell_tile_top1": 0.1827, "card_top1": 0.4843, "joint_top1": 0.0809, "cell_nll": 4.5154, "gate_acc": 0.7088, "gate_bal_acc": 0.5124, "wait_top1": 0.3397, "value_acc": 0.5578, "emb_cosine": 0.6649, "n_play": 1817, "n": 6133, "epoch": 3, "train_loss": 7.8347, "seconds": 87}
{"cell_half_top1": 0.1646, "cell_tile_top1": 0.186, "card_top1": 0.492, "joint_top1": 0.0974, "cell_nll": 4.3871, "gate_acc": 0.7093, "gate_bal_acc": 0.517, "wait_top1": 0.3943, "value_acc": 0.5224, "emb_cosine": 0.5298, "n_play": 1817, "n": 6133, "epoch": 4, "train_loss": 7.396, "seconds": 116}
{"cell_half_top1": 0.153, "cell_tile_top1": 0.1646, "card_top1": 0.5113, "joint_top1": 0.0914, "cell_nll": 4.2935, "gate_acc": 0.7088, "gate_bal_acc": 0.5141, "wait_top1": 0.4173, "value_acc": 0.5443, "emb_cosine": 0.429, "n_play": 1817, "n": 6133, "epoch": 5, "train_loss": 7.1006, "seconds": 145}
{"cell_half_top1": 0.1651, "cell_tile_top1": 0.1866, "card_top1": 0.5206, "joint_top1": 0.0947, "cell_nll": 4.1557, "gate_acc": 0.713, "gate_bal_acc": 0.5791, "wait_top1": 0.4078, "value_acc": 0.5686, "emb_cosine": 0.3494, "n_play": 1817, "n": 6133, "epoch": 6, "train_loss": 6.8722, "seconds": 174}
{"cell_half_top1": 0.1706, "cell_tile_top1": 0.1937, "card_top1": 0.5261, "joint_top1": 0.0974, "cell_nll": 4.0822, "gate_acc": 0.7174, "gate_bal_acc": 0.5886, "wait_top1": 0.4143, "value_acc": 0.5485, "emb_cosine": 0.3413, "n_play": 1817, "n": 6133, "epoch": 7, "train_loss": 6.6649, "seconds": 203}
{"cell_half_top1": 0.1618, "cell_tile_top1": 0.1893, "card_top1": 0.5294, "joint_top1": 0.1073, "cell_nll": 4.0544, "gate_acc": 0.7215, "gate_bal_acc": 0.563, "wait_top1": 0.4115, "value_acc": 0.5573, "emb_cosine": 0.2956, "n_play": 1817, "n": 6133, "epoch": 8, "train_loss": 6.493, "seconds": 231}
{"cell_half_top1": 0.1684, "cell_tile_top1": 0.1976, "card_top1": 0.5311, "joint_top1": 0.1128, "cell_nll": 4.0353, "gate_acc": 0.723, "gate_bal_acc": 0.5707, "wait_top1": 0.4145, "value_acc": 0.5066, "emb_cosine": 0.2827, "n_play": 1817, "n": 6133, "epoch": 9, "train_loss": 6.3657, "seconds": 260}
{"cell_half_top1": 0.1767, "cell_tile_top1": 0.1943, "card_top1": 0.5338, "joint_top1": 0.1139, "cell_nll": 4.0007, "gate_acc": 0.7279, "gate_bal_acc": 0.5842, "wait_top1": 0.4307, "value_acc": 0.5273, "emb_cosine": 0.2602, "n_play": 1817, "n": 6133, "epoch": 10, "train_loss": 6.2748, "seconds": 289}
{"cell_half_top1": 0.1871, "cell_tile_top1": 0.2058, "card_top1": 0.5443, "joint_top1": 0.1211, "cell_nll": 3.9327, "gate_acc": 0.7295, "gate_bal_acc": 0.5883, "wait_top1": 0.4386, "value_acc": 0.5011, "emb_cosine": 0.2438, "n_play": 1817, "n": 6133, "epoch": 11, "train_loss": 6.1493, "seconds": 318}
{"cell_half_top1": 0.1915, "cell_tile_top1": 0.1954, "card_top1": 0.536, "joint_top1": 0.1106, "cell_nll": 3.9324, "gate_acc": 0.7306, "gate_bal_acc": 0.5946, "wait_top1": 0.4233, "value_acc": 0.5306, "emb_cosine": 0.2327, "n_play": 1817, "n": 6133, "epoch": 12, "train_loss": 6.0604, "seconds": 347}
{"cell_half_top1": 0.1811, "cell_tile_top1": 0.1915, "card_top1": 0.5493, "joint_top1": 0.1117, "cell_nll": 3.9342, "gate_acc": 0.7303, "gate_bal_acc": 0.6024, "wait_top1": 0.4314, "value_acc": 0.5296, "emb_cosine": 0.2115, "n_play": 1817, "n": 6133, "epoch": 13, "train_loss": 5.9889, "seconds": 375}
{"cell_half_top1": 0.1838, "cell_tile_top1": 0.1998, "card_top1": 0.5443, "joint_top1": 0.1101, "cell_nll": 3.9198, "gate_acc": 0.7287, "gate_bal_acc": 0.6136, "wait_top1": 0.4335, "value_acc": 0.5309, "emb_cosine": 0.2076, "n_play": 1817, "n": 6133, "epoch": 14, "train_loss": 5.9221, "seconds": 404}
{"cell_half_top1": 0.186, "cell_tile_top1": 0.1998, "card_top1": 0.541, "joint_top1": 0.115, "cell_nll": 3.9201, "gate_acc": 0.7305, "gate_bal_acc": 0.612, "wait_top1": 0.433, "value_acc": 0.5439, "emb_cosine": 0.1991, "n_play": 1817, "n": 6133, "epoch": 15, "train_loss": 5.8615, "seconds": 433}
{"cell_half_top1": 0.1844, "cell_tile_top1": 0.2014, "card_top1": 0.5482, "joint_top1": 0.115, "cell_nll": 3.9277, "gate_acc": 0.7319, "gate_bal_acc": 0.6153, "wait_top1": 0.4291, "value_acc": 0.5373, "emb_cosine": 0.1997, "n_play": 1817, "n": 6133, "epoch": 16, "train_loss": 5.8244, "seconds": 461}
{"cell_half_top1": 0.1789, "cell_tile_top1": 0.1981, "card_top1": 0.5394, "joint_top1": 0.1101, "cell_nll": 3.9321, "gate_acc": 0.7337, "gate_bal_acc": 0.6183, "wait_top1": 0.4314, "value_acc": 0.5438, "emb_cosine": 0.1992, "n_play": 1817, "n": 6133, "epoch": 17, "train_loss": 5.7788, "seconds": 490}
{"cell_half_top1": 0.1838, "cell_tile_top1": 0.2014, "card_top1": 0.5465, "joint_top1": 0.1128, "cell_nll": 3.9265, "gate_acc": 0.7336, "gate_bal_acc": 0.6213, "wait_top1": 0.4293, "value_acc": 0.5335, "emb_cosine": 0.1946, "n_play": 1817, "n": 6133, "epoch": 18, "train_loss": 5.7563, "seconds": 519}
{"cell_half_top1": 0.1822, "cell_tile_top1": 0.1998, "card_top1": 0.5438, "joint_top1": 0.1123, "cell_nll": 3.9229, "gate_acc": 0.7334, "gate_bal_acc": 0.6211, "wait_top1": 0.4321, "value_acc": 0.5423, "emb_cosine": 0.1904, "n_play": 1817, "n": 6133, "epoch": 19, "train_loss": 5.7548, "seconds": 548}
{"cell_half_top1": 0.1833, "cell_tile_top1": 0.2003, "card_top1": 0.5449, "joint_top1": 0.1128, "cell_nll": 3.9228, "gate_acc": 0.7334, "gate_bal_acc": 0.6211, "wait_top1": 0.4326, "value_acc": 0.5433, "emb_cosine": 0.1909, "n_play": 1817, "n": 6133, "epoch": 20, "train_loss": 5.7435, "seconds": 577}
{"FINAL": "hogeq_s1", "val_cell_tile": 0.2058337919647771, "val_cell_half": 0.18712162905888827, "train_cell_tile": 0.23567420506716544, "card": 0.5443037974683544, "joint": 0.12107870115575124, "emb_cos": 0.24383644759655, "epoch": 11}
