C:\Users\benpe\ClashBot\pipeline\model_v3.py:66: UserWarning: enable_nested_tensor is True, but self.use_nested_tensor is False because encoder_layer.norm_first was True
  self.encoder = nn.TransformerEncoder(enc, layers)
C:\Users\benpe\ClashBot\pipeline\train_s1.py:205: UserWarning: Converting a tensor with requires_grad=True to a scalar may lead to unexpected behavior.
Consider using tensor.detach() first. (Triggered internally at C:\actions-runner\_work\pytorch\pytorch\pytorch\torch\csrc\autograd\generated\python_variable_methods.cpp:837.)
  tot += float(loss); nb += 1
{"cell_half_top1": 0.0943, "cell_tile_top1": 0.1041, "card_top1": 0.4779, "joint_top1": 0.0435, "cell_nll": 5.4851, "gate_acc": 0.726, "gate_bal_acc": 0.5086, "wait_top1": 0.2719, "value_acc": 0.7194, "emb_cosine": 0.9275, "n_play": 3796, "n": 13761, "epoch": 1, "train_loss": 9.994, "seconds": 69}
{"cell_half_top1": 0.1156, "cell_tile_top1": 0.1307, "card_top1": 0.5329, "joint_top1": 0.0664, "cell_nll": 4.7119, "gate_acc": 0.7302, "gate_bal_acc": 0.531, "wait_top1": 0.4255, "value_acc": 0.7189, "emb_cosine": 0.581, "n_play": 3796, "n": 13761, "epoch": 2, "train_loss": 7.8847, "seconds": 138}
{"cell_half_top1": 0.1249, "cell_tile_top1": 0.1441, "card_top1": 0.5398, "joint_top1": 0.074, "cell_nll": 4.3854, "gate_acc": 0.7391, "gate_bal_acc": 0.6145, "wait_top1": 0.4475, "value_acc": 0.7206, "emb_cosine": 0.4743, "n_play": 3796, "n": 13761, "epoch": 3, "train_loss": 7.0912, "seconds": 206}
{"cell_half_top1": 0.1209, "cell_tile_top1": 0.1454, "card_top1": 0.5443, "joint_top1": 0.0751, "cell_nll": 4.1917, "gate_acc": 0.7493, "gate_bal_acc": 0.5856, "wait_top1": 0.4493, "value_acc": 0.702, "emb_cosine": 0.417, "n_play": 3796, "n": 13761, "epoch": 4, "train_loss": 6.6805, "seconds": 274}
{"cell_half_top1": 0.1249, "cell_tile_top1": 0.1494, "card_top1": 0.5709, "joint_top1": 0.0848, "cell_nll": 4.0691, "gate_acc": 0.7491, "gate_bal_acc": 0.66, "wait_top1": 0.4586, "value_acc": 0.7119, "emb_cosine": 0.367, "n_play": 3796, "n": 13761, "epoch": 5, "train_loss": 6.4433, "seconds": 341}
{"cell_half_top1": 0.1283, "cell_tile_top1": 0.1536, "card_top1": 0.5669, "joint_top1": 0.0798, "cell_nll": 4.0536, "gate_acc": 0.7525, "gate_bal_acc": 0.6557, "wait_top1": 0.4736, "value_acc": 0.7154, "emb_cosine": 0.3313, "n_play": 3796, "n": 13761, "epoch": 6, "train_loss": 6.2828, "seconds": 409}
{"cell_half_top1": 0.1412, "cell_tile_top1": 0.1554, "card_top1": 0.5822, "joint_top1": 0.083, "cell_nll": 3.9506, "gate_acc": 0.7556, "gate_bal_acc": 0.6881, "wait_top1": 0.4751, "value_acc": 0.709, "emb_cosine": 0.2968, "n_play": 3796, "n": 13761, "epoch": 7, "train_loss": 6.1496, "seconds": 477}
{"cell_half_top1": 0.1454, "cell_tile_top1": 0.1683, "card_top1": 0.5893, "joint_top1": 0.1041, "cell_nll": 3.9631, "gate_acc": 0.7686, "gate_bal_acc": 0.6457, "wait_top1": 0.4726, "value_acc": 0.7053, "emb_cosine": 0.2909, "n_play": 3796, "n": 13761, "epoch": 8, "train_loss": 6.0347, "seconds": 545}
{"cell_half_top1": 0.156, "cell_tile_top1": 0.1699, "card_top1": 0.5896, "joint_top1": 0.1012, "cell_nll": 3.9002, "gate_acc": 0.7748, "gate_bal_acc": 0.6767, "wait_top1": 0.482, "value_acc": 0.7035, "emb_cosine": 0.2464, "n_play": 3796, "n": 13761, "epoch": 9, "train_loss": 5.9318, "seconds": 614}
{"cell_half_top1": 0.1496, "cell_tile_top1": 0.1678, "card_top1": 0.5946, "joint_top1": 0.0991, "cell_nll": 3.8942, "gate_acc": 0.7772, "gate_bal_acc": 0.6896, "wait_top1": 0.4783, "value_acc": 0.692, "emb_cosine": 0.2379, "n_play": 3796, "n": 13761, "epoch": 10, "train_loss": 5.838, "seconds": 682}
{"cell_half_top1": 0.157, "cell_tile_top1": 0.1726, "card_top1": 0.5956, "joint_top1": 0.1038, "cell_nll": 3.8816, "gate_acc": 0.7756, "gate_bal_acc": 0.7155, "wait_top1": 0.4837, "value_acc": 0.6988, "emb_cosine": 0.2155, "n_play": 3796, "n": 13761, "epoch": 11, "train_loss": 5.7482, "seconds": 750}
{"cell_half_top1": 0.1531, "cell_tile_top1": 0.1739, "card_top1": 0.5967, "joint_top1": 0.0996, "cell_nll": 3.8735, "gate_acc": 0.7828, "gate_bal_acc": 0.6896, "wait_top1": 0.4826, "value_acc": 0.7042, "emb_cosine": 0.2222, "n_play": 3796, "n": 13761, "epoch": 12, "train_loss": 5.6732, "seconds": 818}
{"cell_half_top1": 0.1475, "cell_tile_top1": 0.1715, "card_top1": 0.5972, "joint_top1": 0.0964, "cell_nll": 3.8718, "gate_acc": 0.7851, "gate_bal_acc": 0.709, "wait_top1": 0.4846, "value_acc": 0.6955, "emb_cosine": 0.2133, "n_play": 3796, "n": 13761, "epoch": 13, "train_loss": 5.613, "seconds": 886}
{"cell_half_top1": 0.1536, "cell_tile_top1": 0.1812, "card_top1": 0.5917, "joint_top1": 0.1062, "cell_nll": 3.8625, "gate_acc": 0.7857, "gate_bal_acc": 0.7146, "wait_top1": 0.4747, "value_acc": 0.6917, "emb_cosine": 0.201, "n_play": 3796, "n": 13761, "epoch": 14, "train_loss": 5.5486, "seconds": 955}
{"cell_half_top1": 0.157, "cell_tile_top1": 0.1783, "card_top1": 0.5917, "joint_top1": 0.1027, "cell_nll": 3.8688, "gate_acc": 0.7875, "gate_bal_acc": 0.7001, "wait_top1": 0.4843, "value_acc": 0.7021, "emb_cosine": 0.1911, "n_play": 3796, "n": 13761, "epoch": 15, "train_loss": 5.4979, "seconds": 1023}
{"cell_half_top1": 0.1575, "cell_tile_top1": 0.1762, "card_top1": 0.5938, "joint_top1": 0.1001, "cell_nll": 3.8579, "gate_acc": 0.789, "gate_bal_acc": 0.6981, "wait_top1": 0.4804, "value_acc": 0.6956, "emb_cosine": 0.1869, "n_play": 3796, "n": 13761, "epoch": 16, "train_loss": 5.4535, "seconds": 1092}
{"cell_half_top1": 0.1581, "cell_tile_top1": 0.1765, "card_top1": 0.5964, "joint_top1": 0.1017, "cell_nll": 3.8517, "gate_acc": 0.7919, "gate_bal_acc": 0.7204, "wait_top1": 0.486, "value_acc": 0.6945, "emb_cosine": 0.1771, "n_play": 3796, "n": 13761, "epoch": 17, "train_loss": 5.4331, "seconds": 1160}
{"cell_half_top1": 0.1581, "cell_tile_top1": 0.177, "card_top1": 0.5972, "joint_top1": 0.1012, "cell_nll": 3.8598, "gate_acc": 0.7913, "gate_bal_acc": 0.7015, "wait_top1": 0.4827, "value_acc": 0.6973, "emb_cosine": 0.1825, "n_play": 3796, "n": 13761, "epoch": 18, "train_loss": 5.3985, "seconds": 1228}
{"cell_half_top1": 0.1581, "cell_tile_top1": 0.1789, "card_top1": 0.5983, "joint_top1": 0.103, "cell_nll": 3.8589, "gate_acc": 0.7908, "gate_bal_acc": 0.7081, "wait_top1": 0.4818, "value_acc": 0.6981, "emb_cosine": 0.1796, "n_play": 3796, "n": 13761, "epoch": 19, "train_loss": 5.385, "seconds": 1297}
{"cell_half_top1": 0.1575, "cell_tile_top1": 0.1783, "card_top1": 0.5983, "joint_top1": 0.1022, "cell_nll": 3.8584, "gate_acc": 0.7914, "gate_bal_acc": 0.7078, "wait_top1": 0.4813, "value_acc": 0.6982, "emb_cosine": 0.1793, "n_play": 3796, "n": 13761, "epoch": 20, "train_loss": 5.3745, "seconds": 1366}
{"FINAL": "icebow_s0", "val_cell_tile": 0.18124341412012646, "val_cell_half": 0.1535827186512118, "train_cell_tile": 0.22409726002540373, "card": 0.5916754478398314, "joint": 0.10616438356164383, "emb_cos": 0.2009638547897339, "epoch": 14}
