240 matches; first-trigger matches per variant: rv9 76, rv11 36, dc9 31, ce9 102, de7 130, de8 96, de9 59, de10 34, de11 22, de12 11, de13 7, de9_e8 10, de9_e9 1, de9_e9.5 0, de7_e9 9, de8_e9 3, de7_idle 94, de9_idle 28, de9_idle_e8 0, ke5 174, ke6 131, ke7 95, ke8 65, ke9 34, de9_y21 5, de7_y21 32,
240 matches; first-trigger matches per variant: rv9 86, rv11 46, dc9 37, ce9 113, de7 142, de8 101, de9 67, de10 35, de11 21, de12 11, de13 5, de9_e8 17, de9_e9 7, de9_e9.5 1, de7_e9 12, de8_e9 9, de7_idle 96, de9_idle 36, de9_idle_e8 6, ke5 182, ke6 144, ke7 100, ke8 61, ke9 33, de9_y21 5, de7_y21 
240 matches; first-trigger matches per variant: rv9 129, rv11 58, dc9 42, ce9 154, de7 167, de8 112, de9 62, de10 26, de11 14, de12 5, de13 2, de9_e8 15, de9_e9 1, de9_e9.5 0, de7_e9 11, de8_e9 7, de7_idle 123, de9_idle 35, de9_idle_e8 4, ke5 164, ke6 128, ke7 91, ke8 50, ke9 19, de9_y21 6, de7_y21 
variant                     evo            lad            air   (matches with a trigger / matches simulated so far)
cb5                 73/240    30%    64/240    27%    76/240    32%
cb5_ro              73/240    30%    64/240    27%    76/240    32%
cb7                 37/240    15%    35/240    15%    46/240    19%
cb7_ro              37/240    15%    35/240    15%    46/240    19%
cb7_th               1/240     0%     2/240     1%     0/240     0%
cb7_th_ro            1/240     0%     2/240     1%     0/240     0%
cb9                 16/240     7%    15/240     6%    17/240     7%
cb9_ro              16/240     7%    15/240     6%    17/240     7%
cbon7_th            23/240    10%    21/240     9%    27/240    11%
ce9                102/240    42%   113/240    47%   154/240    64%
dc9                 31/240    13%    37/240    15%    42/240    18%
de10                34/240    14%    35/240    15%    26/240    11%
de11                22/240     9%    21/240     9%    14/240     6%
de11_blend          23/240    10%    22/240     9%    22/240     9%
de11_drift          21/240     9%    20/240     8%    13/240     5%
de11_lead           19/240     8%    22/240     9%    17/240     7%
de12                11/240     5%    11/240     5%     5/240     2%
de13                 7/240     3%     5/240     2%     2/240     1%
de5_th              48/240    20%    44/240    18%    53/240    22%
de7                130/240    54%   142/240    59%   167/240    70%
de7_e9               9/240     4%    12/240     5%    11/240     5%
de7_idle            94/240    39%    96/240    40%   123/240    51%
de7_l3             124/240    52%   131/240    55%   146/240    61%
de7_l3_e8           46/240    19%    38/240    16%    50/240    21%
de7_l3_idle         89/240    37%    93/240    39%   102/240    42%
de7_l3_y21          32/240    13%    29/240    12%    34/240    14%
de7_th              23/240    10%    19/240     8%    27/240    11%
de7_th_idle          5/240     2%     3/240     1%     8/240     3%
de7_th_l3           22/240     9%    18/240     8%    26/240    11%
de7_th_y21          12/240     5%     6/240     2%    18/240     8%
de7_y21             32/240    13%    29/240    12%    34/240    14%
de7_y21_e8           5/240     2%    10/240     4%     8/240     3%
de7_y23             19/240     8%    10/240     4%    17/240     7%
de8                 96/240    40%   101/240    42%   112/240    47%
de8_e9               3/240     1%     9/240     4%     7/240     3%
de9                 59/240    25%    67/240    28%    62/240    26%
de9_blend           64/240    27%    75/240    31%    75/240    31%
de9_drift           57/240    24%    65/240    27%    62/240    26%
de9_e8              10/240     4%    17/240     7%    15/240     6%
de9_e9               1/240     0%     7/240     3%     1/240     0%
de9_e9.5             0/240     0%     1/240     0%     0/240     0%
de9_idle            28/240    12%    36/240    15%    35/240    15%
de9_idle_e8          0/240     0%     6/240     2%     4/240     2%
de9_l3              53/240    22%    59/240    25%    52/240    22%
de9_l5              58/240    24%    67/240    28%    62/240    26%
de9_lead            52/240    22%    65/240    27%    64/240    27%
de9_th               5/240     2%     6/240     2%     3/240     1%
de9_y21              5/240     2%     5/240     2%     6/240     2%
de9_y23              1/240     0%     3/240     1%     1/240     0%
ke5                174/240    72%   182/240    76%   164/240    68%
ke5_l2             173/240    72%   180/240    75%   162/240    68%
ke5_th              34/240    14%    37/240    15%    33/240    14%
ke6                131/240    55%   144/240    60%   128/240    53%
ke6_l3             130/240    54%   142/240    59%   128/240    53%
ke6_l3_e8           53/240    22%    58/240    24%    44/240    18%
ke7                 95/240    40%   100/240    42%    91/240    38%
ke7_l3              94/240    39%    99/240    41%    91/240    38%
ke7_th              14/240     6%    14/240     6%    19/240     8%
ke8                 65/240    27%    61/240    25%    50/240    21%
ke9                 34/240    14%    33/240    14%    19/240     8%
rv11                36/240    15%    46/240    19%    58/240    24%
rv9                 76/240    32%    86/240    36%   129/240    54%
