709 live matches with the Rocket in hand at some decision (>= 150 decisions each), logs since 20261005; 237284 decisions; the model played 588 Rockets (0.83/match)
rv9                    episodes  424 = 0.598/match in 256 matches | model Rocketed within 2 s: 20 (5%) | mean value 11.9, mean elixir 7.1 | model played at the first firing decision: 222 ({None: 202, 'Tesla': 50, 'IceWizard': 44, 'Log': 34})
rv11                   episodes  228 = 0.322/match in 159 matches | model Rocketed within 2 s: 9 (4%) | mean value 15.0, mean elixir 7.0 | model played at the first firing decision: 107 ({None: 121, 'Knight': 21, 'IceWizard': 19, 'Tesla': 19})
dc9                    episodes  241 = 0.340/match in 155 matches | model Rocketed within 2 s: 8 (3%) | mean value 12.8, mean elixir 6.9 | model played at the first firing decision: 108 ({None: 133, 'Tesla': 20, 'Log': 19, 'IceWizard': 18})
ce9                    episodes  539 = 0.760/match in 322 matches | model Rocketed within 2 s: 25 (5%) | mean value 12.0, mean elixir 7.1 | model played at the first firing decision: 286 ({None: 253, 'Tesla': 72, 'IceWizard': 52, 'Knight': 46})
de7                    episodes  670 = 0.945/match in 369 matches | model Rocketed within 2 s: 23 (3%) | mean value 9.8, mean elixir 7.0 | model played at the first firing decision: 335 ({None: 335, 'Tesla': 81, 'IceWizard': 60, 'Log': 58})
de8                    episodes  489 = 0.690/match in 291 matches | model Rocketed within 2 s: 19 (4%) | mean value 11.0, mean elixir 7.0 | model played at the first firing decision: 235 ({None: 254, 'Tesla': 53, 'IceWizard': 47, 'Log': 42})
de9                    episodes  328 = 0.463/match in 211 matches | model Rocketed within 2 s: 12 (4%) | mean value 12.7, mean elixir 6.9 | model played at the first firing decision: 145 ({None: 183, 'Tesla': 31, 'IceWizard': 29, 'Log': 28})
de10                   episodes  261 = 0.368/match in 168 matches | model Rocketed within 2 s: 8 (3%) | mean value 13.8, mean elixir 6.9 | model played at the first firing decision: 107 ({None: 154, 'IceWizard': 22, 'Tesla': 21, 'Log': 20})
de11                   episodes  206 = 0.291/match in 141 matches | model Rocketed within 2 s: 5 (2%) | mean value 15.8, mean elixir 7.0 | model played at the first firing decision: 84 ({None: 122, 'Log': 18, 'IceWizard': 16, 'Knight': 15})
de12                   episodes  167 = 0.236/match in 113 matches | model Rocketed within 2 s: 4 (2%) | mean value 17.1, mean elixir 6.9 | model played at the first firing decision: 62 ({None: 105, 'IceWizard': 14, 'Log': 12, 'Knight': 9})
de13                   episodes  138 = 0.195/match in 90 matches | model Rocketed within 2 s: 4 (3%) | mean value 18.8, mean elixir 6.9 | model played at the first firing decision: 49 ({None: 89, 'IceWizard': 10, 'Log': 9, 'Tornado': 6})
de9_e8                 episodes   90 = 0.127/match in 79 matches | model Rocketed within 2 s: 5 (6%) | mean value 13.3, mean elixir 8.4 | model played at the first firing decision: 36 ({None: 54, 'Tesla': 7, 'Log': 6, 'Rocket': 5})
de9_e9                 episodes   34 = 0.048/match in 33 matches | model Rocketed within 2 s: 0 (0%) | mean value 15.2, mean elixir 9.3 | model played at the first firing decision: 10 ({None: 24, 'Log': 3, 'Xbow': 2, 'Knight': 2})
de9_e9.5               episodes   13 = 0.018/match in 13 matches | model Rocketed within 2 s: 0 (0%) | mean value 16.7, mean elixir 9.8 | model played at the first firing decision: 4 ({None: 9, 'IceWizard': 2, 'Knight': 1, 'Tesla': 1})
de7_e9                 episodes   62 = 0.087/match in 59 matches | model Rocketed within 2 s: 2 (3%) | mean value 11.7, mean elixir 9.5 | model played at the first firing decision: 28 ({None: 34, 'Tesla': 9, 'Log': 6, 'Knight': 5})
de8_e9                 episodes   49 = 0.069/match in 48 matches | model Rocketed within 2 s: 2 (4%) | mean value 12.9, mean elixir 9.4 | model played at the first firing decision: 21 ({None: 28, 'Tesla': 5, 'Log': 5, 'Knight': 3})
de7_idle               episodes  403 = 0.568/match in 261 matches | model Rocketed within 2 s: 10 (2%) | mean value 10.1, mean elixir 6.8 | model played at the first firing decision: 0 ({None: 403})
de9_idle               episodes  202 = 0.285/match in 137 matches | model Rocketed within 2 s: 4 (2%) | mean value 12.8, mean elixir 6.8 | model played at the first firing decision: 0 ({None: 202})
de9_idle_e8            episodes   60 = 0.085/match in 56 matches | model Rocketed within 2 s: 0 (0%) | mean value 14.5, mean elixir 8.4 | model played at the first firing decision: 0 ({None: 60})
ke5                    episodes 1004 = 1.416/match in 445 matches | model Rocketed within 2 s: 33 (3%) | mean value 7.0, mean elixir 7.1 | model played at the first firing decision: 394 ({None: 610, 'Tesla': 85, 'IceWizard': 82, 'Knight': 69})
ke6                    episodes  654 = 0.922/match in 349 matches | model Rocketed within 2 s: 15 (2%) | mean value 8.7, mean elixir 7.0 | model played at the first firing decision: 261 ({None: 393, 'IceWizard': 52, 'Tesla': 50, 'Log': 47})
ke7                    episodes  427 = 0.602/match in 261 matches | model Rocketed within 2 s: 8 (2%) | mean value 10.5, mean elixir 6.9 | model played at the first firing decision: 163 ({None: 264, 'IceWizard': 36, 'Log': 33, 'Tesla': 28})
ke8                    episodes  314 = 0.443/match in 196 matches | model Rocketed within 2 s: 6 (2%) | mean value 11.8, mean elixir 6.9 | model played at the first firing decision: 118 ({None: 196, 'IceWizard': 29, 'Log': 24, 'Tesla': 20})
ke9                    episodes  236 = 0.333/match in 149 matches | model Rocketed within 2 s: 5 (2%) | mean value 13.3, mean elixir 6.9 | model played at the first firing decision: 84 ({None: 152, 'IceWizard': 19, 'Log': 18, 'Tesla': 16})
de9_y21                episodes  131 = 0.185/match in 101 matches | model Rocketed within 2 s: 1 (1%) | mean value 13.4, mean elixir 6.9 | model played at the first firing decision: 48 ({None: 83, 'IceWizard': 14, 'Tornado': 9, 'Tesla': 8})
de7_y21                episodes  213 = 0.300/match in 161 matches | model Rocketed within 2 s: 2 (1%) | mean value 11.1, mean elixir 6.9 | model played at the first firing decision: 91 ({None: 122, 'Tesla': 20, 'IceWizard': 16, 'Tornado': 14})
de9_y23                episodes   85 = 0.120/match in 71 matches | model Rocketed within 2 s: 0 (0%) | mean value 14.8, mean elixir 6.8 | model played at the first firing decision: 27 ({None: 58, 'IceWizard': 9, 'Tornado': 8, 'Tesla': 3})
de7_y23                episodes  128 = 0.181/match in 104 matches | model Rocketed within 2 s: 1 (1%) | mean value 12.2, mean elixir 6.9 | model played at the first firing decision: 47 ({None: 81, 'Tornado': 13, 'IceWizard': 11, 'Tesla': 10})
de9_lead               episodes  323 = 0.456/match in 204 matches | model Rocketed within 2 s: 14 (4%) | mean value 12.2, mean elixir 6.9 | model played at the first firing decision: 147 ({None: 176, 'Tesla': 37, 'IceWizard': 27, 'Log': 26})
de11_lead              episodes  205 = 0.289/match in 136 matches | model Rocketed within 2 s: 5 (2%) | mean value 15.2, mean elixir 7.0 | model played at the first firing decision: 85 ({None: 120, 'Tesla': 20, 'Log': 16, 'Knight': 15})
de9_drift              episodes  321 = 0.453/match in 208 matches | model Rocketed within 2 s: 12 (4%) | mean value 13.8, mean elixir 6.9 | model played at the first firing decision: 143 ({None: 178, 'Tesla': 31, 'IceWizard': 28, 'Log': 26})
de9_blend              episodes  359 = 0.506/match in 223 matches | model Rocketed within 2 s: 18 (5%) | mean value 12.0, mean elixir 7.0 | model played at the first firing decision: 158 ({None: 201, 'Tesla': 38, 'IceWizard': 30, 'Knight': 29})
de11_drift             episodes  205 = 0.289/match in 140 matches | model Rocketed within 2 s: 5 (2%) | mean value 17.2, mean elixir 6.9 | model played at the first firing decision: 83 ({None: 122, 'Log': 18, 'IceWizard': 16, 'Knight': 15})
de11_blend             episodes  216 = 0.305/match in 144 matches | model Rocketed within 2 s: 7 (3%) | mean value 14.9, mean elixir 7.0 | model played at the first firing decision: 86 ({None: 130, 'Tesla': 18, 'IceWizard': 17, 'Knight': 14})
de7_l3                 episodes  624 = 0.880/match in 349 matches | model Rocketed within 2 s: 16 (3%) | mean value 9.9, mean elixir 7.0 | model played at the first firing decision: 304 ({None: 320, 'Tesla': 68, 'IceWizard': 58, 'Log': 55})
de9_l3                 episodes  303 = 0.427/match in 194 matches | model Rocketed within 2 s: 7 (2%) | mean value 12.9, mean elixir 7.0 | model played at the first firing decision: 129 ({None: 174, 'IceWizard': 28, 'Tesla': 27, 'Log': 25})
de9_l5                 episodes  313 = 0.441/match in 200 matches | model Rocketed within 2 s: 9 (3%) | mean value 12.7, mean elixir 6.9 | model played at the first firing decision: 137 ({None: 176, 'Tesla': 29, 'IceWizard': 29, 'Log': 26})
ke6_l3                 episodes  648 = 0.914/match in 347 matches | model Rocketed within 2 s: 13 (2%) | mean value 8.7, mean elixir 7.0 | model played at the first firing decision: 257 ({None: 391, 'IceWizard': 51, 'Tesla': 50, 'Log': 46})
ke5_l2                 episodes  992 = 1.399/match in 444 matches | model Rocketed within 2 s: 29 (3%) | mean value 7.0, mean elixir 7.1 | model played at the first firing decision: 384 ({None: 608, 'Tesla': 84, 'IceWizard': 80, 'Knight': 69})
ke7_l3                 episodes  425 = 0.599/match in 260 matches | model Rocketed within 2 s: 8 (2%) | mean value 10.6, mean elixir 6.9 | model played at the first firing decision: 162 ({None: 263, 'IceWizard': 36, 'Log': 33, 'Tesla': 28})
ke6_l3_e8              episodes  190 = 0.268/match in 150 matches | model Rocketed within 2 s: 7 (4%) | mean value 9.0, mean elixir 8.5 | model played at the first firing decision: 78 ({None: 112, 'Tesla': 18, 'Log': 14, 'Knight': 12})
de7_l3_e8              episodes  168 = 0.237/match in 142 matches | model Rocketed within 2 s: 9 (5%) | mean value 10.4, mean elixir 8.5 | model played at the first firing decision: 73 ({None: 95, 'Tesla': 21, 'IceWizard': 11, 'Log': 10})
de7_l3_y21             episodes  207 = 0.292/match in 156 matches | model Rocketed within 2 s: 2 (1%) | mean value 11.2, mean elixir 6.9 | model played at the first firing decision: 88 ({None: 119, 'Tesla': 19, 'IceWizard': 15, 'Knight': 14})
de7_l3_idle            episodes  383 = 0.540/match in 248 matches | model Rocketed within 2 s: 9 (2%) | mean value 10.2, mean elixir 6.8 | model played at the first firing decision: 0 ({None: 383})
de7_y21_e8             episodes   65 = 0.092/match in 61 matches | model Rocketed within 2 s: 0 (0%) | mean value 11.3, mean elixir 8.5 | model played at the first firing decision: 19 ({None: 46, 'Tesla': 4, 'IceWizard': 4, 'Skeletons': 3})
