{"e1_eval": "eval", "policy": "live", "port": 38031, "tasks": 100, "already_done": 0, "grid": "lattice", "tau": 0.5}
[e1_eval] 1/100 000YLL9RURY8 k=0 win 1-0 184.1s plays 27/33 wall 11.8s
[e1_eval] 2/100 000YLLP2UC98 k=0 win 1-0 184.1s plays 36/36 wall 11.8s
[e1_eval] 3/100 000YLY2VQ92P k=0 loss 0-1 184.1s plays 30/32 wall 11.5s
[e1_eval] 4/100 000YLYJULG22 k=0 loss 1-3 305.4s plays 61/68 wall 20.0s
[e1_eval] 5/100 000YLYYCJ8VY k=0 win 1-0 184.1s plays 26/31 wall 11.2s
[e1_eval] 6/100 002YLQQ0J90P k=0 win 1-0 184.1s plays 29/35 wall 11.2s
[e1_eval] 7/100 008YLL2CQVUP k=0 win 1-0 184.1s plays 30/36 wall 11.5s
[e1_eval] 8/100 008YLQ2RJ00L k=0 win 1-0 184.1s plays 26/30 wall 11.2s
[e1_eval] 9/100 009Y20G9UY9R k=0 loss 0-1 184.1s plays 18/23 wall 10.8s
[e1_eval] 10/100 009Y2C2CJ08G k=0 win 2-1 184.1s plays 27/34 wall 10.7s
[e1_eval] 11/100 009YLG90RURQ k=0 win 1-0 184.1s plays 27/33 wall 12.2s
[e1_eval] 12/100 009YLGLPG8JR k=0 win 2-1 184.1s plays 27/31 wall 11.2s
[e1_eval] 13/100 009YLQLLLUPY k=0 loss 0-3 161.5s plays 2/2 wall 10.4s
[e1_eval] 14/100 00CYPL820VRL k=0 win 1-0 184.1s plays 29/36 wall 11.1s
[e1_eval] 15/100 00CYPLYYLPL9 k=0 win 1-0 184.1s plays 26/34 wall 11.8s
[e1_eval] 16/100 00CYPY9GJQLV k=0 win 2-0 184.1s plays 28/38 wall 11.3s
[e1_eval] 17/100 00GYP9UGJYLQ k=0 win 1-0 184.1s plays 28/32 wall 11.8s
[e1_eval] 18/100 00GYPL2GC9CG k=0 win 1-0 184.1s plays 27/27 wall 14.7s
[e1_eval] 19/100 00GYPYUCG2GQ k=0 win 1-0 287.0s plays 63/70 wall 19.3s
[e1_eval] 20/100 00JYPGYLRP88 k=0 win 2-1 184.1s plays 27/29 wall 11.5s
[e1_eval] 21/100 00JYPQPRYCPP k=0 win 3-1 181.3s plays 28/35 wall 10.6s
[e1_eval] 22/100 00JYPQYV8VRQ k=0 loss 0-1 184.1s plays 28/28 wall 12.5s
[e1_eval] 23/100 00LYPLCVRCCV k=0 win 1-0 184.1s plays 27/27 wall 11.8s
[e1_eval] 24/100 00LYPLJLQ80J k=0 loss 1-2 185.2s plays 29/29 wall 11.7s
[e1_eval] 25/100 00LYPLR200VU k=0 win 1-0 184.1s plays 24/24 wall 11.6s
[e1_eval] 26/100 00LYPLY0GRQP k=0 win 1-0 184.1s plays 31/39 wall 12.0s
[e1_eval] 27/100 00LYPQVCRJJL k=0 win 2-0 184.1s plays 28/28 wall 11.9s
[e1_eval] 28/100 00PYLLC9QJ0L k=0 win 1-0 184.1s plays 26/26 wall 11.0s
[e1_eval] 29/100 00PYLLJPQ0G0 k=0 win 1-0 184.1s plays 25/32 wall 11.6s
[e1_eval] 30/100 00PYLLJPYJ0Q k=0 win 1-0 184.1s plays 27/27 wall 11.1s
[e1_eval] 31/100 00QYPG00YLQP k=0 win 1-0 184.1s plays 26/31 wall 11.7s
[e1_eval] 32/100 00QYPG28P8QV k=0 win 2-0 184.1s plays 30/36 wall 12.1s
[e1_eval] 33/100 00QYPQLC9CQY k=0 win 1-0 184.1s plays 28/36 wall 13.8s
[e1_eval] 34/100 00QYPQP0802Q k=0 win 1-0 184.1s plays 29/34 wall 12.7s
[e1_eval] 35/100 00QYPQR0C02V k=0 win 1-0 215.2s plays 24/24 wall 13.9s
[e1_eval] 36/100 00UYPL92ULUL k=0 win 1-0 205.7s plays 35/35 wall 14.3s
[e1_eval] 37/100 00UYPL9P0VQL k=0 win 1-0 184.1s plays 27/30 wall 12.5s
[e1_eval] 38/100 00UYPQ9ULVP2 k=0 loss 0-2 184.1s plays 25/32 wall 12.1s
[e1_eval] 39/100 00UYPQ9VJ2VL k=0 win 1-0 184.1s plays 30/30 wall 12.0s
[e1_eval] 40/100 00VYPLPJGYLY k=0 win 1-0 184.1s plays 34/34 wall 13.7s
[e1_eval] 41/100 00VYPLPJRYRY k=0 win 2-0 184.1s plays 30/30 wall 12.1s
[e1_eval] 42/100 00VYPLQPYCRU k=0 win 2-1 199.5s plays 29/30 wall 12.1s
[e1_eval] 43/100 00VYPLRPJUVG k=0 win 2-1 305.0s plays 62/62 wall 19.5s
[e1_eval] 44/100 00VYPQLPVVYU k=0 win 1-0 184.1s plays 28/28 wall 13.6s
[e1_eval] 45/100 00VYPQYLP2L9 k=0 loss 0-1 303.9s plays 67/70 wall 20.9s
[e1_eval] 46/100 00VYPQYU90CG k=0 win 2-0 184.1s plays 30/35 wall 11.7s
[e1_eval] 47/100 00VYPQYYV8C0 k=0 win 1-0 184.1s plays 26/31 wall 11.0s
[e1_eval] 48/100 00YYPLJ2J2LQ k=0 win 1-0 184.1s plays 25/33 wall 10.6s
[e1_eval] 49/100 00YYPLR299UQ k=0 win 1-0 184.1s plays 30/30 wall 11.3s
[e1_eval] 50/100 01852645ef994048bbdecb079c42cbe5 k=0 win 2-1 201.8s plays 33/41 wall 13.1s
[e1_eval] 51/100 020YPLR0U0RU k=0 win 1-0 279.0s plays 56/63 wall 17.2s
[e1_eval] 52/100 020YPYL89Y8Y k=0 win 2-0 184.1s plays 32/37 wall 10.9s
[e1_eval] 53/100 020YPYP8R2VV k=0 win 2-0 184.1s plays 29/37 wall 12.0s
[e1_eval] 54/100 022YYLV9QLQJ k=0 win 1-0 184.1s plays 25/25 wall 11.9s
[e1_eval] 55/100 022YYLV9V90G k=0 win 1-0 184.1s plays 25/29 wall 11.9s
[e1_eval] 56/100 022YYQYV2C2J k=0 win 2-0 184.1s plays 29/33 wall 11.4s
[e1_eval] 57/100 022YYYUVGPUU k=0 win 1-0 184.1s plays 27/27 wall 12.1s
[e1_eval] 58/100 028YPV08RU2V k=0 win 1-0 184.1s plays 27/32 wall 12.1s
[e1_eval] 59/100 028YPV9P0PJ2 k=0 win 1-0 184.1s plays 22/27 wall 11.0s
[e1_eval] 60/100 029YPUPRUYQ0 k=0 win 1-0 184.1s plays 25/27 wall 11.3s
[e1_eval] 61/100 02CY8P2RJ989 k=0 win 2-0 184.1s plays 28/34 wall 10.5s
[e1_eval] 62/100 02CY8YRG9JP9 k=0 win 1-0 184.1s plays 6/6 wall 11.6s
[e1_eval] 63/100 02GY9GCC0V9Q k=0 win 1-0 184.1s plays 29/34 wall 12.1s
[e1_eval] 64/100 02GY9GJURY8G k=0 loss 1-3 242.3s plays 41/41 wall 14.6s
[e1_eval] 65/100 02GY9GJVUP00 k=0 win 1-0 184.1s plays 31/37 wall 12.7s
[e1_eval] 66/100 02GY9GY2U8UQ k=0 win 3-0 165.7s plays 26/26 wall 11.1s
[e1_eval] 67/100 02GY9QVU0G0R k=0 win 1-0 184.1s plays 26/34 wall 11.6s
[e1_eval] 68/100 02GY9R00Q82Q k=0 win 3-0 171.9s plays 27/27 wall 11.0s
[e1_eval] 69/100 02GY9R02LUU8 k=0 win 1-0 184.1s plays 28/34 wall 11.1s
[e1_eval] 70/100 02JY9G08YCQG k=0 loss 0-3 166.2s plays 2/2 wall 10.3s
[e1_eval] 71/100 02JY9G99CGPC k=0 win 2-0 184.1s plays 27/27 wall 11.7s
[e1_eval] 72/100 02JY9GL9VP9C k=0 win 2-1 184.1s plays 25/36 wall 11.1s
[e1_eval] 73/100 02JY9GL9Y90C k=0 win 1-0 203.8s plays 30/38 wall 13.0s
[e1_eval] 74/100 02JY9GQY2VCU k=0 win 1-0 184.1s plays 30/38 wall 11.4s
[e1_eval] 75/100 02JY9GQYLVLV k=0 win 1-0 196.5s plays 32/41 wall 12.0s
[e1_eval] 76/100 02JY9QJPY29U k=0 win 1-0 184.1s plays 24/26 wall 10.7s
[e1_eval] 77/100 02JY9R2JJ0GG k=0 win 1-0 184.1s plays 28/28 wall 11.4s
[e1_eval] 78/100 02PP9CQ0Q2U2 k=0 win 3-0 169.1s plays 26/34 wall 10.5s
[e1_eval] 79/100 02PYPCUP2LRJ k=0 win 1-0 184.1s plays 31/31 wall 12.3s
[e1_eval] 80/100 02PYPULRYPQP k=0 win 2-1 184.1s plays 31/31 wall 11.8s
[e1_eval] 81/100 02PYPUP2VP0P k=0 win 1-0 184.1s plays 28/35 wall 10.8s
[e1_eval] 82/100 02QP8GGQLRYU k=0 win 3-0 148.5s plays 20/27 wall 10.2s
[e1_eval] 83/100 02QY9G0RLQUY k=0 win 2-1 227.0s plays 34/35 wall 13.9s
[e1_eval] 84/100 02QY9G22J9UJ k=0 win 1-0 184.1s plays 23/23 wall 12.0s
[e1_eval] 85/100 02QY9LVGPVQP k=0 win 1-0 184.1s plays 25/29 wall 11.6s
[e1_eval] 86/100 02QY9Q0QP2Q9 k=0 win 1-0 184.1s plays 28/33 wall 12.9s
[e1_eval] 87/100 02QY9Q980YV0 k=0 win 1-0 184.1s plays 21/21 wall 11.2s
[e1_eval] 88/100 02QY9Q98C0J8 k=0 win 2-0 184.1s plays 28/30 wall 11.3s
[e1_eval] 89/100 02QY9Q9P0CRP k=0 win 1-0 184.1s plays 32/32 wall 11.6s
[e1_eval] 90/100 02QY9Q9PY29C k=0 win 1-0 184.1s plays 24/32 wall 12.4s
[e1_eval] 91/100 02QY9Q9YY089 k=0 loss 1-3 112.5s plays 13/13 wall 6.4s
[e1_eval] 92/100 02QY9QV8Y908 k=0 win 3-0 177.0s plays 29/29 wall 11.7s
[e1_eval] 93/100 02RY9GC0U9RV k=0 win 1-0 206.8s plays 32/32 wall 12.6s
[e1_eval] 94/100 02RY9GR9C92G k=0 win 2-0 184.1s plays 27/27 wall 11.1s
[e1_eval] 95/100 02RY9QV8UR8P k=0 win 2-0 184.1s plays 28/28 wall 12.8s
[e1_eval] 96/100 02RY9RVV8R29 k=0 win 2-1 193.6s plays 27/34 wall 13.2s
[e1_eval] 97/100 02UY8YV2CJLJ k=0 win 2-0 184.1s plays 19/24 wall 11.5s
[e1_eval] 98/100 02VY8LCYLY2R k=0 win 1-0 184.1s plays 27/28 wall 10.9s
[e1_eval] 99/100 02YYPCRQ2QLY k=0 win 1-0 184.1s plays 31/31 wall 11.9s
[e1_eval] 100/100 02YYPU0CV82L k=0 win 2-1 192.2s plays 28/30 wall 11.8s
{"DONE": {"new_matches": 100, "finished": "2026-09-12 18:11:35", "wall_s_mean": 12.1, "win": 89, "draw": 0, "loss": 11}}
