{
 "s1_rows": 78277,
 "matched": 78277,
 "matched_pct": 100.0,
 "y_gate_equal_pct_of_s1": 100.0,
 "y_card_vs_y_slot_pct": 100.0,
 "y_xy_equal_pct": 100.0,
 "y_wait_card_vs_y_wait_slot_pct": 100.0,
 "y_wait_dt_equal_pct": 100.0,
 "y_crowns_equal_pct": 100.0,
 "hand_identity_equal_pct": 100.0,
 "past_card_equal_pct": 100.0,
 "past_xydt_equal_pct": 100.0,
 "sc_nonslot_equal_pct": 100.0,
 "tok_equal_pct": 100.0,
 "s1_v3val_rows": 13761,
 "gen_v3val_rows": 13761,
 "v3val_both": 13761,
 "v3val_s1_only": 0,
 "v3val_gen_only": 0,
 "gen_v3val_all_in_val_split": true,
 "unmatched_examples": [],
 "unmatched_by_gate": {}
}
