C:\Users\benpe\ClashBot\pipeline\model_v3.py:92: UserWarning: enable_nested_tensor is True, but self.use_nested_tensor is False because encoder_layer.norm_first was True
  self.encoder = nn.TransformerEncoder(enc, layers)
{"epoch": 1, "step": 200, "of": 13177, "rows_per_s": 847, "loss": 14.5184}
{"epoch": 1, "step": 400, "of": 13177, "rows_per_s": 871, "loss": 13.0491}
{"epoch": 1, "step": 600, "of": 13177, "rows_per_s": 904, "loss": 12.2609}
{"epoch": 1, "step": 800, "of": 13177, "rows_per_s": 932, "loss": 11.5953}
{"epoch": 1, "step": 1000, "of": 13177, "rows_per_s": 955, "loss": 11.0697}
{"epoch": 1, "step": 1200, "of": 13177, "rows_per_s": 974, "loss": 10.6868}
{"epoch": 1, "step": 1400, "of": 13177, "rows_per_s": 983, "loss": 10.3811}
{"epoch": 1, "step": 1600, "of": 13177, "rows_per_s": 992, "loss": 10.1131}
{"epoch": 1, "step": 1800, "of": 13177, "rows_per_s": 999, "loss": 9.8777}
{"epoch": 1, "step": 2000, "of": 13177, "rows_per_s": 1005, "loss": 9.6719}
{"epoch": 1, "step": 2200, "of": 13177, "rows_per_s": 1010, "loss": 9.4869}
{"epoch": 1, "step": 2400, "of": 13177, "rows_per_s": 1013, "loss": 9.321}
{"epoch": 1, "step": 2600, "of": 13177, "rows_per_s": 1016, "loss": 9.1759}
{"epoch": 1, "step": 2800, "of": 13177, "rows_per_s": 1010, "loss": 9.0421}
{"epoch": 1, "step": 3000, "of": 13177, "rows_per_s": 1005, "loss": 8.9209}
{"epoch": 1, "step": 3200, "of": 13177, "rows_per_s": 1001, "loss": 8.8105}
{"epoch": 1, "step": 3400, "of": 13177, "rows_per_s": 995, "loss": 8.7096}
{"epoch": 1, "step": 3600, "of": 13177, "rows_per_s": 984, "loss": 8.6164}
{"epoch": 1, "step": 3800, "of": 13177, "rows_per_s": 977, "loss": 8.5295}
{"epoch": 1, "step": 4000, "of": 13177, "rows_per_s": 958, "loss": 8.4506}
{"epoch": 1, "step": 4200, "of": 13177, "rows_per_s": 961, "loss": 8.3752}
{"epoch": 1, "step": 4400, "of": 13177, "rows_per_s": 964, "loss": 8.3045}
{"epoch": 1, "step": 4600, "of": 13177, "rows_per_s": 968, "loss": 8.2394}
{"epoch": 1, "step": 4800, "of": 13177, "rows_per_s": 971, "loss": 8.1781}
{"epoch": 1, "step": 5000, "of": 13177, "rows_per_s": 974, "loss": 8.1192}
{"epoch": 1, "step": 5200, "of": 13177, "rows_per_s": 976, "loss": 8.0638}
{"epoch": 1, "step": 5400, "of": 13177, "rows_per_s": 979, "loss": 8.0116}
{"epoch": 1, "step": 5600, "of": 13177, "rows_per_s": 980, "loss": 7.9619}
{"epoch": 1, "step": 5800, "of": 13177, "rows_per_s": 981, "loss": 7.9143}
{"epoch": 1, "step": 6000, "of": 13177, "rows_per_s": 981, "loss": 7.8686}
{"epoch": 1, "step": 6200, "of": 13177, "rows_per_s": 980, "loss": 7.8245}
{"epoch": 1, "step": 6400, "of": 13177, "rows_per_s": 980, "loss": 7.7832}
{"epoch": 1, "step": 6600, "of": 13177, "rows_per_s": 979, "loss": 7.7435}
{"epoch": 1, "step": 6800, "of": 13177, "rows_per_s": 980, "loss": 7.706}
{"epoch": 1, "step": 7000, "of": 13177, "rows_per_s": 980, "loss": 7.6695}
{"epoch": 1, "step": 7200, "of": 13177, "rows_per_s": 975, "loss": 7.6343}
{"epoch": 1, "step": 7400, "of": 13177, "rows_per_s": 967, "loss": 7.6012}
{"epoch": 1, "step": 7600, "of": 13177, "rows_per_s": 965, "loss": 7.5691}
{"epoch": 1, "step": 7800, "of": 13177, "rows_per_s": 960, "loss": 7.5377}
{"epoch": 1, "step": 8000, "of": 13177, "rows_per_s": 959, "loss": 7.5075}
{"epoch": 1, "step": 8200, "of": 13177, "rows_per_s": 959, "loss": 7.4789}
{"epoch": 1, "step": 8400, "of": 13177, "rows_per_s": 959, "loss": 7.4519}
{"epoch": 1, "step": 8600, "of": 13177, "rows_per_s": 959, "loss": 7.4248}
{"epoch": 1, "step": 8800, "of": 13177, "rows_per_s": 959, "loss": 7.3989}
{"epoch": 1, "step": 9000, "of": 13177, "rows_per_s": 959, "loss": 7.3737}
{"epoch": 1, "step": 9200, "of": 13177, "rows_per_s": 958, "loss": 7.3491}
{"epoch": 1, "step": 9400, "of": 13177, "rows_per_s": 958, "loss": 7.3255}
{"epoch": 1, "step": 9600, "of": 13177, "rows_per_s": 958, "loss": 7.3022}
{"epoch": 1, "step": 9800, "of": 13177, "rows_per_s": 958, "loss": 7.2805}
{"epoch": 1, "step": 10000, "of": 13177, "rows_per_s": 958, "loss": 7.2597}
{"epoch": 1, "step": 10200, "of": 13177, "rows_per_s": 958, "loss": 7.2392}
{"epoch": 1, "step": 10400, "of": 13177, "rows_per_s": 958, "loss": 7.2178}
{"epoch": 1, "step": 10600, "of": 13177, "rows_per_s": 958, "loss": 7.1978}
{"epoch": 1, "step": 10800, "of": 13177, "rows_per_s": 958, "loss": 7.1782}
{"epoch": 1, "step": 11000, "of": 13177, "rows_per_s": 956, "loss": 7.1596}
{"epoch": 1, "step": 11200, "of": 13177, "rows_per_s": 949, "loss": 7.1408}
{"epoch": 1, "step": 11400, "of": 13177, "rows_per_s": 942, "loss": 7.1228}
{"epoch": 1, "step": 11600, "of": 13177, "rows_per_s": 936, "loss": 7.1056}
{"epoch": 1, "step": 11800, "of": 13177, "rows_per_s": 935, "loss": 7.0885}
{"epoch": 1, "step": 12000, "of": 13177, "rows_per_s": 935, "loss": 7.0723}
{"epoch": 1, "step": 12200, "of": 13177, "rows_per_s": 935, "loss": 7.0562}
{"epoch": 1, "step": 12400, "of": 13177, "rows_per_s": 934, "loss": 7.0404}
{"epoch": 1, "step": 12600, "of": 13177, "rows_per_s": 933, "loss": 7.0254}
{"epoch": 1, "step": 12800, "of": 13177, "rows_per_s": 929, "loss": 7.0103}
{"epoch": 1, "step": 13000, "of": 13177, "rows_per_s": 927, "loss": 6.9953}
{"cell_half_top1": 0.1793, "cell_tile_top1": 0.1793, "card_top1": 0.544, "joint_top1": 0.094, "cell_nll": 3.3533, "gate_acc": 0.7886, "gate_bal_acc": 0.6276, "wait_top1": 0.4341, "value_acc": 0.5073, "place_hit": 0.1793, "place_1t": 0.2831, "place_dist": 4.591, "emb_cosine": 0.9247, "n_play": 7344, "n": 30000, "epoch": 1, "train_loss": 6.9824, "train_seconds": 3643.5, "seconds": 3661, "gpu_peak_mb": 3694}
{"v3val": {"cell_half_top1": 0.1728, "cell_tile_top1": 0.1726, "card_top1": 0.5811, "joint_top1": 0.0917, "cell_nll": 3.4082, "gate_acc": 0.7887, "gate_bal_acc": 0.6835, "wait_top1": 0.4958, "value_acc": 0.6396, "place_hit": 0.1728, "place_1t": 0.2808, "place_dist": 3.9584, "emb_cosine": 0.9259, "n_play": 3796, "n": 13761}}
{"epoch": 2, "step": 200, "of": 13177, "rows_per_s": 769, "loss": 6.0221}
{"epoch": 2, "step": 400, "of": 13177, "rows_per_s": 767, "loss": 6.0243}
{"epoch": 2, "step": 600, "of": 13177, "rows_per_s": 792, "loss": 6.0164}
{"epoch": 2, "step": 800, "of": 13177, "rows_per_s": 811, "loss": 6.0041}
{"epoch": 2, "step": 1000, "of": 13177, "rows_per_s": 824, "loss": 6.0013}
{"epoch": 2, "step": 1200, "of": 13177, "rows_per_s": 834, "loss": 5.9967}
{"epoch": 2, "step": 1400, "of": 13177, "rows_per_s": 842, "loss": 5.9921}
{"epoch": 2, "step": 1600, "of": 13177, "rows_per_s": 850, "loss": 5.9895}
{"epoch": 2, "step": 1800, "of": 13177, "rows_per_s": 860, "loss": 5.9865}
{"epoch": 2, "step": 2000, "of": 13177, "rows_per_s": 874, "loss": 5.9843}
{"epoch": 2, "step": 2200, "of": 13177, "rows_per_s": 885, "loss": 5.9804}
{"epoch": 2, "step": 2400, "of": 13177, "rows_per_s": 895, "loss": 5.977}
{"epoch": 2, "step": 2600, "of": 13177, "rows_per_s": 902, "loss": 5.9726}
{"epoch": 2, "step": 2800, "of": 13177, "rows_per_s": 909, "loss": 5.9678}
{"epoch": 2, "step": 3000, "of": 13177, "rows_per_s": 915, "loss": 5.9651}
{"epoch": 2, "step": 3200, "of": 13177, "rows_per_s": 920, "loss": 5.9629}
{"epoch": 2, "step": 3400, "of": 13177, "rows_per_s": 924, "loss": 5.9589}
{"epoch": 2, "step": 3600, "of": 13177, "rows_per_s": 928, "loss": 5.9567}
{"epoch": 2, "step": 3800, "of": 13177, "rows_per_s": 931, "loss": 5.9541}
{"epoch": 2, "step": 4000, "of": 13177, "rows_per_s": 933, "loss": 5.9513}
{"epoch": 2, "step": 4200, "of": 13177, "rows_per_s": 934, "loss": 5.948}
{"epoch": 2, "step": 4400, "of": 13177, "rows_per_s": 934, "loss": 5.9457}
{"epoch": 2, "step": 4600, "of": 13177, "rows_per_s": 932, "loss": 5.9421}
{"epoch": 2, "step": 4800, "of": 13177, "rows_per_s": 930, "loss": 5.9387}
{"epoch": 2, "step": 5000, "of": 13177, "rows_per_s": 929, "loss": 5.937}
{"epoch": 2, "step": 5200, "of": 13177, "rows_per_s": 930, "loss": 5.9338}
{"epoch": 2, "step": 5400, "of": 13177, "rows_per_s": 932, "loss": 5.9309}
{"epoch": 2, "step": 5600, "of": 13177, "rows_per_s": 933, "loss": 5.9271}
{"epoch": 2, "step": 5800, "of": 13177, "rows_per_s": 935, "loss": 5.9235}
{"epoch": 2, "step": 6000, "of": 13177, "rows_per_s": 936, "loss": 5.9205}
{"epoch": 2, "step": 6200, "of": 13177, "rows_per_s": 938, "loss": 5.9176}
{"epoch": 2, "step": 6400, "of": 13177, "rows_per_s": 939, "loss": 5.9149}
{"epoch": 2, "step": 6600, "of": 13177, "rows_per_s": 940, "loss": 5.9121}
{"epoch": 2, "step": 6800, "of": 13177, "rows_per_s": 942, "loss": 5.9094}
{"epoch": 2, "step": 7000, "of": 13177, "rows_per_s": 944, "loss": 5.9062}
{"epoch": 2, "step": 7200, "of": 13177, "rows_per_s": 945, "loss": 5.9047}
{"epoch": 2, "step": 7400, "of": 13177, "rows_per_s": 947, "loss": 5.902}
{"epoch": 2, "step": 7600, "of": 13177, "rows_per_s": 949, "loss": 5.9}
{"epoch": 2, "step": 7800, "of": 13177, "rows_per_s": 950, "loss": 5.8976}
{"epoch": 2, "step": 8000, "of": 13177, "rows_per_s": 951, "loss": 5.8953}
{"epoch": 2, "step": 8200, "of": 13177, "rows_per_s": 953, "loss": 5.8932}
{"epoch": 2, "step": 8400, "of": 13177, "rows_per_s": 954, "loss": 5.8914}
{"epoch": 2, "step": 8600, "of": 13177, "rows_per_s": 955, "loss": 5.8892}
{"epoch": 2, "step": 8800, "of": 13177, "rows_per_s": 956, "loss": 5.8875}
{"epoch": 2, "step": 9000, "of": 13177, "rows_per_s": 957, "loss": 5.8849}
{"epoch": 2, "step": 9200, "of": 13177, "rows_per_s": 956, "loss": 5.8818}
{"epoch": 2, "step": 9400, "of": 13177, "rows_per_s": 956, "loss": 5.8798}
{"epoch": 2, "step": 9600, "of": 13177, "rows_per_s": 956, "loss": 5.8776}
{"epoch": 2, "step": 9800, "of": 13177, "rows_per_s": 957, "loss": 5.8761}
{"epoch": 2, "step": 10000, "of": 13177, "rows_per_s": 957, "loss": 5.8735}
{"epoch": 2, "step": 10200, "of": 13177, "rows_per_s": 958, "loss": 5.871}
{"epoch": 2, "step": 10400, "of": 13177, "rows_per_s": 958, "loss": 5.8687}
{"epoch": 2, "step": 10600, "of": 13177, "rows_per_s": 959, "loss": 5.8664}
{"epoch": 2, "step": 10800, "of": 13177, "rows_per_s": 958, "loss": 5.8646}
{"epoch": 2, "step": 11000, "of": 13177, "rows_per_s": 953, "loss": 5.8629}
{"epoch": 2, "step": 11200, "of": 13177, "rows_per_s": 933, "loss": 5.8605}
{"epoch": 2, "step": 11400, "of": 13177, "rows_per_s": 925, "loss": 5.8586}
{"epoch": 2, "step": 11600, "of": 13177, "rows_per_s": 925, "loss": 5.8569}
{"epoch": 2, "step": 11800, "of": 13177, "rows_per_s": 924, "loss": 5.8548}
{"epoch": 2, "step": 12000, "of": 13177, "rows_per_s": 924, "loss": 5.8529}
{"epoch": 2, "step": 12200, "of": 13177, "rows_per_s": 924, "loss": 5.851}
{"epoch": 2, "step": 12400, "of": 13177, "rows_per_s": 920, "loss": 5.8493}
{"epoch": 2, "step": 12600, "of": 13177, "rows_per_s": 906, "loss": 5.8476}
{"epoch": 2, "step": 12800, "of": 13177, "rows_per_s": 906, "loss": 5.8458}
{"epoch": 2, "step": 13000, "of": 13177, "rows_per_s": 907, "loss": 5.8437}
{"cell_half_top1": 0.1999, "cell_tile_top1": 0.1998, "card_top1": 0.5765, "joint_top1": 0.119, "cell_nll": 3.1999, "gate_acc": 0.8012, "gate_bal_acc": 0.6983, "wait_top1": 0.4689, "value_acc": 0.5325, "place_hit": 0.1999, "place_1t": 0.3061, "place_dist": 4.3312, "emb_cosine": 0.8362, "n_play": 7344, "n": 30000, "epoch": 2, "train_loss": 5.8415, "train_seconds": 3720.1, "seconds": 7394, "gpu_peak_mb": 3694}
{"v3val": {"cell_half_top1": 0.1963, "cell_tile_top1": 0.1963, "card_top1": 0.6209, "joint_top1": 0.122, "cell_nll": 3.2207, "gate_acc": 0.814, "gate_bal_acc": 0.7663, "wait_top1": 0.5069, "value_acc": 0.6958, "place_hit": 0.1963, "place_1t": 0.3087, "place_dist": 3.6802, "emb_cosine": 0.8398, "n_play": 3796, "n": 13761}}
{"epoch": 3, "step": 200, "of": 13177, "rows_per_s": 936, "loss": 5.6703}
{"epoch": 3, "step": 400, "of": 13177, "rows_per_s": 952, "loss": 5.6824}
{"epoch": 3, "step": 600, "of": 13177, "rows_per_s": 957, "loss": 5.6719}
{"epoch": 3, "step": 800, "of": 13177, "rows_per_s": 961, "loss": 5.6728}
{"epoch": 3, "step": 1000, "of": 13177, "rows_per_s": 963, "loss": 5.6739}
{"epoch": 3, "step": 1200, "of": 13177, "rows_per_s": 964, "loss": 5.6701}
{"epoch": 3, "step": 1400, "of": 13177, "rows_per_s": 965, "loss": 5.6703}
{"epoch": 3, "step": 1600, "of": 13177, "rows_per_s": 964, "loss": 5.6689}
{"epoch": 3, "step": 1800, "of": 13177, "rows_per_s": 962, "loss": 5.6684}
{"epoch": 3, "step": 2000, "of": 13177, "rows_per_s": 960, "loss": 5.6649}
{"epoch": 3, "step": 2200, "of": 13177, "rows_per_s": 956, "loss": 5.6667}
{"epoch": 3, "step": 2400, "of": 13177, "rows_per_s": 954, "loss": 5.6652}
{"epoch": 3, "step": 2600, "of": 13177, "rows_per_s": 954, "loss": 5.6643}
{"epoch": 3, "step": 2800, "of": 13177, "rows_per_s": 797, "loss": 5.6639}
{"epoch": 3, "step": 3000, "of": 13177, "rows_per_s": 703, "loss": 5.6632}
{"epoch": 3, "step": 3200, "of": 13177, "rows_per_s": 651, "loss": 5.6626}
{"epoch": 3, "step": 3400, "of": 13177, "rows_per_s": 662, "loss": 5.6609}
{"epoch": 3, "step": 3600, "of": 13177, "rows_per_s": 673, "loss": 5.6588}
{"epoch": 3, "step": 3800, "of": 13177, "rows_per_s": 684, "loss": 5.6572}
{"epoch": 3, "step": 4000, "of": 13177, "rows_per_s": 694, "loss": 5.6547}
{"epoch": 3, "step": 4200, "of": 13177, "rows_per_s": 703, "loss": 5.6541}
{"epoch": 3, "step": 4400, "of": 13177, "rows_per_s": 711, "loss": 5.653}
{"epoch": 3, "step": 4600, "of": 13177, "rows_per_s": 718, "loss": 5.6513}
{"epoch": 3, "step": 4800, "of": 13177, "rows_per_s": 727, "loss": 5.6502}
{"epoch": 3, "step": 5000, "of": 13177, "rows_per_s": 735, "loss": 5.6495}
{"epoch": 3, "step": 5200, "of": 13177, "rows_per_s": 741, "loss": 5.6482}
{"epoch": 3, "step": 5400, "of": 13177, "rows_per_s": 747, "loss": 5.6488}
{"epoch": 3, "step": 5600, "of": 13177, "rows_per_s": 753, "loss": 5.6476}
{"epoch": 3, "step": 5800, "of": 13177, "rows_per_s": 730, "loss": 5.6463}
{"epoch": 3, "step": 6000, "of": 13177, "rows_per_s": 707, "loss": 5.6451}
{"epoch": 3, "step": 6200, "of": 13177, "rows_per_s": 706, "loss": 5.6433}
{"epoch": 3, "step": 6400, "of": 13177, "rows_per_s": 709, "loss": 5.6425}
{"epoch": 3, "step": 6600, "of": 13177, "rows_per_s": 714, "loss": 5.6409}
{"epoch": 3, "step": 6800, "of": 13177, "rows_per_s": 719, "loss": 5.6395}
{"epoch": 3, "step": 7000, "of": 13177, "rows_per_s": 723, "loss": 5.6378}
{"epoch": 3, "step": 7200, "of": 13177, "rows_per_s": 727, "loss": 5.637}
{"epoch": 3, "step": 7400, "of": 13177, "rows_per_s": 731, "loss": 5.6362}
{"epoch": 3, "step": 7600, "of": 13177, "rows_per_s": 735, "loss": 5.6352}
{"epoch": 3, "step": 7800, "of": 13177, "rows_per_s": 739, "loss": 5.633}
{"epoch": 3, "step": 8000, "of": 13177, "rows_per_s": 741, "loss": 5.6324}
{"epoch": 3, "step": 8200, "of": 13177, "rows_per_s": 746, "loss": 5.6312}
{"epoch": 3, "step": 8400, "of": 13177, "rows_per_s": 751, "loss": 5.6302}
{"epoch": 3, "step": 8600, "of": 13177, "rows_per_s": 755, "loss": 5.6287}
{"epoch": 3, "step": 8800, "of": 13177, "rows_per_s": 759, "loss": 5.6272}
{"epoch": 3, "step": 9000, "of": 13177, "rows_per_s": 764, "loss": 5.6252}
{"epoch": 3, "step": 9200, "of": 13177, "rows_per_s": 768, "loss": 5.6237}
{"epoch": 3, "step": 9400, "of": 13177, "rows_per_s": 772, "loss": 5.6219}
{"epoch": 3, "step": 9600, "of": 13177, "rows_per_s": 775, "loss": 5.6207}
{"epoch": 3, "step": 9800, "of": 13177, "rows_per_s": 779, "loss": 5.6192}
{"epoch": 3, "step": 10000, "of": 13177, "rows_per_s": 782, "loss": 5.6177}
{"epoch": 3, "step": 10200, "of": 13177, "rows_per_s": 786, "loss": 5.6167}
{"epoch": 3, "step": 10400, "of": 13177, "rows_per_s": 789, "loss": 5.6159}
{"epoch": 3, "step": 10600, "of": 13177, "rows_per_s": 791, "loss": 5.6153}
{"epoch": 3, "step": 10800, "of": 13177, "rows_per_s": 793, "loss": 5.6149}
{"epoch": 3, "step": 11000, "of": 13177, "rows_per_s": 795, "loss": 5.6139}
{"epoch": 3, "step": 11200, "of": 13177, "rows_per_s": 794, "loss": 5.6132}
{"epoch": 3, "step": 11400, "of": 13177, "rows_per_s": 789, "loss": 5.6128}
{"epoch": 3, "step": 11600, "of": 13177, "rows_per_s": 767, "loss": 5.6124}
{"epoch": 3, "step": 11800, "of": 13177, "rows_per_s": 765, "loss": 5.6113}
{"epoch": 3, "step": 12000, "of": 13177, "rows_per_s": 764, "loss": 5.6102}
{"epoch": 3, "step": 12200, "of": 13177, "rows_per_s": 763, "loss": 5.6095}
{"epoch": 3, "step": 12400, "of": 13177, "rows_per_s": 762, "loss": 5.6087}
{"epoch": 3, "step": 12600, "of": 13177, "rows_per_s": 762, "loss": 5.6077}
{"epoch": 3, "step": 12800, "of": 13177, "rows_per_s": 762, "loss": 5.607}
{"epoch": 3, "step": 13000, "of": 13177, "rows_per_s": 762, "loss": 5.6063}
{"cell_half_top1": 0.2093, "cell_tile_top1": 0.2096, "card_top1": 0.5976, "joint_top1": 0.126, "cell_nll": 3.1268, "gate_acc": 0.8098, "gate_bal_acc": 0.6883, "wait_top1": 0.4758, "value_acc": 0.5365, "place_hit": 0.2093, "place_1t": 0.3215, "place_dist": 4.2069, "emb_cosine": 0.7585, "n_play": 7344, "n": 30000, "epoch": 3, "train_loss": 5.6057, "train_seconds": 4422.1, "seconds": 11832, "gpu_peak_mb": 3694}
{"v3val": {"cell_half_top1": 0.2044, "cell_tile_top1": 0.2044, "card_top1": 0.6452, "joint_top1": 0.1307, "cell_nll": 3.1481, "gate_acc": 0.826, "gate_bal_acc": 0.7594, "wait_top1": 0.5157, "value_acc": 0.7046, "place_hit": 0.2044, "place_1t": 0.3227, "place_dist": 3.6133, "emb_cosine": 0.7643, "n_play": 3796, "n": 13761}}
{"epoch": 4, "step": 200, "of": 13177, "rows_per_s": 792, "loss": 5.5117}
{"epoch": 4, "step": 400, "of": 13177, "rows_per_s": 775, "loss": 5.4974}
{"epoch": 4, "step": 600, "of": 13177, "rows_per_s": 807, "loss": 5.5057}
{"epoch": 4, "step": 800, "of": 13177, "rows_per_s": 829, "loss": 5.5085}
{"epoch": 4, "step": 1000, "of": 13177, "rows_per_s": 843, "loss": 5.5073}
{"epoch": 4, "step": 1200, "of": 13177, "rows_per_s": 850, "loss": 5.5003}
{"epoch": 4, "step": 1400, "of": 13177, "rows_per_s": 855, "loss": 5.5033}
{"epoch": 4, "step": 1600, "of": 13177, "rows_per_s": 862, "loss": 5.5047}
{"epoch": 4, "step": 1800, "of": 13177, "rows_per_s": 868, "loss": 5.5066}
{"epoch": 4, "step": 2000, "of": 13177, "rows_per_s": 878, "loss": 5.5079}
{"epoch": 4, "step": 2200, "of": 13177, "rows_per_s": 885, "loss": 5.5086}
{"epoch": 4, "step": 2400, "of": 13177, "rows_per_s": 890, "loss": 5.5068}
{"epoch": 4, "step": 2600, "of": 13177, "rows_per_s": 896, "loss": 5.5076}
{"epoch": 4, "step": 2800, "of": 13177, "rows_per_s": 901, "loss": 5.5056}
{"epoch": 4, "step": 3000, "of": 13177, "rows_per_s": 905, "loss": 5.5032}
{"epoch": 4, "step": 3200, "of": 13177, "rows_per_s": 909, "loss": 5.503}
{"epoch": 4, "step": 3400, "of": 13177, "rows_per_s": 912, "loss": 5.5042}
{"epoch": 4, "step": 3600, "of": 13177, "rows_per_s": 915, "loss": 5.5017}
{"epoch": 4, "step": 3800, "of": 13177, "rows_per_s": 917, "loss": 5.5017}
{"epoch": 4, "step": 4000, "of": 13177, "rows_per_s": 918, "loss": 5.5017}
{"epoch": 4, "step": 4200, "of": 13177, "rows_per_s": 919, "loss": 5.5011}
{"epoch": 4, "step": 4400, "of": 13177, "rows_per_s": 921, "loss": 5.5013}
{"epoch": 4, "step": 4600, "of": 13177, "rows_per_s": 924, "loss": 5.5008}
{"epoch": 4, "step": 4800, "of": 13177, "rows_per_s": 925, "loss": 5.501}
{"epoch": 4, "step": 5000, "of": 13177, "rows_per_s": 925, "loss": 5.5013}
{"epoch": 4, "step": 5200, "of": 13177, "rows_per_s": 923, "loss": 5.5023}
{"epoch": 4, "step": 5400, "of": 13177, "rows_per_s": 921, "loss": 5.5026}
{"epoch": 4, "step": 5600, "of": 13177, "rows_per_s": 920, "loss": 5.5032}
{"epoch": 4, "step": 5800, "of": 13177, "rows_per_s": 915, "loss": 5.5028}
{"epoch": 4, "step": 6000, "of": 13177, "rows_per_s": 909, "loss": 5.503}
{"epoch": 4, "step": 6200, "of": 13177, "rows_per_s": 904, "loss": 5.5033}
{"epoch": 4, "step": 6400, "of": 13177, "rows_per_s": 900, "loss": 5.5021}
{"epoch": 4, "step": 6600, "of": 13177, "rows_per_s": 896, "loss": 5.5009}
{"epoch": 4, "step": 6800, "of": 13177, "rows_per_s": 895, "loss": 5.5016}
{"epoch": 4, "step": 7000, "of": 13177, "rows_per_s": 884, "loss": 5.5021}
{"epoch": 4, "step": 7200, "of": 13177, "rows_per_s": 884, "loss": 5.5022}
{"epoch": 4, "step": 7400, "of": 13177, "rows_per_s": 883, "loss": 5.501}
{"epoch": 4, "step": 7600, "of": 13177, "rows_per_s": 804, "loss": 5.5002}
{"epoch": 4, "step": 7800, "of": 13177, "rows_per_s": 726, "loss": 5.4992}
{"epoch": 4, "step": 8000, "of": 13177, "rows_per_s": 661, "loss": 5.4997}
{"epoch": 4, "step": 8200, "of": 13177, "rows_per_s": 610, "loss": 5.4988}
{"epoch": 4, "step": 8400, "of": 13177, "rows_per_s": 567, "loss": 5.4986}
{"epoch": 4, "step": 8600, "of": 13177, "rows_per_s": 539, "loss": 5.4985}
{"epoch": 4, "step": 8800, "of": 13177, "rows_per_s": 506, "loss": 5.4979}
{"epoch": 4, "step": 9000, "of": 13177, "rows_per_s": 480, "loss": 5.4972}
{"epoch": 4, "step": 9200, "of": 13177, "rows_per_s": 460, "loss": 5.4966}
{"epoch": 4, "step": 9400, "of": 13177, "rows_per_s": 444, "loss": 5.4963}
{"epoch": 4, "step": 9600, "of": 13177, "rows_per_s": 429, "loss": 5.4955}
{"epoch": 4, "step": 9800, "of": 13177, "rows_per_s": 417, "loss": 5.4949}
{"epoch": 4, "step": 10000, "of": 13177, "rows_per_s": 405, "loss": 5.4948}
{"epoch": 4, "step": 10200, "of": 13177, "rows_per_s": 394, "loss": 5.4943}
{"epoch": 4, "step": 10400, "of": 13177, "rows_per_s": 383, "loss": 5.494}
{"epoch": 4, "step": 10600, "of": 13177, "rows_per_s": 373, "loss": 5.494}
{"epoch": 4, "step": 10800, "of": 13177, "rows_per_s": 372, "loss": 5.4933}
{"epoch": 4, "step": 11000, "of": 13177, "rows_per_s": 361, "loss": 5.4925}
{"epoch": 4, "step": 11200, "of": 13177, "rows_per_s": 352, "loss": 5.4925}
{"epoch": 4, "step": 11400, "of": 13177, "rows_per_s": 343, "loss": 5.4924}
{"epoch": 4, "step": 11600, "of": 13177, "rows_per_s": 335, "loss": 5.4923}
{"epoch": 4, "step": 11800, "of": 13177, "rows_per_s": 327, "loss": 5.4919}
{"epoch": 4, "step": 12000, "of": 13177, "rows_per_s": 320, "loss": 5.4917}
{"epoch": 4, "step": 12200, "of": 13177, "rows_per_s": 314, "loss": 5.4916}
{"epoch": 4, "step": 12400, "of": 13177, "rows_per_s": 307, "loss": 5.4913}
{"epoch": 4, "step": 12600, "of": 13177, "rows_per_s": 302, "loss": 5.491}
{"epoch": 4, "step": 12800, "of": 13177, "rows_per_s": 296, "loss": 5.4911}
{"epoch": 4, "step": 13000, "of": 13177, "rows_per_s": 292, "loss": 5.491}
{"cell_half_top1": 0.2116, "cell_tile_top1": 0.212, "card_top1": 0.6016, "joint_top1": 0.1298, "cell_nll": 3.1081, "gate_acc": 0.813, "gate_bal_acc": 0.7049, "wait_top1": 0.4808, "value_acc": 0.5362, "place_hit": 0.2116, "place_1t": 0.3194, "place_dist": 4.1418, "emb_cosine": 0.7314, "n_play": 7344, "n": 30000, "epoch": 4, "train_loss": 5.4907, "train_seconds": 11651.4, "seconds": 23508, "gpu_peak_mb": 3694}
{"v3val": {"cell_half_top1": 0.2071, "cell_tile_top1": 0.2071, "card_top1": 0.6457, "joint_top1": 0.138, "cell_nll": 3.128, "gate_acc": 0.8285, "gate_bal_acc": 0.7669, "wait_top1": 0.5215, "value_acc": 0.704, "place_hit": 0.2071, "place_1t": 0.3227, "place_dist": 3.5641, "emb_cosine": 0.7371, "n_play": 3796, "n": 13761}}
{"FINAL": "s0", "epoch": 4, "val_cell_half": 0.21160130718954248, "val_card": 0.6015795206971678, "v3val_cell_half": 0.20706006322444678, "v3val_card": 0.6456796628029505, "v3val_gate_bal": 0.7669375215784222, "train_cell_half": 0.21483583299554115, "n_params": 1337678}
