weak classes x1.5: ['Golem', 'Mega Knight'] (overall live 0.502); expected mirror share 0.0439; census decks 1000; live classes absent from census ['P.E.K.K.A']; census classes absent live []
class                          decks   cen# cenSides R1eTrain   live  target   R2 s8   R2 s0
Hog (incl. Royal Hogs)           143   14.3%    19.6%    10.2%  18.4%   17.2%   17.0%   17.0%
Giant (incl. Goblin/Electro)     127   12.7%    12.3%     8.3%  13.4%   12.6%   12.5%   12.5%
Golem                            104   10.4%    10.0%     6.5%  12.9%   18.2%   18.6%   18.1%
Ram/Bridge spam                  152   15.2%    15.2%     9.4%  10.4%    9.8%    9.5%    9.8%
Other/no clear wincon             46    4.6%     3.0%     2.7%   9.5%    8.9%    8.9%    8.8%
Spawners (Witch/huts)             56    5.6%     5.7%     3.7%   7.5%    7.0%    7.0%    7.0%
Balloon                           69    6.9%     8.2%     5.2%   6.0%    5.6%    5.5%    5.5%
Royal Giant                       37    3.7%     3.6%     2.2%   4.5%    4.2%    4.2%    3.8%
X-Bow/Mortar                      78    7.8%     8.5%    41.0%   4.5%    4.5%    4.4%    5.5%
Graveyard                         61    6.1%     4.4%     3.4%   3.0%    2.8%    3.0%    2.8%
Mega Knight                        8    0.8%     0.3%     0.4%   3.0%    4.2%    4.2%    4.5%
Bait                              33    3.3%     3.4%     2.1%   2.0%    1.9%    1.8%    1.8%
Miner                             36    3.6%     2.3%     2.0%   2.0%    1.9%    2.0%    1.7%
Lava Hound                        50    5.0%     3.5%     2.7%   1.5%    1.4%    1.5%    1.4%
P.E.K.K.A                          0    0.0%     0.0%     0.0%   1.5%    0.0%    0.0%    0.0%
rake: {"stage1_census": {"has Witch/Night Witch": 0.1732855607458794, "heavy tank": 0.5230344203752415, "MegaKnight card": 0.06448535538262685}, "want_census": {"has Witch/Night Witch": 0.3284509795009318, "heavy tank": 0.515153822723119, "MegaKnight card": 0.13447521865889214}, "mode": "priority: heavy exact > Witch max (MK at live) > MK max", "lambda_witch": 0.925445556640625, "lambda_mk": 0.2957000732421875, "realized_census": {"has Witch/Night Witch": 0.3168828094435155, "heavy tank": 0.5151541711914718, "MegaKnight card": 0.1057321137544936}, "max_ratio_to_stage1": 3.0, "n_at_cap": 30, "decks_for_50pct_mass": {"stage1": 210, "raked": 157, "of": 1000}}
trait opponent targets {"has Witch/Night Witch": 0.31403118040089084, "heavy tank": 0.4925373134328358, "MegaKnight card": 0.1285714285714286} rule {"live_ci_hi": {"has Witch/Night Witch": 0.48329340494697026, "heavy tank": 0.48227014772405, "MegaKnight card": 0.3922249963835924}, "tilted": {"has Witch/Night Witch": true, "MegaKnight card": true, "heavy tank": false}, "heavy_tank_rule_would_tilt_to": 0.592814371257485}
trait                                   cen#            R1eTrain   live           R2 s8   R2 s0
has Witch/Night Witch                  10.3%               6.7%  23.4%   31.4%   30.8%   30.4%
heavy tank                             45.7%              28.5%  49.3%   49.3%   49.8%   48.8%
MegaKnight card                         3.6%               2.2%   9.0%   12.9%   10.2%   10.1%
snaps0: icebow mirror 0.0543  opp s1 0.0335  learner icebow 1.000
snaps1: icebow mirror 0.0543  opp s1 0.0335  learner icebow 1.000
snaps8: icebow mirror 0.0430  opp s1 0.0237  learner icebow 1.000
exit 0
