{"e1_eval": "eval", "policy": "none", "port": 38031, "tasks": 60, "already_done": 0, "grid": "lattice", "tau": 0.27}
[e1_eval] 1/60 009YLQLLLUPY k=0 loss 0-3 127.3s plays 0/0 wall 7.1s
[e1_eval] 2/60 10b27ce5fbc24337a2a33d9413a36586 k=0 loss 0-3 66.3s plays 0/0 wall 4.7s
[e1_eval] 3/60 d69f794b566f4e079c2b7dd701134d60 k=0 loss 0-3 65.8s plays 0/0 wall 4.5s
[e1_eval] 4/60 00GYPL2GC9CG k=0 loss 0-3 97.2s plays 0/0 wall 7.0s
[e1_eval] 5/60 02PYPCUP2LRJ k=0 loss 0-3 83.8s plays 0/0 wall 5.9s
[e1_eval] 6/60 00QYPG28P8QV k=0 loss 0-3 84.8s plays 0/0 wall 5.7s
[e1_eval] 7/60 002YLQQ0J90P k=0 loss 0-3 77.9s plays 0/0 wall 5.3s
[e1_eval] 8/60 13861f35db384129b7bfd7089d49b218 k=0 loss 0-3 60.1s plays 0/0 wall 3.6s
[e1_eval] 9/60 08UPPVRC8YCY k=0 loss 0-3 70.5s plays 0/0 wall 4.3s
[e1_eval] 10/60 02GY9GJURY8G k=0 loss 0-3 72.0s plays 0/0 wall 4.2s
[e1_eval] 11/60 02PP9CQ0Q2U2 k=0 loss 0-2 184.1s plays 0/0 wall 10.1s
[e1_eval] 12/60 08QPVCU8R229 k=0 loss 0-3 100.1s plays 0/0 wall 6.2s
[e1_eval] 13/60 e212964155da4a348a631cd4a166c1ca k=0 loss 0-3 82.0s plays 0/0 wall 5.3s
[e1_eval] 14/60 f62e2780f2834f8a827bf061f0b0727e k=0 loss 0-3 82.6s plays 0/0 wall 5.2s
[e1_eval] 15/60 445d8a5a397649298de59a36c3ce9072 k=0 loss 0-3 66.2s plays 0/0 wall 4.2s
[e1_eval] 16/60 3773ce435cd548fda0ea05964ce0dd1a k=0 loss 0-3 99.8s plays 0/0 wall 6.1s
[e1_eval] 17/60 022YYYUVGPUU k=0 loss 0-3 120.0s plays 0/0 wall 7.1s
[e1_eval] 18/60 08YY89PLCPL8 k=0 loss 0-3 101.2s plays 0/0 wall 5.7s
[e1_eval] 19/60 4ff95634751b4e6c82f407175a216923 k=0 loss 0-3 97.9s plays 0/0 wall 5.1s
[e1_eval] 20/60 784570834ad344c2a6f9c479b0e90a43 k=0 loss 0-3 73.5s plays 0/0 wall 3.8s
[e1_eval] 21/60 333ebb5673884328a477960a9ce4a14b k=0 loss 0-3 112.6s plays 0/0 wall 7.0s
[e1_eval] 22/60 00UYPQ9ULVP2 k=0 loss 0-3 75.5s plays 0/0 wall 5.9s
[e1_eval] 23/60 09R9JUPQLJJP k=0 loss 0-3 80.1s plays 0/0 wall 5.1s
[e1_eval] 24/60 93367126d7144d7885c74014a865e397 k=0 loss 0-3 102.9s plays 0/0 wall 7.4s
[e1_eval] 25/60 009YLGLPG8JR k=0 loss 0-3 76.2s plays 0/0 wall 5.0s
[e1_eval] 26/60 a5d6cae532c54e05ab25a977bfc1089d k=0 loss 0-3 113.2s plays 0/0 wall 6.6s
[e1_eval] 27/60 70d0014a27c8440fa888dfe4b205e922 k=0 loss 0-1 184.1s plays 0/0 wall 10.3s
[e1_eval] 28/60 08JPVCUVCQ00 k=0 loss 0-3 60.1s plays 0/0 wall 4.2s
[e1_eval] 29/60 08UPPUU8GYQG k=0 loss 0-3 52.5s plays 0/0 wall 3.0s
[e1_eval] 30/60 00VYPLRPJUVG k=0 loss 0-3 50.5s plays 0/0 wall 2.7s
[e1_eval] 31/60 02GY9R02LUU8 k=0 loss 0-3 65.4s plays 0/0 wall 3.8s
[e1_eval] 32/60 000YLY2VQ92P k=0 loss 0-3 57.0s plays 0/0 wall 4.2s
[e1_eval] 33/60 659fa48091704b7eb76b640b7774e206 k=0 loss 0-3 153.5s plays 0/0 wall 9.3s
[e1_eval] 34/60 b8945a53587c4ec8bc6a902fc7089f1a k=0 loss 0-3 72.4s plays 0/0 wall 4.7s
[e1_eval] 35/60 088Y88LLCJRY k=0 loss 0-3 54.7s plays 0/0 wall 3.0s
[e1_eval] 36/60 79dfd91aba534b64ab875ee2ed35a9ea k=0 loss 0-3 140.2s plays 0/0 wall 8.1s
[e1_eval] 37/60 e1d656106c734c8686ef40488e3e92d1 k=0 loss 0-3 78.6s plays 0/0 wall 4.7s
[e1_eval] 38/60 029YPUPRUYQ0 k=0 loss 0-3 143.0s plays 0/0 wall 7.8s
[e1_eval] 39/60 09PP9J908PYU k=0 loss 0-3 88.6s plays 0/0 wall 5.2s
[e1_eval] 40/60 46c06d42c9124563ac6495965998dd22 k=0 loss 0-3 155.2s plays 0/0 wall 8.4s
[e1_eval] 41/60 01852645ef994048bbdecb079c42cbe5 k=0 loss 0-3 102.2s plays 0/0 wall 6.4s
[e1_eval] 42/60 8be1cf0ec9b540ba8cc916e37d406fe9 k=0 loss 0-1 184.1s plays 0/0 wall 10.7s
[e1_eval] 43/60 02JY9GL9Y90C k=0 loss 0-3 60.2s plays 0/0 wall 3.9s
[e1_eval] 44/60 f757cf661bb647c898fdeda88edad75a k=0 loss 0-3 137.1s plays 0/0 wall 7.8s
[e1_eval] 45/60 02RY9GR9C92G k=0 loss 0-3 139.5s plays 0/0 wall 8.9s
[e1_eval] 46/60 099P9CJY9LYQ k=0 loss 0-3 57.5s plays 0/0 wall 3.2s
[e1_eval] 47/60 022YYLV9QLQJ k=0 loss 0-3 144.5s plays 0/0 wall 8.4s
[e1_eval] 48/60 000YLYYCJ8VY k=0 loss 0-3 159.6s plays 0/0 wall 11.3s
[e1_eval] 49/60 8b7ea8466be447648864043997e75bb3 k=0 loss 0-3 103.8s plays 0/0 wall 5.6s
[e1_eval] 50/60 a3d74909024e49329c08dd38085a1c11 k=0 loss 0-3 86.8s plays 0/0 wall 5.0s
[e1_eval] 51/60 18b06003f8394b0caf9d7467e2ab7cda k=0 loss 0-3 88.7s plays 0/0 wall 5.0s
[e1_eval] 52/60 09G9JUYY29J9 k=0 loss 0-3 171.3s plays 0/0 wall 9.7s
[e1_eval] 53/60 099P9CVPLU0V k=0 loss 0-3 158.2s plays 0/0 wall 9.1s
[e1_eval] 54/60 02QP8GGQLRYU k=0 loss 0-3 71.0s plays 0/0 wall 3.8s
[e1_eval] 55/60 2f08d88826cb4b66a736c445b635555e k=0 loss 0-3 82.2s plays 0/0 wall 6.9s
[e1_eval] 56/60 00QYPQLC9CQY k=0 loss 0-3 100.2s plays 0/0 wall 5.9s
[e1_eval] 57/60 08QPVRJUYQY0 k=0 loss 0-3 104.7s plays 0/0 wall 5.7s
[e1_eval] 58/60 a4250541fc8a4eda93a7a733267dae71 k=0 loss 0-3 136.8s plays 0/0 wall 7.8s
[e1_eval] 59/60 1ef9a5bdccc941b9a9f88877d84eef7f k=0 loss 0-3 119.6s plays 0/0 wall 7.5s
[e1_eval] 60/60 58a52fc9b0a043a38e8a9c8bba56825b k=0 loss 0-3 117.2s plays 0/0 wall 6.7s
{"DONE": {"new_matches": 60, "finished": "2026-09-12 17:41:30", "wall_s_mean": 6.1, "win": 0, "draw": 0, "loss": 60}}
