[rl] RESUME rl30c_lr3e5_20260924 pid 13224 config sha 061bc6bcc391 argv ['--config', 'pipeline/rl_royale.yaml', '--run', 'rl30c_lr3e5_20260924', '--resume', 'max_updates=100', 'lr=3e-5']
C:\Users\benpe\ClashBot\pipeline\model_v3.py:92: UserWarning: enable_nested_tensor is True, but self.use_nested_tensor is False because encoder_layer.norm_first was True
  self.encoder = nn.TransformerEncoder(enc, layers)
[rl] RESUME with a changed config (old, new): {'max_updates': (30, 100)}
[rl] resumed at update 30, beta 0.03
C:\Users\benpe\ClashBot\pipeline\model_v3.py:92: UserWarning: enable_nested_tensor is True, but self.use_nested_tensor is False because encoder_layer.norm_first was True
  self.encoder = nn.TransformerEncoder(enc, layers)
C:\Users\benpe\ClashBot\pipeline\model_v3.py:92: UserWarning: enable_nested_tensor is True, but self.use_nested_tensor is False because encoder_layer.norm_first was True
  self.encoder = nn.TransformerEncoder(enc, layers)
C:\Users\benpe\ClashBot\pipeline\model_v3.py:92: UserWarning: enable_nested_tensor is True, but self.use_nested_tensor is False because encoder_layer.norm_first was True
  self.encoder = nn.TransformerEncoder(enc, layers)
[rl] u0030 W/L/D 48/16/0 ppm 11.67 pgate 0.096 KL g/c/x 0.0671/0.0223/0.0840 beta 0.03->0.03 clip 0.065 mixed 6/16 rows 13419 wall roll 54s upd 39s
[rl] u0031 W/L/D 45/19/0 ppm 11.91 pgate 0.091 KL g/c/x 0.0719/0.0244/0.0856 beta 0.03->0.03 clip 0.074 mixed 9/16 rows 13127 wall roll 57s upd 35s
[rl] u0032 W/L/D 46/18/0 ppm 11.54 pgate 0.090 KL g/c/x 0.0691/0.0291/0.0801 beta 0.03->0.03 clip 0.069 mixed 8/16 rows 13284 wall roll 58s upd 34s
[rl] u0033 W/L/D 47/17/0 ppm 11.26 pgate 0.087 KL g/c/x 0.0775/0.0277/0.0761 beta 0.03->0.03 clip 0.071 mixed 7/16 rows 13314 wall roll 59s upd 35s
[rl] u0034 W/L/D 44/20/0 ppm 11.97 pgate 0.101 KL g/c/x 0.0822/0.0231/0.0747 beta 0.03->0.03 clip 0.069 mixed 9/16 rows 13474 wall roll 63s upd 37s | proagree cell 0.2047 card 0.6370 gate 0.7230
[rl] u0035 W/L/D 38/26/0 ppm 11.80 pgate 0.111 KL g/c/x 0.0800/0.0304/0.0937 beta 0.03->0.03 clip 0.065 mixed 10/16 rows 11918 wall roll 64s upd 31s
[rl] u0036 W/L/D 38/26/0 ppm 11.62 pgate 0.115 KL g/c/x 0.0877/0.0216/0.0880 beta 0.03->0.03 clip 0.065 mixed 7/16 rows 11832 wall roll 59s upd 31s
[rl] u0037 W/L/D 41/23/0 ppm 11.81 pgate 0.108 KL g/c/x 0.0906/0.0368/0.0888 beta 0.03->0.03 clip 0.066 mixed 11/16 rows 11872 wall roll 67s upd 31s
[rl] u0038 W/L/D 52/12/0 ppm 11.63 pgate 0.102 KL g/c/x 0.0763/0.0263/0.0807 beta 0.03->0.03 clip 0.071 mixed 4/16 rows 13134 wall roll 75s upd 35s
[rl] u0039 W/L/D 42/22/0 ppm 12.13 pgate 0.109 KL g/c/x 0.0776/0.0274/0.0896 beta 0.03->0.03 clip 0.062 mixed 8/16 rows 11786 wall roll 66s upd 32s | screen 0.810 d +6.3pp CI [-1.7, +14.9] (+31/-20) guards outlived 0.215->0.248 <=10dlv 0.008->0.014 refused/m 0.557->0.609 | proagree cell 0.2073 card 0.6420 gate 0.7375
[rl] u0040 W/L/D 47/17/0 ppm 11.79 pgate 0.113 KL g/c/x 0.0696/0.0196/0.0853 beta 0.03->0.03 clip 0.083 mixed 3/16 rows 10925 wall roll 57s upd 30s
[rl] u0041 W/L/D 43/21/0 ppm 11.35 pgate 0.103 KL g/c/x 0.0710/0.0228/0.0792 beta 0.03->0.03 clip 0.067 mixed 4/16 rows 11421 wall roll 60s upd 32s
[rl] u0042 W/L/D 40/24/0 ppm 11.71 pgate 0.112 KL g/c/x 0.0688/0.0198/0.0878 beta 0.03->0.03 clip 0.072 mixed 11/16 rows 11806 wall roll 74s upd 35s
[rl] u0043 W/L/D 41/23/0 ppm 11.80 pgate 0.114 KL g/c/x 0.0719/0.0219/0.0939 beta 0.03->0.03 clip 0.063 mixed 9/16 rows 12182 wall roll 67s upd 33s
[rl] u0044 W/L/D 47/17/0 ppm 11.50 pgate 0.107 KL g/c/x 0.0816/0.0253/0.0958 beta 0.03->0.03 clip 0.066 mixed 8/16 rows 11390 wall roll 61s upd 30s | proagree cell 0.2010 card 0.6336 gate 0.7275
[rl] u0045 W/L/D 42/22/0 ppm 11.55 pgate 0.109 KL g/c/x 0.0805/0.0259/0.0981 beta 0.03->0.03 clip 0.068 mixed 7/16 rows 12149 wall roll 64s upd 33s
[rl] u0046 W/L/D 45/19/0 ppm 11.21 pgate 0.106 KL g/c/x 0.0871/0.0308/0.0970 beta 0.03->0.03 clip 0.071 mixed 6/16 rows 11958 wall roll 59s upd 32s
[rl] u0047 W/L/D 42/22/0 ppm 11.87 pgate 0.115 KL g/c/x 0.0937/0.0274/0.1024 beta 0.03->0.03 clip 0.063 mixed 10/16 rows 11150 wall roll 74s upd 32s
[rl] u0048 W/L/D 38/26/0 ppm 11.87 pgate 0.118 KL g/c/x 0.0921/0.0219/0.1132 beta 0.03->0.03 clip 0.065 mixed 6/16 rows 11215 wall roll 67s upd 30s
[rl] u0049 W/L/D 25/39/0 ppm 11.89 pgate 0.134 KL g/c/x 0.0977/0.0220/0.1086 beta 0.03->0.03 clip 0.078 mixed 6/16 rows 9668 wall roll 63s upd 26s | screen 0.793 d +4.6pp CI [-2.3, +11.5] (+26/-18) guards outlived 0.215->0.254 <=10dlv 0.008->0.007 refused/m 0.557->0.649 | proagree cell 0.2047 card 0.6354 gate 0.7179
[rl] u0050 W/L/D 39/25/0 ppm 11.79 pgate 0.130 KL g/c/x 0.1036/0.0241/0.1157 beta 0.03->0.03 clip 0.077 mixed 8/16 rows 9585 wall roll 59s upd 34s
[rl] u0051 W/L/D 36/28/0 ppm 11.51 pgate 0.128 KL g/c/x 0.0722/0.0219/0.1082 beta 0.03->0.03 clip 0.076 mixed 8/16 rows 10371 wall roll 71s upd 30s
[rl] u0052 W/L/D 38/26/0 ppm 11.78 pgate 0.118 KL g/c/x 0.0751/0.0256/0.1089 beta 0.03->0.03 clip 0.081 mixed 7/16 rows 10381 wall roll 74s upd 30s
[rl] u0053 W/L/D 27/37/0 ppm 11.97 pgate 0.121 KL g/c/x 0.0725/0.0212/0.1089 beta 0.03->0.03 clip 0.075 mixed 8/16 rows 10524 wall roll 63s upd 27s
[rl] u0054 W/L/D 41/23/0 ppm 12.24 pgate 0.124 KL g/c/x 0.0684/0.0194/0.1113 beta 0.03->0.03 clip 0.062 mixed 7/16 rows 12085 wall roll 66s upd 31s | proagree cell 0.2052 card 0.6372 gate 0.7326
[rl] u0055 W/L/D 35/29/0 ppm 12.11 pgate 0.139 KL g/c/x 0.0771/0.0197/0.1082 beta 0.03->0.03 clip 0.075 mixed 6/16 rows 10641 wall roll 70s upd 34s
[rl] u0056 W/L/D 45/19/0 ppm 12.09 pgate 0.138 KL g/c/x 0.0883/0.0273/0.1120 beta 0.03->0.03 clip 0.074 mixed 10/16 rows 10803 wall roll 63s upd 29s
[rl] u0057 W/L/D 44/20/0 ppm 12.07 pgate 0.127 KL g/c/x 0.0804/0.0250/0.1060 beta 0.03->0.03 clip 0.073 mixed 6/16 rows 11974 wall roll 64s upd 32s
[rl] u0058 W/L/D 43/21/0 ppm 11.90 pgate 0.128 KL g/c/x 0.0721/0.0232/0.1063 beta 0.03->0.03 clip 0.069 mixed 6/16 rows 11097 wall roll 56s upd 35s
[rl] u0059 W/L/D 41/23/0 ppm 11.75 pgate 0.134 KL g/c/x 0.0723/0.0205/0.1076 beta 0.03->0.03 clip 0.061 mixed 6/16 rows 10843 wall roll 85s upd 36s | screen 0.753 d +0.6pp CI [-6.9, +8.0] (+25/-24) guards outlived 0.215->0.244 <=10dlv 0.008->0.008 refused/m 0.557->0.810 | proagree cell 0.2005 card 0.6370 gate 0.7257
[rl] u0060 W/L/D 38/26/0 ppm 11.84 pgate 0.125 KL g/c/x 0.0868/0.0216/0.1142 beta 0.03->0.03 clip 0.070 mixed 7/16 rows 10606 wall roll 61s upd 29s
[rl] u0061 W/L/D 45/19/0 ppm 11.74 pgate 0.119 KL g/c/x 0.0949/0.0239/0.1042 beta 0.03->0.03 clip 0.067 mixed 10/16 rows 11216 wall roll 61s upd 30s
[rl] u0062 W/L/D 38/26/0 ppm 11.54 pgate 0.123 KL g/c/x 0.0953/0.0224/0.1102 beta 0.03->0.03 clip 0.063 mixed 5/16 rows 9588 wall roll 70s upd 28s
[rl] u0063 W/L/D 45/19/0 ppm 12.14 pgate 0.123 KL g/c/x 0.0857/0.0245/0.1080 beta 0.03->0.03 clip 0.059 mixed 8/16 rows 11580 wall roll 57s upd 31s
[rl] u0064 W/L/D 47/17/0 ppm 11.73 pgate 0.112 KL g/c/x 0.0966/0.0214/0.1051 beta 0.03->0.03 clip 0.076 mixed 7/16 rows 11724 wall roll 59s upd 31s | proagree cell 0.1989 card 0.6336 gate 0.7139
[rl] u0065 W/L/D 38/26/0 ppm 11.87 pgate 0.112 KL g/c/x 0.1073/0.0314/0.1095 beta 0.03->0.03 clip 0.063 mixed 10/16 rows 12101 wall roll 84s upd 35s
[rl] u0066 W/L/D 40/24/0 ppm 11.69 pgate 0.116 KL g/c/x 0.1128/0.0350/0.1039 beta 0.03->0.03 clip 0.069 mixed 6/16 rows 12284 wall roll 63s upd 34s
[rl] u0067 W/L/D 41/23/0 ppm 11.54 pgate 0.113 KL g/c/x 0.1104/0.0295/0.1119 beta 0.03->0.03 clip 0.063 mixed 9/16 rows 11583 wall roll 59s upd 36s
[rl] u0068 W/L/D 47/17/0 ppm 11.88 pgate 0.124 KL g/c/x 0.0979/0.0299/0.1013 beta 0.03->0.03 clip 0.070 mixed 6/16 rows 12957 wall roll 69s upd 42s
[rl] u0069 W/L/D 31/33/0 ppm 11.33 pgate 0.130 KL g/c/x 0.1291/0.0311/0.1114 beta 0.03->0.03 clip 0.063 mixed 8/16 rows 10632 wall roll 93s upd 33s | screen 0.776 d +2.9pp CI [-5.7, +10.9] (+26/-21) guards outlived 0.215->0.267 <=10dlv 0.008->0.015 refused/m 0.557->0.839 | proagree cell 0.2002 card 0.6354 gate 0.7347
[rl] u0070 W/L/D 48/16/0 ppm 11.63 pgate 0.128 KL g/c/x 0.0927/0.0335/0.1064 beta 0.03->0.03 clip 0.080 mixed 7/16 rows 11646 wall roll 62s upd 31s
[rl] u0071 W/L/D 39/25/0 ppm 11.64 pgate 0.128 KL g/c/x 0.1079/0.0303/0.1143 beta 0.03->0.03 clip 0.059 mixed 9/16 rows 11814 wall roll 66s upd 32s
[rl] u0072 W/L/D 45/19/0 ppm 11.63 pgate 0.125 KL g/c/x 0.1120/0.0280/0.1108 beta 0.03->0.03 clip 0.070 mixed 9/16 rows 11390 wall roll 55s upd 30s
[rl] u0073 W/L/D 44/20/0 ppm 11.56 pgate 0.122 KL g/c/x 0.1134/0.0295/0.1112 beta 0.03->0.03 clip 0.069 mixed 6/16 rows 11386 wall roll 51s upd 30s
[rl] u0074 W/L/D 42/22/0 ppm 11.40 pgate 0.122 KL g/c/x 0.0984/0.0295/0.1100 beta 0.03->0.03 clip 0.062 mixed 9/16 rows 12251 wall roll 60s upd 32s | proagree cell 0.2039 card 0.6336 gate 0.7402
[rl] u0075 W/L/D 52/12/0 ppm 11.62 pgate 0.117 KL g/c/x 0.1048/0.0273/0.1067 beta 0.03->0.03 clip 0.069 mixed 6/16 rows 12608 wall roll 59s upd 34s
[rl] u0076 W/L/D 40/24/0 ppm 11.84 pgate 0.141 KL g/c/x 0.1311/0.0273/0.1128 beta 0.03->0.03 clip 0.060 mixed 7/16 rows 10488 wall roll 58s upd 28s
[rl] u0077 W/L/D 41/23/0 ppm 11.75 pgate 0.125 KL g/c/x 0.1044/0.0272/0.1072 beta 0.03->0.03 clip 0.068 mixed 7/16 rows 11577 wall roll 63s upd 32s
[rl] u0078 W/L/D 34/30/0 ppm 11.59 pgate 0.128 KL g/c/x 0.0976/0.0274/0.1148 beta 0.03->0.03 clip 0.067 mixed 9/16 rows 10970 wall roll 56s upd 29s
[rl] u0079 W/L/D 40/24/0 ppm 12.09 pgate 0.122 KL g/c/x 0.0939/0.0205/0.0999 beta 0.03->0.03 clip 0.076 mixed 5/16 rows 12217 wall roll 67s upd 32s | screen 0.730 d -1.7pp CI [-8.6, +5.2] (+22/-25) guards outlived 0.215->0.213 <=10dlv 0.008->0.008 refused/m 0.557->0.776 | proagree cell 0.1989 card 0.6312 gate 0.7400
[rl] u0080 W/L/D 46/18/0 ppm 11.55 pgate 0.121 KL g/c/x 0.0934/0.0272/0.1053 beta 0.03->0.03 clip 0.064 mixed 8/16 rows 12181 wall roll 53s upd 27s
[rl] u0081 W/L/D 43/21/0 ppm 11.65 pgate 0.119 KL g/c/x 0.0960/0.0250/0.1159 beta 0.03->0.03 clip 0.060 mixed 8/16 rows 11664 wall roll 37s upd 26s
[rl] u0082 W/L/D 40/24/0 ppm 11.86 pgate 0.141 KL g/c/x 0.1184/0.0252/0.1196 beta 0.03->0.03 clip 0.087 mixed 6/16 rows 10558 wall roll 47s upd 24s
[rl] u0083 W/L/D 39/25/0 ppm 11.94 pgate 0.146 KL g/c/x 0.1119/0.0232/0.1139 beta 0.03->0.03 clip 0.077 mixed 6/16 rows 10742 wall roll 37s upd 24s
[rl] u0084 W/L/D 42/22/0 ppm 11.60 pgate 0.129 KL g/c/x 0.0806/0.0271/0.1108 beta 0.03->0.03 clip 0.082 mixed 5/16 rows 11688 wall roll 34s upd 26s | proagree cell 0.2026 card 0.6336 gate 0.7425
[rl] u0085 W/L/D 47/17/0 ppm 12.15 pgate 0.136 KL g/c/x 0.1188/0.0215/0.1140 beta 0.03->0.03 clip 0.065 mixed 11/16 rows 11887 wall roll 42s upd 26s
[rl] u0086 W/L/D 38/26/0 ppm 11.74 pgate 0.152 KL g/c/x 0.1185/0.0402/0.1218 beta 0.03->0.03 clip 0.075 mixed 9/16 rows 10083 wall roll 33s upd 22s
[rl] u0087 W/L/D 38/26/0 ppm 11.93 pgate 0.151 KL g/c/x 0.1365/0.0247/0.1325 beta 0.03->0.03 clip 0.068 mixed 10/16 rows 9891 wall roll 36s upd 22s
[rl] u0088 W/L/D 34/30/0 ppm 11.87 pgate 0.145 KL g/c/x 0.1196/0.0271/0.1128 beta 0.03->0.03 clip 0.063 mixed 6/16 rows 11414 wall roll 36s upd 25s
[rl] u0089 W/L/D 42/22/0 ppm 11.72 pgate 0.138 KL g/c/x 0.1123/0.0284/0.1204 beta 0.03->0.03 clip 0.055 mixed 9/16 rows 10891 wall roll 37s upd 24s | screen 0.632 d -11.5pp CI [-20.1, -2.9] (+18/-38) guards outlived 0.215->0.273 <=10dlv 0.008->0.009 refused/m 0.557->0.736 | proagree cell 0.1965 card 0.6299 gate 0.7465
STOP after update 89: held-out screen paired delta -11.5 pp <= -10.0 pp with 95% CI upper bound -2.9 pp < 0 | pro-agreement tripwire: cell 0.1965 < init 0.2073 - 1.0 pp AND latest screen paired delta -11.5 pp <= 0
