coverage {"time": {"n_values_train": 4, "top": {"t2": 2333, "t0": 1533, "t1": 1452, "t3": 600}}, "elixir": {"n_values_train": 5, "top": {"e3": 2402, "e2": 1046, "na": 1039, "e1": 891, "e0": 540}}, "oppcard": {"n_values_train": 120, "top": {"none": 1404, "barbarian-barrel": 215, "skeletons": 149, "hog-rider": 107, "elite-barbarians": 106, "the-log": 101, "royal-hogs": 96, "knight": 90}}, "opptile": {"n_values_train": 13, "top": {"none": 1404, "r1l2": 1118, "r1l0": 973, "r1l1": 794, "r0l1": 694, "r2l2": 192, "r2l0": 153, "r3l2": 136}}, "opp_within_6s_train": 76.2757688408246, "opp_within_6s_val": 78.48605577689243, "elixir_present_val": 87.05179282868527}
prior_card_hist_hard(reproduced): n 1004 top1 13.65 top5 40.04 | cards skeletons:10.0/25.6(180) ice_wizard:11.9/34.0(159) the_log:15.4/48.3(143) knight:7.9/35.7(126) tesla:22.9/64.8(105) x_bow:29.7/80.2(91) tornado:8.3/23.6(72) rocket:3.8/17.0(53) | time 0-60:15.6/48.2(257) 60-120:14.0/40.9(242) 120-180:13.8/37.2(376) 180+:8.5/30.2(129)
cond_time_a1: n 1004 top1 12.95 top5 38.94 | cards skeletons:9.4/28.3(180) ice_wizard:9.4/31.4(159) the_log:16.1/48.3(143) knight:8.7/34.1(126) tesla:23.8/60.0(105) x_bow:25.3/76.9(91) tornado:6.9/23.6(72) rocket:3.8/11.3(53) | time 0-60:14.4/47.5(257) 60-120:14.5/40.1(242) 120-180:12.5/36.4(376) 180+:8.5/27.1(129) buckets 38 backoff 0
cond_time_a5: n 1004 top1 12.95 top5 38.84 | cards skeletons:9.4/28.3(180) ice_wizard:9.4/31.4(159) the_log:16.1/48.3(143) knight:8.7/33.3(126) tesla:23.8/60.0(105) x_bow:25.3/78.0(91) tornado:6.9/22.2(72) rocket:3.8/11.3(53) | time 0-60:14.4/47.5(257) 60-120:14.5/40.1(242) 120-180:12.5/36.4(376) 180+:8.5/26.4(129) buckets 38 backoff 0
cond_time_a20: n 1004 top1 12.95 top5 38.84 | cards skeletons:9.4/28.3(180) ice_wizard:9.4/31.4(159) the_log:16.1/48.3(143) knight:8.7/33.3(126) tesla:23.8/60.0(105) x_bow:25.3/78.0(91) tornado:6.9/22.2(72) rocket:3.8/11.3(53) | time 0-60:14.4/47.5(257) 60-120:14.5/40.1(242) 120-180:12.5/36.4(376) 180+:8.5/26.4(129) buckets 38 backoff 0
cond_elixir_a1: n 1004 top1 14.44 top5 41.83 | cards skeletons:6.1/30.6(180) ice_wizard:15.1/36.5(159) the_log:16.8/49.7(143) knight:12.7/34.1(126) tesla:21.9/64.8(105) x_bow:29.7/76.9(91) tornado:8.3/20.8(72) rocket:3.8/18.9(53) | time 0-60:17.9/49.8(257) 60-120:12.8/44.2(242) 120-180:13.6/37.5(376) 180+:13.2/34.1(129) buckets 44 backoff 0
cond_elixir_a5: n 1004 top1 14.44 top5 41.93 | cards skeletons:6.1/31.1(180) ice_wizard:15.1/36.5(159) the_log:16.8/49.7(143) knight:12.7/34.1(126) tesla:21.9/64.8(105) x_bow:29.7/76.9(91) tornado:8.3/20.8(72) rocket:3.8/18.9(53) | time 0-60:17.9/49.8(257) 60-120:12.8/44.2(242) 120-180:13.6/37.2(376) 180+:13.2/35.7(129) buckets 44 backoff 0
cond_elixir_a20: n 1004 top1 14.54 top5 41.93 | cards skeletons:6.1/31.1(180) ice_wizard:15.1/36.5(159) the_log:16.8/49.7(143) knight:12.7/34.1(126) tesla:22.9/64.8(105) x_bow:29.7/76.9(91) tornado:8.3/20.8(72) rocket:3.8/18.9(53) | time 0-60:18.3/49.8(257) 60-120:12.4/44.2(242) 120-180:13.6/37.2(376) 180+:14.0/35.7(129) buckets 44 backoff 0
cond_oppcard_a1: n 1004 top1 13.35 top5 36.95 | cards skeletons:7.8/22.8(180) ice_wizard:10.1/27.0(159) the_log:16.1/44.8(143) knight:9.5/35.7(126) tesla:19.0/54.3(105) x_bow:28.6/75.8(91) tornado:11.1/23.6(72) rocket:11.3/26.4(53) | time 0-60:18.3/46.3(257) 60-120:12.8/42.1(242) 120-180:12.5/33.5(376) 180+:7.0/18.6(129) buckets 948 backoff 300
cond_oppcard_a5: n 1004 top1 13.35 top5 36.95 | cards skeletons:7.8/22.8(180) ice_wizard:10.1/27.0(159) the_log:16.1/44.8(143) knight:9.5/35.7(126) tesla:19.0/54.3(105) x_bow:28.6/75.8(91) tornado:11.1/23.6(72) rocket:11.3/26.4(53) | time 0-60:18.3/46.3(257) 60-120:12.8/42.1(242) 120-180:12.5/33.5(376) 180+:7.0/18.6(129) buckets 948 backoff 300
cond_oppcard_a20: n 1004 top1 13.45 top5 37.85 | cards skeletons:7.8/22.8(180) ice_wizard:10.1/28.9(159) the_log:16.8/44.8(143) knight:9.5/35.7(126) tesla:21.0/59.0(105) x_bow:26.4/76.9(91) tornado:11.1/23.6(72) rocket:11.3/26.4(53) | time 0-60:17.9/47.1(257) 60-120:13.2/42.6(242) 120-180:12.8/34.0(376) 180+:7.0/21.7(129) buckets 948 backoff 300
cond_opptile_a1: n 1004 top1 15.54 top5 44.72 | cards skeletons:9.4/35.6(180) ice_wizard:15.1/40.9(159) the_log:18.9/50.3(143) knight:14.3/41.3(126) tesla:17.1/64.8(105) x_bow:34.1/75.8(91) tornado:12.5/27.8(72) rocket:11.3/32.1(53) | time 0-60:19.5/52.1(257) 60-120:16.9/50.8(242) 120-180:13.8/39.9(376) 180+:10.1/32.6(129) buckets 125 backoff 7
cond_opptile_a5: n 1004 top1 15.54 top5 44.62 | cards skeletons:9.4/35.6(180) ice_wizard:15.1/40.9(159) the_log:18.9/50.3(143) knight:14.3/41.3(126) tesla:17.1/64.8(105) x_bow:34.1/75.8(91) tornado:12.5/26.4(72) rocket:11.3/32.1(53) | time 0-60:19.5/52.1(257) 60-120:16.9/50.8(242) 120-180:13.8/39.9(376) 180+:10.1/31.8(129) buckets 125 backoff 7
cond_opptile_a20: n 1004 top1 15.54 top5 44.62 | cards skeletons:9.4/35.6(180) ice_wizard:15.1/40.3(159) the_log:18.9/51.0(143) knight:14.3/40.5(126) tesla:17.1/65.7(105) x_bow:34.1/75.8(91) tornado:12.5/26.4(72) rocket:11.3/32.1(53) | time 0-60:19.5/51.8(257) 60-120:16.9/50.8(242) 120-180:13.8/39.9(376) 180+:10.1/32.6(129) buckets 125 backoff 7
CV (train, 5-fold by replay) top-1 ranking:
  nb:time+elixir+opptile:a20               14.34 / 40.30
  nb:elixir+opptile:a20                    14.21 / 41.29
  nb:time+elixir+opptile:a5                14.05 / 39.85
  joint:opptile:a20                        14.02 / 39.95
  joint:elixir+opptile:a1                  14.02 / 39.88
  joint:elixir+opptile:a5                  14.02 / 39.82
  joint:opptile:a5                         13.99 / 39.93
  nb:elixir+opptile:a5                     13.99 / 40.70
  joint:elixir+opptile:a20                 13.98 / 39.88
  nb:time+elixir+opptile:a1                13.92 / 39.68
  joint:opptile:a1                         13.90 / 40.01
  nb:elixir+opptile:a1                     13.87 / 40.59
  prior                                    12.32 / 37.04
SELECTED by CV: nb:time+elixir+opptile:a20 cv (14.339736073685168, 40.30013552862884) VAL: nb:time+elixir+opptile:a20: n 1004 top1 15.44 top5 42.13 | cards skeletons:9.4/29.4(180) ice_wizard:14.5/41.5(159) the_log:17.5/46.9(143) knight:11.1/38.1(126) tesla:21.0/61.0(105) x_bow:36.3/76.9(91) tornado:8.3/20.8(72) rocket:9.4/28.3(53) | time 0-60:17.5/51.4(257) 60-120:19.0/46.7(242) 120-180:13.0/37.0(376) 180+:11.6/30.2(129)
knn_real_k5_hard: n 1004 top1 10.16 top5 31.18 | cards skeletons:5.6/20.0(180) ice_wizard:6.9/28.3(159) the_log:11.9/32.9(143) knight:9.5/30.2(126) tesla:16.2/42.9(105) x_bow:22.0/57.1(91) tornado:6.9/20.8(72) rocket:7.5/28.3(53) | time 0-60:16.3/40.1(257) 60-120:11.2/36.8(242) 120-180:7.7/25.8(376) 180+:3.1/18.6(129)
knn_real_k5_gauss: n 1004 top1 11.06 top5 30.68 | cards skeletons:5.6/20.0(180) ice_wizard:7.5/28.9(159) the_log:11.9/32.9(143) knight:11.9/31.0(126) tesla:19.0/49.5(105) x_bow:22.0/38.5(91) tornado:8.3/20.8(72) rocket:7.5/30.2(53) | time 0-60:17.9/41.2(257) 60-120:12.8/33.5(242) 120-180:7.4/24.5(376) 180+:4.7/22.5(129)
knn_real_k15_hard: n 1004 top1 13.75 top5 37.35 | cards skeletons:8.9/22.2(180) ice_wizard:11.9/32.1(159) the_log:13.3/42.0(143) knight:12.7/34.1(126) tesla:16.2/49.5(105) x_bow:27.5/71.4(91) tornado:9.7/23.6(72) rocket:15.1/37.7(53) | time 0-60:17.5/46.7(257) 60-120:15.7/43.0(242) 120-180:11.2/32.2(376) 180+:10.1/23.3(129)
knn_real_k15_gauss: n 1004 top1 14.54 top5 34.96 | cards skeletons:10.6/19.4(180) ice_wizard:11.3/32.7(159) the_log:13.3/38.5(143) knight:13.5/36.5(126) tesla:23.8/51.4(105) x_bow:27.5/50.5(91) tornado:6.9/25.0(72) rocket:13.2/32.1(53) | time 0-60:17.1/43.2(257) 60-120:16.9/38.8(242) 120-180:12.0/29.3(376) 180+:12.4/27.9(129)
knn_real_k50_hard: n 1004 top1 15.84 top5 43.53 | cards skeletons:8.3/30.6(180) ice_wizard:18.2/44.0(159) the_log:16.1/46.2(143) knight:11.9/42.9(126) tesla:22.9/67.6(105) x_bow:31.9/70.3(91) tornado:11.1/22.2(72) rocket:7.5/24.5(53) | time 0-60:17.1/53.7(257) 60-120:18.2/45.5(242) 120-180:15.7/39.6(376) 180+:9.3/31.0(129)
knn_real_k50_gauss: n 1004 top1 15.04 top5 39.94 | cards skeletons:8.9/27.8(180) ice_wizard:14.5/42.8(159) the_log:16.8/42.0(143) knight:12.7/42.1(126) tesla:21.9/55.2(105) x_bow:28.6/59.3(91) tornado:11.1/25.0(72) rocket:5.7/24.5(53) | time 0-60:16.3/48.6(257) 60-120:19.8/42.1(242) 120-180:13.6/35.1(376) 180+:7.8/32.6(129)
done 704s
