[rescale] p99 62.19 -> cell_conv.4 / 10.36
rescaled baseline rescaled_baseline: n 1004 top1 3.49 top5 11.75 | cards skeletons:3.9/10.0(180) ice_wizard:3.1/5.7(159) the_log:11.9/41.3(143) knight:3.2/8.7(126) tesla:1.0/2.9(105) x_bow:0.0/0.0(91) tornado:0.0/9.7(72) rocket:0.0/9.4(53) | time 0-60:4.7/13.2(257) 60-120:3.3/12.8(242) 120-180:2.9/9.6(376) 180+:3.1/13.2(129)
log_prior_alone: n 1004 top1 13.65 top5 40.04 | cards skeletons:10.0/25.6(180) ice_wizard:11.9/32.1(159) the_log:15.4/48.3(143) knight:7.9/35.7(126) tesla:22.9/64.8(105) x_bow:29.7/80.2(91) tornado:8.3/22.2(72) rocket:3.8/17.0(53) | time 0-60:15.6/47.9(257) 60-120:14.0/40.5(242) 120-180:13.8/37.8(376) 180+:8.5/30.2(129)
ep 0 val top1 9.16 top5 32.47 ce 4.243 H 3.61
ep 1 train_ce 3.745 val top1 15.04 top5 42.03 ce 3.759 H 4.07
ep 2 train_ce 3.656 val top1 15.54 top5 41.14 ce 3.731 H 3.99
ep 3 train_ce 3.610 val top1 14.94 top5 42.93 ce 3.704 H 3.92
ep 4 train_ce 3.570 val top1 15.04 top5 41.63 ce 3.660 H 3.84
ep 5 train_ce 3.543 val top1 14.94 top5 42.23 ce 3.644 H 3.81
ep 6 train_ce 3.522 val top1 15.34 top5 43.23 ce 3.633 H 3.92
ep 7 train_ce 3.509 val top1 14.74 top5 42.43 ce 3.618 H 3.82
ep 8 train_ce 3.487 val top1 15.24 top5 43.23 ce 3.602 H 3.72
ep 9 train_ce 3.474 val top1 15.24 top5 41.53 ce 3.609 H 3.60
ep 10 train_ce 3.465 val top1 14.84 top5 43.33 ce 3.598 H 3.72
ep 11 train_ce 3.452 val top1 15.04 top5 43.33 ce 3.581 H 3.72
ep 12 train_ce 3.443 val top1 15.04 top5 43.13 ce 3.596 H 3.61
ep 13 train_ce 3.441 val top1 14.44 top5 43.53 ce 3.580 H 3.77
ep 14 train_ce 3.428 val top1 14.84 top5 44.62 ce 3.588 H 3.71
ep 15 train_ce 3.420 val top1 15.34 top5 44.92 ce 3.573 H 3.72
ep 16 train_ce 3.404 val top1 14.74 top5 45.32 ce 3.566 H 3.66
ep 17 train_ce 3.397 val top1 14.34 top5 44.72 ce 3.554 H 3.63
ep 18 train_ce 3.386 val top1 14.94 top5 44.82 ce 3.560 H 3.62
ep 19 train_ce 3.376 val top1 15.44 top5 45.02 ce 3.559 H 3.60
ep 20 train_ce 3.371 val top1 15.54 top5 45.72 ce 3.548 H 3.65
ep 21 train_ce 3.360 val top1 15.34 top5 44.62 ce 3.545 H 3.64
ep 22 train_ce 3.352 val top1 15.34 top5 45.92 ce 3.546 H 3.58
ep 23 train_ce 3.345 val top1 15.44 top5 45.62 ce 3.555 H 3.54
ep 24 train_ce 3.345 val top1 15.44 top5 46.02 ce 3.542 H 3.62
ep 25 train_ce 3.334 val top1 15.24 top5 45.92 ce 3.553 H 3.55
ep 26 train_ce 3.324 val top1 15.84 top5 45.72 ce 3.542 H 3.54
ep 27 train_ce 3.320 val top1 15.04 top5 46.02 ce 3.544 H 3.56
ep 28 train_ce 3.311 val top1 15.44 top5 46.22 ce 3.539 H 3.54
ep 29 train_ce 3.304 val top1 15.84 top5 46.51 ce 3.540 H 3.50
ep 30 train_ce 3.304 val top1 16.24 top5 46.91 ce 3.537 H 3.51
ep 31 train_ce 3.299 val top1 15.34 top5 45.62 ce 3.540 H 3.53
ep 32 train_ce 3.293 val top1 15.24 top5 46.31 ce 3.538 H 3.55
ep 33 train_ce 3.293 val top1 15.94 top5 46.12 ce 3.555 H 3.51
ep 34 train_ce 3.286 val top1 16.24 top5 46.41 ce 3.541 H 3.46
ep 35 train_ce 3.278 val top1 16.24 top5 46.31 ce 3.545 H 3.55
ep 36 train_ce 3.271 val top1 15.64 top5 46.02 ce 3.539 H 3.50
ep 37 train_ce 3.267 val top1 16.24 top5 45.62 ce 3.565 H 3.43
ep 38 train_ce 3.265 val top1 16.24 top5 46.41 ce 3.534 H 3.43
ep 39 train_ce 3.260 val top1 16.43 top5 46.31 ce 3.549 H 3.42
ep 40 train_ce 3.259 val top1 16.33 top5 45.32 ce 3.556 H 3.37
ep 41 train_ce 3.250 val top1 16.14 top5 46.22 ce 3.545 H 3.39
ep 42 train_ce 3.245 val top1 16.14 top5 46.31 ce 3.540 H 3.41
ep 43 train_ce 3.243 val top1 15.94 top5 46.22 ce 3.552 H 3.36
ep 44 train_ce 3.243 val top1 16.04 top5 46.41 ce 3.544 H 3.53
ep 45 train_ce 3.235 val top1 15.84 top5 45.72 ce 3.542 H 3.35
ep 46 train_ce 3.231 val top1 16.04 top5 46.81 ce 3.543 H 3.51
early stop at ep 46, best ep 38 val_ce 3.534
BEST M2_bias_best: n 1004 top1 16.24 top5 46.41 | cards skeletons:11.1/33.9(180) ice_wizard:14.5/41.5(159) the_log:21.0/58.7(143) knight:11.9/42.9(126) tesla:25.7/65.7(105) x_bow:34.1/76.9(91) tornado:5.6/23.6(72) rocket:7.5/30.2(53) | time 0-60:20.2/54.1(257) 60-120:16.5/51.7(242) 120-180:15.4/41.2(376) 180+:10.1/36.4(129) ce 3.534426689147949 entropy 3.4305975437164307
strict-loadable convs WITHOUT the bias map: strict_part_without_bias_map: n 1004 top1 5.98 top5 19.62 | cards skeletons:6.1/16.7(180) ice_wizard:10.1/20.1(159) the_log:9.1/37.8(143) knight:12.7/32.5(126) tesla:1.0/7.6(105) x_bow:0.0/7.7(91) tornado:1.4/4.2(72) rocket:1.9/17.0(53) | time 0-60:11.7/28.0(257) 60-120:4.5/18.6(242) 120-180:3.7/16.5(376) 180+:3.9/14.0(129)
saved+reloaded (via wrapper) C:\Users\benpe\ClashBot\icebow\data\bc_pro\models\bc_head_bias_s1.pt top1 16.235059760956176
done 20s
