[rescale] p99 62.19 -> cell_conv.4 / 10.36
rescaled baseline rescaled_baseline: n 1004 top1 3.49 top5 11.75 | cards skeletons:3.9/10.0(180) ice_wizard:3.1/5.7(159) the_log:11.9/41.3(143) knight:3.2/8.7(126) tesla:1.0/2.9(105) x_bow:0.0/0.0(91) tornado:0.0/9.7(72) rocket:0.0/9.4(53) | time 0-60:4.7/13.2(257) 60-120:3.3/12.8(242) 120-180:2.9/9.6(376) 180+:3.1/13.2(129)
log_prior_alone: n 1004 top1 13.65 top5 40.04 | cards skeletons:10.0/25.6(180) ice_wizard:11.9/32.1(159) the_log:15.4/48.3(143) knight:7.9/35.7(126) tesla:22.9/64.8(105) x_bow:29.7/80.2(91) tornado:8.3/22.2(72) rocket:3.8/17.0(53) | time 0-60:15.6/47.9(257) 60-120:14.0/40.5(242) 120-180:13.8/37.8(376) 180+:8.5/30.2(129)
ep 0 val top1 9.16 top5 32.47 ce 4.243 H 3.61
ep 1 train_ce 3.759 val top1 13.25 top5 39.74 ce 3.800 H 4.07
ep 2 train_ce 3.670 val top1 14.04 top5 41.93 ce 3.740 H 3.95
ep 3 train_ce 3.616 val top1 14.54 top5 41.83 ce 3.715 H 3.84
ep 4 train_ce 3.578 val top1 15.84 top5 41.83 ce 3.675 H 3.86
ep 5 train_ce 3.543 val top1 14.94 top5 42.13 ce 3.640 H 3.86
ep 6 train_ce 3.521 val top1 15.04 top5 42.33 ce 3.621 H 3.80
ep 7 train_ce 3.502 val top1 15.24 top5 43.23 ce 3.603 H 3.81
ep 8 train_ce 3.488 val top1 14.44 top5 43.23 ce 3.614 H 3.77
ep 9 train_ce 3.481 val top1 15.14 top5 43.63 ce 3.595 H 3.84
ep 10 train_ce 3.465 val top1 14.84 top5 44.12 ce 3.594 H 3.72
ep 11 train_ce 3.453 val top1 14.84 top5 43.43 ce 3.590 H 3.60
ep 12 train_ce 3.444 val top1 15.34 top5 43.53 ce 3.574 H 3.66
ep 13 train_ce 3.434 val top1 14.94 top5 44.62 ce 3.580 H 3.74
ep 14 train_ce 3.427 val top1 15.14 top5 44.22 ce 3.574 H 3.65
ep 15 train_ce 3.409 val top1 14.84 top5 43.63 ce 3.571 H 3.63
ep 16 train_ce 3.405 val top1 14.64 top5 45.42 ce 3.550 H 3.69
ep 17 train_ce 3.391 val top1 15.24 top5 44.02 ce 3.565 H 3.60
ep 18 train_ce 3.388 val top1 15.04 top5 45.32 ce 3.550 H 3.69
ep 19 train_ce 3.375 val top1 14.94 top5 44.72 ce 3.561 H 3.57
ep 20 train_ce 3.370 val top1 14.34 top5 46.12 ce 3.533 H 3.59
ep 21 train_ce 3.359 val top1 14.64 top5 45.92 ce 3.533 H 3.61
ep 22 train_ce 3.353 val top1 15.14 top5 46.12 ce 3.538 H 3.59
ep 23 train_ce 3.345 val top1 15.14 top5 46.31 ce 3.539 H 3.50
ep 24 train_ce 3.338 val top1 14.34 top5 45.12 ce 3.561 H 3.52
ep 25 train_ce 3.338 val top1 15.04 top5 45.92 ce 3.534 H 3.57
ep 26 train_ce 3.324 val top1 15.44 top5 46.02 ce 3.531 H 3.55
ep 27 train_ce 3.320 val top1 14.94 top5 46.41 ce 3.534 H 3.57
ep 28 train_ce 3.313 val top1 14.94 top5 45.72 ce 3.534 H 3.50
ep 29 train_ce 3.308 val top1 14.14 top5 47.11 ce 3.528 H 3.52
ep 30 train_ce 3.302 val top1 15.04 top5 46.31 ce 3.539 H 3.55
ep 31 train_ce 3.295 val top1 15.24 top5 47.61 ce 3.528 H 3.55
ep 32 train_ce 3.291 val top1 15.44 top5 47.31 ce 3.529 H 3.56
ep 33 train_ce 3.283 val top1 14.94 top5 46.71 ce 3.540 H 3.48
ep 34 train_ce 3.278 val top1 15.64 top5 47.51 ce 3.532 H 3.48
ep 35 train_ce 3.276 val top1 15.54 top5 46.91 ce 3.519 H 3.48
ep 36 train_ce 3.270 val top1 15.14 top5 47.81 ce 3.524 H 3.49
ep 37 train_ce 3.265 val top1 15.34 top5 47.01 ce 3.529 H 3.46
ep 38 train_ce 3.262 val top1 16.14 top5 47.31 ce 3.528 H 3.45
ep 39 train_ce 3.253 val top1 16.04 top5 46.71 ce 3.532 H 3.38
ep 40 train_ce 3.259 val top1 15.24 top5 47.71 ce 3.540 H 3.53
ep 41 train_ce 3.249 val top1 15.84 top5 46.71 ce 3.534 H 3.41
ep 42 train_ce 3.245 val top1 15.94 top5 46.71 ce 3.544 H 3.40
ep 43 train_ce 3.240 val top1 15.94 top5 47.61 ce 3.532 H 3.45
early stop at ep 43, best ep 35 val_ce 3.519
BEST M2_both_best: n 1004 top1 15.54 top5 46.91 | cards skeletons:10.0/33.3(180) ice_wizard:13.8/43.4(159) the_log:21.7/55.9(143) knight:9.5/43.7(126) tesla:23.8/68.6(105) x_bow:29.7/78.0(91) tornado:5.6/23.6(72) rocket:13.2/32.1(53) | time 0-60:17.1/54.9(257) 60-120:18.2/51.2(242) 120-180:15.4/42.3(376) 180+:7.8/36.4(129) ce 3.5194900035858154 entropy 3.4831831455230713
strict-loadable convs WITHOUT the bias map: strict_part_without_bias_map: n 1004 top1 7.67 top5 20.32 | cards skeletons:7.2/17.8(180) ice_wizard:11.3/23.3(159) the_log:12.6/37.1(143) knight:14.3/33.3(126) tesla:3.8/8.6(105) x_bow:1.1/7.7(91) tornado:1.4/4.2(72) rocket:3.8/15.1(53) | time 0-60:12.8/28.8(257) 60-120:6.6/19.0(242) 120-180:5.9/17.8(376) 180+:4.7/13.2(129)
saved+reloaded (via wrapper) C:\Users\benpe\ClashBot\icebow\data\bc_pro\models\bc_head_both_s0.pt top1 15.53784860557769
done 19s
