[rescale] p99 62.19 -> cell_conv.4 / 10.36
rescaled baseline rescaled_baseline: n 1004 top1 3.49 top5 11.75 | cards skeletons:3.9/10.0(180) ice_wizard:3.1/5.7(159) the_log:11.9/41.3(143) knight:3.2/8.7(126) tesla:1.0/2.9(105) x_bow:0.0/0.0(91) tornado:0.0/9.7(72) rocket:0.0/9.4(53) | time 0-60:4.7/13.2(257) 60-120:3.3/12.8(242) 120-180:2.9/9.6(376) 180+:3.1/13.2(129)
log_prior_alone: n 1004 top1 13.65 top5 40.04 | cards skeletons:10.0/25.6(180) ice_wizard:11.9/32.1(159) the_log:15.4/48.3(143) knight:7.9/35.7(126) tesla:22.9/64.8(105) x_bow:29.7/80.2(91) tornado:8.3/22.2(72) rocket:3.8/17.0(53) | time 0-60:15.6/47.9(257) 60-120:14.0/40.5(242) 120-180:13.8/37.8(376) 180+:8.5/30.2(129)
ep 0 val top1 9.16 top5 32.47 ce 4.243 H 3.61
ep 1 train_ce 4.147 val top1 9.16 top5 33.07 ce 4.229 H 3.61
ep 2 train_ce 4.131 val top1 9.26 top5 33.37 ce 4.215 H 3.61
ep 3 train_ce 4.114 val top1 9.06 top5 33.57 ce 4.201 H 3.61
ep 4 train_ce 4.100 val top1 9.26 top5 33.96 ce 4.188 H 3.61
ep 5 train_ce 4.084 val top1 9.16 top5 33.96 ce 4.175 H 3.61
ep 6 train_ce 4.069 val top1 9.16 top5 34.16 ce 4.162 H 3.61
ep 7 train_ce 4.056 val top1 8.96 top5 34.26 ce 4.150 H 3.61
ep 8 train_ce 4.042 val top1 9.06 top5 34.36 ce 4.139 H 3.61
ep 9 train_ce 4.030 val top1 9.26 top5 35.26 ce 4.128 H 3.61
ep 10 train_ce 4.017 val top1 9.16 top5 35.26 ce 4.117 H 3.61
ep 11 train_ce 4.005 val top1 9.26 top5 35.26 ce 4.106 H 3.61
ep 12 train_ce 3.993 val top1 9.46 top5 35.36 ce 4.096 H 3.61
ep 13 train_ce 3.981 val top1 9.26 top5 35.56 ce 4.087 H 3.61
ep 14 train_ce 3.971 val top1 9.46 top5 35.86 ce 4.078 H 3.62
ep 15 train_ce 3.959 val top1 9.46 top5 35.96 ce 4.069 H 3.62
ep 16 train_ce 3.949 val top1 9.46 top5 35.86 ce 4.060 H 3.62
ep 17 train_ce 3.940 val top1 9.46 top5 36.06 ce 4.052 H 3.62
ep 18 train_ce 3.929 val top1 10.06 top5 35.96 ce 4.044 H 3.62
ep 19 train_ce 3.921 val top1 10.16 top5 36.06 ce 4.037 H 3.62
ep 20 train_ce 3.912 val top1 10.76 top5 36.25 ce 4.029 H 3.62
ep 21 train_ce 3.903 val top1 10.86 top5 36.55 ce 4.022 H 3.62
ep 22 train_ce 3.895 val top1 11.06 top5 36.55 ce 4.016 H 3.62
ep 23 train_ce 3.888 val top1 11.16 top5 36.65 ce 4.009 H 3.62
ep 24 train_ce 3.880 val top1 11.16 top5 36.85 ce 4.003 H 3.62
ep 25 train_ce 3.873 val top1 11.16 top5 36.95 ce 3.997 H 3.62
ep 26 train_ce 3.865 val top1 11.16 top5 37.15 ce 3.991 H 3.62
ep 27 train_ce 3.858 val top1 11.35 top5 37.15 ce 3.985 H 3.62
ep 28 train_ce 3.851 val top1 11.65 top5 37.45 ce 3.980 H 3.62
ep 29 train_ce 3.845 val top1 11.65 top5 37.45 ce 3.975 H 3.62
ep 30 train_ce 3.839 val top1 11.35 top5 37.55 ce 3.970 H 3.62
ep 31 train_ce 3.832 val top1 11.65 top5 37.45 ce 3.965 H 3.62
ep 32 train_ce 3.827 val top1 11.65 top5 37.55 ce 3.961 H 3.62
ep 33 train_ce 3.821 val top1 11.65 top5 37.45 ce 3.957 H 3.62
ep 34 train_ce 3.815 val top1 11.65 top5 37.55 ce 3.952 H 3.62
ep 35 train_ce 3.811 val top1 11.75 top5 37.65 ce 3.948 H 3.62
ep 36 train_ce 3.805 val top1 11.55 top5 37.65 ce 3.945 H 3.62
ep 37 train_ce 3.800 val top1 11.55 top5 37.75 ce 3.941 H 3.62
ep 38 train_ce 3.795 val top1 11.55 top5 37.65 ce 3.937 H 3.62
ep 39 train_ce 3.791 val top1 11.45 top5 37.75 ce 3.934 H 3.62
ep 40 train_ce 3.786 val top1 11.45 top5 37.95 ce 3.931 H 3.62
ep 41 train_ce 3.781 val top1 11.45 top5 38.15 ce 3.928 H 3.61
ep 42 train_ce 3.778 val top1 11.55 top5 38.15 ce 3.925 H 3.61
ep 43 train_ce 3.774 val top1 11.55 top5 38.15 ce 3.922 H 3.61
ep 44 train_ce 3.769 val top1 11.55 top5 38.15 ce 3.919 H 3.61
ep 45 train_ce 3.766 val top1 11.65 top5 38.35 ce 3.917 H 3.61
ep 46 train_ce 3.762 val top1 11.65 top5 39.04 ce 3.914 H 3.61
ep 47 train_ce 3.759 val top1 11.45 top5 38.94 ce 3.912 H 3.61
ep 48 train_ce 3.755 val top1 11.65 top5 39.24 ce 3.909 H 3.61
ep 49 train_ce 3.753 val top1 11.65 top5 39.64 ce 3.907 H 3.61
ep 50 train_ce 3.748 val top1 11.65 top5 39.84 ce 3.905 H 3.61
ep 51 train_ce 3.745 val top1 11.95 top5 40.64 ce 3.903 H 3.61
ep 52 train_ce 3.742 val top1 12.45 top5 40.64 ce 3.901 H 3.61
ep 53 train_ce 3.739 val top1 12.65 top5 40.64 ce 3.899 H 3.61
ep 54 train_ce 3.737 val top1 12.45 top5 40.64 ce 3.898 H 3.61
ep 55 train_ce 3.733 val top1 12.65 top5 40.84 ce 3.896 H 3.61
ep 56 train_ce 3.731 val top1 12.55 top5 40.84 ce 3.894 H 3.60
ep 57 train_ce 3.728 val top1 12.65 top5 40.84 ce 3.893 H 3.60
ep 58 train_ce 3.726 val top1 12.85 top5 40.84 ce 3.891 H 3.60
ep 59 train_ce 3.723 val top1 12.85 top5 40.84 ce 3.890 H 3.60
ep 60 train_ce 3.721 val top1 12.75 top5 40.94 ce 3.889 H 3.60
BEST M2_bias_best: n 1004 top1 12.75 top5 40.94 | cards skeletons:6.1/23.3(180) ice_wizard:10.1/33.3(159) the_log:19.6/53.8(143) knight:11.1/38.9(126) tesla:22.9/60.0(105) x_bow:24.2/80.2(91) tornado:4.2/23.6(72) rocket:9.4/22.6(53) | time 0-60:14.8/47.1(257) 60-120:11.2/44.2(242) 120-180:13.8/37.5(376) 180+:8.5/32.6(129) ce 3.888683795928955 entropy 3.6009631156921387
strict-loadable convs WITHOUT the bias map: strict_part_without_bias_map: n 1004 top1 3.49 top5 11.75 | cards skeletons:3.9/10.0(180) ice_wizard:3.1/5.7(159) the_log:11.9/41.3(143) knight:3.2/8.7(126) tesla:1.0/2.9(105) x_bow:0.0/0.0(91) tornado:0.0/9.7(72) rocket:0.0/9.4(53) | time 0-60:4.7/13.2(257) 60-120:3.3/12.8(242) 120-180:2.9/9.6(376) 180+:3.1/13.2(129)
saved+reloaded (via wrapper) C:\Users\benpe\ClashBot\icebow\data\bc_pro\models\bc_head_biasonly_s0.pt top1 12.749003984063744
done 22s
