[rescale] p99 62.19 -> cell_conv.4 / 10.36
rescaled baseline rescaled_baseline: n 1004 top1 3.49 top5 11.75 | cards skeletons:3.9/10.0(180) ice_wizard:3.1/5.7(159) the_log:11.9/41.3(143) knight:3.2/8.7(126) tesla:1.0/2.9(105) x_bow:0.0/0.0(91) tornado:0.0/9.7(72) rocket:0.0/9.4(53) | time 0-60:4.7/13.2(257) 60-120:3.3/12.8(242) 120-180:2.9/9.6(376) 180+:3.1/13.2(129)
log_prior_alone: n 1004 top1 13.65 top5 40.04 | cards skeletons:10.0/25.6(180) ice_wizard:11.9/32.1(159) the_log:15.4/48.3(143) knight:7.9/35.7(126) tesla:22.9/64.8(105) x_bow:29.7/80.2(91) tornado:8.3/22.2(72) rocket:3.8/17.0(53) | time 0-60:15.6/47.9(257) 60-120:14.0/40.5(242) 120-180:13.8/37.8(376) 180+:8.5/30.2(129)
ep 0 val top1 9.16 top5 32.47 ce 4.243 H 3.61
ep 1 train_ce 3.759 val top1 13.25 top5 39.74 ce 3.800 H 4.07
ep 2 train_ce 3.670 val top1 14.04 top5 41.83 ce 3.740 H 3.95
ep 3 train_ce 3.616 val top1 14.34 top5 41.83 ce 3.715 H 3.84
ep 4 train_ce 3.578 val top1 16.14 top5 41.93 ce 3.674 H 3.85
ep 5 train_ce 3.542 val top1 14.74 top5 42.13 ce 3.639 H 3.86
ep 6 train_ce 3.520 val top1 14.64 top5 42.13 ce 3.619 H 3.80
ep 7 train_ce 3.501 val top1 15.34 top5 43.13 ce 3.601 H 3.82
ep 8 train_ce 3.487 val top1 14.64 top5 42.73 ce 3.613 H 3.77
ep 9 train_ce 3.481 val top1 15.44 top5 43.82 ce 3.593 H 3.84
ep 10 train_ce 3.465 val top1 15.04 top5 44.32 ce 3.593 H 3.72
ep 11 train_ce 3.453 val top1 14.94 top5 42.73 ce 3.591 H 3.60
ep 12 train_ce 3.445 val top1 15.64 top5 44.12 ce 3.573 H 3.67
ep 13 train_ce 3.436 val top1 14.94 top5 44.42 ce 3.581 H 3.74
ep 14 train_ce 3.429 val top1 15.14 top5 43.92 ce 3.574 H 3.66
ep 15 train_ce 3.412 val top1 14.84 top5 43.63 ce 3.572 H 3.64
ep 16 train_ce 3.408 val top1 15.14 top5 45.22 ce 3.552 H 3.69
ep 17 train_ce 3.395 val top1 14.94 top5 43.92 ce 3.566 H 3.61
ep 18 train_ce 3.392 val top1 14.84 top5 45.62 ce 3.552 H 3.70
ep 19 train_ce 3.379 val top1 14.64 top5 44.82 ce 3.564 H 3.58
ep 20 train_ce 3.373 val top1 15.14 top5 45.92 ce 3.535 H 3.59
ep 21 train_ce 3.362 val top1 13.84 top5 45.82 ce 3.537 H 3.61
ep 22 train_ce 3.356 val top1 15.24 top5 46.12 ce 3.541 H 3.60
ep 23 train_ce 3.348 val top1 15.44 top5 45.52 ce 3.542 H 3.51
ep 24 train_ce 3.340 val top1 14.64 top5 45.82 ce 3.559 H 3.53
ep 25 train_ce 3.340 val top1 14.94 top5 45.32 ce 3.538 H 3.57
ep 26 train_ce 3.326 val top1 15.44 top5 46.31 ce 3.531 H 3.56
ep 27 train_ce 3.322 val top1 14.64 top5 45.82 ce 3.537 H 3.59
ep 28 train_ce 3.317 val top1 15.44 top5 46.12 ce 3.536 H 3.51
ep 29 train_ce 3.310 val top1 15.24 top5 47.11 ce 3.530 H 3.52
ep 30 train_ce 3.305 val top1 14.94 top5 45.82 ce 3.544 H 3.55
ep 31 train_ce 3.300 val top1 15.44 top5 47.11 ce 3.532 H 3.56
ep 32 train_ce 3.294 val top1 15.34 top5 46.31 ce 3.535 H 3.58
ep 33 train_ce 3.288 val top1 15.44 top5 45.92 ce 3.546 H 3.49
ep 34 train_ce 3.283 val top1 15.54 top5 46.02 ce 3.535 H 3.48
ep 35 train_ce 3.281 val top1 15.44 top5 46.61 ce 3.521 H 3.49
ep 36 train_ce 3.276 val top1 15.54 top5 47.61 ce 3.527 H 3.49
ep 37 train_ce 3.271 val top1 15.84 top5 46.71 ce 3.528 H 3.47
ep 38 train_ce 3.268 val top1 15.94 top5 46.41 ce 3.532 H 3.45
ep 39 train_ce 3.258 val top1 15.14 top5 47.11 ce 3.535 H 3.38
ep 40 train_ce 3.265 val top1 15.54 top5 46.41 ce 3.543 H 3.54
ep 41 train_ce 3.254 val top1 16.43 top5 46.51 ce 3.534 H 3.43
ep 42 train_ce 3.252 val top1 16.14 top5 46.81 ce 3.548 H 3.40
ep 43 train_ce 3.246 val top1 15.24 top5 47.71 ce 3.534 H 3.47
early stop at ep 43, best ep 35 val_ce 3.521
BEST M2_bias_best: n 1004 top1 15.44 top5 46.61 | cards skeletons:11.1/33.3(180) ice_wizard:13.2/44.0(159) the_log:23.1/55.9(143) knight:10.3/43.7(126) tesla:24.8/67.6(105) x_bow:25.3/76.9(91) tornado:5.6/23.6(72) rocket:11.3/32.1(53) | time 0-60:18.3/55.3(257) 60-120:17.4/50.8(242) 120-180:14.6/41.5(376) 180+:8.5/36.4(129) ce 3.5207505226135254 entropy 3.4885780811309814
strict-loadable convs WITHOUT the bias map: strict_part_without_bias_map: n 1004 top1 6.77 top5 20.12 | cards skeletons:6.1/17.8(180) ice_wizard:10.7/22.0(159) the_log:8.4/37.8(143) knight:14.3/31.7(126) tesla:3.8/7.6(105) x_bow:1.1/7.7(91) tornado:1.4/5.6(72) rocket:3.8/15.1(53) | time 0-60:11.3/28.8(257) 60-120:5.8/18.6(242) 120-180:5.3/17.3(376) 180+:3.9/14.0(129)
saved+reloaded (via wrapper) C:\Users\benpe\ClashBot\icebow\data\bc_pro\models\bc_head_bias_s0.pt top1 15.43824701195219
done 19s
