[crawl] session: saved token
[crawl] roster resumed: 50 players
[crawl] battle histories: 15 players to walk (35 done)
[crawl] history L8GVPJ900 failed: RateLimited -- will retry next run
[crawl] history 2PLQLRGQR failed: RateLimited -- will retry next run
[crawl] 43/50 players walked, 567 battles kept
[crawl] clearance expired during history:GRUGJPJGV -- renewing
[crawl] history GRUGJPJGV failed: RateLimited -- will retry next run
[crawl] history 2PY2228U9 failed: RateLimited -- will retry next run
[crawl] 46/50 players walked, 622 battles kept
[crawl] battle stage complete: 622 battles across 31 players
[crawl] replays: 102 to fetch (520 already done)
[crawl] error 00UYPLLJ9P0R: RateLimited
[crawl] error 08VPPURYYGPY: RateLimited
[crawl] 20/102 replays (7 min)
[crawl] error 00VYPQQL2JCG: RateLimited
[crawl] error 09R9JULP0R20: RateLimited
[crawl] error 00VYPQYV0Y9C: RateLimited
[crawl] error 020YPLGYPPLG: RateLimited
[crawl] 40/102 replays (10 min)
[crawl] error 08LY88909CQG: RateLimited
[crawl] error 08PY89P0UCVQ: RateLimited
[crawl] 60/102 replays (12 min)
[crawl] error 00VYPQYPCGCG: RateLimited
[crawl] error 080Y8GPJPCVQ: RateLimited
[crawl] error 08VPPUGPUYUY: RateLimited
[crawl] error 000YLY2UGCGC: RateLimited
[crawl] clearance expired during replay -- renewing
[crawl] 80/102 replays (15 min)
[crawl] error 08VPPU9VLVRG: RateLimited
[crawl] error 022YYGG88VCU: RateLimited
[crawl] DONE: 88 new replays in 17 min -> C:\Users\benpe\ClashBot\icebow\data\royaleapi\crawl2
