{
 "C:/Users/benpe/ClashBot/icebow/data/bench/rl_royale/rseries_r3c/rseries_r3c_u0030.pt": {
  "val_n_play": 100463,
  "val_cell_top1": 0.21737356041527728,
  "val_cell_top3": 0.45397808148273494,
  "val_cell_nll": 3.071431875228882,
  "val_card_top1": 0.6099857659038651,
  "card_logit_max_abs_diff_vs_first": null,
  "card_inf_pattern_equal": null,
  "has_cell_refine": false,
  "centre": {
   "sub_train|side0|OTHER": 1484,
   "sub_train|side0|same": 1506,
   "sub_train|side1|OTHER": 1651,
   "sub_train|side1|same": 1677,
   "sub_val|side0|OTHER": 141,
   "sub_val|side0|same": 142,
   "sub_val|side1|OTHER": 148,
   "sub_val|side1|same": 150,
   "val|side0|OTHER": 2350,
   "val|side0|same": 2201,
   "val|side1|OTHER": 2254,
   "val|side1|same": 2225
  },
  "lane": {
   "sub_train|side0|model|enemy_side": 402,
   "sub_train|side0|model|far_side": 355,
   "sub_train|side0|pro|enemy_side": 328,
   "sub_train|side0|pro|far_side": 232,
   "sub_train|side1|model|enemy_side": 533,
   "sub_train|side1|model|far_side": 469,
   "sub_train|side1|pro|enemy_side": 458,
   "sub_train|side1|pro|far_side": 269,
   "sub_val|side0|model|enemy_side": 40,
   "sub_val|side0|model|far_side": 41,
   "sub_val|side0|pro|enemy_side": 29,
   "sub_val|side0|pro|far_side": 24,
   "sub_val|side1|model|enemy_side": 45,
   "sub_val|side1|model|far_side": 50,
   "sub_val|side1|pro|enemy_side": 50,
   "sub_val|side1|pro|far_side": 25,
   "val|side0|model|enemy_side": 677,
   "val|side0|model|far_side": 624,
   "val|side0|pro|enemy_side": 617,
   "val|side0|pro|far_side": 373,
   "val|side1|model|enemy_side": 1213,
   "val|side1|model|far_side": 1298,
   "val|side1|pro|enemy_side": 1300,
   "val|side1|pro|far_side": 668
  }
 }
}
{
 "C:/Users/benpe/ClashBot/icebow/data/bench/rl_royale/rseries_r3c/rseries_r3c_u0030_barrel.pt": {
  "val_n_play": 100463,
  "val_cell_top1": 0.21770203955685177,
  "val_cell_top3": 0.45421697540388,
  "val_cell_nll": 3.0700113773345947,
  "val_card_top1": 0.6099857659038651,
  "card_logit_max_abs_diff_vs_first": 2.384185791015625e-06,
  "card_inf_pattern_equal": true,
  "has_cell_refine": false,
  "centre": {
   "sub_train|side0|OTHER": 1484,
   "sub_train|side0|same": 1503,
   "sub_train|side1|OTHER": 1650,
   "sub_train|side1|same": 1679,
   "sub_val|side0|OTHER": 140,
   "sub_val|side0|same": 143,
   "sub_val|side1|OTHER": 148,
   "sub_val|side1|same": 150,
   "val|side0|OTHER": 2350,
   "val|side0|same": 2199,
   "val|side1|OTHER": 2253,
   "val|side1|same": 2225
  },
  "lane": {
   "sub_train|side0|model|enemy_side": 402,
   "sub_train|side0|model|far_side": 353,
   "sub_train|side0|pro|enemy_side": 328,
   "sub_train|side0|pro|far_side": 232,
   "sub_train|side1|model|enemy_side": 531,
   "sub_train|side1|model|far_side": 472,
   "sub_train|side1|pro|enemy_side": 458,
   "sub_train|side1|pro|far_side": 269,
   "sub_val|side0|model|enemy_side": 40,
   "sub_val|side0|model|far_side": 41,
   "sub_val|side0|pro|enemy_side": 29,
   "sub_val|side0|pro|far_side": 24,
   "sub_val|side1|model|enemy_side": 45,
   "sub_val|side1|model|far_side": 50,
   "sub_val|side1|pro|enemy_side": 50,
   "sub_val|side1|pro|far_side": 25,
   "val|side0|model|enemy_side": 676,
   "val|side0|model|far_side": 624,
   "val|side0|pro|enemy_side": 617,
   "val|side0|pro|far_side": 373,
   "val|side1|model|enemy_side": 1211,
   "val|side1|model|far_side": 1296,
   "val|side1|pro|enemy_side": 1300,
   "val|side1|pro|far_side": 668
  }
 }
}
{
 "C:/Users/benpe/ClashBot/icebow/data/bench/rl_royale/rseries_r3c/rseries_r3c_u0030_barrel_cellref5.pt": {
  "val_n_play": 100463,
  "val_cell_top1": 0.23964046464867664,
  "val_cell_top3": 0.4791415745100186,
  "val_cell_nll": 2.9935100078582764,
  "val_card_top1": 0.6099857659038651,
  "card_logit_max_abs_diff_vs_first": 3.814697265625e-06,
  "card_inf_pattern_equal": true,
  "has_cell_refine": true,
  "centre": {
   "sub_train|side0|OTHER": 1236,
   "sub_train|side0|same": 1907,
   "sub_train|side1|OTHER": 1382,
   "sub_train|side1|same": 2127,
   "sub_val|side0|OTHER": 135,
   "sub_val|side0|same": 175,
   "sub_val|side1|OTHER": 116,
   "sub_val|side1|same": 196,
   "val|side0|OTHER": 1947,
   "val|side0|same": 2875,
   "val|side1|OTHER": 1880,
   "val|side1|same": 2838
  },
  "lane": {
   "sub_train|side0|model|enemy_side": 446,
   "sub_train|side0|model|far_side": 280,
   "sub_train|side0|pro|enemy_side": 328,
   "sub_train|side0|pro|far_side": 232,
   "sub_train|side1|model|enemy_side": 593,
   "sub_train|side1|model|far_side": 377,
   "sub_train|side1|pro|enemy_side": 458,
   "sub_train|side1|pro|far_side": 269,
   "sub_val|side0|model|enemy_side": 56,
   "sub_val|side0|model|far_side": 22,
   "sub_val|side0|pro|enemy_side": 29,
   "sub_val|side0|pro|far_side": 24,
   "sub_val|side1|model|enemy_side": 64,
   "sub_val|side1|model|far_side": 36,
   "sub_val|side1|pro|enemy_side": 50,
   "sub_val|side1|pro|far_side": 25,
   "val|side0|model|enemy_side": 826,
   "val|side0|model|far_side": 474,
   "val|side0|pro|enemy_side": 617,
   "val|side0|pro|far_side": 373,
   "val|side1|model|enemy_side": 1676,
   "val|side1|model|far_side": 888,
   "val|side1|pro|enemy_side": 1300,
   "val|side1|pro|far_side": 668
  }
 }
}
