C:\Users\benpe\ClashBot\pipeline\model_v3.py:92: UserWarning: enable_nested_tensor is True, but self.use_nested_tensor is False because encoder_layer.norm_first was True
  self.encoder = nn.TransformerEncoder(enc, layers)
m000 outcome     win tower_delta +0.936 plays  64 searched 299 overrode 170 wait 235
m001 outcome     win tower_delta +1.153 plays  69 searched 593 overrode 292 wait 460
m002 outcome    loss tower_delta -0.583 plays  14 searched 1008 overrode 508 wait 861
m003 outcome     win tower_delta +1.180 plays  62 searched 1322 overrode 666 wait 1113
m004 outcome     win tower_delta +0.958 plays  28 searched 1506 overrode 751 wait 1269
m005 outcome     win tower_delta -0.386 plays  33 searched 1648 overrode 812 wait 1378
m006 outcome     win tower_delta -0.105 plays  68 searched 1917 overrode 934 wait 1579
m007 outcome    draw tower_delta +0.004 plays   2 searched 2402 overrode 1379 wait 2062
m008 outcome     win tower_delta -0.294 plays  60 searched 2725 overrode 1549 wait 2325
m009 outcome    loss tower_delta -0.082 plays   3 searched 3222 overrode 2003 wait 2819
m010 outcome     win tower_delta +0.547 plays  29 searched 3404 overrode 2081 wait 2972
m011 outcome     win tower_delta +0.542 plays  67 searched 3695 overrode 2194 wait 3196
{
 "ckpt": "icebow\\data\\pipeline\\s1_icebow_v6lat_s0.pt",
 "matches": 12,
 "degrade": true,
 "mode": "search",
 "horizon": 12.0,
 "interval": 1,
 "topk": 4,
 "cells": 1,
 "win_pct": 75.0,
 "tower_delta_mean": 0.3224,
 "tower_delta_sem": 0.1837,
 "plays_per_match": 41.6,
 "searched": 3695,
 "overrode": 2194,
 "moved_cell": 0,
 "chose_wait": 3196,
 "policy_wait_overridden": 233,
 "wall_s": 347.5
}
