C:\Users\benpe\ClashBot\pipeline\model_v3.py:92: UserWarning: enable_nested_tensor is True, but self.use_nested_tensor is False because encoder_layer.norm_first was True
  self.encoder = nn.TransformerEncoder(enc, layers)
C:\Users\benpe\ClashBot\pipeline\train_s1.py:258: UserWarning: Converting a tensor with requires_grad=True to a scalar may lead to unexpected behavior.
Consider using tensor.detach() first. (Triggered internally at C:\actions-runner\_work\pytorch\pytorch\pytorch\torch\csrc\autograd\generated\python_variable_methods.cpp:837.)
  tot += float(loss); nb += 1
{"init": "icebow\\data\\pipeline\\s1_icebow_v6lat_s0.pt", "epoch": 15, "d": 128, "layers": 4}
{"cell_half_top1": 0.4289, "cell_tile_top1": 0.4289, "card_top1": 0.7976, "joint_top1": 0.3518, "cell_nll": 2.5124, "gate_acc": 0.7554, "gate_bal_acc": 0.5364, "wait_top1": 0.5043, "value_acc": 0.6202, "place_hit": 0.4289, "place_1t": 0.5807, "place_dist": 2.6816, "emb_cosine": 0.6755, "n_play": 830, "n": 3483, "epoch": 1, "train_loss": 1.2482, "seconds": 24}
{"cell_half_top1": 0.4542, "cell_tile_top1": 0.4554, "card_top1": 0.8337, "joint_top1": 0.394, "cell_nll": 2.4918, "gate_acc": 0.7686, "gate_bal_acc": 0.5554, "wait_top1": 0.5145, "value_acc": 0.5073, "place_hit": 0.4542, "place_1t": 0.6036, "place_dist": 2.5193, "emb_cosine": 0.5742, "n_play": 830, "n": 3483, "epoch": 2, "train_loss": 0.9539, "seconds": 47}
{"cell_half_top1": 0.4759, "cell_tile_top1": 0.4771, "card_top1": 0.8458, "joint_top1": 0.4072, "cell_nll": 2.4841, "gate_acc": 0.7634, "gate_bal_acc": 0.5806, "wait_top1": 0.5307, "value_acc": 0.4528, "place_hit": 0.4759, "place_1t": 0.6205, "place_dist": 2.365, "emb_cosine": 0.5092, "n_play": 830, "n": 3483, "epoch": 3, "train_loss": 0.8816, "seconds": 69}
{"cell_half_top1": 0.4675, "cell_tile_top1": 0.4711, "card_top1": 0.8482, "joint_top1": 0.4108, "cell_nll": 2.4874, "gate_acc": 0.7657, "gate_bal_acc": 0.6061, "wait_top1": 0.5484, "value_acc": 0.4967, "place_hit": 0.4675, "place_1t": 0.6133, "place_dist": 2.4572, "emb_cosine": 0.4786, "n_play": 830, "n": 3483, "epoch": 4, "train_loss": 0.8291, "seconds": 90}
{"cell_half_top1": 0.4651, "cell_tile_top1": 0.4663, "card_top1": 0.8542, "joint_top1": 0.412, "cell_nll": 2.4901, "gate_acc": 0.7686, "gate_bal_acc": 0.6055, "wait_top1": 0.5575, "value_acc": 0.4344, "place_hit": 0.4651, "place_1t": 0.6157, "place_dist": 2.4322, "emb_cosine": 0.4325, "n_play": 830, "n": 3483, "epoch": 5, "train_loss": 0.7869, "seconds": 127}
{"cell_half_top1": 0.4639, "cell_tile_top1": 0.4651, "card_top1": 0.8578, "joint_top1": 0.412, "cell_nll": 2.4841, "gate_acc": 0.7626, "gate_bal_acc": 0.602, "wait_top1": 0.5552, "value_acc": 0.4373, "place_hit": 0.4639, "place_1t": 0.612, "place_dist": 2.4564, "emb_cosine": 0.3956, "n_play": 830, "n": 3483, "epoch": 6, "train_loss": 0.7508, "seconds": 151}
{"cell_half_top1": 0.4651, "cell_tile_top1": 0.4663, "card_top1": 0.8614, "joint_top1": 0.4133, "cell_nll": 2.4926, "gate_acc": 0.7761, "gate_bal_acc": 0.6059, "wait_top1": 0.5552, "value_acc": 0.4051, "place_hit": 0.4651, "place_1t": 0.6048, "place_dist": 2.495, "emb_cosine": 0.3658, "n_play": 830, "n": 3483, "epoch": 7, "train_loss": 0.7342, "seconds": 173}
{"cell_half_top1": 0.4699, "cell_tile_top1": 0.4723, "card_top1": 0.8639, "joint_top1": 0.4193, "cell_nll": 2.4812, "gate_acc": 0.7692, "gate_bal_acc": 0.6051, "wait_top1": 0.5545, "value_acc": 0.4266, "place_hit": 0.4699, "place_1t": 0.6145, "place_dist": 2.4401, "emb_cosine": 0.3628, "n_play": 830, "n": 3483, "epoch": 8, "train_loss": 0.718, "seconds": 195}
{"cell_half_top1": 0.4627, "cell_tile_top1": 0.4639, "card_top1": 0.8602, "joint_top1": 0.412, "cell_nll": 2.491, "gate_acc": 0.7792, "gate_bal_acc": 0.6067, "wait_top1": 0.5564, "value_acc": 0.4289, "place_hit": 0.4627, "place_1t": 0.606, "place_dist": 2.4636, "emb_cosine": 0.3564, "n_play": 830, "n": 3483, "epoch": 9, "train_loss": 0.6963, "seconds": 217}
{"cell_half_top1": 0.4639, "cell_tile_top1": 0.4663, "card_top1": 0.8639, "joint_top1": 0.4133, "cell_nll": 2.4865, "gate_acc": 0.7738, "gate_bal_acc": 0.6093, "wait_top1": 0.5473, "value_acc": 0.4335, "place_hit": 0.4639, "place_1t": 0.6096, "place_dist": 2.4428, "emb_cosine": 0.3542, "n_play": 830, "n": 3483, "epoch": 10, "train_loss": 0.6865, "seconds": 238}
{"cell_half_top1": 0.4663, "cell_tile_top1": 0.4699, "card_top1": 0.8675, "joint_top1": 0.4169, "cell_nll": 2.4853, "gate_acc": 0.7746, "gate_bal_acc": 0.6099, "wait_top1": 0.5515, "value_acc": 0.4387, "place_hit": 0.4663, "place_1t": 0.6108, "place_dist": 2.4219, "emb_cosine": 0.3528, "n_play": 830, "n": 3483, "epoch": 11, "train_loss": 0.6839, "seconds": 258}
{"cell_half_top1": 0.4651, "cell_tile_top1": 0.4687, "card_top1": 0.8687, "joint_top1": 0.4169, "cell_nll": 2.485, "gate_acc": 0.7738, "gate_bal_acc": 0.6089, "wait_top1": 0.5511, "value_acc": 0.4393, "place_hit": 0.4651, "place_1t": 0.6096, "place_dist": 2.4287, "emb_cosine": 0.3531, "n_play": 830, "n": 3483, "epoch": 12, "train_loss": 0.6798, "seconds": 278}
Traceback (most recent call last):
  File "<frozen runpy>", line 203, in _run_module_as_main
  File "<frozen runpy>", line 88, in _run_code
  File "C:\Users\benpe\ClashBot\pipeline\train_s1.py", line 288, in <module>
    raise SystemExit(main())
                     ~~~~^^
  File "C:\Users\benpe\ClashBot\pipeline\train_s1.py", line 274, in main
    model.load_state_dict(torch.load(ckpt, map_location=dev)["model"])
                          ~~~~~~~~~~^^^^^^^^^^^^^^^^^^^^^^^^
  File "C:\Users\benpe\ClashBot\icebow\.venv\Lib\site-packages\torch\serialization.py", line 1578, in load
    raise pickle.UnpicklingError(_get_wo_message(str(e))) from None
_pickle.UnpicklingError: Weights only load failed. This file can still be loaded, to do so you have two options, [1mdo those steps only if you trust the source of the checkpoint[0m. 
	(1) In PyTorch 2.6, we changed the default value of the `weights_only` argument in `torch.load` from `False` to `True`. Re-running `torch.load` with `weights_only` set to `False` will likely succeed, but it can result in arbitrary code execution. Do it only if you got the file from a trusted source.
	(2) Alternatively, to load with `weights_only=True` please check the recommended steps in the following error message.
	WeightsUnpickler error: Unsupported global: GLOBAL pathlib._local.WindowsPath was not an allowed global by default. Please use `torch.serialization.add_safe_globals([pathlib._local.WindowsPath])` or the `torch.serialization.safe_globals([pathlib._local.WindowsPath])` context manager to allowlist this global if you trust this class/function.

Check the documentation of torch.load to learn more about types accepted by default with weights_only https://pytorch.org/docs/stable/generated/torch.load.html.
