C:\Users\benpe\ClashBot\pipeline\model_v3.py:92: UserWarning: enable_nested_tensor is True, but self.use_nested_tensor is False because encoder_layer.norm_first was True
  self.encoder = nn.TransformerEncoder(enc, layers)
m000 seed 900000 outcome    loss tower_delta -2.270 plays  13 t_end 148s
m001 seed 900001 outcome     win tower_delta -0.542 plays  66 t_end 293s
m002 seed 900002 outcome    loss tower_delta -0.705 plays   3 t_end 300s
m003 seed 900003 outcome    loss tower_delta -1.212 plays  38 t_end 217s
m004 seed 900004 outcome    loss tower_delta -2.032 plays  26 t_end 173s
m005 seed 900005 outcome    loss tower_delta -2.613 plays   3 t_end 93s
m006 seed 900006 outcome    loss tower_delta -2.844 plays  23 t_end 180s
m007 seed 900007 outcome    loss tower_delta -0.263 plays   4 t_end 300s
m008 seed 900008 outcome    loss tower_delta -2.855 plays  10 t_end 139s
m009 seed 900009 outcome     win tower_delta +0.779 plays  39 t_end 300s
m010 seed 900010 outcome    loss tower_delta -1.326 plays  24 t_end 184s
m011 seed 900011 outcome    loss tower_delta -1.044 plays  71 t_end 300s
{
 "ckpt": "icebow\\data\\pipeline\\s1_icebow_distillbal_s0.pt",
 "matches": 12,
 "degrade": true,
 "tau": 0.27,
 "win_pct": 16.7,
 "tower_delta_mean": -1.4105,
 "tower_delta_sem": 0.3286,
 "plays_per_match": 26.7,
 "decisions": 4385,
 "wait": 2978,
 "no_affordable": 1087,
 "gate_p_mean": 0.1326,
 "gate_frac_over_tau": 0.093,
 "wall_s": 113.1
}
