C:\Users\benpe\ClashBot\pipeline\model_v3.py:92: UserWarning: enable_nested_tensor is True, but self.use_nested_tensor is False because encoder_layer.norm_first was True
  self.encoder = nn.TransformerEncoder(enc, layers)
C:\Users\benpe\ClashBot\pipeline\train_s1.py:258: UserWarning: Converting a tensor with requires_grad=True to a scalar may lead to unexpected behavior.
Consider using tensor.detach() first. (Triggered internally at C:\actions-runner\_work\pytorch\pytorch\pytorch\torch\csrc\autograd\generated\python_variable_methods.cpp:837.)
  tot += float(loss); nb += 1
{"init": "icebow\\data\\pipeline\\s1_icebow_v6lat_s0.pt", "epoch": 15, "d": 128, "layers": 4}
{"cell_half_top1": 0.4398, "cell_tile_top1": 0.4398, "card_top1": 0.7952, "joint_top1": 0.359, "cell_nll": 2.4901, "gate_acc": 0.7554, "gate_bal_acc": 0.5377, "wait_top1": 0.5047, "value_acc": 0.6308, "place_hit": 0.4398, "place_1t": 0.5916, "place_dist": 2.6, "emb_cosine": 0.6754, "n_play": 830, "n": 3483, "epoch": 1, "train_loss": 1.2672, "seconds": 24}
{"cell_half_top1": 0.4578, "cell_tile_top1": 0.4614, "card_top1": 0.8325, "joint_top1": 0.3988, "cell_nll": 2.4869, "gate_acc": 0.7689, "gate_bal_acc": 0.5548, "wait_top1": 0.5153, "value_acc": 0.5079, "place_hit": 0.4578, "place_1t": 0.6048, "place_dist": 2.5175, "emb_cosine": 0.5768, "n_play": 830, "n": 3483, "epoch": 2, "train_loss": 0.9578, "seconds": 44}
{"cell_half_top1": 0.4723, "cell_tile_top1": 0.4747, "card_top1": 0.8422, "joint_top1": 0.4072, "cell_nll": 2.483, "gate_acc": 0.7634, "gate_bal_acc": 0.5818, "wait_top1": 0.527, "value_acc": 0.4436, "place_hit": 0.4723, "place_1t": 0.6217, "place_dist": 2.3913, "emb_cosine": 0.5129, "n_play": 830, "n": 3483, "epoch": 3, "train_loss": 0.884, "seconds": 63}
{"cell_half_top1": 0.4663, "cell_tile_top1": 0.4687, "card_top1": 0.8494, "joint_top1": 0.4096, "cell_nll": 2.4918, "gate_acc": 0.7646, "gate_bal_acc": 0.6045, "wait_top1": 0.5488, "value_acc": 0.4976, "place_hit": 0.4663, "place_1t": 0.6048, "place_dist": 2.5125, "emb_cosine": 0.4773, "n_play": 830, "n": 3483, "epoch": 4, "train_loss": 0.8299, "seconds": 87}
{"cell_half_top1": 0.4675, "cell_tile_top1": 0.4735, "card_top1": 0.8566, "joint_top1": 0.4108, "cell_nll": 2.5054, "gate_acc": 0.7654, "gate_bal_acc": 0.6088, "wait_top1": 0.5594, "value_acc": 0.4307, "place_hit": 0.4675, "place_1t": 0.612, "place_dist": 2.417, "emb_cosine": 0.4276, "n_play": 830, "n": 3483, "epoch": 5, "train_loss": 0.7865, "seconds": 108}
{"cell_half_top1": 0.4675, "cell_tile_top1": 0.4687, "card_top1": 0.859, "joint_top1": 0.4157, "cell_nll": 2.4873, "gate_acc": 0.762, "gate_bal_acc": 0.6024, "wait_top1": 0.5466, "value_acc": 0.4393, "place_hit": 0.4675, "place_1t": 0.6193, "place_dist": 2.3889, "emb_cosine": 0.3888, "n_play": 830, "n": 3483, "epoch": 6, "train_loss": 0.7493, "seconds": 128}
{"cell_half_top1": 0.4614, "cell_tile_top1": 0.4627, "card_top1": 0.853, "joint_top1": 0.4084, "cell_nll": 2.5011, "gate_acc": 0.7769, "gate_bal_acc": 0.6056, "wait_top1": 0.5548, "value_acc": 0.4008, "place_hit": 0.4614, "place_1t": 0.6036, "place_dist": 2.4915, "emb_cosine": 0.3539, "n_play": 830, "n": 3483, "epoch": 7, "train_loss": 0.7328, "seconds": 146}
{"cell_half_top1": 0.4578, "cell_tile_top1": 0.4602, "card_top1": 0.8627, "joint_top1": 0.4072, "cell_nll": 2.4881, "gate_acc": 0.774, "gate_bal_acc": 0.6079, "wait_top1": 0.5499, "value_acc": 0.4129, "place_hit": 0.4578, "place_1t": 0.6048, "place_dist": 2.4636, "emb_cosine": 0.3533, "n_play": 830, "n": 3483, "epoch": 8, "train_loss": 0.7121, "seconds": 165}
{"cell_half_top1": 0.4578, "cell_tile_top1": 0.4614, "card_top1": 0.8602, "joint_top1": 0.4108, "cell_nll": 2.5081, "gate_acc": 0.7784, "gate_bal_acc": 0.6074, "wait_top1": 0.5594, "value_acc": 0.437, "place_hit": 0.4578, "place_1t": 0.5988, "place_dist": 2.4822, "emb_cosine": 0.3439, "n_play": 830, "n": 3483, "epoch": 9, "train_loss": 0.6847, "seconds": 184}
{"cell_half_top1": 0.4627, "cell_tile_top1": 0.4639, "card_top1": 0.8639, "joint_top1": 0.4145, "cell_nll": 2.494, "gate_acc": 0.7758, "gate_bal_acc": 0.6144, "wait_top1": 0.5439, "value_acc": 0.4559, "place_hit": 0.4627, "place_1t": 0.6072, "place_dist": 2.4498, "emb_cosine": 0.348, "n_play": 830, "n": 3483, "epoch": 10, "train_loss": 0.6725, "seconds": 206}
{"cell_half_top1": 0.4602, "cell_tile_top1": 0.4627, "card_top1": 0.8651, "joint_top1": 0.4133, "cell_nll": 2.4871, "gate_acc": 0.7761, "gate_bal_acc": 0.617, "wait_top1": 0.5386, "value_acc": 0.4456, "place_hit": 0.4602, "place_1t": 0.606, "place_dist": 2.4281, "emb_cosine": 0.34, "n_play": 830, "n": 3483, "epoch": 11, "train_loss": 0.6649, "seconds": 231}
{"cell_half_top1": 0.4614, "cell_tile_top1": 0.4651, "card_top1": 0.8699, "joint_top1": 0.4157, "cell_nll": 2.4882, "gate_acc": 0.7763, "gate_bal_acc": 0.6139, "wait_top1": 0.5368, "value_acc": 0.4502, "place_hit": 0.4614, "place_1t": 0.6072, "place_dist": 2.4423, "emb_cosine": 0.335, "n_play": 830, "n": 3483, "epoch": 12, "train_loss": 0.6544, "seconds": 263}
{"cell_half_top1": 0.4602, "cell_tile_top1": 0.4627, "card_top1": 0.8711, "joint_top1": 0.4157, "cell_nll": 2.4919, "gate_acc": 0.7752, "gate_bal_acc": 0.614, "wait_top1": 0.5401, "value_acc": 0.4439, "place_hit": 0.4602, "place_1t": 0.6084, "place_dist": 2.4328, "emb_cosine": 0.331, "n_play": 830, "n": 3483, "epoch": 13, "train_loss": 0.6482, "seconds": 291}
{"cell_half_top1": 0.4602, "cell_tile_top1": 0.4627, "card_top1": 0.8711, "joint_top1": 0.4157, "cell_nll": 2.4919, "gate_acc": 0.7752, "gate_bal_acc": 0.6144, "wait_top1": 0.5401, "value_acc": 0.4436, "place_hit": 0.4602, "place_1t": 0.6072, "place_dist": 2.435, "emb_cosine": 0.3304, "n_play": 830, "n": 3483, "epoch": 14, "train_loss": 0.6527, "seconds": 318}
{"FINAL": "icebow_distillbal_s0", "val_cell_tile": 0.4746987951807229, "val_cell_half": 0.472289156626506, "train_cell_tile": 0.44496079000871336, "card": 0.8421686746987952, "joint": 0.4072289156626506, "emb_cos": 0.512886643409729, "epoch": 3}
