C:\Users\benpe\ClashBot\pipeline\model_v3.py:92: UserWarning: enable_nested_tensor is True, but self.use_nested_tensor is False because encoder_layer.norm_first was True
  self.encoder = nn.TransformerEncoder(enc, layers)
{"n": 121, "excluded_opening_stalls": 22, "by_why": {"pinned_hi": 68, "stall": 53}, "rescore_max_abs_err": 3.129243850708008e-07, "base": {"mean_p": 0.0287, "frac_over_tau": 0.0}}
arm                         mean_p   >tau  d_mean  per-why >tau
board_empty                  0.029   0.00  +0.001  pinned_hi=0.00 stall=0.00
enemy_units_off              0.029   0.00  +0.000  pinned_hi=0.00 stall=0.00
my_units_off                 0.029   0.00  +0.000  pinned_hi=0.00 stall=0.00
unknown_side_off             0.029   0.00  +0.000  pinned_hi=0.00 stall=0.00
spells_off                   0.030   0.01  +0.002  pinned_hi=0.00 stall=0.02
unit_hp_known_full           0.029   0.00  +0.000  pinned_hi=0.00 stall=0.00
unit_conf_1                  0.029   0.00  -0.000  pinned_hi=0.00 stall=0.00
unit_age_unknown             0.029   0.00  +0.000  pinned_hi=0.00 stall=0.00
unit_deploying_unknown       0.029   0.00  +0.000  pinned_hi=0.00 stall=0.00
past_clear                   0.319   0.40  +0.290  pinned_hi=0.35 stall=0.45
past_age_3s                  0.046   0.03  +0.017  pinned_hi=0.00 stall=0.07
past_age_60s                 0.122   0.14  +0.093  pinned_hi=0.12 stall=0.17
elixir_10                    0.065   0.04  +0.037  pinned_hi=0.01 stall=0.07
elixir_6                     0.008   0.00  -0.020  pinned_hi=0.00 stall=0.00
elixir_exact_on              0.026   0.00  -0.002  pinned_hi=0.00 stall=0.00
opp_elixir_5_known           0.009   0.00  -0.020  pinned_hi=0.00 stall=0.00
time_60s_single              0.023   0.01  -0.005  pinned_hi=0.00 stall=0.02
time_150s_double             0.065   0.07  +0.036  pinned_hi=0.01 stall=0.13
towers_full_known            0.029   0.01  +0.001  pinned_hi=0.00 stall=0.02
towers_hp_unknown            0.154   0.21  +0.126  pinned_hi=0.10 stall=0.36
next_unknown                 0.210   0.27  +0.181  pinned_hi=0.23 stall=0.32
noise_unit_xy_2pct           0.029   0.01  +0.001  pinned_hi=0.00 stall=0.02
noise_time_2pct              0.029   0.00  +0.000  pinned_hi=0.00 stall=0.00
live_captured {"t": 0.364, "double": 0.479, "overtime": 0.033, "elixir": 0.877, "exact": 0.0, "opp_known": 0.0, "hand_unmapped_slots": 0.083, "next_unmapped": 0.0, "tower_hp_known": [1.0, 1.0, 1.0, 1.0, 1.0, 1.0], "tower_alive": [1.0, 0.68, 0.85, 0.98, 0.88, 0.83], "tokens_per_state": 2.21, "side_0": 0.172, "side_1": 0.825, "side_-1": 0.004, "hp_known": 1.0, "deploying_known": 0.0, "age_known": 0.0, "conf_mean": 0.75, "is_spell": 0.138, "past_slots_filled": 2.94, "past_age_median": 16.89, "past_age_p90": 30.1}
train_elixir_ge_8 {"t": 0.36, "double": 0.421, "overtime": 0.204, "elixir": 0.916, "exact": 1.0, "opp_known": 1.0, "hand_unmapped_slots": 0.0, "next_unmapped": 0.0, "tower_hp_known": [1.0, 1.0, 1.0, 1.0, 1.0, 1.0], "tower_alive": [1.0, 0.99, 0.99, 1.0, 0.99, 0.99], "tokens_per_state": 3.45, "side_0": 0.385, "side_1": 0.615, "side_-1": 0.0, "hp_known": 1.0, "deploying_known": 0.0, "age_known": 0.0, "conf_mean": 1.0, "is_spell": 0.0, "past_slots_filled": 2.46, "past_age_median": 12.25, "past_age_p90": 28.45, "gate_play_rate": 0.388}
train_all {"t": 0.423, "double": 0.519, "overtime": 0.263, "elixir": 0.633, "exact": 1.0, "opp_known": 1.0, "hand_unmapped_slots": 0.0, "next_unmapped": 0.0, "tower_hp_known": [1.0, 1.0, 1.0, 1.0, 1.0, 1.0], "tower_alive": [1.0, 0.99, 0.99, 1.0, 0.98, 0.98], "past_slots_filled": 2.75, "past_age_median": 8.75, "past_age_p90": 22.15}
