  0 093218 slot0 best=?          top2 tesla 0.36 | skeletons 0.35 | knight_evo 0.20 knight 0.28
  1 093218 slot1 best=?          top2 rocket 0.25 | skeletons 0.24 | knight_evo 0.09 knight 0.20
  2 093218 slot3 best=knight     top2 knight 0.76 | x_bow 0.24 | knight_evo 0.18 knight 0.76
  3 093218 slot3 best=knight     top2 knight 0.72 | tornado 0.49 | knight_evo 0.26 knight 0.72
  4 093218 slot3 best=knight     top2 knight 0.64 | x_bow 0.38 | knight_evo 0.31 knight 0.64
  5 093218 slot3 best=knight     top2 knight 0.61 | tornado 0.35 | knight_evo 0.33 knight 0.61
  6 093218 slot3 best=knight     top2 knight 0.65 | tornado 0.32 | knight_evo 0.23 knight 0.65
  7 093218 slot3 best=knight     top2 knight 0.63 | tornado 0.43 | knight_evo 0.20 knight 0.63
  8 093218 slot3 best=knight     top2 knight 0.69 | tornado 0.44 | knight_evo 0.23 knight 0.69
  9 093218 slot3 best=knight     top2 knight 0.66 | tornado 0.48 | knight_evo 0.24 knight 0.66
 10 093218 slot2 best=?          top2 x_bow 0.49 | tornado 0.46 | knight_evo 0.21 knight 0.32
 11 093218 slot2 best=?          top2 rocket 0.48 | tornado 0.47 | knight_evo 0.26 knight 0.37
 12 093218 slot1 best=?          top2 tornado 0.48 | knight 0.29 | knight_evo 0.18 knight 0.29
 13 093218 slot1 best=knight_evo top2 knight_evo 0.51 | ice_wizard 0.50 | knight_evo 0.51 knight 0.41
 14 093218 slot1 best=knight_evo top2 knight_evo 0.54 | tesla 0.53 | knight_evo 0.54 knight 0.43
 15 093218 slot1 best=knight_evo top2 knight_evo 0.61 | tesla 0.55 | knight_evo 0.61 knight 0.45
 16 093218 slot1 best=knight_evo top2 knight_evo 0.70 | tornado 0.48 | knight_evo 0.70 knight 0.44
 17 093218 slot1 best=knight_evo top2 knight_evo 0.77 | knight 0.50 | knight_evo 0.77 knight 0.50
 18 093218 slot1 best=knight_evo top2 knight_evo 0.69 | tornado 0.46 | knight_evo 0.69 knight 0.39
 19 093218 slot1 best=knight_evo top2 knight_evo 0.75 | tesla 0.34 | knight_evo 0.75 knight 0.28
 20 093218 slot1 best=knight_evo top2 knight_evo 0.51 | knight 0.32 | knight_evo 0.51 knight 0.32
 21 093218 slot3 best=knight     top2 knight 0.63 | x_bow 0.24 | knight_evo 0.18 knight 0.63
 22 093218 slot3 best=knight     top2 knight 0.65 | tornado 0.29 | knight_evo 0.26 knight 0.65
 23 093218 slot1 best=knight     top2 knight 0.88 | x_bow 0.26 | knight_evo 0.09 knight 0.88
 24 093218 slot1 best=knight     top2 knight 0.83 | x_bow 0.26 | knight_evo 0.10 knight 0.83
 25 093218 slot0 best=?          top2 tesla 0.29 | x_bow 0.28 | knight_evo 0.04 knight 0.19
 26 093218 slot1 best=?          top2 skeletons 0.28 | tesla 0.25 | knight_evo 0.02 knight 0.13
 27 093218 slot2 best=?          top2 ice_wizard 0.47 | knight 0.40 | knight_evo 0.14 knight 0.40
 28 093218 slot3 best=?          top2 ice_wizard 0.44 | tornado 0.43 | knight_evo 0.06 knight 0.25
 29 093218 slot1 best=?          top2 the_log 0.41 | x_bow 0.40 | knight_evo 0.27 knight 0.16
 30 093218 slot2 best=?          top2 tesla 0.37 | ice_wizard 0.33 | knight_evo 0.14 knight 0.23
 31 093218 slot3 best=?          top2 ice_wizard 0.32 | rocket 0.31 | knight_evo 0.17 knight 0.27
 32 093218 slot1 best=?          top2 rocket 0.42 | the_log 0.38 | knight_evo 0.23 knight 0.16
 33 093218 slot2 best=?          top2 tesla 0.43 | ice_wizard 0.39 | knight_evo 0.17 knight 0.21
 34 093218 slot3 best=?          top2 ice_wizard 0.42 | tesla 0.35 | knight_evo 0.19 knight 0.21
 35 093218 slot1 best=?          top2 rocket 0.42 | the_log 0.36 | knight_evo 0.20 knight 0.16
 36 093218 slot2 best=?          top2 tesla 0.42 | ice_wizard 0.37 | knight_evo 0.19 knight 0.18
 37 093218 slot3 best=?          top2 ice_wizard 0.37 | skeletons 0.33 | knight_evo 0.18 knight 0.17
 38 093218 slot1 best=?          top2 rocket 0.39 | the_log 0.36 | knight_evo 0.10 knight 0.17
 39 093218 slot2 best=?          top2 tesla 0.43 | skeletons 0.38 | knight_evo 0.17 knight 0.23
 40 093218 slot3 best=?          top2 ice_wizard 0.35 | tornado 0.32 | knight_evo 0.14 knight 0.21
 41 093218 slot1 best=?          top2 rocket 0.38 | the_log 0.33 | knight_evo 0.07 knight 0.21
 42 093218 slot2 best=?          top2 tesla 0.43 | x_bow 0.40 | knight_evo 0.19 knight 0.23
 43 093218 slot3 best=?          top2 ice_wizard 0.36 | tornado 0.36 | knight_evo 0.14 knight 0.23
 44 093218 slot1 best=?          top2 rocket 0.37 | the_log 0.33 | knight_evo 0.04 knight 0.25
 45 093218 slot2 best=?          top2 tesla 0.43 | x_bow 0.41 | knight_evo 0.20 knight 0.24
 46 093218 slot3 best=?          top2 ice_wizard 0.38 | tornado 0.37 | knight_evo 0.16 knight 0.23
 47 093218 slot1 best=?          top2 rocket 0.35 | the_log 0.31 | knight_evo 0.03 knight 0.27
 48 093218 slot3 best=?          top2 ice_wizard 0.39 | tornado 0.37 | knight_evo 0.19 knight 0.23
 49 093218 slot0 best=?          top2 tesla 0.50 | x_bow 0.42 | knight_evo 0.41 knight 0.39
 50 093218 slot1 best=?          top2 rocket 0.33 | knight 0.29 | knight_evo 0.02 knight 0.29
 51 093218 slot2 best=?          top2 tesla 0.44 | skeletons 0.42 | knight_evo 0.21 knight 0.24
 52 093218 slot3 best=?          top2 ice_wizard 0.40 | tornado 0.37 | knight_evo 0.23 knight 0.25
 53 093218 slot1 best=?          top2 knight 0.32 | rocket 0.31 | knight_evo 0.03 knight 0.32
 54 093218 slot3 best=?          top2 ice_wizard 0.40 | tornado 0.37 | knight_evo 0.24 knight 0.28
 55 093218 slot0 best=?          top2 tesla 0.46 | rocket 0.42 | knight_evo 0.36 knight 0.35
 56 093218 slot2 best=?          top2 tesla 0.44 | skeletons 0.40 | knight_evo 0.20 knight 0.27
 57 093218 slot1 best=?          top2 rocket 0.31 | knight 0.30 | knight_evo 0.00 knight 0.30
 58 093218 slot3 best=?          top2 ice_wizard 0.37 | tornado 0.33 | knight_evo 0.20 knight 0.27
 59 093218 slot0 best=?          top2 tesla 0.46 | rocket 0.44 | knight_evo 0.33 knight 0.36
 60 093218 slot1 best=?          top2 rocket 0.29 | knight 0.28 | knight_evo -0.01 knight 0.28
 61 093218 slot2 best=?          top2 tesla 0.43 | skeletons 0.38 | knight_evo 0.19 knight 0.32
 62 093218 slot3 best=?          top2 ice_wizard 0.37 | tornado 0.35 | knight_evo 0.17 knight 0.25
 63 093218 slot0 best=?          top2 the_log 0.34 | rocket 0.25 | knight_evo 0.01 knight 0.24
 64 093218 slot2 best=?          top2 the_log 0.35 | knight 0.29 | knight_evo 0.02 knight 0.29
 65 093513 slot2 best=knight     top2 knight 0.56 | skeletons 0.25 | knight_evo 0.20 knight 0.56
 66 093513 slot2 best=?          top2 knight 0.49 | skeletons 0.29 | knight_evo 0.20 knight 0.49
 67 093513 slot2 best=?          top2 tornado 0.48 | knight 0.46 | knight_evo 0.41 knight 0.46
 68 093513 slot2 best=?          top2 knight 0.44 | ice_wizard 0.41 | knight_evo 0.34 knight 0.44
 69 093513 slot2 best=?          top2 knight 0.46 | tornado 0.44 | knight_evo 0.28 knight 0.46
 70 093513 slot2 best=knight     top2 knight 0.55 | tornado 0.52 | knight_evo 0.31 knight 0.55
 71 093513 slot2 best=?          top2 knight 0.47 | tornado 0.41 | knight_evo 0.35 knight 0.47
 72 093513 slot2 best=?          top2 knight 0.41 | knight_evo 0.39 | knight_evo 0.39 knight 0.41
 73 093513 slot2 best=?          top2 knight 0.48 | tornado 0.26 | knight_evo 0.17 knight 0.48
 74 093513 slot0 best=?          top2 skeletons 0.37 | the_log 0.34 | knight_evo 0.16 knight 0.19
 75 093513 slot1 best=?          top2 tornado 0.48 | ice_wizard 0.47 | knight_evo 0.20 knight 0.39
 76 093513 slot2 best=?          top2 tornado 0.47 | knight 0.38 | knight_evo 0.31 knight 0.38
 77 093513 slot2 best=?          top2 tornado 0.49 | skeletons 0.39 | knight_evo 0.30 knight 0.38
 78 093513 slot2 best=?          top2 knight 0.45 | tornado 0.37 | knight_evo 0.31 knight 0.45
 79 093513 slot0 best=?          top2 tornado 0.45 | knight 0.25 | knight_evo 0.17 knight 0.25
 80 093513 slot0 best=?          top2 ice_wizard 0.37 | skeletons 0.31 | knight_evo 0.11 knight 0.17
 81 093513 slot2 best=?          top2 knight 0.46 | skeletons 0.23 | knight_evo 0.21 knight 0.46
 82 093513 slot1 best=?          top2 tesla 0.45 | ice_wizard 0.43 | knight_evo 0.19 knight 0.26
 83 093513 slot1 best=?          top2 tesla 0.50 | ice_wizard 0.45 | knight_evo 0.14 knight 0.35
 84 093513 slot1 best=?          top2 tesla_evo 0.48 | knight_evo 0.46 | knight_evo 0.46 knight 0.42
 85 093513 slot1 best=?          top2 tesla_evo 0.48 | tesla 0.30 | knight_evo 0.26 knight 0.26
 86 093513 slot1 best=?          top2 tesla 0.45 | ice_wizard 0.38 | knight_evo 0.22 knight 0.26
 87 093513 slot1 best=?          top2 tesla 0.48 | tesla_evo 0.46 | knight_evo 0.41 knight 0.38
 88 093513 slot1 best=?          top2 tesla_evo 0.49 | ice_wizard 0.32 | knight_evo 0.24 knight 0.26
 89 093513 slot3 best=?          top2 ice_wizard 0.35 | rocket 0.32 | knight_evo 0.20 knight 0.25
 90 093513 slot1 best=?          top2 x_bow 0.41 | rocket 0.40 | knight_evo 0.28 knight 0.17
 91 093513 slot2 best=?          top2 tesla 0.41 | ice_wizard 0.39 | knight_evo 0.13 knight 0.26
 92 093513 slot3 best=?          top2 ice_wizard 0.41 | rocket 0.35 | knight_evo 0.20 knight 0.25
 93 093513 slot0 best=?          top2 the_log 0.40 | rocket 0.23 | knight_evo -0.04 knight 0.22
 94 093513 slot2 best=?          top2 the_log 0.38 | ice_wizard 0.33 | knight_evo 0.01 knight 0.29
 95 093513 slot0 best=?          top2 the_log 0.36 | tornado 0.32 | knight_evo 0.04 knight 0.21
 96 093513 slot1 best=?          top2 ice_wizard 0.26 | tornado 0.25 | knight_evo -0.01 knight 0.15
 97 093513 slot2 best=?          top2 tornado 0.41 | ice_wizard 0.35 | knight_evo 0.08 knight 0.28
 98 093759 slot1 best=?          top2 ice_wizard 0.38 | skeletons 0.26 | knight_evo 0.11 knight 0.19
 99 093759 slot0 best=?          top2 tornado 0.47 | tesla 0.19 | knight_evo 0.17 knight 0.18
100 093759 slot0 best=?          top2 knight 0.46 | tornado 0.25 | knight_evo 0.18 knight 0.46
101 093759 slot0 best=knight     top2 knight 0.60 | knight_evo 0.31 | knight_evo 0.31 knight 0.60
102 093759 slot2 best=?          top2 ice_wizard 0.48 | skeletons 0.43 | knight_evo 0.38 knight 0.29
103 093759 slot3 best=?          top2 rocket 0.46 | x_bow 0.23 | knight_evo 0.06 knight 0.21
104 093759 slot0 best=?          top2 ice_wizard 0.37 | skeletons 0.27 | knight_evo 0.10 knight 0.15
105 093759 slot1 best=?          top2 ice_wizard 0.29 | tesla_evo 0.29 | knight_evo 0.17 knight 0.11
106 093759 slot0 best=?          top2 x_bow 0.43 | tesla 0.35 | knight_evo 0.16 knight 0.19
107 093759 slot1 best=?          top2 tesla 0.46 | tornado 0.40 | knight_evo 0.26 knight 0.29
108 093759 slot1 best=?          top2 tesla 0.47 | tornado 0.37 | knight_evo 0.18 knight 0.29
109 093759 slot0 best=?          top2 ice_wizard 0.46 | skeletons 0.43 | knight_evo 0.14 knight 0.27
110 093759 slot0 best=?          top2 tesla 0.33 | knight_evo 0.31 | knight_evo 0.31 knight 0.26
111 093759 slot1 best=?          top2 the_log 0.39 | x_bow 0.36 | knight_evo 0.30 knight 0.19
112 093759 slot2 best=?          top2 ice_wizard 0.37 | tesla 0.27 | knight_evo 0.12 knight 0.22
113 093759 slot3 best=?          top2 ice_wizard 0.37 | tornado 0.32 | knight_evo 0.16 knight 0.21
114 093759 slot0 best=?          top2 the_log 0.32 | rocket 0.29 | knight_evo 0.09 knight 0.28
115 093759 slot2 best=?          top2 the_log 0.35 | skeletons 0.29 | knight_evo 0.08 knight 0.25
116 094108 slot0 best=?          top2 tesla 0.42 | skeletons 0.38 | knight_evo 0.31 knight 0.37
117 094108 slot1 best=?          top2 tesla 0.45 | tesla_evo 0.41 | knight_evo 0.32 knight 0.35
118 094108 slot2 best=?          top2 tesla 0.39 | skeletons 0.35 | knight_evo 0.18 knight 0.22
119 094108 slot3 best=?          top2 tesla 0.44 | skeletons 0.40 | knight_evo 0.07 knight 0.13
120 094108 slot2 best=?          top2 skeletons 0.39 | ice_wizard 0.29 | knight_evo 0.08 knight 0.10
121 094108 slot0 best=?          top2 skeletons 0.32 | tornado 0.23 | knight_evo 0.05 knight 0.21
122 094108 slot2 best=?          top2 rocket 0.44 | ice_wizard 0.43 | knight_evo 0.29 knight 0.25
123 094108 slot0 best=?          top2 tesla 0.49 | ice_wizard 0.43 | knight_evo 0.24 knight 0.30
124 094108 slot0 best=?          top2 ice_wizard 0.46 | tesla 0.46 | knight_evo 0.20 knight 0.29
125 094108 slot1 best=?          top2 x_bow 0.39 | tesla 0.34 | knight_evo 0.21 knight 0.24
126 094108 slot1 best=?          top2 tesla_evo 0.27 | skeletons 0.24 | knight_evo 0.13 knight 0.17
127 094108 slot1 best=?          top2 x_bow 0.42 | tesla 0.40 | knight_evo 0.33 knight 0.22
128 094108 slot2 best=?          top2 ice_wizard 0.39 | tesla 0.35 | knight_evo 0.12 knight 0.29
129 094108 slot3 best=?          top2 ice_wizard 0.46 | rocket 0.33 | knight_evo 0.17 knight 0.27
130 094108 slot0 best=?          top2 rocket 0.46 | x_bow 0.34 | knight_evo 0.25 knight 0.30
131 094108 slot2 best=?          top2 the_log 0.31 | tesla 0.29 | knight_evo 0.07 knight 0.21
132 095418 slot1 best=?          top2 tesla 0.44 | ice_wizard 0.38 | knight_evo 0.14 knight 0.27
133 095418 slot3 best=?          top2 tesla 0.47 | tesla_evo 0.40 | knight_evo 0.25 knight 0.23
134 095418 slot3 best=?          top2 tesla 0.48 | tesla_evo 0.36 | knight_evo 0.31 knight 0.21
135 095418 slot3 best=?          top2 tesla 0.47 | tesla_evo 0.37 | knight_evo 0.32 knight 0.23
136 095418 slot3 best=?          top2 tesla 0.48 | tesla_evo 0.47 | knight_evo 0.18 knight 0.28
137 095418 slot3 best=?          top2 tesla 0.49 | tesla_evo 0.42 | knight_evo 0.22 knight 0.26
138 095418 slot3 best=?          top2 tesla 0.49 | ice_wizard 0.49 | knight_evo 0.26 knight 0.25
139 095418 slot1 best=?          top2 rocket 0.49 | tornado 0.37 | knight_evo 0.28 knight 0.29
140 095418 slot3 best=?          top2 tesla 0.47 | x_bow 0.37 | knight_evo 0.22 knight 0.24
141 095418 slot1 best=?          top2 tesla 0.49 | rocket 0.42 | knight_evo 0.26 knight 0.33
142 095418 slot3 best=?          top2 skeletons 0.49 | rocket 0.33 | knight_evo 0.16 knight 0.17
143 095418 slot1 best=?          top2 knight 0.29 | rocket 0.18 | knight_evo -0.01 knight 0.29
144 095418 slot2 best=?          top2 tesla 0.41 | skeletons 0.37 | knight_evo 0.18 knight 0.28
145 095812 slot0 best=knight     top2 knight 0.51 | skeletons 0.25 | knight_evo 0.17 knight 0.51
146 095812 slot3 best=?          top2 the_log 0.46 | ice_wizard 0.38 | knight_evo 0.05 knight 0.17
147 095812 slot0 best=knight     top2 knight 0.61 | tornado 0.45 | knight_evo 0.27 knight 0.61
148 095812 slot0 best=knight     top2 knight 0.70 | tornado 0.50 | knight_evo 0.26 knight 0.70
149 095812 slot0 best=knight     top2 knight 0.65 | tornado 0.47 | knight_evo 0.27 knight 0.65
150 095812 slot0 best=knight     top2 knight 0.59 | knight_evo 0.35 | knight_evo 0.35 knight 0.59
151 095812 slot0 best=knight     top2 knight 0.64 | tornado 0.29 | knight_evo 0.24 knight 0.64
152 095812 slot0 best=knight     top2 knight 0.81 | knight_evo 0.34 | knight_evo 0.34 knight 0.81
153 095812 slot1 best=?          top2 tornado 0.45 | tesla 0.38 | knight_evo 0.17 knight 0.25
154 095812 slot1 best=?          top2 tesla 0.50 | knight_evo 0.40 | knight_evo 0.40 knight 0.28
155 095812 slot3 best=knight     top2 knight 0.82 | tornado 0.46 | knight_evo 0.19 knight 0.82
156 095812 slot2 best=?          top2 knight 0.45 | ice_wizard 0.43 | knight_evo 0.26 knight 0.45
157 095812 slot3 best=?          top2 rocket 0.45 | the_log 0.43 | knight_evo 0.06 knight 0.10
158 095812 slot3 best=knight_evo top2 knight_evo 0.64 | tesla 0.61 | knight_evo 0.64 knight 0.41
159 095812 slot3 best=knight_evo top2 knight_evo 0.72 | tesla 0.51 | knight_evo 0.72 knight 0.47
160 095812 slot3 best=knight_evo top2 knight_evo 0.67 | tesla 0.56 | knight_evo 0.67 knight 0.42
161 095812 slot3 best=knight_evo top2 knight_evo 0.57 | tesla 0.42 | knight_evo 0.57 knight 0.36
162 095812 slot3 best=knight_evo top2 knight_evo 0.67 | ice_wizard 0.33 | knight_evo 0.67 knight 0.30
163 095812 slot1 best=?          top2 skeletons 0.50 | x_bow 0.29 | knight_evo 0.24 knight 0.23
164 095812 slot3 best=?          top2 knight 0.44 | knight_evo 0.25 | knight_evo 0.25 knight 0.44
165 095812 slot0 best=?          top2 tesla 0.36 | rocket 0.35 | knight_evo 0.19 knight 0.24
166 095812 slot2 best=?          top2 skeletons 0.22 | x_bow 0.22 | knight_evo 0.12 knight 0.14
167 095812 slot2 best=?          top2 ice_wizard 0.46 | rocket 0.38 | knight_evo -0.02 knight 0.18
168 095812 slot2 best=?          top2 rocket 0.41 | x_bow 0.41 | knight_evo 0.21 knight 0.28
169 095812 slot0 best=?          top2 rocket 0.48 | ice_wizard 0.34 | knight_evo 0.16 knight 0.26
