C:\Users\benpe\ClashBot\pipeline\model_v3.py:92: UserWarning: enable_nested_tensor is True, but self.use_nested_tensor is False because encoder_layer.norm_first was True
  self.encoder = nn.TransformerEncoder(enc, layers)
m000 seed 911000 outcome    loss tower_delta -1.961 plays  64 t_end 267s
m001 seed 911001 outcome    loss tower_delta -2.258 plays  31 t_end 180s
m002 seed 911002 outcome    loss tower_delta -2.117 plays  53 t_end 235s
m003 seed 911003 outcome    loss tower_delta -0.441 plays  75 t_end 300s
m004 seed 911004 outcome     win tower_delta -0.140 plays  81 t_end 300s
m005 seed 911005 outcome    loss tower_delta -0.775 plays  78 t_end 300s
m006 seed 911006 outcome    loss tower_delta -1.702 plays  44 t_end 210s
m007 seed 911007 outcome    loss tower_delta -1.555 plays  36 t_end 180s
m008 seed 911008 outcome    loss tower_delta -2.791 plays  30 t_end 164s
m009 seed 911009 outcome    loss tower_delta -1.623 plays  77 t_end 300s
m010 seed 911010 outcome    loss tower_delta -2.589 plays  11 t_end 78s
m011 seed 911011 outcome    loss tower_delta -0.716 plays  78 t_end 300s
{
 "ckpt": "icebow\\data\\pipeline\\s1_icebow_v6lat_s0.pt",
 "matches": 12,
 "degrade": true,
 "tau": 0.27,
 "win_pct": 8.3,
 "tower_delta_mean": -1.5556,
 "tower_delta_sem": 0.2485,
 "plays_per_match": 54.8,
 "decisions": 4698,
 "wait": 2312,
 "no_affordable": 1728,
 "gate_p_mean": 0.1481,
 "gate_frac_over_tau": 0.1775,
 "stall_elixir": 9.0,
 "stall_seconds": 6.0,
 "stall_fired": 10,
 "wall_s": 148.3
}
