C:\Users\benpe\ClashBot\pipeline\model_v3.py:92: UserWarning: enable_nested_tensor is True, but self.use_nested_tensor is False because encoder_layer.norm_first was True
  self.encoder = nn.TransformerEncoder(enc, layers)
m000 seed 900000 outcome    loss tower_delta -0.088 plays  77 t_end 300s
m001 seed 900001 outcome    loss tower_delta +0.048 plays  66 t_end 274s
m002 seed 900002 outcome    loss tower_delta -2.118 plays  31 t_end 180s
m003 seed 900003 outcome    loss tower_delta -0.813 plays  73 t_end 300s
m004 seed 900004 outcome    loss tower_delta -2.464 plays  33 t_end 180s
m005 seed 900005 outcome     win tower_delta +1.277 plays  36 t_end 180s
m006 seed 900006 outcome    loss tower_delta -1.168 plays  77 t_end 300s
m007 seed 900007 outcome    loss tower_delta -0.015 plays  76 t_end 300s
m008 seed 900008 outcome    loss tower_delta -0.280 plays  73 t_end 300s
m009 seed 900009 outcome    loss tower_delta -0.877 plays  77 t_end 300s
m010 seed 900010 outcome    loss tower_delta -1.316 plays  43 t_end 224s
m011 seed 900011 outcome     win tower_delta +0.317 plays  47 t_end 235s
{
 "ckpt": "icebow\\data\\pipeline\\s1_icebow_v6lat_s0.pt",
 "matches": 12,
 "degrade": true,
 "tau": 0.27,
 "win_pct": 16.7,
 "tower_delta_mean": -0.6247,
 "tower_delta_sem": 0.3042,
 "plays_per_match": 59.1,
 "decisions": 5131,
 "wait": 2863,
 "no_affordable": 1559,
 "gate_p_mean": 0.137,
 "gate_frac_over_tau": 0.1569,
 "stall_elixir": 9.0,
 "stall_seconds": 6.0,
 "stall_fired": 9,
 "wall_s": 149.4
}
