{"e1_eval": "eval", "policy": "random", "port": 38031, "tasks": 60, "already_done": 0, "grid": "lattice", "tau": 0.27}
[e1_eval] 1/60 009YLQLLLUPY k=0 loss 1-3 135.0s plays 21/26 wall 7.8s
[e1_eval] 2/60 10b27ce5fbc24337a2a33d9413a36586 k=0 loss 0-3 140.3s plays 23/25 wall 9.3s
[e1_eval] 3/60 d69f794b566f4e079c2b7dd701134d60 k=0 loss 0-3 73.2s plays 11/15 wall 4.7s
[e1_eval] 4/60 00GYPL2GC9CG k=0 loss 1-2 184.1s plays 36/41 wall 12.5s
[e1_eval] 5/60 02PYPCUP2LRJ k=0 loss 0-3 130.9s plays 20/22 wall 8.3s
[e1_eval] 6/60 00QYPG28P8QV k=0 loss 0-3 141.8s plays 24/28 wall 8.8s
[e1_eval] 7/60 002YLQQ0J90P k=0 loss 0-2 184.1s plays 32/39 wall 14.2s
[e1_eval] 8/60 13861f35db384129b7bfd7089d49b218 k=0 loss 1-3 158.4s plays 27/29 wall 9.8s
[e1_eval] 9/60 08UPPVRC8YCY k=0 loss 1-3 149.2s plays 25/28 wall 8.7s
[e1_eval] 10/60 02GY9GJURY8G k=0 loss 0-3 140.1s plays 23/25 wall 9.5s
[e1_eval] 11/60 02PP9CQ0Q2U2 k=0 win 1-0 184.1s plays 35/41 wall 12.8s
[e1_eval] 12/60 08QPVCU8R229 k=0 loss 0-3 164.1s plays 30/33 wall 10.4s
[e1_eval] 13/60 e212964155da4a348a631cd4a166c1ca k=0 loss 0-3 159.4s plays 28/32 wall 9.9s
[e1_eval] 14/60 f62e2780f2834f8a827bf061f0b0727e k=0 loss 1-3 169.4s plays 31/33 wall 10.7s
[e1_eval] 15/60 445d8a5a397649298de59a36c3ce9072 k=0 loss 0-3 71.6s plays 10/10 wall 5.1s
[e1_eval] 16/60 3773ce435cd548fda0ea05964ce0dd1a k=0 loss 1-3 155.2s plays 27/31 wall 9.6s
[e1_eval] 17/60 022YYYUVGPUU k=0 loss 0-3 171.8s plays 32/34 wall 11.1s
[e1_eval] 18/60 08YY89PLCPL8 k=0 loss 0-3 153.1s plays 26/30 wall 11.0s
[e1_eval] 19/60 4ff95634751b4e6c82f407175a216923 k=0 loss 0-3 137.6s plays 23/26 wall 8.5s
[e1_eval] 20/60 784570834ad344c2a6f9c479b0e90a43 k=0 loss 0-3 80.9s plays 13/14 wall 5.1s
[e1_eval] 21/60 333ebb5673884328a477960a9ce4a14b k=0 loss 1-3 177.4s plays 31/35 wall 10.6s
[e1_eval] 22/60 00UYPQ9ULVP2 k=0 loss 0-3 83.6s plays 14/16 wall 5.6s
[e1_eval] 23/60 09R9JUPQLJJP k=0 loss 1-3 183.1s plays 35/41 wall 11.5s
[e1_eval] 24/60 93367126d7144d7885c74014a865e397 k=0 loss 0-3 168.1s plays 31/35 wall 11.4s
[e1_eval] 25/60 009YLGLPG8JR k=0 loss 0-3 129.8s plays 20/20 wall 7.7s
[e1_eval] 26/60 a5d6cae532c54e05ab25a977bfc1089d k=0 loss 0-3 165.5s plays 30/39 wall 11.4s
[e1_eval] 27/60 70d0014a27c8440fa888dfe4b205e922 k=0 loss 1-2 213.1s plays 42/49 wall 12.9s
[e1_eval] 28/60 08JPVCUVCQ00 k=0 loss 0-3 64.1s plays 10/17 wall 4.0s
[e1_eval] 29/60 08UPPUU8GYQG k=0 loss 0-3 62.5s plays 10/11 wall 3.6s
[e1_eval] 30/60 00VYPLRPJUVG k=0 loss 1-3 174.6s plays 33/41 wall 11.7s
[e1_eval] 31/60 02GY9R02LUU8 k=0 loss 0-3 163.0s plays 29/34 wall 10.6s
[e1_eval] 32/60 000YLY2VQ92P k=0 loss 0-3 58.5s plays 10/11 wall 3.5s
[e1_eval] 33/60 659fa48091704b7eb76b640b7774e206 k=0 win 2-1 184.1s plays 33/35 wall 12.0s
[e1_eval] 34/60 b8945a53587c4ec8bc6a902fc7089f1a k=0 loss 0-3 79.4s plays 13/14 wall 5.0s
[e1_eval] 35/60 088Y88LLCJRY k=0 loss 1-2 184.1s plays 33/37 wall 13.0s
[e1_eval] 36/60 79dfd91aba534b64ab875ee2ed35a9ea k=0 loss 1-3 153.4s plays 27/30 wall 10.0s
[e1_eval] 37/60 e1d656106c734c8686ef40488e3e92d1 k=0 loss 0-3 85.8s plays 12/13 wall 6.4s
[e1_eval] 38/60 029YPUPRUYQ0 k=0 loss 0-3 147.7s plays 24/28 wall 9.3s
[e1_eval] 39/60 09PP9J908PYU k=0 loss 0-2 184.1s plays 36/39 wall 13.4s
[e1_eval] 40/60 46c06d42c9124563ac6495965998dd22 k=0 loss 1-3 175.9s plays 33/39 wall 10.9s
[e1_eval] 41/60 01852645ef994048bbdecb079c42cbe5 k=0 loss 0-3 105.7s plays 15/19 wall 7.2s
[e1_eval] 42/60 8be1cf0ec9b540ba8cc916e37d406fe9 k=0 win 2-1 191.1s plays 34/37 wall 11.8s
[e1_eval] 43/60 02JY9GL9Y90C k=0 loss 1-2 184.1s plays 35/41 wall 11.4s
[e1_eval] 44/60 f757cf661bb647c898fdeda88edad75a k=0 loss 0-1 184.1s plays 35/40 wall 11.5s
[e1_eval] 45/60 02RY9GR9C92G k=0 loss 0-1 194.3s plays 40/41 wall 15.1s
[e1_eval] 46/60 099P9CJY9LYQ k=0 loss 1-3 177.7s plays 33/41 wall 12.4s
[e1_eval] 47/60 022YYLV9QLQJ k=0 loss 0-1 184.1s plays 35/40 wall 12.4s
[e1_eval] 48/60 000YLYYCJ8VY k=0 loss 0-3 167.2s plays 30/36 wall 11.6s
[e1_eval] 49/60 8b7ea8466be447648864043997e75bb3 k=0 loss 0-3 152.8s plays 26/30 wall 9.2s
[e1_eval] 50/60 a3d74909024e49329c08dd38085a1c11 k=0 loss 0-3 92.8s plays 14/14 wall 5.4s
[e1_eval] 51/60 18b06003f8394b0caf9d7467e2ab7cda k=0 loss 0-1 184.1s plays 35/39 wall 11.6s
[e1_eval] 52/60 09G9JUYY29J9 k=0 loss 1-2 185.6s plays 34/38 wall 11.5s
[e1_eval] 53/60 099P9CVPLU0V k=0 loss 1-3 171.5s plays 32/34 wall 11.8s
[e1_eval] 54/60 02QP8GGQLRYU k=0 loss 1-2 184.1s plays 35/38 wall 11.4s
[e1_eval] 55/60 2f08d88826cb4b66a736c445b635555e k=0 loss 0-3 86.3s plays 13/16 wall 6.7s
[e1_eval] 56/60 00QYPQLC9CQY k=0 loss 1-2 184.1s plays 36/39 wall 12.0s
[e1_eval] 57/60 08QPVRJUYQY0 k=0 loss 0-3 112.5s plays 17/20 wall 7.0s
[e1_eval] 58/60 a4250541fc8a4eda93a7a733267dae71 k=0 loss 0-1 184.1s plays 34/40 wall 12.3s
[e1_eval] 59/60 1ef9a5bdccc941b9a9f88877d84eef7f k=0 loss 0-3 147.3s plays 23/26 wall 9.8s
[e1_eval] 60/60 58a52fc9b0a043a38e8a9c8bba56825b k=0 loss 0-3 132.1s plays 20/22 wall 9.4s
{"DONE": {"new_matches": 60, "finished": "2026-09-12 17:51:17", "wall_s_mean": 9.7, "win": 3, "draw": 0, "loss": 57}}
