DONE
[doctrine_v6] mean 68.6%  zeros 3
  match 11/12 wins 3
  match 12/12 wins 3
decisions 3712  mean regret 0.0781  regret>0.05 share 0.175  total 289.78
regret by (doctrine did -> search best): summed regret, n, mean
         HOLD -> ice_wizard    30.88  n=  79  mean=0.391
         HOLD -> knight        28.60  n=  62  mean=0.461
         HOLD -> tesla         26.69  n=  74  mean=0.361
         HOLD -> skeletons     25.27  n=  68  mean=0.372
         HOLD -> tesla_evo     21.54  n=  26  mean=0.828
    skeletons -> skeletons     14.45  n=  59  mean=0.245
         HOLD -> the_log       14.35  n=  64  mean=0.224
         HOLD -> knight_evo    13.05  n=  30  mean=0.435
      the_log -> the_log        8.70  n=  21  mean=0.414
      tornado -> tornado        7.59  n=  15  mean=0.506
      tornado -> HOLD           7.56  n=  23  mean=0.329
   ice_wizard -> ice_wizard     7.44  n=  28  mean=0.266
       knight -> knight         7.29  n=  47  mean=0.155
         HOLD -> tornado        6.65  n=  23  mean=0.289
   ice_wizard -> knight         6.00  n=  12  mean=0.500
   knight_evo -> knight_evo     5.22  n=  18  mean=0.290
high-regret decisions by board (top 12):
  106.07 n=249 ()
   19.22 n= 13 ('bomber', 'pekka')
   17.85 n= 33 ('goblins',)
    8.08 n= 18 ('x_bow',)
    5.20 n=  6 ('inferno_dragon', 'skeleton_army')
    5.06 n=  8 ('giant',)
R1_DONE
